223.149.104.215 - - [18/Mar/2020:00:00:04 +0800] "POST /api/ssvoice/gift/get/treasure/box/list/jform HTTP/1.1" 200 "1387" "-" "-" "NEngine/1.0 (compatible; MSIE 6.0; Windows NT 5.1)" "-" "0.003" "0.003"
223.149.104.215 - - [18/Mar/2020:00:00:04 +0800] "POST /api/ssvoice/gift/get/chatroom/gift/list3/jform HTTP/1.1" 200 "1038" "classify=2" "-" "NEngine/1.0 (compatible; MSIE 6.0; Windows NT 5.1)" "-" "0.035" "0.003"
223.149.104.215 - - [18/Mar/2020:00:00:04 +0800] "POST /api/ssvoice/chat/get/expense/total/list/jform HTTP/1.1" 200 "19661" "loginKey=c5eb0eb907d1275a&crId=31552&type=1" "-" "NEngine/1.0 (compatible; MSIE 6.0; Windows NT 5.1)" "-" "0.252" "0.188"
180.130.2.172 - - [18/Mar/2020:00:00:10 +0800] "POST /api/ssvoice/vip/get/vip/colors/jform HTTP/1.1" 200 "1608" "timeStamps=timeStamps" "-" "Mozilla/5.0 (Linux; U; Android 9; my-zg; V1934A Build/PPR1.180610.011) AppleWebKit/533.1 (KHTML, like Gecko) Version/5.0 Mobile Safari/533.1" "-" "0.003" "0.002"
113.58.229.73 - - [18/Mar/2020:00:00:18 +0800] "GET /api/ssvoice/chat/get/microphone/request/list3/31536/json HTTP/1.1" 200 "28" "-" "-" "NEngine/1.0 (compatible; MSIE 6.0; Windows NT 5.1)" "-" "0.003" "0.003"
117.136.39.228 - - [18/Mar/2020:00:00:20 +0800] "POST /api/ssvoice/vip/get/vip/colors/jform HTTP/1.1" 200 "1608" "timeStamps=timeStamps" "-" "Mozilla/5.0 (Linux; U; Android 6.0.1; zh-cn; OPPO R9s Plus Build/MMB29M) AppleWebKit/534.30 (KHTML, like Gecko) Version/4.0 Mobile Safari/534.30" "-" "0.003" "0.003"
118.76.84.47 - - [18/Mar/2020:00:00:21 +0800] "GET /api/ssvoice/chat/get/microphonelist4/31552/json HTTP/1.1" 200 "2452" "-" "-" "NEngine/1.0 (compatible; MSIE 6.0; Windows NT 5.1)" "-" "0.008" "0.009"
36.61.84.213 - - [18/Mar/2020:00:00:25 +0800] "POST /api/ssvoice/vip/get/vip/colors/jform HTTP/1.1" 200 "1608" "timeStamps=timeStamps" "-" "Mozilla/5.0 (Linux; U; Android 5.1; zh-cn; OPPO R9tm Build/LMY47I) AppleWebKit/537.36 (KHTML, like Gecko) Version/4.0 Mobile Safari/537.36" "-" "0.003" "0.002"
118.76.84.47 - - [18/Mar/2020:00:00:25 +0800] "GET /api/ssvoice/chat/get/microphonelist4/31552/json HTTP/1.1" 200 "2762" "-" "-" "NEngine/1.0 (compatible; MSIE 6.0; Windows NT 5.1)" "-" "0.015" "0.016"
106.111.148.0 - - [18/Mar/2020:00:00:28 +0800] "POST /api/ssvoice/person/get/xinxiu/list/jform HTTP/1.1" 200 "28" "loginKey=87b611d3fc17d782" "-" "Mozilla/5.0 (Linux; U; Android 10; zh-cn; Redmi K20 Pro Build/QKQ1.190825.002) AppleWebKit/533.1 (KHTML, like Gecko) Version/5.0 Mobile Safari/533.1" "-" "0.004" "0.003"
113.6.69.159 - - [18/Mar/2020:00:00:29 +0800] "POST /api/ssvoice/vip/get/vip/colors/jform HTTP/1.1" 200 "1608" "timeStamps=timeStamps" "-" "Mozilla/5.0 (Linux; U; Android 6.0; zh-cn; koobee S11 Build/MRA58K) AppleWebKit/537.36 (KHTML, like Gecko) Version/4.0 Mobile Safari/537.36" "-" "0.003" "0.002"
114.249.168.32 - - [18/Mar/2020:00:00:30 +0800] "GET /api/ssvoice/chat/get/microphone/request/list3/31519/json HTTP/1.1" 200 "28" "-" "-" "NEngine/1.0 (compatible; MSIE 6.0; Windows NT 5.1)" "-" "0.003" "0.003"
114.249.168.32 - - [18/Mar/2020:00:00:39 +0800] "GET /api/ssvoice/chat/get/microphone/request/list3/31519/json HTTP/1.1" 200 "565" "-" "-" "NEngine/1.0 (compatible; MSIE 6.0; Windows NT 5.1)" "-" "0.007" "0.007"
114.249.168.32 - - [18/Mar/2020:00:00:39 +0800] "GET /api/ssvoice/chat/get/microphone/request/list3/31519/json HTTP/1.1" 200 "565" "-" "-" "NEngine/1.0 (compatible; MSIE 6.0; Windows NT 5.1)" "-" "0.006" "0.007"
183.209.57.57 - - [18/Mar/2020:00:00:39 +0800] "GET /api/ssvoice/chat/get/microphone/request/list3/31519/json HTTP/1.1" 200 "565" "-" "-" "NEngine/1.0 (compatible; MSIE 6.0; Windows NT 5.1)" "-" "0.008" "0.007"
114.249.168.32 - - [18/Mar/2020:00:00:42 +0800] "GET /api/ssvoice/chat/get/microphonelist4/31519/json HTTP/1.1" 200 "3499" "-" "-" "NEngine/1.0 (compatible; MSIE 6.0; Windows NT 5.1)" "-" "0.034" "0.034"
114.249.168.32 - - [18/Mar/2020:00:00:47 +0800] "GET /api/ssvoice/chat/get/microphonelist4/31519/json HTTP/1.1" 200 "3505" "-" "-" "NEngine/1.0 (compatible; MSIE 6.0; Windows NT 5.1)" "-" "0.032" "0.031"
114.249.168.32 - - [18/Mar/2020:00:00:50 +0800] "GET /api/ssvoice/chat/get/microphonelist4/31519/json HTTP/1.1" 200 "3505" "-" "-" "NEngine/1.0 (compatible; MSIE 6.0; Windows NT 5.1)" "-" "0.031" "0.030"
114.249.168.32 - - [18/Mar/2020:00:00:52 +0800] "GET /api/ssvoice/chat/get/microphonelist4/31519/json HTTP/1.1" 200 "3505" "-" "-" "NEngine/1.0 (compatible; MSIE 6.0; Windows NT 5.1)" "-" "0.031" "0.030"
106.111.148.0 - - [18/Mar/2020:00:00:52 +0800] "POST /api/ssvoice/person/get/xinxiu/list/jform HTTP/1.1" 200 "28" "loginKey=87b611d3fc17d782" "-" "Mozilla/5.0 (Linux; U; Android 10; zh-cn; Redmi K20 Pro Build/QKQ1.190825.002) AppleWebKit/533.1 (KHTML, like Gecko) Version/5.0 Mobile Safari/533.1" "-" "0.006" "0.005"
114.249.168.32 - - [18/Mar/2020:00:00:55 +0800] "GET /api/ssvoice/chat/get/microphonelist4/31519/json HTTP/1.1" 200 "3507" "-" "-" "NEngine/1.0 (compatible; MSIE 6.0; Windows NT 5.1)" "-" "0.035" "0.035"
114.249.168.32 - - [18/Mar/2020:00:00:57 +0800] "GET /api/ssvoice/chat/get/microphonelist4/31519/json HTTP/1.1" 200 "3507" "-" "-" "NEngine/1.0 (compatible; MSIE 6.0; Windows NT 5.1)" "-" "0.024" "0.024"
114.249.168.32 - - [18/Mar/2020:00:01:00 +0800] "GET /api/ssvoice/chat/get/microphonelist4/31519/json HTTP/1.1" 200 "3507" "-" "-" "NEngine/1.0 (compatible; MSIE 6.0; Windows NT 5.1)" "-" "0.024" "0.023"
114.249.168.32 - - [18/Mar/2020:00:01:02 +0800] "GET /api/ssvoice/chat/get/microphonelist4/31519/json HTTP/1.1" 200 "3507" "-" "-" "NEngine/1.0 (compatible; MSIE 6.0; Windows NT 5.1)" "-" "0.025" "0.025"
106.111.148.0 - - [18/Mar/2020:00:01:18 +0800] "POST /api/ssvoice/person/get/xinxiu/list/jform HTTP/1.1" 200 "28" "loginKey=87b611d3fc17d782" "-" "Mozilla/5.0 (Linux; U; Android 10; zh-cn; Redmi K20 Pro Build/QKQ1.190825.002) AppleWebKit/533.1 (KHTML, like Gecko) Version/5.0 Mobile Safari/533.1" "-" "0.003" "0.004"
114.249.168.32 - - [18/Mar/2020:00:01:23 +0800] "GET /api/ssvoice/chat/get/microphone/request/list3/31519/json HTTP/1.1" 200 "28" "-" "-" "NEngine/1.0 (compatible; MSIE 6.0; Windows NT 5.1)" "-" "0.004" "0.005"
113.225.238.124 - - [18/Mar/2020:00:01:31 +0800] "GET /api/ssvoice/chat/get/microphone/request/list3/31536/json HTTP/1.1" 200 "28" "-" "-" "NEngine/1.0 (compatible; MSIE 6.0; Windows NT 5.1)" "-" "0.003" "0.004"
183.209.57.57 - - [18/Mar/2020:00:01:32 +0800] "POST /api/ssvoice/chat/get/hand/luck/list/pc/jform HTTP/1.1" 200 "28" "loginKey=eee018695a013563&offset=0&count=15" "-" "NEngine/1.0 (compatible; MSIE 6.0; Windows NT 5.1)" "-" "0.025" "0.004"
223.149.104.215 - - [18/Mar/2020:00:01:32 +0800] "GET /api/ssvoice/chat/get/microphone/request/list3/31552/json HTTP/1.1" 200 "570" "-" "-" "NEngine/1.0 (compatible; MSIE 6.0; Windows NT 5.1)" "-" "0.008" "0.009"
183.209.57.57 - - [18/Mar/2020:00:01:32 +0800] "POST /api/ssvoice/chat/get/hand/luck/list/pc/jform HTTP/1.1" 200 "4038" "loginKey=eee018695a013563&offset=0&count=15" "-" "NEngine/1.0 (compatible; MSIE 6.0; Windows NT 5.1)" "-" "0.675" "0.657"
114.249.168.32 - - [18/Mar/2020:00:01:35 +0800] "GET /api/ssvoice/chat/get/microphonelist4/31519/json HTTP/1.1" 200 "3507" "-" "-" "NEngine/1.0 (compatible; MSIE 6.0; Windows NT 5.1)" "-" "0.031" "0.031"
113.225.238.124 - - [18/Mar/2020:00:01:35 +0800] "POST /api/ssvoice/chat/off/room/control/jform HTTP/1.1" 200 "29" "crId=31536&loginKey=464a99a37a5ebcab" "-" "NEngine/1.0 (compatible; MSIE 6.0; Windows NT 5.1)" "-" "0.075" "0.035"
114.249.168.32 - - [18/Mar/2020:00:01:38 +0800] "GET /api/ssvoice/chat/get/microphonelist4/31519/json HTTP/1.1" 200 "3507" "-" "-" "NEngine/1.0 (compatible; MSIE 6.0; Windows NT 5.1)" "-" "0.025" "0.024"
113.58.229.73 - - [18/Mar/2020:00:01:38 +0800] "GET /api/ssvoice/chat/get/microphonelist4/31536/json HTTP/1.1" 200 "3099" "-" "-" "NEngine/1.0 (compatible; MSIE 6.0; Windows NT 5.1)" "-" "0.016" "0.017"
113.58.229.73 - - [18/Mar/2020:00:01:38 +0800] "GET /api/ssvoice/chat/get/microphone/request/list3/31536/json HTTP/1.1" 200 "28" "-" "-" "NEngine/1.0 (compatible; MSIE 6.0; Windows NT 5.1)" "-" "0.003" "0.002"
114.249.168.32 - - [18/Mar/2020:00:01:41 +0800] "GET /api/ssvoice/chat/get/microphonelist4/31519/json HTTP/1.1" 200 "3507" "-" "-" "NEngine/1.0 (compatible; MSIE 6.0; Windows NT 5.1)" "-" "0.028" "0.028"
223.149.104.215 - - [18/Mar/2020:00:01:42 +0800] "GET /api/ssvoice/chat/get/microphone/request/list3/31552/json HTTP/1.1" 200 "570" "-" "-" "NEngine/1.0 (compatible; MSIE 6.0; Windows NT 5.1)" "-" "0.006" "0.007"
114.249.168.32 - - [18/Mar/2020:00:01:44 +0800] "GET /api/ssvoice/chat/get/microphonelist4/31519/json HTTP/1.1" 200 "3507" "-" "-" "NEngine/1.0 (compatible; MSIE 6.0; Windows NT 5.1)" "-" "0.022" "0.021"
223.149.104.215 - - [18/Mar/2020:00:01:44 +0800] "POST /api/ssvoice/chat/on/microphone/jform HTTP/1.1" 200 "29" "loginKey=c5eb0eb907d1275a&crId=31552&microphoneId=4&toSsId=100369429" "-" "NEngine/1.0 (compatible; MSIE 6.0; Windows NT 5.1)" "-" "0.088" "0.056"
114.249.168.32 - - [18/Mar/2020:00:01:47 +0800] "GET /api/ssvoice/chat/get/microphonelist4/31519/json HTTP/1.1" 200 "3509" "-" "-" "NEngine/1.0 (compatible; MSIE 6.0; Windows NT 5.1)" "-" "0.029" "0.029"
114.249.168.32 - - [18/Mar/2020:00:01:49 +0800] "GET /api/ssvoice/chat/get/microphonelist4/31519/json HTTP/1.1" 200 "3509" "-" "-" "NEngine/1.0 (compatible; MSIE 6.0; Windows NT 5.1)" "-" "0.025" "0.024"
116.62.24.176 - - [18/Mar/2020:00:01:49 +0800] "POST /api-ssvoice/api/ssvoice/gift/getcoin/jform HTTP/1.1" 200 "181" "loginKey=7e32899d4b4b488a" "-" "Apache-HttpClient/4.5.1 (Java/1.7.0_79)" "-" "0.002" "0.002"
116.62.24.176 - - [18/Mar/2020:00:01:49 +0800] "POST /api-ssvoice/api/ssvoice/commoditySheet/get/commodity/3/jform HTTP/1.1" 200 "819" "-" "-" "Apache-HttpClient/4.5.1 (Java/1.7.0_79)" "-" "0.002" "0.002"
42.87.222.137 - - [18/Mar/2020:00:01:56 +0800] "POST /api/ssvoice/guard/open/up/guard/jform HTTP/1.1" 200 "29" "loginKey=2439014b64181561&toCrId=31536&toSsId=100371571&guardType=3" "-" "NEngine/1.0 (compatible; MSIE 6.0; Windows NT 5.1)" "-" "0.137" "0.099"
113.58.229.73 - - [18/Mar/2020:00:01:58 +0800] "GET /api/ssvoice/chat/get/microphone/request/list3/31536/json HTTP/1.1" 200 "573" "-" "-" "NEngine/1.0 (compatible; MSIE 6.0; Windows NT 5.1)" "-" "0.008" "0.010"
42.87.222.137 - - [18/Mar/2020:00:01:58 +0800] "GET /api/ssvoice/chat/get/microphone/request/list3/31536/json HTTP/1.1" 200 "573" "-" "-" "NEngine/1.0 (compatible; MSIE 6.0; Windows NT 5.1)" "-" "0.008" "0.009"
183.209.57.57 - - [18/Mar/2020:00:01:59 +0800] "POST /api/ssvoice/chat/get/hand/luck/list/pc/jform HTTP/1.1" 200 "4038" "loginKey=eee018695a013563&offset=0&count=15" "-" "NEngine/1.0 (compatible; MSIE 6.0; Windows NT 5.1)" "-" "0.056" "0.039"
183.209.57.57 - - [18/Mar/2020:00:01:59 +0800] "POST /api/ssvoice/chat/get/hand/luck/list/pc/jform HTTP/1.1" 200 "4038" "loginKey=eee018695a013563&offset=0&count=15" "-" "NEngine/1.0 (compatible; MSIE 6.0; Windows NT 5.1)" "-" "0.056" "0.041"
113.58.229.73 - - [18/Mar/2020:00:02:02 +0800] "GET /api/ssvoice/chat/get/microphone/request/list3/31536/json HTTP/1.1" 200 "573" "-" "-" "NEngine/1.0 (compatible; MSIE 6.0; Windows NT 5.1)" "-" "0.010" "0.009"
183.209.57.57 - - [18/Mar/2020:00:02:02 +0800] "POST /api/ssvoice/chat/get/hand/luck/list/pc/jform HTTP/1.1" 200 "4045" "loginKey=eee018695a013563&offset=15&count=15" "-" "NEngine/1.0 (compatible; MSIE 6.0; Windows NT 5.1)" "-" "0.049" "0.034"
113.58.229.73 - - [18/Mar/2020:00:02:03 +0800] "POST /api/ssvoice/chat/on/microphone/jform HTTP/1.1" 200 "29" "loginKey=f8c9421d477ab70b&crId=31536&microphoneId=4&toSsId=100371282" "-" "NEngine/1.0 (compatible; MSIE 6.0; Windows NT 5.1)" "-" "0.085" "0.042"
42.87.222.137 - - [18/Mar/2020:00:02:03 +0800] "GET /api/ssvoice/chat/get/microphone/request/list3/31536/json HTTP/1.1" 200 "28" "-" "-" "NEngine/1.0 (compatible; MSIE 6.0; Windows NT 5.1)" "-" "0.004" "0.004"
113.58.229.73 - - [18/Mar/2020:00:02:03 +0800] "GET /api/ssvoice/chat/get/microphone/request/list3/31536/json HTTP/1.1" 200 "28" "-" "-" "NEngine/1.0 (compatible; MSIE 6.0; Windows NT 5.1)" "-" "0.003" "0.003"
42.87.222.137 - - [18/Mar/2020:00:02:03 +0800] "GET /api/ssvoice/chat/get/microphonelist4/31536/json HTTP/1.1" 200 "3443" "-" "-" "NEngine/1.0 (compatible; MSIE 6.0; Windows NT 5.1)" "-" "0.029" "0.028"
183.209.57.57 - - [18/Mar/2020:00:02:04 +0800] "POST /api/ssvoice/chat/get/hand/luck/list/pc/jform HTTP/1.1" 200 "4038" "loginKey=eee018695a013563&offset=0&count=15" "-" "NEngine/1.0 (compatible; MSIE 6.0; Windows NT 5.1)" "-" "0.047" "0.032"
183.209.57.57 - - [18/Mar/2020:00:02:04 +0800] "POST /api/ssvoice/chat/get/hand/luck/list/pc/jform HTTP/1.1" 200 "4045" "loginKey=eee018695a013563&offset=0&count=15" "-" "NEngine/1.0 (compatible; MSIE 6.0; Windows NT 5.1)" "-" "0.663" "0.646"
183.209.57.57 - - [18/Mar/2020:00:02:06 +0800] "POST /api/ssvoice/chat/get/hand/luck/list/pc/jform HTTP/1.1" 200 "4045" "loginKey=eee018695a013563&offset=0&count=15" "-" "NEngine/1.0 (compatible; MSIE 6.0; Windows NT 5.1)" "-" "0.061" "0.041"
183.209.57.57 - - [18/Mar/2020:00:02:06 +0800] "POST /api/ssvoice/chat/get/hand/luck/list/pc/jform HTTP/1.1" 200 "4045" "loginKey=eee018695a013563&offset=0&count=15" "-" "NEngine/1.0 (compatible; MSIE 6.0; Windows NT 5.1)" "-" "0.060" "0.042"
183.209.57.57 - - [18/Mar/2020:00:02:07 +0800] "POST /api/ssvoice/chat/get/hand/luck/list/pc/jform HTTP/1.1" 200 "4045" "loginKey=eee018695a013563&offset=0&count=15" "-" "NEngine/1.0 (compatible; MSIE 6.0; Windows NT 5.1)" "-" "0.057" "0.038"
183.209.57.57 - - [18/Mar/2020:00:02:08 +0800] "POST /api/ssvoice/chat/get/hand/luck/list/pc/jform HTTP/1.1" 200 "4045" "loginKey=eee018695a013563&offset=0&count=15" "-" "NEngine/1.0 (compatible; MSIE 6.0; Windows NT 5.1)" "-" "0.052" "0.025"
183.209.57.57 - - [18/Mar/2020:00:02:08 +0800] "POST /api/ssvoice/chat/get/hand/luck/list/pc/jform HTTP/1.1" 200 "4045" "loginKey=eee018695a013563&offset=0&count=15" "-" "NEngine/1.0 (compatible; MSIE 6.0; Windows NT 5.1)" "-" "0.051" "0.037"
183.209.57.57 - - [18/Mar/2020:00:02:09 +0800] "POST /api/ssvoice/chat/get/hand/luck/list/pc/jform HTTP/1.1" 200 "4045" "loginKey=eee018695a013563&offset=0&count=15" "-" "NEngine/1.0 (compatible; MSIE 6.0; Windows NT 5.1)" "-" "0.041" "0.026"
113.58.229.73 - - [18/Mar/2020:00:02:15 +0800] "POST /api/ssvoice/chat/user/current/room/jform HTTP/1.1" 200 "484" "ssId=100386463" "-" "NEngine/1.0 (compatible; MSIE 6.0; Windows NT 5.1)" "-" "0.051" "0.003"
106.111.148.0 - - [18/Mar/2020:00:02:27 +0800] "POST /api/ssvoice/person/get/xinxiu/list/jform HTTP/1.1" 200 "28" "loginKey=87b611d3fc17d782" "-" "Mozilla/5.0 (Linux; U; Android 10; zh-cn; Redmi K20 Pro Build/QKQ1.190825.002) AppleWebKit/533.1 (KHTML, like Gecko) Version/5.0 Mobile Safari/533.1" "-" "0.004" "0.005"
113.58.229.73 - - [18/Mar/2020:00:02:36 +0800] "POST /api/ssvoice/chat/user/current/room/jform HTTP/1.1" 200 "484" "ssId=100401710" "-" "NEngine/1.0 (compatible; MSIE 6.0; Windows NT 5.1)" "-" "0.047" "0.006"
106.111.148.0 - - [18/Mar/2020:00:02:42 +0800] "POST /api/ssvoice/person/get/xinxiu/list/jform HTTP/1.1" 200 "28" "loginKey=87b611d3fc17d782" "-" "Mozilla/5.0 (Linux; U; Android 10; zh-cn; Redmi K20 Pro Build/QKQ1.190825.002) AppleWebKit/533.1 (KHTML, like Gecko) Version/5.0 Mobile Safari/533.1" "-" "0.004" "0.004"
114.249.168.32 - - [18/Mar/2020:00:02:46 +0800] "GET /api/ssvoice/chat/get/microphone/request/list3/31519/json HTTP/1.1" 200 "28" "-" "-" "NEngine/1.0 (compatible; MSIE 6.0; Windows NT 5.1)" "-" "0.003" "0.003"
183.209.57.57 - - [18/Mar/2020:00:02:46 +0800] "GET /api/ssvoice/chat/get/microphone/request/list3/31519/json HTTP/1.1" 200 "28" "-" "-" "NEngine/1.0 (compatible; MSIE 6.0; Windows NT 5.1)" "-" "0.003" "0.004"
223.149.104.215 - - [18/Mar/2020:00:03:04 +0800] "GET /api/ssvoice/chat/get/microphone/request/list3/31552/json HTTP/1.1" 200 "28" "-" "-" "NEngine/1.0 (compatible; MSIE 6.0; Windows NT 5.1)" "-" "0.004" "0.004"
113.58.229.73 - - [18/Mar/2020:00:03:06 +0800] "POST /api/ssvoice/chat/user/current/room/jform HTTP/1.1" 200 "484" "ssId=100401710" "-" "NEngine/1.0 (compatible; MSIE 6.0; Windows NT 5.1)" "-" "0.048" "0.003"
113.58.229.73 - - [18/Mar/2020:00:03:06 +0800] "POST /api/ssvoice/chat/user/current/room/jform HTTP/1.1" 200 "484" "ssId=100401710" "-" "NEngine/1.0 (compatible; MSIE 6.0; Windows NT 5.1)" "-" "0.051" "0.002"
106.111.148.0 - - [18/Mar/2020:00:03:18 +0800] "POST /api/ssvoice/person/get/xinxiu/list/jform HTTP/1.1" 200 "28" "loginKey=87b611d3fc17d782" "-" "Mozilla/5.0 (Linux; U; Android 10; zh-cn; Redmi K20 Pro Build/QKQ1.190825.002) AppleWebKit/533.1 (KHTML, like Gecko) Version/5.0 Mobile Safari/533.1" "-" "0.004" "0.003"
183.209.57.57 - - [18/Mar/2020:00:03:20 +0800] "GET /api/ssvoice/chat/get/microphonelist4/31519/json HTTP/1.1" 200 "3509" "-" "-" "NEngine/1.0 (compatible; MSIE 6.0; Windows NT 5.1)" "-" "0.033" "0.033"
114.249.168.32 - - [18/Mar/2020:00:03:20 +0800] "GET /api/ssvoice/chat/get/microphonelist4/31519/json HTTP/1.1" 200 "3509" "-" "-" "NEngine/1.0 (compatible; MSIE 6.0; Windows NT 5.1)" "-" "0.023" "0.024"
183.209.57.57 - - [18/Mar/2020:00:03:22 +0800] "GET /api/ssvoice/chat/get/microphonelist4/31519/json HTTP/1.1" 200 "3509" "-" "-" "NEngine/1.0 (compatible; MSIE 6.0; Windows NT 5.1)" "-" "0.023" "0.023"
114.249.168.32 - - [18/Mar/2020:00:03:22 +0800] "GET /api/ssvoice/chat/get/microphonelist4/31519/json HTTP/1.1" 200 "3509" "-" "-" "NEngine/1.0 (compatible; MSIE 6.0; Windows NT 5.1)" "-" "0.026" "0.027"
183.209.57.57 - - [18/Mar/2020:00:03:25 +0800] "GET /api/ssvoice/chat/get/microphonelist4/31519/json HTTP/1.1" 200 "3509" "-" "-" "NEngine/1.0 (compatible; MSIE 6.0; Windows NT 5.1)" "-" "0.024" "0.024"
114.249.168.32 - - [18/Mar/2020:00:03:25 +0800] "GET /api/ssvoice/chat/get/microphonelist4/31519/json HTTP/1.1" 200 "3509" "-" "-" "NEngine/1.0 (compatible; MSIE 6.0; Windows NT 5.1)" "-" "0.023" "0.024"
223.149.104.215 - - [18/Mar/2020:00:03:25 +0800] "POST /api/ssvoice/person/userfollowrelation/c5eb0eb907d1275a/jform HTTP/1.1" 200 "29" "loginKey=c5eb0eb907d1275a&ssId=100382772" "-" "NEngine/1.0 (compatible; MSIE 6.0; Windows NT 5.1)" "-" "0.035" "0.003"
183.209.57.57 - - [18/Mar/2020:00:03:27 +0800] "GET /api/ssvoice/chat/get/microphonelist4/31519/json HTTP/1.1" 200 "3509" "-" "-" "NEngine/1.0 (compatible; MSIE 6.0; Windows NT 5.1)" "-" "0.023" "0.024"
114.249.168.32 - - [18/Mar/2020:00:03:27 +0800] "GET /api/ssvoice/chat/get/microphonelist4/31519/json HTTP/1.1" 200 "3509" "-" "-" "NEngine/1.0 (compatible; MSIE 6.0; Windows NT 5.1)" "-" "0.022" "0.022"
223.149.104.215 - - [18/Mar/2020:00:03:28 +0800] "POST /api/ssvoice/account/info/100020514/jform HTTP/1.1" 200 "1133" "-" "-" "NEngine/1.0 (compatible; MSIE 6.0; Windows NT 5.1)" "-" "0.043" "0.043"
183.209.57.57 - - [18/Mar/2020:00:03:29 +0800] "GET /api/ssvoice/chat/get/microphonelist4/31519/json HTTP/1.1" 200 "3509" "-" "-" "NEngine/1.0 (compatible; MSIE 6.0; Windows NT 5.1)" "-" "0.025" "0.025"
114.249.168.32 - - [18/Mar/2020:00:03:29 +0800] "GET /api/ssvoice/chat/get/microphonelist4/31519/json HTTP/1.1" 200 "3509" "-" "-" "NEngine/1.0 (compatible; MSIE 6.0; Windows NT 5.1)" "-" "0.024" "0.024"
223.149.104.215 - - [18/Mar/2020:00:03:34 +0800] "GET /api/ssvoice/chat/get/microphone/request/list3/31552/json HTTP/1.1" 200 "569" "-" "-" "NEngine/1.0 (compatible; MSIE 6.0; Windows NT 5.1)" "-" "0.008" "0.008"
223.149.104.215 - - [18/Mar/2020:00:03:35 +0800] "POST /api/ssvoice/chat/on/microphone/jform HTTP/1.1" 200 "29" "loginKey=c5eb0eb907d1275a&crId=31552&microphoneId=4&toSsId=100382772" "-" "NEngine/1.0 (compatible; MSIE 6.0; Windows NT 5.1)" "-" "0.072" "0.039"
183.209.57.57 - - [18/Mar/2020:00:03:54 +0800] "GET /api/ssvoice/chat/get/microphonelist4/31519/json HTTP/1.1" 200 "3517" "-" "-" "NEngine/1.0 (compatible; MSIE 6.0; Windows NT 5.1)" "-" "0.030" "0.031"
114.249.168.32 - - [18/Mar/2020:00:03:54 +0800] "GET /api/ssvoice/chat/get/microphonelist4/31519/json HTTP/1.1" 200 "3517" "-" "-" "NEngine/1.0 (compatible; MSIE 6.0; Windows NT 5.1)" "-" "0.021" "0.021"
183.209.57.57 - - [18/Mar/2020:00:03:57 +0800] "GET /api/ssvoice/chat/get/microphonelist4/31519/json HTTP/1.1" 200 "3517" "-" "-" "NEngine/1.0 (compatible; MSIE 6.0; Windows NT 5.1)" "-" "0.020" "0.021"
114.249.168.32 - - [18/Mar/2020:00:03:57 +0800] "GET /api/ssvoice/chat/get/microphonelist4/31519/json HTTP/1.1" 200 "3517" "-" "-" "NEngine/1.0 (compatible; MSIE 6.0; Windows NT 5.1)" "-" "0.021" "0.020"
183.209.57.57 - - [18/Mar/2020:00:04:00 +0800] "GET /api/ssvoice/chat/get/microphonelist4/31519/json HTTP/1.1" 200 "3517" "-" "-" "NEngine/1.0 (compatible; MSIE 6.0; Windows NT 5.1)" "-" "0.029" "0.029"
223.68.16.127 - - [18/Mar/2020:00:04:00 +0800] "POST /api/ssvoice/vip/get/vip/colors/jform HTTP/1.1" 200 "1608" "timeStamps=timeStamps" "-" "Mozilla/5.0 (Linux; U; Android 5.1.1; zh-cn; OPPO R9 Plusm A Build/LMY47V) AppleWebKit/534.30 (KHTML, like Gecko) Version/4.0 Mobile Safari/534.30" "-" "0.003" "0.003"
114.249.168.32 - - [18/Mar/2020:00:04:00 +0800] "GET /api/ssvoice/chat/get/microphonelist4/31519/json HTTP/1.1" 200 "3517" "-" "-" "NEngine/1.0 (compatible; MSIE 6.0; Windows NT 5.1)" "-" "0.021" "0.020"
183.209.57.57 - - [18/Mar/2020:00:04:03 +0800] "GET /api/ssvoice/chat/get/microphonelist4/31519/json HTTP/1.1" 200 "3517" "-" "-" "NEngine/1.0 (compatible; MSIE 6.0; Windows NT 5.1)" "-" "0.020" "0.021"
114.249.168.32 - - [18/Mar/2020:00:04:03 +0800] "GET /api/ssvoice/chat/get/microphonelist4/31519/json HTTP/1.1" 200 "3517" "-" "-" "NEngine/1.0 (compatible; MSIE 6.0; Windows NT 5.1)" "-" "0.020" "0.020"
183.209.57.57 - - [18/Mar/2020:00:04:05 +0800] "GET /api/ssvoice/chat/get/microphonelist4/31519/json HTTP/1.1" 200 "3517" "-" "-" "NEngine/1.0 (compatible; MSIE 6.0; Windows NT 5.1)" "-" "0.021" "0.020"
114.249.168.32 - - [18/Mar/2020:00:04:05 +0800] "GET /api/ssvoice/chat/get/microphonelist4/31519/json HTTP/1.1" 200 "3517" "-" "-" "NEngine/1.0 (compatible; MSIE 6.0; Windows NT 5.1)" "-" "0.020" "0.020"
114.249.168.32 - - [18/Mar/2020:00:04:08 +0800] "GET /api/ssvoice/chat/get/microphonelist4/31519/json HTTP/1.1" 200 "3517" "-" "-" "NEngine/1.0 (compatible; MSIE 6.0; Windows NT 5.1)" "-" "0.030" "0.030"
183.209.57.57 - - [18/Mar/2020:00:04:08 +0800] "GET /api/ssvoice/chat/get/microphonelist4/31519/json HTTP/1.1" 200 "3517" "-" "-" "NEngine/1.0 (compatible; MSIE 6.0; Windows NT 5.1)" "-" "0.022" "0.022"
114.249.168.32 - - [18/Mar/2020:00:04:10 +0800] "GET /api/ssvoice/chat/get/microphonelist4/31519/json HTTP/1.1" 200 "3517" "-" "-" "NEngine/1.0 (compatible; MSIE 6.0; Windows NT 5.1)" "-" "0.024" "0.023"
113.58.229.73 - - [18/Mar/2020:00:04:18 +0800] "POST /api/ssvoice/person/userfollowrelation/f8c9421d477ab70b/jform HTTP/1.1" 200 "29" "loginKey=f8c9421d477ab70b&ssId=100401942" "-" "NEngine/1.0 (compatible; MSIE 6.0; Windows NT 5.1)" "-" "0.060" "0.003"
106.111.148.0 - - [18/Mar/2020:00:04:27 +0800] "POST /api/ssvoice/person/get/xinxiu/list/jform HTTP/1.1" 200 "28" "loginKey=87b611d3fc17d782" "-" "Mozilla/5.0 (Linux; U; Android 10; zh-cn; Redmi K20 Pro Build/QKQ1.190825.002) AppleWebKit/533.1 (KHTML, like Gecko) Version/5.0 Mobile Safari/533.1" "-" "0.005" "0.004"
113.58.229.73 - - [18/Mar/2020:00:04:28 +0800] "POST /api/ssvoice/chat/user/current/room/jform HTTP/1.1" 200 "484" "ssId=100401710" "-" "NEngine/1.0 (compatible; MSIE 6.0; Windows NT 5.1)" "-" "0.051" "0.003"
113.58.229.73 - - [18/Mar/2020:00:04:31 +0800] "POST /api/ssvoice/person/isBlackUser/f8c9421d477ab70b/100401710/jform HTTP/1.1" 200 "29" "-" "-" "NEngine/1.0 (compatible; MSIE 6.0; Windows NT 5.1)" "-" "0.003" "0.004"
113.58.229.73 - - [18/Mar/2020:00:04:38 +0800] "POST /api/ssvoice/IOSCheck/get/newUserInfo/ios/list/jform HTTP/1.1" 200 "7030" "loginKey=f8c9421d477ab70b&offset=0&count=15" "-" "NEngine/1.0 (compatible; MSIE 6.0; Windows NT 5.1)" "-" "0.099" "0.051"
113.58.229.73 - - [18/Mar/2020:00:04:38 +0800] "POST /api/ssvoice/IOSCheck/get/newUserInfo/ios/list/jform HTTP/1.1" 200 "7162" "loginKey=f8c9421d477ab70b&offset=0&count=15" "-" "NEngine/1.0 (compatible; MSIE 6.0; Windows NT 5.1)" "-" "0.101" "0.051"
113.58.229.73 - - [18/Mar/2020:00:04:39 +0800] "POST /api/ssvoice/chat/user/current/room/jform HTTP/1.1" 200 "484" "ssId=100342292" "-" "NEngine/1.0 (compatible; MSIE 6.0; Windows NT 5.1)" "-" "0.051" "0.003"
183.209.57.57 - - [18/Mar/2020:00:04:40 +0800] "GET /api/ssvoice/chat/get/microphonelist4/31519/json HTTP/1.1" 200 "3517" "-" "-" "NEngine/1.0 (compatible; MSIE 6.0; Windows NT 5.1)" "-" "0.038" "0.038"
114.249.168.32 - - [18/Mar/2020:00:04:40 +0800] "GET /api/ssvoice/chat/get/microphonelist4/31519/json HTTP/1.1" 200 "3517" "-" "-" "NEngine/1.0 (compatible; MSIE 6.0; Windows NT 5.1)" "-" "0.024" "0.025"
114.249.168.32 - - [18/Mar/2020:00:04:43 +0800] "GET /api/ssvoice/chat/get/microphonelist4/31519/json HTTP/1.1" 200 "3517" "-" "-" "NEngine/1.0 (compatible; MSIE 6.0; Windows NT 5.1)" "-" "0.025" "0.026"
183.209.57.57 - - [18/Mar/2020:00:04:47 +0800] "GET /api/ssvoice/chat/get/microphonelist4/31519/json HTTP/1.1" 200 "3517" "-" "-" "NEngine/1.0 (compatible; MSIE 6.0; Windows NT 5.1)" "-" "0.028" "0.028"
114.249.168.32 - - [18/Mar/2020:00:04:47 +0800] "GET /api/ssvoice/chat/get/microphonelist4/31519/json HTTP/1.1" 200 "3517" "-" "-" "NEngine/1.0 (compatible; MSIE 6.0; Windows NT 5.1)" "-" "0.028" "0.029"
183.209.57.57 - - [18/Mar/2020:00:04:49 +0800] "GET /api/ssvoice/chat/get/microphonelist4/31519/json HTTP/1.1" 200 "3517" "-" "-" "NEngine/1.0 (compatible; MSIE 6.0; Windows NT 5.1)" "-" "0.028" "0.028"
114.249.168.32 - - [18/Mar/2020:00:04:49 +0800] "GET /api/ssvoice/chat/get/microphonelist4/31519/json HTTP/1.1" 200 "3517" "-" "-" "NEngine/1.0 (compatible; MSIE 6.0; Windows NT 5.1)" "-" "0.028" "0.027"
114.249.168.32 - - [18/Mar/2020:00:04:58 +0800] "POST /api/ssvoice/chat/come/and/out/room/jform HTTP/1.1" 200 "29" "crId=31519&loginKey=088c8e63442ae869&flag=0" "-" "NEngine/1.0 (compatible; MSIE 6.0; Windows NT 5.1)" "-" "0.148" "0.112"
101.37.27.225 - - [18/Mar/2020:00:05:00 +0800] "POST /api-ssvoice/api/ssvoice/person/select/vip/overdue/jform HTTP/1.1" 200 "29" "time=1584461100001" "-" "Apache-HttpClient/4.5.1 (Java/1.7.0_79)" "-" "0.153" "0.153"
183.209.57.57 - - [18/Mar/2020:00:05:03 +0800] "GET /api/ssvoice/chat/get/microphonelist4/31519/json HTTP/1.1" 200 "3517" "-" "-" "NEngine/1.0 (compatible; MSIE 6.0; Windows NT 5.1)" "-" "0.035" "0.034"
223.149.104.215 - - [18/Mar/2020:00:05:04 +0800] "POST /api/ssvoice/vipcard/get/vip/card/list/jform HTTP/1.1" 200 "28" "crId=31552&loginKey=c5eb0eb907d1275a" "-" "NEngine/1.0 (compatible; MSIE 6.0; Windows NT 5.1)" "-" "0.031" "0.003"
183.209.57.57 - - [18/Mar/2020:00:05:06 +0800] "GET /api/ssvoice/chat/get/microphonelist4/31519/json HTTP/1.1" 200 "3517" "-" "-" "NEngine/1.0 (compatible; MSIE 6.0; Windows NT 5.1)" "-" "0.026" "0.026"
183.209.57.57 - - [18/Mar/2020:00:05:08 +0800] "GET /api/ssvoice/chat/get/microphonelist4/31519/json HTTP/1.1" 200 "3517" "-" "-" "NEngine/1.0 (compatible; MSIE 6.0; Windows NT 5.1)" "-" "0.027" "0.026"
223.149.104.215 - - [18/Mar/2020:00:05:09 +0800] "GET /api/ssvoice/chat/get/microphonelist4/31552/json HTTP/1.1" 200 "3155" "-" "-" "NEngine/1.0 (compatible; MSIE 6.0; Windows NT 5.1)" "-" "0.020" "0.020"
183.209.57.57 - - [18/Mar/2020:00:05:10 +0800] "GET /api/ssvoice/chat/get/microphonelist4/31519/json HTTP/1.1" 200 "3517" "-" "-" "NEngine/1.0 (compatible; MSIE 6.0; Windows NT 5.1)" "-" "0.027" "0.026"
223.149.104.215 - - [18/Mar/2020:00:05:11 +0800] "GET /api/ssvoice/chat/get/microphonelist4/31552/json HTTP/1.1" 200 "3155" "-" "-" "NEngine/1.0 (compatible; MSIE 6.0; Windows NT 5.1)" "-" "0.018" "0.017"
223.149.104.215 - - [18/Mar/2020:00:05:13 +0800] "GET /api/ssvoice/chat/get/microphonelist4/31552/json HTTP/1.1" 200 "3155" "-" "-" "NEngine/1.0 (compatible; MSIE 6.0; Windows NT 5.1)" "-" "0.018" "0.018"
223.149.104.215 - - [18/Mar/2020:00:05:15 +0800] "GET /api/ssvoice/chat/get/microphonelist4/31552/json HTTP/1.1" 200 "3155" "-" "-" "NEngine/1.0 (compatible; MSIE 6.0; Windows NT 5.1)" "-" "0.021" "0.021"
183.209.57.57 - - [18/Mar/2020:00:05:17 +0800] "GET /api/ssvoice/chat/get/microphonelist4/31519/json HTTP/1.1" 200 "3517" "-" "-" "NEngine/1.0 (compatible; MSIE 6.0; Windows NT 5.1)" "-" "0.027" "0.027"
223.149.104.215 - - [18/Mar/2020:00:05:17 +0800] "GET /api/ssvoice/chat/get/microphonelist4/31552/json HTTP/1.1" 200 "3155" "-" "-" "NEngine/1.0 (compatible; MSIE 6.0; Windows NT 5.1)" "-" "0.014" "0.014"
183.209.57.57 - - [18/Mar/2020:00:05:19 +0800] "GET /api/ssvoice/chat/get/microphonelist4/31519/json HTTP/1.1" 200 "3517" "-" "-" "NEngine/1.0 (compatible; MSIE 6.0; Windows NT 5.1)" "-" "0.025" "0.025"
183.209.57.57 - - [18/Mar/2020:00:05:22 +0800] "GET /api/ssvoice/chat/get/microphonelist4/31519/json HTTP/1.1" 200 "3517" "-" "-" "NEngine/1.0 (compatible; MSIE 6.0; Windows NT 5.1)" "-" "0.028" "0.028"
118.76.84.47 - - [18/Mar/2020:00:05:26 +0800] "POST /api/ssvoice/chat/get/hand/luck/list/pc/jform HTTP/1.1" 200 "4013" "loginKey=593015f22a9a9486&offset=0&count=15" "-" "NEngine/1.0 (compatible; MSIE 6.0; Windows NT 5.1)" "-" "0.072" "0.029"
106.111.148.0 - - [18/Mar/2020:00:05:26 +0800] "POST /api/ssvoice/person/get/xinxiu/list/jform HTTP/1.1" 200 "28" "loginKey=87b611d3fc17d782" "-" "Mozilla/5.0 (Linux; U; Android 10; zh-cn; Redmi K20 Pro Build/QKQ1.190825.002) AppleWebKit/533.1 (KHTML, like Gecko) Version/5.0 Mobile Safari/533.1" "-" "0.004" "0.003"
183.209.57.57 - - [18/Mar/2020:00:05:29 +0800] "GET /api/ssvoice/chat/get/microphonelist4/31519/json HTTP/1.1" 200 "3517" "-" "-" "NEngine/1.0 (compatible; MSIE 6.0; Windows NT 5.1)" "-" "0.027" "0.028"
183.209.57.57 - - [18/Mar/2020:00:05:31 +0800] "GET /api/ssvoice/chat/get/microphonelist4/31519/json HTTP/1.1" 200 "3517" "-" "-" "NEngine/1.0 (compatible; MSIE 6.0; Windows NT 5.1)" "-" "0.021" "0.021"
183.209.57.57 - - [18/Mar/2020:00:05:34 +0800] "GET /api/ssvoice/chat/get/microphonelist4/31519/json HTTP/1.1" 200 "3517" "-" "-" "NEngine/1.0 (compatible; MSIE 6.0; Windows NT 5.1)" "-" "0.021" "0.021"
183.209.57.57 - - [18/Mar/2020:00:05:37 +0800] "GET /api/ssvoice/chat/get/microphonelist4/31519/json HTTP/1.1" 200 "3517" "-" "-" "NEngine/1.0 (compatible; MSIE 6.0; Windows NT 5.1)" "-" "0.023" "0.023"
106.111.148.0 - - [18/Mar/2020:00:05:39 +0800] "POST /api/ssvoice/person/get/xinxiu/list/jform HTTP/1.1" 200 "28" "loginKey=87b611d3fc17d782" "-" "Mozilla/5.0 (Linux; U; Android 10; zh-cn; Redmi K20 Pro Build/QKQ1.190825.002) AppleWebKit/533.1 (KHTML, like Gecko) Version/5.0 Mobile Safari/533.1" "-" "0.004" "0.004"
183.209.57.57 - - [18/Mar/2020:00:05:42 +0800] "GET /api/ssvoice/chat/get/microphonelist4/31519/json HTTP/1.1" 200 "3517" "-" "-" "NEngine/1.0 (compatible; MSIE 6.0; Windows NT 5.1)" "-" "0.033" "0.032"
223.149.104.215 - - [18/Mar/2020:00:05:42 +0800] "POST /api/ssvoice/account/info/100401942/jform HTTP/1.1" 200 "1333" "-" "-" "NEngine/1.0 (compatible; MSIE 6.0; Windows NT 5.1)" "-" "0.021" "0.021"
223.149.104.215 - - [18/Mar/2020:00:05:43 +0800] "POST /api/ssvoice/chat/my/manage/room/list/jform HTTP/1.1" 200 "3502" "ssId=100401942" "-" "NEngine/1.0 (compatible; MSIE 6.0; Windows NT 5.1)" "-" "0.039" "0.011"
183.209.57.57 - - [18/Mar/2020:00:05:45 +0800] "GET /api/ssvoice/chat/get/microphonelist4/31519/json HTTP/1.1" 200 "3517" "-" "-" "NEngine/1.0 (compatible; MSIE 6.0; Windows NT 5.1)" "-" "0.026" "0.025"
183.209.57.57 - - [18/Mar/2020:00:06:13 +0800] "GET /api/ssvoice/chat/get/microphonelist4/31519/json HTTP/1.1" 200 "3517" "-" "-" "NEngine/1.0 (compatible; MSIE 6.0; Windows NT 5.1)" "-" "0.034" "0.033"
183.209.57.57 - - [18/Mar/2020:00:06:16 +0800] "GET /api/ssvoice/chat/get/microphonelist4/31519/json HTTP/1.1" 200 "3517" "-" "-" "NEngine/1.0 (compatible; MSIE 6.0; Windows NT 5.1)" "-" "0.029" "0.029"
183.209.57.57 - - [18/Mar/2020:00:06:18 +0800] "GET /api/ssvoice/chat/get/microphonelist4/31519/json HTTP/1.1" 200 "3517" "-" "-" "NEngine/1.0 (compatible; MSIE 6.0; Windows NT 5.1)" "-" "0.029" "0.029"
223.149.104.215 - - [18/Mar/2020:00:06:19 +0800] "POST /api/ssvoice/person/userfollowrelation/c5eb0eb907d1275a/jform HTTP/1.1" 200 "29" "loginKey=c5eb0eb907d1275a&ssId=100401942" "-" "NEngine/1.0 (compatible; MSIE 6.0; Windows NT 5.1)" "-" "0.032" "0.005"
183.209.57.57 - - [18/Mar/2020:00:06:20 +0800] "GET /api/ssvoice/chat/get/microphonelist4/31519/json HTTP/1.1" 200 "3517" "-" "-" "NEngine/1.0 (compatible; MSIE 6.0; Windows NT 5.1)" "-" "0.036" "0.036"
183.209.57.57 - - [18/Mar/2020:00:06:23 +0800] "GET /api/ssvoice/chat/get/microphonelist4/31519/json HTTP/1.1" 200 "3517" "-" "-" "NEngine/1.0 (compatible; MSIE 6.0; Windows NT 5.1)" "-" "0.030" "0.028"
183.209.57.57 - - [18/Mar/2020:00:06:26 +0800] "GET /api/ssvoice/chat/get/microphonelist4/31519/json HTTP/1.1" 200 "3517" "-" "-" "NEngine/1.0 (compatible; MSIE 6.0; Windows NT 5.1)" "-" "0.038" "0.037"
106.111.148.0 - - [18/Mar/2020:00:06:28 +0800] "POST /api/ssvoice/person/get/xinxiu/list/jform HTTP/1.1" 200 "28" "loginKey=87b611d3fc17d782" "-" "Mozilla/5.0 (Linux; U; Android 10; zh-cn; Redmi K20 Pro Build/QKQ1.190825.002) AppleWebKit/533.1 (KHTML, like Gecko) Version/5.0 Mobile Safari/533.1" "-" "0.005" "0.004"
183.209.57.57 - - [18/Mar/2020:00:06:28 +0800] "GET /api/ssvoice/chat/get/microphonelist4/31519/json HTTP/1.1" 200 "3517" "-" "-" "NEngine/1.0 (compatible; MSIE 6.0; Windows NT 5.1)" "-" "0.030" "0.029"
183.209.57.57 - - [18/Mar/2020:00:06:31 +0800] "GET /api/ssvoice/chat/get/microphonelist4/31519/json HTTP/1.1" 200 "3517" "-" "-" "NEngine/1.0 (compatible; MSIE 6.0; Windows NT 5.1)" "-" "0.037" "0.036"
183.209.57.57 - - [18/Mar/2020:00:06:34 +0800] "GET /api/ssvoice/chat/get/microphonelist4/31519/json HTTP/1.1" 200 "3517" "-" "-" "NEngine/1.0 (compatible; MSIE 6.0; Windows NT 5.1)" "-" "0.029" "0.030"
183.209.57.57 - - [18/Mar/2020:00:06:36 +0800] "GET /api/ssvoice/chat/get/microphonelist4/31519/json HTTP/1.1" 200 "3517" "-" "-" "NEngine/1.0 (compatible; MSIE 6.0; Windows NT 5.1)" "-" "0.039" "0.040"
106.111.148.0 - - [18/Mar/2020:00:06:38 +0800] "POST /api/ssvoice/person/get/xinxiu/list/jform HTTP/1.1" 200 "28" "loginKey=87b611d3fc17d782" "-" "Mozilla/5.0 (Linux; U; Android 10; zh-cn; Redmi K20 Pro Build/QKQ1.190825.002) AppleWebKit/533.1 (KHTML, like Gecko) Version/5.0 Mobile Safari/533.1" "-" "0.005" "0.005"
183.209.57.57 - - [18/Mar/2020:00:06:39 +0800] "GET /api/ssvoice/chat/get/microphonelist4/31519/json HTTP/1.1" 200 "3519" "-" "-" "NEngine/1.0 (compatible; MSIE 6.0; Windows NT 5.1)" "-" "0.029" "0.030"
183.209.57.57 - - [18/Mar/2020:00:06:50 +0800] "GET /api/ssvoice/chat/get/microphonelist4/31519/json HTTP/1.1" 200 "3519" "-" "-" "NEngine/1.0 (compatible; MSIE 6.0; Windows NT 5.1)" "-" "0.033" "0.033"
106.111.148.0 - - [18/Mar/2020:00:06:52 +0800] "POST /api/ssvoice/person/get/xinxiu/list/jform HTTP/1.1" 200 "28" "loginKey=87b611d3fc17d782" "-" "Mozilla/5.0 (Linux; U; Android 10; zh-cn; Redmi K20 Pro Build/QKQ1.190825.002) AppleWebKit/533.1 (KHTML, like Gecko) Version/5.0 Mobile Safari/533.1" "-" "0.004" "0.004"
183.209.57.57 - - [18/Mar/2020:00:06:52 +0800] "GET /api/ssvoice/chat/get/microphonelist4/31519/json HTTP/1.1" 200 "3519" "-" "-" "NEngine/1.0 (compatible; MSIE 6.0; Windows NT 5.1)" "-" "0.022" "0.021"
183.209.57.57 - - [18/Mar/2020:00:06:54 +0800] "GET /api/ssvoice/chat/get/microphonelist4/31519/json HTTP/1.1" 200 "3519" "-" "-" "NEngine/1.0 (compatible; MSIE 6.0; Windows NT 5.1)" "-" "0.022" "0.021"
183.209.57.57 - - [18/Mar/2020:00:06:58 +0800] "GET /api/ssvoice/chat/get/microphonelist4/31519/json HTTP/1.1" 200 "3519" "-" "-" "NEngine/1.0 (compatible; MSIE 6.0; Windows NT 5.1)" "-" "0.029" "0.028"
113.58.229.73 - - [18/Mar/2020:00:07:01 +0800] "POST /api/ssvoice/IOSCheck/get/newUserInfo/ios/list/jform HTTP/1.1" 200 "6894" "loginKey=f8c9421d477ab70b&offset=75&count=15" "-" "NEngine/1.0 (compatible; MSIE 6.0; Windows NT 5.1)" "-" "0.108" "0.061"
113.58.229.73 - - [18/Mar/2020:00:07:01 +0800] "POST /api/ssvoice/IOSCheck/get/newUserInfo/ios/list/jform HTTP/1.1" 200 "6987" "loginKey=f8c9421d477ab70b&offset=75&count=15" "-" "NEngine/1.0 (compatible; MSIE 6.0; Windows NT 5.1)" "-" "0.115" "0.063"
113.58.229.73 - - [18/Mar/2020:00:07:02 +0800] "POST /api/ssvoice/IOSCheck/get/newUserInfo/ios/list/jform HTTP/1.1" 200 "28" "loginKey=f8c9421d477ab70b&offset=165&count=15" "-" "NEngine/1.0 (compatible; MSIE 6.0; Windows NT 5.1)" "-" "0.126" "0.084"
183.209.57.57 - - [18/Mar/2020:00:07:03 +0800] "GET /api/ssvoice/chat/get/microphonelist4/31519/json HTTP/1.1" 200 "3519" "-" "-" "NEngine/1.0 (compatible; MSIE 6.0; Windows NT 5.1)" "-" "0.040" "0.039"
113.58.229.73 - - [18/Mar/2020:00:07:04 +0800] "POST /api/ssvoice/chat/get/hand/luck/list/pc/jform HTTP/1.1" 200 "3976" "loginKey=f8c9421d477ab70b&offset=0&count=15" "-" "NEngine/1.0 (compatible; MSIE 6.0; Windows NT 5.1)" "-" "0.697" "0.653"
183.209.57.57 - - [18/Mar/2020:00:07:05 +0800] "GET /api/ssvoice/chat/get/microphonelist4/31519/json HTTP/1.1" 200 "3519" "-" "-" "NEngine/1.0 (compatible; MSIE 6.0; Windows NT 5.1)" "-" "0.030" "0.029"
113.58.229.73 - - [18/Mar/2020:00:07:06 +0800] "POST /api/ssvoice/chat/user/current/room/jform HTTP/1.1" 200 "484" "ssId=100401710" "-" "NEngine/1.0 (compatible; MSIE 6.0; Windows NT 5.1)" "-" "0.048" "0.003"
119.41.152.59 - - [18/Mar/2020:00:07:07 +0800] "POST /api/ssvoice/person/get/xinxiu/list/jform HTTP/1.1" 200 "28" "loginKey=02f0ed7f157119cc" "-" "Mozilla/5.0 (Linux; U; Android 8.1.0; zh-cn; CMCC M761 Build/OPM1.171019.026) AppleWebKit/534.30 (KHTML, like Gecko) Version/4.0 Mobile Safari/534.30" "-" "0.005" "0.005"
183.209.57.57 - - [18/Mar/2020:00:07:09 +0800] "GET /api/ssvoice/chat/get/microphonelist4/31519/json HTTP/1.1" 200 "3519" "-" "-" "NEngine/1.0 (compatible; MSIE 6.0; Windows NT 5.1)" "-" "0.033" "0.033"
113.58.229.73 - - [18/Mar/2020:00:07:12 +0800] "POST /api/ssvoice/person/isBlackUser/f8c9421d477ab70b/100369214/jform HTTP/1.1" 200 "29" "-" "-" "NEngine/1.0 (compatible; MSIE 6.0; Windows NT 5.1)" "-" "0.003" "0.002"
113.58.229.73 - - [18/Mar/2020:00:07:12 +0800] "POST /api/ssvoice/chat/user/current/room/jform HTTP/1.1" 200 "484" "ssId=100369214" "-" "NEngine/1.0 (compatible; MSIE 6.0; Windows NT 5.1)" "-" "0.044" "0.002"
119.41.152.59 - - [18/Mar/2020:00:07:21 +0800] "GET /api/ssvoice/chat/get/expense/sum/week/31591/jform HTTP/1.1" 200 "34" "-" "-" "Mozilla/5.0 (Linux; U; Android 8.1.0; zh-cn; CMCC M761 Build/OPM1.171019.026) AppleWebKit/534.30 (KHTML, like Gecko) Version/4.0 Mobile Safari/534.30" "-" "0.004" "0.003"
106.111.148.0 - - [18/Mar/2020:00:07:26 +0800] "POST /api/ssvoice/person/get/xinxiu/list/jform HTTP/1.1" 200 "28" "loginKey=87b611d3fc17d782" "-" "Mozilla/5.0 (Linux; U; Android 10; zh-cn; Redmi K20 Pro Build/QKQ1.190825.002) AppleWebKit/533.1 (KHTML, like Gecko) Version/5.0 Mobile Safari/533.1" "-" "0.005" "0.005"
183.209.57.57 - - [18/Mar/2020:00:07:29 +0800] "GET /api/ssvoice/chat/get/microphonelist4/31519/json HTTP/1.1" 200 "3519" "-" "-" "NEngine/1.0 (compatible; MSIE 6.0; Windows NT 5.1)" "-" "0.036" "0.037"
183.209.57.57 - - [18/Mar/2020:00:07:32 +0800] "GET /api/ssvoice/chat/get/microphonelist4/31519/json HTTP/1.1" 200 "3519" "-" "-" "NEngine/1.0 (compatible; MSIE 6.0; Windows NT 5.1)" "-" "0.027" "0.028"
183.209.57.57 - - [18/Mar/2020:00:07:35 +0800] "GET /api/ssvoice/chat/get/microphonelist4/31519/json HTTP/1.1" 200 "3519" "-" "-" "NEngine/1.0 (compatible; MSIE 6.0; Windows NT 5.1)" "-" "0.039" "0.039"
183.209.57.57 - - [18/Mar/2020:00:07:37 +0800] "GET /api/ssvoice/chat/get/microphonelist4/31519/json HTTP/1.1" 200 "3519" "-" "-" "NEngine/1.0 (compatible; MSIE 6.0; Windows NT 5.1)" "-" "0.028" "0.027"
119.41.152.59 - - [18/Mar/2020:00:07:40 +0800] "POST /api/ssvoice/chat/user/current/room/jform HTTP/1.1" 200 "635" "ssId=100297547" "-" "Mozilla/5.0 (Linux; U; Android 8.1.0; zh-cn; CMCC M761 Build/OPM1.171019.026) AppleWebKit/534.30 (KHTML, like Gecko) Version/4.0 Mobile Safari/534.30" "-" "0.005" "0.005"
183.209.57.57 - - [18/Mar/2020:00:07:43 +0800] "GET /api/ssvoice/chat/get/microphonelist4/31519/json HTTP/1.1" 200 "3519" "-" "-" "NEngine/1.0 (compatible; MSIE 6.0; Windows NT 5.1)" "-" "0.029" "0.028"
119.41.152.59 - - [18/Mar/2020:00:07:45 +0800] "POST /api/ssvoice/cp/get/speed/matching/station/audio/list/jform HTTP/1.1" 200 "28" "offset=0&count=1&ssId=100297547" "-" "Mozilla/5.0 (Linux; U; Android 8.1.0; zh-cn; CMCC M761 Build/OPM1.171019.026) AppleWebKit/534.30 (KHTML, like Gecko) Version/4.0 Mobile Safari/534.30" "-" "0.004" "0.003"
119.41.152.59 - - [18/Mar/2020:00:07:46 +0800] "POST /api/ssvoice/person/userfollowrelation/02f0ed7f157119cc/jform HTTP/1.1" 200 "29" "ssId=100297547" "-" "Mozilla/5.0 (Linux; U; Android 8.1.0; zh-cn; CMCC M761 Build/OPM1.171019.026) AppleWebKit/534.30 (KHTML, like Gecko) Version/4.0 Mobile Safari/534.30" "-" "0.003" "0.003"
119.41.152.59 - - [18/Mar/2020:00:07:46 +0800] "POST /api/ssvoice/chat/user/current/room/jform HTTP/1.1" 200 "635" "ssId=100297547" "-" "Mozilla/5.0 (Linux; U; Android 8.1.0; zh-cn; CMCC M761 Build/OPM1.171019.026) AppleWebKit/534.30 (KHTML, like Gecko) Version/4.0 Mobile Safari/534.30" "-" "0.004" "0.004"
119.41.152.59 - - [18/Mar/2020:00:07:48 +0800] "GET /api/ssvoice/chat/get/room/version/json HTTP/1.1" 200 "31" "-" "-" "Mozilla/5.0 (Linux; U; Android 8.1.0; zh-cn; CMCC M761 Build/OPM1.171019.026) AppleWebKit/534.30 (KHTML, like Gecko) Version/4.0 Mobile Safari/534.30" "-" "0.001" "0.001"
119.41.152.59 - - [18/Mar/2020:00:07:48 +0800] "POST /api/ssvoice/show/get/banner/list/jform HTTP/1.1" 200 "799" "type=1" "-" "Mozilla/5.0 (Linux; U; Android 8.1.0; zh-cn; CMCC M761 Build/OPM1.171019.026) AppleWebKit/534.30 (KHTML, like Gecko) Version/4.0 Mobile Safari/534.30" "-" "0.002" "0.002"
119.41.152.59 - - [18/Mar/2020:00:07:49 +0800] "POST /api/ssvoice/recommend/get/recommend/room/133V/jform HTTP/1.1" 200 "17618" "offset=0&loginKey=02f0ed7f157119cc&roomTagId=1213&count=100" "-" "Mozilla/5.0 (Linux; U; Android 8.1.0; zh-cn; CMCC M761 Build/OPM1.171019.026) AppleWebKit/534.30 (KHTML, like Gecko) Version/4.0 Mobile Safari/534.30" "-" "0.170" "0.123"
119.41.152.59 - - [18/Mar/2020:00:07:49 +0800] "POST /api/ssvoice/cp/get/cp/succeed/list/jform HTTP/1.1" 200 "2519" "offset=0&loginKey=02f0ed7f157119cc&count=20" "-" "Mozilla/5.0 (Linux; U; Android 8.1.0; zh-cn; CMCC M761 Build/OPM1.171019.026) AppleWebKit/534.30 (KHTML, like Gecko) Version/4.0 Mobile Safari/534.30" "-" "0.011" "0.010"
119.41.152.59 - - [18/Mar/2020:00:07:50 +0800] "POST /api/ssvoice/skillnew/judge/user/haveskill/jform HTTP/1.1" 200 "29" "type=2&ssId=100321431" "-" "Mozilla/5.0 (Linux; U; Android 8.1.0; zh-cn; CMCC M761 Build/OPM1.171019.026) AppleWebKit/534.30 (KHTML, like Gecko) Version/4.0 Mobile Safari/534.30" "-" "0.002" "0.002"
1.197.131.116 - - [18/Mar/2020:00:07:53 +0800] "GET /api/ssvoice/chat/get/microphone/request/list/30676/json HTTP/1.1" 200 "28" "-" "-" "NEngine/1.0 (compatible; MSIE 6.0; Windows NT 5.1)" "-" "0.003" "0.003"
183.209.57.57 - - [18/Mar/2020:00:07:59 +0800] "GET /api/ssvoice/chat/get/microphonelist4/31519/json HTTP/1.1" 200 "3519" "-" "-" "NEngine/1.0 (compatible; MSIE 6.0; Windows NT 5.1)" "-" "0.033" "0.033"
183.209.57.57 - - [18/Mar/2020:00:08:02 +0800] "GET /api/ssvoice/chat/get/microphonelist4/31519/json HTTP/1.1" 200 "3519" "-" "-" "NEngine/1.0 (compatible; MSIE 6.0; Windows NT 5.1)" "-" "0.028" "0.028"
119.41.152.59 - - [18/Mar/2020:00:08:03 +0800] "POST /api/ssvoice/person/get/xinxiu/list/jform HTTP/1.1" 200 "28" "loginKey=02f0ed7f157119cc" "-" "Mozilla/5.0 (Linux; U; Android 8.1.0; zh-cn; CMCC M761 Build/OPM1.171019.026) AppleWebKit/534.30 (KHTML, like Gecko) Version/4.0 Mobile Safari/534.30" "-" "0.005" "0.005"
183.209.57.57 - - [18/Mar/2020:00:08:05 +0800] "GET /api/ssvoice/chat/get/microphonelist4/31519/json HTTP/1.1" 200 "3519" "-" "-" "NEngine/1.0 (compatible; MSIE 6.0; Windows NT 5.1)" "-" "0.040" "0.040"
183.209.57.57 - - [18/Mar/2020:00:08:08 +0800] "GET /api/ssvoice/chat/get/microphonelist4/31519/json HTTP/1.1" 200 "3519" "-" "-" "NEngine/1.0 (compatible; MSIE 6.0; Windows NT 5.1)" "-" "0.029" "0.029"
183.209.57.57 - - [18/Mar/2020:00:08:11 +0800] "GET /api/ssvoice/chat/get/microphonelist4/31519/json HTTP/1.1" 200 "3519" "-" "-" "NEngine/1.0 (compatible; MSIE 6.0; Windows NT 5.1)" "-" "0.036" "0.037"
119.41.152.59 - - [18/Mar/2020:00:08:16 +0800] "POST /api/ssvoice/show/get/banner/list/jform HTTP/1.1" 200 "799" "type=1" "-" "Mozilla/5.0 (Linux; U; Android 8.1.0; zh-cn; CMCC M761 Build/OPM1.171019.026) AppleWebKit/534.30 (KHTML, like Gecko) Version/4.0 Mobile Safari/534.30" "-" "0.002" "0.003"
119.41.152.59 - - [18/Mar/2020:00:08:16 +0800] "GET /api/ssvoice/chat/get/room/version/json HTTP/1.1" 200 "31" "-" "-" "Mozilla/5.0 (Linux; U; Android 8.1.0; zh-cn; CMCC M761 Build/OPM1.171019.026) AppleWebKit/534.30 (KHTML, like Gecko) Version/4.0 Mobile Safari/534.30" "-" "0.001" "0.001"
119.41.152.59 - - [18/Mar/2020:00:08:17 +0800] "POST /api/ssvoice/cp/get/cp/succeed/list/jform HTTP/1.1" 200 "2519" "offset=0&loginKey=02f0ed7f157119cc&count=20" "-" "Mozilla/5.0 (Linux; U; Android 8.1.0; zh-cn; CMCC M761 Build/OPM1.171019.026) AppleWebKit/534.30 (KHTML, like Gecko) Version/4.0 Mobile Safari/534.30" "-" "0.013" "0.012"
119.41.152.59 - - [18/Mar/2020:00:08:17 +0800] "POST /api/ssvoice/person/getmutualfollowlist/02f0ed7f157119cc/0/20/jform HTTP/1.1" 200 "8970" "-" "-" "Mozilla/5.0 (Linux; U; Android 8.1.0; zh-cn; CMCC M761 Build/OPM1.171019.026) AppleWebKit/534.30 (KHTML, like Gecko) Version/4.0 Mobile Safari/534.30" "-" "0.125" "0.125"
119.41.152.59 - - [18/Mar/2020:00:08:17 +0800] "POST /api/ssvoice/cp/get/recent/voice/info/jform HTTP/1.1" 200 "0" "ssId=100321431" "-" "Mozilla/5.0 (Linux; U; Android 8.1.0; zh-cn; CMCC M761 Build/OPM1.171019.026) AppleWebKit/534.30 (KHTML, like Gecko) Version/4.0 Mobile Safari/534.30" "-" "0.003" "0.003"
223.104.94.34 - - [18/Mar/2020:00:08:23 +0800] "POST /api/ssvoice/word/list/bad/word/jform HTTP/1.1" 200 "1167" "timeStamp=2020-03-18%2000%3A08%3A23" "-" "Mozilla/5.0 (Linux; U; Android 5.1.1; zh-cn; OPPO R9 Plusm A Build/LMY47V) AppleWebKit/534.30 (KHTML, like Gecko) Version/4.0 Mobile Safari/534.30" "-" "0.003" "0.002"
106.111.148.0 - - [18/Mar/2020:00:08:27 +0800] "POST /api/ssvoice/person/get/xinxiu/list/jform HTTP/1.1" 200 "28" "loginKey=87b611d3fc17d782" "-" "Mozilla/5.0 (Linux; U; Android 10; zh-cn; Redmi K20 Pro Build/QKQ1.190825.002) AppleWebKit/533.1 (KHTML, like Gecko) Version/5.0 Mobile Safari/533.1" "-" "0.005" "0.005"
106.111.148.0 - - [18/Mar/2020:00:08:28 +0800] "POST /api/ssvoice/person/get/xinxiu/list/jform HTTP/1.1" 200 "28" "loginKey=87b611d3fc17d782" "-" "Mozilla/5.0 (Linux; U; Android 10; zh-cn; Redmi K20 Pro Build/QKQ1.190825.002) AppleWebKit/533.1 (KHTML, like Gecko) Version/5.0 Mobile Safari/533.1" "-" "0.005" "0.005"
113.225.238.124 - - [18/Mar/2020:00:08:30 +0800] "POST /api/ssvoice/gift/get/gift/bag/list/jform HTTP/1.1" 200 "28" "loginKey=464a99a37a5ebcab" "-" "NEngine/1.0 (compatible; MSIE 6.0; Windows NT 5.1)" "-" "0.043" "0.003"
183.209.57.57 - - [18/Mar/2020:00:08:30 +0800] "GET /api/ssvoice/chat/get/microphonelist4/31519/json HTTP/1.1" 200 "3519" "-" "-" "NEngine/1.0 (compatible; MSIE 6.0; Windows NT 5.1)" "-" "0.037" "0.037"
113.225.238.124 - - [18/Mar/2020:00:08:32 +0800] "POST /api/ssvoice/gift/send/gift/new/jform HTTP/1.1" 200 "100" "loginKey=464a99a37a5ebcab&toSsId=100371571&giftId=342&roomId=31536&number=1&type=2&timeStamp=1584461312" "-" "NEngine/1.0 (compatible; MSIE 6.0; Windows NT 5.1)" "-" "0.055" "0.012"
183.209.57.57 - - [18/Mar/2020:00:08:33 +0800] "GET /api/ssvoice/chat/get/microphonelist4/31519/json HTTP/1.1" 200 "3519" "-" "-" "NEngine/1.0 (compatible; MSIE 6.0; Windows NT 5.1)" "-" "0.031" "0.032"
113.225.238.124 - - [18/Mar/2020:00:08:34 +0800] "POST /api/ssvoice/vipcard/get/vip/card/list/jform HTTP/1.1" 200 "28" "crId=31536&loginKey=464a99a37a5ebcab" "-" "NEngine/1.0 (compatible; MSIE 6.0; Windows NT 5.1)" "-" "0.043" "0.004"
119.41.152.59 - - [18/Mar/2020:00:08:34 +0800] "POST /api/ssvoice/person/get/xinxiu/list/jform HTTP/1.1" 200 "28" "loginKey=02f0ed7f157119cc" "-" "Mozilla/5.0 (Linux; U; Android 8.1.0; zh-cn; CMCC M761 Build/OPM1.171019.026) AppleWebKit/534.30 (KHTML, like Gecko) Version/4.0 Mobile Safari/534.30" "-" "0.005" "0.005"
183.209.57.57 - - [18/Mar/2020:00:08:36 +0800] "GET /api/ssvoice/chat/get/microphonelist4/31519/json HTTP/1.1" 200 "3519" "-" "-" "NEngine/1.0 (compatible; MSIE 6.0; Windows NT 5.1)" "-" "0.037" "0.037"
106.111.148.0 - - [18/Mar/2020:00:08:38 +0800] "POST /api/ssvoice/person/get/xinxiu/list/jform HTTP/1.1" 200 "28" "loginKey=87b611d3fc17d782" "-" "Mozilla/5.0 (Linux; U; Android 10; zh-cn; Redmi K20 Pro Build/QKQ1.190825.002) AppleWebKit/533.1 (KHTML, like Gecko) Version/5.0 Mobile Safari/533.1" "-" "0.005" "0.004"
113.225.238.124 - - [18/Mar/2020:00:08:39 +0800] "POST /api/ssvoice/gift/getcoin/jform HTTP/1.1" 200 "179" "loginKey=464a99a37a5ebcab" "-" "NEngine/1.0 (compatible; MSIE 6.0; Windows NT 5.1)" "-" "0.044" "0.002"
106.111.148.0 - - [18/Mar/2020:00:08:42 +0800] "POST /api/ssvoice/person/get/xinxiu/list/jform HTTP/1.1" 200 "28" "loginKey=87b611d3fc17d782" "-" "Mozilla/5.0 (Linux; U; Android 10; zh-cn; Redmi K20 Pro Build/QKQ1.190825.002) AppleWebKit/533.1 (KHTML, like Gecko) Version/5.0 Mobile Safari/533.1" "-" "0.005" "0.004"
119.41.152.59 - - [18/Mar/2020:00:08:44 +0800] "GET /api/ssvoice/chat/get/microphonelist2/31591/json HTTP/1.1" 200 "2535" "-" "-" "Mozilla/5.0 (Linux; U; Android 8.1.0; zh-cn; CMCC M761 Build/OPM1.171019.026) AppleWebKit/534.30 (KHTML, like Gecko) Version/4.0 Mobile Safari/534.30" "-" "0.014" "0.014"
119.41.152.59 - - [18/Mar/2020:00:08:45 +0800] "POST /api/ssvoice/gift/get/gift/bag/list/jform HTTP/1.1" 200 "28" "loginKey=02f0ed7f157119cc" "-" "Mozilla/5.0 (Linux; U; Android 8.1.0; zh-cn; CMCC M761 Build/OPM1.171019.026) AppleWebKit/534.30 (KHTML, like Gecko) Version/4.0 Mobile Safari/534.30" "-" "0.003" "0.002"
