218.108.128.187 - - [18/Mar/2020:00:14:31 +0800] "POST /api/ssvoice/chat/delete/microphone/request/jform HTTP/1.1" 200 "29" "crId=31593&loginKey=3be877c662f4d927" "-" "Mozilla/5.0 (Linux; U; Android 9; zh-cn; MIX 3 Build/PKQ1.180729.001) AppleWebKit/533.1 (KHTML, like Gecko) Version/5.0 Mobile Safari/533.1" "-" "0.033" "0.033"
218.108.128.187 - - [18/Mar/2020:00:14:31 +0800] "POST /api/ssvoice/message/get/system/message/list/jform HTTP/1.1" 200 "28" "loginKey=3be877c662f4d927&publishDate=1584461379273" "-" "Mozilla/5.0 (Linux; U; Android 9; zh-cn; MIX 3 Build/PKQ1.180729.001) AppleWebKit/533.1 (KHTML, like Gecko) Version/5.0 Mobile Safari/533.1" "-" "0.004" "0.003"
218.108.128.187 - - [18/Mar/2020:00:14:31 +0800] "GET /api/ssvoice/chat/get/room/version/json HTTP/1.1" 200 "31" "-" "-" "Mozilla/5.0 (Linux; U; Android 9; zh-cn; MIX 3 Build/PKQ1.180729.001) AppleWebKit/533.1 (KHTML, like Gecko) Version/5.0 Mobile Safari/533.1" "-" "0.001" "0.000"
218.108.128.187 - - [18/Mar/2020:00:14:31 +0800] "POST /api/ssvoice/person/getmutualfollowlist/3be877c662f4d927/0/20/jform HTTP/1.1" 200 "601" "-" "-" "Mozilla/5.0 (Linux; U; Android 9; zh-cn; MIX 3 Build/PKQ1.180729.001) AppleWebKit/533.1 (KHTML, like Gecko) Version/5.0 Mobile Safari/533.1" "-" "0.008" "0.009"
218.108.128.187 - - [18/Mar/2020:00:14:32 +0800] "POST /api/ssvoice/vip/get/vip/center/message/3be877c662f4d927/jform HTTP/1.1" 200 "2236" "-" "-" "Mozilla/5.0 (Linux; U; Android 9; zh-cn; MIX 3 Build/PKQ1.180729.001) AppleWebKit/533.1 (KHTML, like Gecko) Version/5.0 Mobile Safari/533.1" "-" "0.005" "0.005"
218.108.128.187 - - [18/Mar/2020:00:14:32 +0800] "POST /api/ssvoice/account/info/100062853/jform HTTP/1.1" 200 "1427" "-" "-" "Mozilla/5.0 (Linux; U; Android 9; zh-cn; MIX 3 Build/PKQ1.180729.001) AppleWebKit/533.1 (KHTML, like Gecko) Version/5.0 Mobile Safari/533.1" "-" "0.019" "0.019"
218.108.128.187 - - [18/Mar/2020:00:14:32 +0800] "POST /api/ssvoice/skillnew/judge/user/haveskill/jform HTTP/1.1" 200 "29" "type=2&ssId=100062853" "-" "Mozilla/5.0 (Linux; U; Android 9; zh-cn; MIX 3 Build/PKQ1.180729.001) AppleWebKit/533.1 (KHTML, like Gecko) Version/5.0 Mobile Safari/533.1" "-" "0.003" "0.002"
218.108.128.187 - - [18/Mar/2020:00:14:35 +0800] "POST /api/ssvoice/person/get/xinxiu/list/jform HTTP/1.1" 200 "28" "loginKey=3be877c662f4d927" "-" "Mozilla/5.0 (Linux; U; Android 9; zh-cn; MIX 3 Build/PKQ1.180729.001) AppleWebKit/533.1 (KHTML, like Gecko) Version/5.0 Mobile Safari/533.1" "-" "0.004" "0.005"
218.108.128.187 - - [18/Mar/2020:00:14:36 +0800] "POST /api/ssvoice/skillnew/judge/user/haveskill/jform HTTP/1.1" 200 "29" "type=2&ssId=100062853" "-" "Mozilla/5.0 (Linux; U; Android 9; zh-cn; MIX 3 Build/PKQ1.180729.001) AppleWebKit/533.1 (KHTML, like Gecko) Version/5.0 Mobile Safari/533.1" "-" "0.003" "0.002"
106.111.148.0 - - [18/Mar/2020:00:14:38 +0800] "POST /api/ssvoice/person/get/xinxiu/list/jform HTTP/1.1" 200 "28" "loginKey=87b611d3fc17d782" "-" "Mozilla/5.0 (Linux; U; Android 10; zh-cn; Redmi K20 Pro Build/QKQ1.190825.002) AppleWebKit/533.1 (KHTML, like Gecko) Version/5.0 Mobile Safari/533.1" "-" "0.004" "0.003"
218.108.128.187 - - [18/Mar/2020:00:14:45 +0800] "POST /api/ssvoice/cp/get/recent/voice/info/jform HTTP/1.1" 200 "0" "ssId=100062853" "-" "Mozilla/5.0 (Linux; U; Android 9; zh-cn; MIX 3 Build/PKQ1.180729.001) AppleWebKit/533.1 (KHTML, like Gecko) Version/5.0 Mobile Safari/533.1" "-" "0.002" "0.003"
106.111.148.0 - - [18/Mar/2020:00:14:52 +0800] "POST /api/ssvoice/person/get/xinxiu/list/jform HTTP/1.1" 200 "28" "loginKey=87b611d3fc17d782" "-" "Mozilla/5.0 (Linux; U; Android 10; zh-cn; Redmi K20 Pro Build/QKQ1.190825.002) AppleWebKit/533.1 (KHTML, like Gecko) Version/5.0 Mobile Safari/533.1" "-" "0.005" "0.004"
119.41.152.59 - - [18/Mar/2020:00:15:00 +0800] "POST /api/ssvoice/person/get/xinxiu/list/jform HTTP/1.1" 200 "28" "loginKey=02f0ed7f157119cc" "-" "Mozilla/5.0 (Linux; U; Android 8.1.0; zh-cn; CMCC M761 Build/OPM1.171019.026) AppleWebKit/534.30 (KHTML, like Gecko) Version/4.0 Mobile Safari/534.30" "-" "0.005" "0.004"
218.108.128.187 - - [18/Mar/2020:00:15:03 +0800] "GET /api/ssvoice/qcloud/get/signs/3/json?type=3 HTTP/1.1" 200 "154" "-" "-" "okhttp/3.11.0" "-" "0.002" "0.002"
119.41.152.59 - - [18/Mar/2020:00:15:04 +0800] "POST /api/ssvoice/person/get/xinxiu/list/jform HTTP/1.1" 200 "28" "loginKey=02f0ed7f157119cc" "-" "Mozilla/5.0 (Linux; U; Android 8.1.0; zh-cn; CMCC M761 Build/OPM1.171019.026) AppleWebKit/534.30 (KHTML, like Gecko) Version/4.0 Mobile Safari/534.30" "-" "0.004" "0.004"
223.149.104.215 - - [18/Mar/2020:00:15:07 +0800] "GET /api/ssvoice/chat/get/microphone/request/list3/31552/json HTTP/1.1" 200 "578" "-" "-" "NEngine/1.0 (compatible; MSIE 6.0; Windows NT 5.1)" "-" "0.008" "0.008"
223.149.104.215 - - [18/Mar/2020:00:15:10 +0800] "GET /api/ssvoice/chat/get/microphone/request/list3/31552/json HTTP/1.1" 200 "578" "-" "-" "NEngine/1.0 (compatible; MSIE 6.0; Windows NT 5.1)" "-" "0.008" "0.007"
223.149.104.215 - - [18/Mar/2020:00:15:12 +0800] "POST /api/ssvoice/chat/on/microphone/jform HTTP/1.1" 200 "29" "loginKey=c5eb0eb907d1275a&crId=31552&microphoneId=5&toSsId=100378725" "-" "NEngine/1.0 (compatible; MSIE 6.0; Windows NT 5.1)" "-" "0.075" "0.045"
119.41.152.59 - - [18/Mar/2020:00:15:12 +0800] "POST /api/ssvoice/person/get/xinxiu/list/jform HTTP/1.1" 200 "28" "loginKey=02f0ed7f157119cc" "-" "Mozilla/5.0 (Linux; U; Android 8.1.0; zh-cn; CMCC M761 Build/OPM1.171019.026) AppleWebKit/534.30 (KHTML, like Gecko) Version/4.0 Mobile Safari/534.30" "-" "0.004" "0.004"
106.111.148.0 - - [18/Mar/2020:00:15:19 +0800] "POST /api/ssvoice/person/get/xinxiu/list/jform HTTP/1.1" 200 "28" "loginKey=87b611d3fc17d782" "-" "Mozilla/5.0 (Linux; U; Android 10; zh-cn; Redmi K20 Pro Build/QKQ1.190825.002) AppleWebKit/533.1 (KHTML, like Gecko) Version/5.0 Mobile Safari/533.1" "-" "0.004" "0.005"
218.108.128.187 - - [18/Mar/2020:00:15:38 +0800] "POST /api/ssvoice/account/heart/beat/100062853/jform HTTP/1.1" 200 "32" "-" "-" "Mozilla/5.0 (Linux; U; Android 9; zh-cn; MIX 3 Build/PKQ1.180729.001) AppleWebKit/533.1 (KHTML, like Gecko) Version/5.0 Mobile Safari/533.1" "-" "0.003" "0.003"
218.108.128.187 - - [18/Mar/2020:00:15:41 +0800] "POST /api/ssvoice/person/get/xinxiu/list/jform HTTP/1.1" 200 "28" "loginKey=3be877c662f4d927" "-" "Mozilla/5.0 (Linux; U; Android 9; zh-cn; MIX 3 Build/PKQ1.180729.001) AppleWebKit/533.1 (KHTML, like Gecko) Version/5.0 Mobile Safari/533.1" "-" "0.004" "0.004"
119.41.152.59 - - [18/Mar/2020:00:15:42 +0800] "GET /api/ssvoice/chat/get/expense/sum/week/31598/jform HTTP/1.1" 200 "34" "-" "-" "Mozilla/5.0 (Linux; U; Android 8.1.0; zh-cn; CMCC M761 Build/OPM1.171019.026) AppleWebKit/534.30 (KHTML, like Gecko) Version/4.0 Mobile Safari/534.30" "-" "0.003" "0.002"
218.108.128.187 - - [18/Mar/2020:00:15:48 +0800] "POST /api/ssvoice/person/getfollowlist/3be877c662f4d927/100062853/0/20/jform HTTP/1.1" 200 "601" "-" "-" "Mozilla/5.0 (Linux; U; Android 9; zh-cn; MIX 3 Build/PKQ1.180729.001) AppleWebKit/533.1 (KHTML, like Gecko) Version/5.0 Mobile Safari/533.1" "-" "0.010" "0.011"
218.108.128.187 - - [18/Mar/2020:00:15:48 +0800] "POST /api/ssvoice/cp/get/cp/succeed/list/jform HTTP/1.1" 200 "3087" "offset=0&loginKey=3be877c662f4d927&count=20" "-" "Mozilla/5.0 (Linux; U; Android 9; zh-cn; MIX 3 Build/PKQ1.180729.001) AppleWebKit/533.1 (KHTML, like Gecko) Version/5.0 Mobile Safari/533.1" "-" "0.013" "0.012"
218.108.128.187 - - [18/Mar/2020:00:15:48 +0800] "POST /api/ssvoice/vip/get/vip/center/message/3be877c662f4d927/jform HTTP/1.1" 200 "2236" "-" "-" "Mozilla/5.0 (Linux; U; Android 9; zh-cn; MIX 3 Build/PKQ1.180729.001) AppleWebKit/533.1 (KHTML, like Gecko) Version/5.0 Mobile Safari/533.1" "-" "0.006" "0.005"
218.108.128.187 - - [18/Mar/2020:00:15:49 +0800] "POST /api/ssvoice/res/switch/activity/switch/show/jform HTTP/1.1" 200 "28" "code=game" "-" "Mozilla/5.0 (Linux; U; Android 9; zh-cn; MIX 3 Build/PKQ1.180729.001) AppleWebKit/533.1 (KHTML, like Gecko) Version/5.0 Mobile Safari/533.1" "-" "0.004" "0.004"
218.108.128.187 - - [18/Mar/2020:00:15:52 +0800] "POST /api/ssvoice/chat/get/room/version/jform HTTP/1.1" 200 "1715" "crId=31598&loginKey=3be877c662f4d927&version=v1.40" "-" "Mozilla/5.0 (Linux; U; Android 9; zh-cn; MIX 3 Build/PKQ1.180729.001) AppleWebKit/533.1 (KHTML, like Gecko) Version/5.0 Mobile Safari/533.1" "-" "0.077" "0.076"
218.108.128.187 - - [18/Mar/2020:00:15:53 +0800] "POST /api/ssvoice/chat/get/room/version/jform HTTP/1.1" 200 "1715" "crId=31598&loginKey=3be877c662f4d927&version=v1.40" "-" "Mozilla/5.0 (Linux; U; Android 9; zh-cn; MIX 3 Build/PKQ1.180729.001) AppleWebKit/533.1 (KHTML, like Gecko) Version/5.0 Mobile Safari/533.1" "-" "0.055" "0.054"
218.108.128.187 - - [18/Mar/2020:00:15:53 +0800] "POST /api/ssvoice/shopping/commodity/list/new/jform HTTP/1.1" 200 "11222" "classify=1&offset=0&count=15&vipCommodity=1" "-" "Mozilla/5.0 (Linux; U; Android 9; zh-cn; MIX 3 Build/PKQ1.180729.001) AppleWebKit/533.1 (KHTML, like Gecko) Version/5.0 Mobile Safari/533.1" "-" "0.007" "0.006"
218.108.128.187 - - [18/Mar/2020:00:15:53 +0800] "GET /api/ssvoice/chat/get/microphone/request/list/31598/json HTTP/1.1" 200 "28" "-" "-" "Mozilla/5.0 (Linux; U; Android 9; zh-cn; MIX 3 Build/PKQ1.180729.001) AppleWebKit/533.1 (KHTML, like Gecko) Version/5.0 Mobile Safari/533.1" "-" "0.003" "0.004"
218.108.128.187 - - [18/Mar/2020:00:15:53 +0800] "POST /api/ssvoice/treasure/hunt/get/is/show/jform HTTP/1.1" 200 "32" "crId=31598" "-" "Mozilla/5.0 (Linux; U; Android 9; zh-cn; MIX 3 Build/PKQ1.180729.001) AppleWebKit/533.1 (KHTML, like Gecko) Version/5.0 Mobile Safari/533.1" "-" "0.002" "0.003"
218.108.128.187 - - [18/Mar/2020:00:15:54 +0800] "POST /api/ssvoice/shopping/get/first/rush/bag/by/user/jform HTTP/1.1" 200 "485" "loginKey=3be877c662f4d927" "-" "Mozilla/5.0 (Linux; U; Android 9; zh-cn; MIX 3 Build/PKQ1.180729.001) AppleWebKit/533.1 (KHTML, like Gecko) Version/5.0 Mobile Safari/533.1" "-" "0.007" "0.007"
218.108.128.187 - - [18/Mar/2020:00:15:54 +0800] "POST /api/ssvoice/hb/com/and/out/square/jform HTTP/1.1" 200 "67" "flag=1&ssId=100062853" "-" "Mozilla/5.0 (Linux; U; Android 9; zh-cn; MIX 3 Build/PKQ1.180729.001) AppleWebKit/533.1 (KHTML, like Gecko) Version/5.0 Mobile Safari/533.1" "-" "0.004" "0.004"
218.108.128.187 - - [18/Mar/2020:00:15:54 +0800] "GET /api/ssvoice/chat/get/expense/sum/week/31598/jform HTTP/1.1" 200 "34" "-" "-" "Mozilla/5.0 (Linux; U; Android 9; zh-cn; MIX 3 Build/PKQ1.180729.001) AppleWebKit/533.1 (KHTML, like Gecko) Version/5.0 Mobile Safari/533.1" "-" "0.003" "0.004"
218.108.128.187 - - [18/Mar/2020:00:15:54 +0800] "POST /api/ssvoice/gift/get/chatroom/gift/list3/jform HTTP/1.1" 200 "1038" "classify=2" "-" "Mozilla/5.0 (Linux; U; Android 9; zh-cn; MIX 3 Build/PKQ1.180729.001) AppleWebKit/533.1 (KHTML, like Gecko) Version/5.0 Mobile Safari/533.1" "-" "0.002" "0.002"
218.108.128.187 - - [18/Mar/2020:00:15:54 +0800] "GET /api/ssvoice/chat/get/room/online/user/31598/0/2147483647/json HTTP/1.1" 200 "31949" "-" "-" "Mozilla/5.0 (Linux; U; Android 9; zh-cn; MIX 3 Build/PKQ1.180729.001) AppleWebKit/533.1 (KHTML, like Gecko) Version/5.0 Mobile Safari/533.1" "-" "0.429" "0.405"
218.108.128.187 - - [18/Mar/2020:00:16:04 +0800] "GET /api/ssvoice/chat/get/room/version/json HTTP/1.1" 200 "31" "-" "-" "Mozilla/5.0 (Linux; U; Android 9; zh-cn; MIX 3 Build/PKQ1.180729.001) AppleWebKit/533.1 (KHTML, like Gecko) Version/5.0 Mobile Safari/533.1" "-" "0.001" "0.001"
218.108.128.187 - - [18/Mar/2020:00:16:04 +0800] "POST /api/ssvoice/person/getmutualfollowlist/3be877c662f4d927/0/20/jform HTTP/1.1" 200 "601" "-" "-" "Mozilla/5.0 (Linux; U; Android 9; zh-cn; MIX 3 Build/PKQ1.180729.001) AppleWebKit/533.1 (KHTML, like Gecko) Version/5.0 Mobile Safari/533.1" "-" "0.009" "0.009"
218.108.128.187 - - [18/Mar/2020:00:16:04 +0800] "POST /api/ssvoice/skillnew/recommend/skill/by/skillTypeId/133V/jform HTTP/1.1" 200 "28927" "timeStamp=1584461764590" "-" "Mozilla/5.0 (Linux; U; Android 9; zh-cn; MIX 3 Build/PKQ1.180729.001) AppleWebKit/533.1 (KHTML, like Gecko) Version/5.0 Mobile Safari/533.1" "-" "0.179" "0.153"
218.108.128.187 - - [18/Mar/2020:00:16:04 +0800] "POST /api/ssvoice/res/switch/activity/switch/show/jform HTTP/1.1" 200 "28" "code=game" "-" "Mozilla/5.0 (Linux; U; Android 9; zh-cn; MIX 3 Build/PKQ1.180729.001) AppleWebKit/533.1 (KHTML, like Gecko) Version/5.0 Mobile Safari/533.1" "-" "0.004" "0.004"
218.108.128.187 - - [18/Mar/2020:00:16:04 +0800] "POST /api/ssvoice/skillnew/judge/user/haveskill/jform HTTP/1.1" 200 "29" "type=2&ssId=100062853" "-" "Mozilla/5.0 (Linux; U; Android 9; zh-cn; MIX 3 Build/PKQ1.180729.001) AppleWebKit/533.1 (KHTML, like Gecko) Version/5.0 Mobile Safari/533.1" "-" "0.003" "0.003"
218.108.128.187 - - [18/Mar/2020:00:16:04 +0800] "POST /api/ssvoice/show/get/banner/list/jform HTTP/1.1" 200 "799" "type=1" "-" "Mozilla/5.0 (Linux; U; Android 9; zh-cn; MIX 3 Build/PKQ1.180729.001) AppleWebKit/533.1 (KHTML, like Gecko) Version/5.0 Mobile Safari/533.1" "-" "0.003" "0.003"
119.41.152.59 - - [18/Mar/2020:00:16:05 +0800] "POST /api/ssvoice/person/get/xinxiu/list/jform HTTP/1.1" 200 "28" "loginKey=02f0ed7f157119cc" "-" "Mozilla/5.0 (Linux; U; Android 8.1.0; zh-cn; CMCC M761 Build/OPM1.171019.026) AppleWebKit/534.30 (KHTML, like Gecko) Version/4.0 Mobile Safari/534.30" "-" "0.005" "0.004"
218.108.128.187 - - [18/Mar/2020:00:16:10 +0800] "POST /api/ssvoice/chat/delete/microphone/request/jform HTTP/1.1" 200 "29" "crId=31598&loginKey=3be877c662f4d927" "-" "Mozilla/5.0 (Linux; U; Android 9; zh-cn; MIX 3 Build/PKQ1.180729.001) AppleWebKit/533.1 (KHTML, like Gecko) Version/5.0 Mobile Safari/533.1" "-" "0.035" "0.035"
218.108.128.187 - - [18/Mar/2020:00:16:10 +0800] "POST /api/ssvoice/chat/get/room/version/jform HTTP/1.1" 200 "2247" "crId=31586&loginKey=3be877c662f4d927&version=v1.40" "-" "Mozilla/5.0 (Linux; U; Android 9; zh-cn; MIX 3 Build/PKQ1.180729.001) AppleWebKit/533.1 (KHTML, like Gecko) Version/5.0 Mobile Safari/533.1" "-" "0.056" "0.056"
218.108.128.187 - - [18/Mar/2020:00:16:10 +0800] "GET /api/ssvoice/chat/get/microphonelist2/31586/json HTTP/1.1" 200 "2952" "-" "-" "Mozilla/5.0 (Linux; U; Android 9; zh-cn; MIX 3 Build/PKQ1.180729.001) AppleWebKit/533.1 (KHTML, like Gecko) Version/5.0 Mobile Safari/533.1" "-" "0.029" "0.028"
218.108.128.187 - - [18/Mar/2020:00:16:10 +0800] "POST /api/ssvoice/shopping/commodity/list/new/jform HTTP/1.1" 200 "11222" "classify=1&offset=0&count=15&vipCommodity=1" "-" "Mozilla/5.0 (Linux; U; Android 9; zh-cn; MIX 3 Build/PKQ1.180729.001) AppleWebKit/533.1 (KHTML, like Gecko) Version/5.0 Mobile Safari/533.1" "-" "0.041" "0.041"
218.108.128.187 - - [18/Mar/2020:00:16:10 +0800] "POST /api/ssvoice/gift/get/chatroom/gift/list3/jform HTTP/1.1" 200 "11343" "classify=5" "-" "Mozilla/5.0 (Linux; U; Android 9; zh-cn; MIX 3 Build/PKQ1.180729.001) AppleWebKit/533.1 (KHTML, like Gecko) Version/5.0 Mobile Safari/533.1" "-" "0.011" "0.010"
218.108.128.187 - - [18/Mar/2020:00:16:11 +0800] "POST /api/ssvoice/gift/getcoin/jform HTTP/1.1" 200 "178" "loginKey=3be877c662f4d927" "-" "Mozilla/5.0 (Linux; U; Android 9; zh-cn; MIX 3 Build/PKQ1.180729.001) AppleWebKit/533.1 (KHTML, like Gecko) Version/5.0 Mobile Safari/533.1" "-" "0.003" "0.003"
218.108.128.187 - - [18/Mar/2020:00:16:11 +0800] "POST /api/ssvoice/guard/get/opened/all/jform HTTP/1.1" 200 "28" "toCrId=31586&ssId=100062853" "-" "Mozilla/5.0 (Linux; U; Android 9; zh-cn; MIX 3 Build/PKQ1.180729.001) AppleWebKit/533.1 (KHTML, like Gecko) Version/5.0 Mobile Safari/533.1" "-" "0.015" "0.015"
218.108.128.187 - - [18/Mar/2020:00:16:11 +0800] "POST /api/ssvoice/hb/com/and/out/square/jform HTTP/1.1" 200 "67" "flag=1&ssId=100062853" "-" "Mozilla/5.0 (Linux; U; Android 9; zh-cn; MIX 3 Build/PKQ1.180729.001) AppleWebKit/533.1 (KHTML, like Gecko) Version/5.0 Mobile Safari/533.1" "-" "0.004" "0.003"
218.108.128.187 - - [18/Mar/2020:00:16:11 +0800] "GET /api/ssvoice/chat/get/expense/sum/week/31586/jform HTTP/1.1" 200 "33" "-" "-" "Mozilla/5.0 (Linux; U; Android 9; zh-cn; MIX 3 Build/PKQ1.180729.001) AppleWebKit/533.1 (KHTML, like Gecko) Version/5.0 Mobile Safari/533.1" "-" "0.003" "0.003"
218.108.128.187 - - [18/Mar/2020:00:16:11 +0800] "GET /api/ssvoice/chat/get/room/online/user/31586/0/2147483647/json HTTP/1.1" 200 "31801" "-" "-" "Mozilla/5.0 (Linux; U; Android 9; zh-cn; MIX 3 Build/PKQ1.180729.001) AppleWebKit/533.1 (KHTML, like Gecko) Version/5.0 Mobile Safari/533.1" "-" "0.313" "0.285"
218.108.128.187 - - [18/Mar/2020:00:16:12 +0800] "POST /api/ssvoice/room/agent/is/join/jform HTTP/1.1" 200 "30" "ssId=100062853&roomId=31586" "-" "Mozilla/5.0 (Linux; U; Android 9; zh-cn; MIX 3 Build/PKQ1.180729.001) AppleWebKit/533.1 (KHTML, like Gecko) Version/5.0 Mobile Safari/533.1" "-" "0.002" "0.003"
218.108.128.187 - - [18/Mar/2020:00:16:22 +0800] "POST /api/ssvoice/person/get/xinxiu/list/jform HTTP/1.1" 200 "28" "loginKey=3be877c662f4d927" "-" "Mozilla/5.0 (Linux; U; Android 9; zh-cn; MIX 3 Build/PKQ1.180729.001) AppleWebKit/533.1 (KHTML, like Gecko) Version/5.0 Mobile Safari/533.1" "-" "0.004" "0.004"
106.111.148.0 - - [18/Mar/2020:00:16:27 +0800] "POST /api/ssvoice/person/get/xinxiu/list/jform HTTP/1.1" 200 "28" "loginKey=87b611d3fc17d782" "-" "Mozilla/5.0 (Linux; U; Android 10; zh-cn; Redmi K20 Pro Build/QKQ1.190825.002) AppleWebKit/533.1 (KHTML, like Gecko) Version/5.0 Mobile Safari/533.1" "-" "0.004" "0.004"
218.108.128.187 - - [18/Mar/2020:00:16:30 +0800] "GET /api/ssvoice/chat/get/room/version/json HTTP/1.1" 200 "31" "-" "-" "Mozilla/5.0 (Linux; U; Android 9; zh-cn; MIX 3 Build/PKQ1.180729.001) AppleWebKit/533.1 (KHTML, like Gecko) Version/5.0 Mobile Safari/533.1" "-" "0.002" "0.001"
218.108.128.187 - - [18/Mar/2020:00:16:30 +0800] "POST /api/ssvoice/person/getfollowlist/3be877c662f4d927/100062853/0/20/jform HTTP/1.1" 200 "601" "-" "-" "Mozilla/5.0 (Linux; U; Android 9; zh-cn; MIX 3 Build/PKQ1.180729.001) AppleWebKit/533.1 (KHTML, like Gecko) Version/5.0 Mobile Safari/533.1" "-" "0.011" "0.010"
218.108.128.187 - - [18/Mar/2020:00:16:30 +0800] "POST /api/ssvoice/vip/get/vip/center/message/3be877c662f4d927/jform HTTP/1.1" 200 "2236" "-" "-" "Mozilla/5.0 (Linux; U; Android 9; zh-cn; MIX 3 Build/PKQ1.180729.001) AppleWebKit/533.1 (KHTML, like Gecko) Version/5.0 Mobile Safari/533.1" "-" "0.005" "0.006"
218.108.128.187 - - [18/Mar/2020:00:16:30 +0800] "POST /api/ssvoice/skillnew/recommend/skill/by/skillTypeId/133V/jform HTTP/1.1" 200 "28895" "timeStamp=1584461790912" "-" "Mozilla/5.0 (Linux; U; Android 9; zh-cn; MIX 3 Build/PKQ1.180729.001) AppleWebKit/533.1 (KHTML, like Gecko) Version/5.0 Mobile Safari/533.1" "-" "0.157" "0.130"
218.108.128.187 - - [18/Mar/2020:00:16:31 +0800] "POST /api/ssvoice/res/switch/activity/switch/show/jform HTTP/1.1" 200 "28" "code=game" "-" "Mozilla/5.0 (Linux; U; Android 9; zh-cn; MIX 3 Build/PKQ1.180729.001) AppleWebKit/533.1 (KHTML, like Gecko) Version/5.0 Mobile Safari/533.1" "-" "0.004" "0.003"
119.41.152.59 - - [18/Mar/2020:00:16:33 +0800] "POST /api/ssvoice/person/get/xinxiu/list/jform HTTP/1.1" 200 "28" "loginKey=02f0ed7f157119cc" "-" "Mozilla/5.0 (Linux; U; Android 8.1.0; zh-cn; CMCC M761 Build/OPM1.171019.026) AppleWebKit/534.30 (KHTML, like Gecko) Version/4.0 Mobile Safari/534.30" "-" "0.005" "0.004"
218.108.128.187 - - [18/Mar/2020:00:16:35 +0800] "POST /api/ssvoice/person/get/xinxiu/list/jform HTTP/1.1" 200 "28" "loginKey=3be877c662f4d927" "-" "Mozilla/5.0 (Linux; U; Android 9; zh-cn; MIX 3 Build/PKQ1.180729.001) AppleWebKit/533.1 (KHTML, like Gecko) Version/5.0 Mobile Safari/533.1" "-" "0.004" "0.005"
218.108.128.187 - - [18/Mar/2020:00:16:36 +0800] "POST /api/ssvoice/chat/get/total/top/list/new/jform HTTP/1.1" 200 "21086" "offset=0&count=999&type=2" "-" "Mozilla/5.0 (Linux; U; Android 9; zh-cn; MIX 3 Build/PKQ1.180729.001) AppleWebKit/533.1 (KHTML, like Gecko) Version/5.0 Mobile Safari/533.1" "-" "0.394" "0.265"
218.108.128.187 - - [18/Mar/2020:00:16:40 +0800] "POST /api/ssvoice/chat/get/total/top/list/new/jform HTTP/1.1" 200 "7901" "offset=0&count=999&type=3" "-" "Mozilla/5.0 (Linux; U; Android 9; zh-cn; MIX 3 Build/PKQ1.180729.001) AppleWebKit/533.1 (KHTML, like Gecko) Version/5.0 Mobile Safari/533.1" "-" "0.044" "0.045"
117.153.55.131 - - [18/Mar/2020:00:16:43 +0800] "POST /api/ssvoice/word/list/bad/word/jform HTTP/1.1" 200 "1167" "timeStamp=2020-03-18%2000%3A16%3A43" "-" "Mozilla/5.0 (Linux; U; Android 6.0.1; zh-cn; HUAWEI RIO-AL00 Build/HuaweiRIO-AL00) AppleWebKit/534.30 (KHTML, like Gecko) Version/4.0 Mobile Safari/534.30" "-" "0.001" "0.001"
117.153.55.131 - - [18/Mar/2020:00:16:43 +0800] "POST /api/ssvoice/vip/get/vip/colors/jform HTTP/1.1" 200 "1608" "timeStamps=timeStamps" "-" "Mozilla/5.0 (Linux; U; Android 6.0.1; zh-cn; HUAWEI RIO-AL00 Build/HuaweiRIO-AL00) AppleWebKit/534.30 (KHTML, like Gecko) Version/4.0 Mobile Safari/534.30" "-" "0.003" "0.002"
218.108.128.187 - - [18/Mar/2020:00:16:54 +0800] "POST /api/ssvoice/message/get/system/message/list/jform HTTP/1.1" 200 "28" "loginKey=3be877c662f4d927&publishDate=1584461379273" "-" "Mozilla/5.0 (Linux; U; Android 9; zh-cn; MIX 3 Build/PKQ1.180729.001) AppleWebKit/533.1 (KHTML, like Gecko) Version/5.0 Mobile Safari/533.1" "-" "0.004" "0.004"
218.108.128.187 - - [18/Mar/2020:00:16:54 +0800] "POST /api/ssvoice/person/getmutualfollowlist/3be877c662f4d927/0/20/jform HTTP/1.1" 200 "601" "-" "-" "Mozilla/5.0 (Linux; U; Android 9; zh-cn; MIX 3 Build/PKQ1.180729.001) AppleWebKit/533.1 (KHTML, like Gecko) Version/5.0 Mobile Safari/533.1" "-" "0.011" "0.012"
218.108.128.187 - - [18/Mar/2020:00:16:54 +0800] "POST /api/ssvoice/cp/get/cp/succeed/list/jform HTTP/1.1" 200 "3087" "offset=0&loginKey=3be877c662f4d927&count=20" "-" "Mozilla/5.0 (Linux; U; Android 9; zh-cn; MIX 3 Build/PKQ1.180729.001) AppleWebKit/533.1 (KHTML, like Gecko) Version/5.0 Mobile Safari/533.1" "-" "0.014" "0.014"
218.108.128.187 - - [18/Mar/2020:00:16:54 +0800] "POST /api/ssvoice/account/info/100062853/jform HTTP/1.1" 200 "1427" "-" "-" "Mozilla/5.0 (Linux; U; Android 9; zh-cn; MIX 3 Build/PKQ1.180729.001) AppleWebKit/533.1 (KHTML, like Gecko) Version/5.0 Mobile Safari/533.1" "-" "0.023" "0.023"
119.41.152.59 - - [18/Mar/2020:00:17:00 +0800] "POST /api/ssvoice/person/get/xinxiu/list/jform HTTP/1.1" 200 "28" "loginKey=02f0ed7f157119cc" "-" "Mozilla/5.0 (Linux; U; Android 8.1.0; zh-cn; CMCC M761 Build/OPM1.171019.026) AppleWebKit/534.30 (KHTML, like Gecko) Version/4.0 Mobile Safari/534.30" "-" "0.004" "0.004"
119.41.152.59 - - [18/Mar/2020:00:17:06 +0800] "GET /api/ssvoice/chat/get/expense/sum/week/31598/jform HTTP/1.1" 200 "34" "-" "-" "Mozilla/5.0 (Linux; U; Android 8.1.0; zh-cn; CMCC M761 Build/OPM1.171019.026) AppleWebKit/534.30 (KHTML, like Gecko) Version/4.0 Mobile Safari/534.30" "-" "0.003" "0.003"
106.111.148.0 - - [18/Mar/2020:00:17:19 +0800] "POST /api/ssvoice/person/get/xinxiu/list/jform HTTP/1.1" 200 "28" "loginKey=87b611d3fc17d782" "-" "Mozilla/5.0 (Linux; U; Android 10; zh-cn; Redmi K20 Pro Build/QKQ1.190825.002) AppleWebKit/533.1 (KHTML, like Gecko) Version/5.0 Mobile Safari/533.1" "-" "0.005" "0.004"
119.41.152.59 - - [18/Mar/2020:00:17:20 +0800] "GET /api/ssvoice/chat/get/expense/sum/week/31598/jform HTTP/1.1" 200 "34" "-" "-" "Mozilla/5.0 (Linux; U; Android 8.1.0; zh-cn; CMCC M761 Build/OPM1.171019.026) AppleWebKit/534.30 (KHTML, like Gecko) Version/4.0 Mobile Safari/534.30" "-" "0.003" "0.003"
119.41.152.59 - - [18/Mar/2020:00:17:22 +0800] "POST /api/ssvoice/person/get/xinxiu/list/jform HTTP/1.1" 200 "28" "loginKey=02f0ed7f157119cc" "-" "Mozilla/5.0 (Linux; U; Android 8.1.0; zh-cn; CMCC M761 Build/OPM1.171019.026) AppleWebKit/534.30 (KHTML, like Gecko) Version/4.0 Mobile Safari/534.30" "-" "0.004" "0.005"
106.111.148.0 - - [18/Mar/2020:00:17:26 +0800] "POST /api/ssvoice/person/get/xinxiu/list/jform HTTP/1.1" 200 "28" "loginKey=87b611d3fc17d782" "-" "Mozilla/5.0 (Linux; U; Android 10; zh-cn; Redmi K20 Pro Build/QKQ1.190825.002) AppleWebKit/533.1 (KHTML, like Gecko) Version/5.0 Mobile Safari/533.1" "-" "0.008" "0.009"
119.41.152.59 - - [18/Mar/2020:00:17:27 +0800] "GET /api/ssvoice/chat/get/expense/sum/week/31598/jform HTTP/1.1" 200 "34" "-" "-" "Mozilla/5.0 (Linux; U; Android 8.1.0; zh-cn; CMCC M761 Build/OPM1.171019.026) AppleWebKit/534.30 (KHTML, like Gecko) Version/4.0 Mobile Safari/534.30" "-" "0.003" "0.003"
106.111.148.0 - - [18/Mar/2020:00:17:39 +0800] "POST /api/ssvoice/person/get/xinxiu/list/jform HTTP/1.1" 200 "28" "loginKey=87b611d3fc17d782" "-" "Mozilla/5.0 (Linux; U; Android 10; zh-cn; Redmi K20 Pro Build/QKQ1.190825.002) AppleWebKit/533.1 (KHTML, like Gecko) Version/5.0 Mobile Safari/533.1" "-" "0.004" "0.004"
119.41.152.59 - - [18/Mar/2020:00:17:41 +0800] "GET /api/ssvoice/chat/get/expense/sum/week/31598/jform HTTP/1.1" 200 "34" "-" "-" "Mozilla/5.0 (Linux; U; Android 8.1.0; zh-cn; CMCC M761 Build/OPM1.171019.026) AppleWebKit/534.30 (KHTML, like Gecko) Version/4.0 Mobile Safari/534.30" "-" "0.003" "0.003"
117.153.55.131 - - [18/Mar/2020:00:17:55 +0800] "POST /api/ssvoice/word/list/bad/word/jform HTTP/1.1" 200 "1167" "timeStamp=2020-03-18%2000%3A17%3A55" "-" "Mozilla/5.0 (Linux; U; Android 6.0.1; zh-cn; HUAWEI RIO-AL00 Build/HuaweiRIO-AL00) AppleWebKit/534.30 (KHTML, like Gecko) Version/4.0 Mobile Safari/534.30" "-" "0.002" "0.001"
119.41.152.59 - - [18/Mar/2020:00:18:02 +0800] "POST /api/ssvoice/person/get/xinxiu/list/jform HTTP/1.1" 200 "28" "loginKey=02f0ed7f157119cc" "-" "Mozilla/5.0 (Linux; U; Android 8.1.0; zh-cn; CMCC M761 Build/OPM1.171019.026) AppleWebKit/534.30 (KHTML, like Gecko) Version/4.0 Mobile Safari/534.30" "-" "0.004" "0.005"
58.243.250.205 - - [18/Mar/2020:00:18:13 +0800] "POST /api/ssvoice/vip/get/vip/colors/jform HTTP/1.1" 200 "1608" "timeStamps=timeStamps" "-" "Mozilla/5.0 (Linux; U; Android 5.1; zh-cn; vivo X6D Build/LMY47I) AppleWebKit/534.30 (KHTML, like Gecko) Version/4.0 Mobile Safari/534.30" "-" "0.004" "0.004"
58.243.250.205 - - [18/Mar/2020:00:18:17 +0800] "POST /api/ssvoice/account/save/user/ext/info/d517d648a325dad1/jform HTTP/1.1" 200 "32" "appVersion=v1.40.5450.507000&iccId=&system=1&province=&latitude=0.0&imei=&imsi=&mac=FC1A110CE516&network=2&longitude=0.0" "-" "Mozilla/5.0 (Linux; U; Android 5.1; zh-cn; vivo X6D Build/LMY47I) AppleWebKit/534.30 (KHTML, like Gecko) Version/4.0 Mobile Safari/534.30" "-" "0.005" "0.006"
58.243.250.205 - - [18/Mar/2020:00:18:18 +0800] "POST /api/ssvoice/skillnew/recommend/skill/by/skillTypeId/133V/jform HTTP/1.1" 200 "28912" "timeStamp=1584461896509" "-" "Mozilla/5.0 (Linux; U; Android 5.1; zh-cn; vivo X6D Build/LMY47I) AppleWebKit/534.30 (KHTML, like Gecko) Version/4.0 Mobile Safari/534.30" "-" "0.248" "0.195"
58.243.250.205 - - [18/Mar/2020:00:18:18 +0800] "POST /api/ssvoice/show/get/banner/list/jform HTTP/1.1" 200 "799" "type=1" "-" "Mozilla/5.0 (Linux; U; Android 5.1; zh-cn; vivo X6D Build/LMY47I) AppleWebKit/534.30 (KHTML, like Gecko) Version/4.0 Mobile Safari/534.30" "-" "0.002" "0.001"
58.243.250.205 - - [18/Mar/2020:00:18:18 +0800] "POST /api/ssvoice/recommend/recommend/common/tag/jform HTTP/1.1" 200 "2170" "type=1" "-" "Mozilla/5.0 (Linux; U; Android 5.1; zh-cn; vivo X6D Build/LMY47I) AppleWebKit/534.30 (KHTML, like Gecko) Version/4.0 Mobile Safari/534.30" "-" "0.003" "0.002"
58.243.250.205 - - [18/Mar/2020:00:18:19 +0800] "POST /api/ssvoice/near/create/near/data/jform HTTP/1.1" 200 "33" "address=%E5%A4%AA%E6%B9%96%E5%B1%B1%E8%B7%AF&latitude=31.619379&title=&longitude=117.89334" "-" "Mozilla/5.0 (Linux; U; Android 5.1; zh-cn; vivo X6D Build/LMY47I) AppleWebKit/534.30 (KHTML, like Gecko) Version/4.0 Mobile Safari/534.30" "-" "0.002" "0.001"
58.243.250.205 - - [18/Mar/2020:00:18:19 +0800] "POST /api/ssvoice/recommend/recommend/common/tag/jform HTTP/1.1" 200 "2170" "type=1" "-" "Mozilla/5.0 (Linux; U; Android 5.1; zh-cn; vivo X6D Build/LMY47I) AppleWebKit/534.30 (KHTML, like Gecko) Version/4.0 Mobile Safari/534.30" "-" "0.001" "0.001"
58.243.250.205 - - [18/Mar/2020:00:18:19 +0800] "POST /api/ssvoice/vip/get/vip/center/message/null/jform HTTP/1.1" 500 "65" "-" "-" "Mozilla/5.0 (Linux; U; Android 5.1; zh-cn; vivo X6D Build/LMY47I) AppleWebKit/534.30 (KHTML, like Gecko) Version/4.0 Mobile Safari/534.30" "-" "0.002" "0.001"
58.243.250.205 - - [18/Mar/2020:00:18:20 +0800] "POST /api/ssvoice/cp/get/recent/voice/info/jform HTTP/1.1" 500 "65" "ssId=-1" "-" "Mozilla/5.0 (Linux; U; Android 5.1; zh-cn; vivo X6D Build/LMY47I) AppleWebKit/534.30 (KHTML, like Gecko) Version/4.0 Mobile Safari/534.30" "-" "0.002" "0.001"
119.41.152.59 - - [18/Mar/2020:00:18:23 +0800] "POST /api/ssvoice/person/get/xinxiu/list/jform HTTP/1.1" 200 "28" "loginKey=02f0ed7f157119cc" "-" "Mozilla/5.0 (Linux; U; Android 8.1.0; zh-cn; CMCC M761 Build/OPM1.171019.026) AppleWebKit/534.30 (KHTML, like Gecko) Version/4.0 Mobile Safari/534.30" "-" "0.004" "0.004"
106.111.148.0 - - [18/Mar/2020:00:18:27 +0800] "POST /api/ssvoice/person/get/xinxiu/list/jform HTTP/1.1" 200 "28" "loginKey=87b611d3fc17d782" "-" "Mozilla/5.0 (Linux; U; Android 10; zh-cn; Redmi K20 Pro Build/QKQ1.190825.002) AppleWebKit/533.1 (KHTML, like Gecko) Version/5.0 Mobile Safari/533.1" "-" "0.005" "0.004"
58.243.250.205 - - [18/Mar/2020:00:18:35 +0800] "POST /api/ssvoice/login/third/party/is/register/jform HTTP/1.1" 200 "942" "thirdPartyId=1&appVersion=v1.40.5450.507000&system=1&machineCode=ffffffff-d1c0-b415-ffff-fffff859a351&openId=EE0583D97FFCA6FCF68EB42B725F764B&accessToken=CEB70F3B473C63177372613FE0C872DD" "-" "Mozilla/5.0 (Linux; U; Android 5.1; zh-cn; vivo X6D Build/LMY47I) AppleWebKit/534.30 (KHTML, like Gecko) Version/4.0 Mobile Safari/534.30" "-" "0.018" "0.017"
58.243.250.205 - - [18/Mar/2020:00:18:36 +0800] "POST /api/ssvoice/near/create/near/data/jform HTTP/1.1" 200 "30" "address=%E5%A4%AA%E6%B9%96%E5%B1%B1%E8%B7%AF&loginKey=fcd6b358d3f61d8f&latitude=31.619379&title=&longitude=117.89334" "-" "Mozilla/5.0 (Linux; U; Android 5.1; zh-cn; vivo X6D Build/LMY47I) AppleWebKit/534.30 (KHTML, like Gecko) Version/4.0 Mobile Safari/534.30" "-" "0.002" "0.002"
58.243.250.205 - - [18/Mar/2020:00:18:37 +0800] "POST /api/ssvoice/login/save/login/time/jform HTTP/1.1" 200 "29" "loginKey=fcd6b358d3f61d8f" "-" "Mozilla/5.0 (Linux; U; Android 5.1; zh-cn; vivo X6D Build/LMY47I) AppleWebKit/534.30 (KHTML, like Gecko) Version/4.0 Mobile Safari/534.30" "-" "0.005" "0.006"
58.243.250.205 - - [18/Mar/2020:00:18:37 +0800] "POST /api/ssvoice/recommend/get/recommend/room/133V/jform HTTP/1.1" 200 "17618" "offset=0&loginKey=fcd6b358d3f61d8f&roomTagId=1213&count=100" "-" "Mozilla/5.0 (Linux; U; Android 5.1; zh-cn; vivo X6D Build/LMY47I) AppleWebKit/534.30 (KHTML, like Gecko) Version/4.0 Mobile Safari/534.30" "-" "0.160" "0.105"
58.243.250.205 - - [18/Mar/2020:00:18:37 +0800] "POST /api/ssvoice/person/getfollowlist/fcd6b358d3f61d8f/100386677/0/20/jform HTTP/1.1" 200 "11218" "-" "-" "Mozilla/5.0 (Linux; U; Android 5.1; zh-cn; vivo X6D Build/LMY47I) AppleWebKit/534.30 (KHTML, like Gecko) Version/4.0 Mobile Safari/534.30" "-" "0.142" "0.143"
58.243.250.205 - - [18/Mar/2020:00:18:38 +0800] "POST /api/ssvoice/cp/get/recent/voice/info/jform HTTP/1.1" 500 "65" "ssId=100386677" "-" "Mozilla/5.0 (Linux; U; Android 5.1; zh-cn; vivo X6D Build/LMY47I) AppleWebKit/534.30 (KHTML, like Gecko) Version/4.0 Mobile Safari/534.30" "-" "0.002" "0.002"
106.111.148.0 - - [18/Mar/2020:00:18:38 +0800] "POST /api/ssvoice/person/get/xinxiu/list/jform HTTP/1.1" 200 "28" "loginKey=87b611d3fc17d782" "-" "Mozilla/5.0 (Linux; U; Android 10; zh-cn; Redmi K20 Pro Build/QKQ1.190825.002) AppleWebKit/533.1 (KHTML, like Gecko) Version/5.0 Mobile Safari/533.1" "-" "0.004" "0.004"
58.243.250.205 - - [18/Mar/2020:00:18:38 +0800] "POST /api/ssvoice/show/get/banner/list/jform HTTP/1.1" 200 "799" "type=1" "-" "Mozilla/5.0 (Linux; U; Android 5.1; zh-cn; vivo X6D Build/LMY47I) AppleWebKit/534.30 (KHTML, like Gecko) Version/4.0 Mobile Safari/534.30" "-" "0.003" "0.003"
106.111.148.0 - - [18/Mar/2020:00:18:42 +0800] "POST /api/ssvoice/person/get/xinxiu/list/jform HTTP/1.1" 200 "28" "loginKey=87b611d3fc17d782" "-" "Mozilla/5.0 (Linux; U; Android 10; zh-cn; Redmi K20 Pro Build/QKQ1.190825.002) AppleWebKit/533.1 (KHTML, like Gecko) Version/5.0 Mobile Safari/533.1" "-" "0.005" "0.005"
60.7.179.56 - - [18/Mar/2020:00:18:45 +0800] "POST /api/ssvoice/vip/get/vip/colors/jform HTTP/1.1" 200 "1608" "timeStamps=timeStamps" "-" "Mozilla/5.0 (Linux; U; Android 6.0.1; zh-cn; OPPO A57 Build/MMB29M) AppleWebKit/534.30 (KHTML, like Gecko) Version/4.0 Mobile Safari/534.30" "-" "0.003" "0.003"
101.37.24.89 - - [18/Mar/2020:00:18:49 +0800] "POST /api-ssvoice/api/ssvoice/account/update/user/num/jform HTTP/1.1" 200 "29" "ssId=100378725" "-" "Apache-HttpClient/4.5.1 (Java/1.7.0_79)" "-" "0.016" "0.016"
119.41.152.59 - - [18/Mar/2020:00:18:51 +0800] "POST /api/ssvoice/person/get/xinxiu/list/jform HTTP/1.1" 200 "28" "loginKey=02f0ed7f157119cc" "-" "Mozilla/5.0 (Linux; U; Android 8.1.0; zh-cn; CMCC M761 Build/OPM1.171019.026) AppleWebKit/534.30 (KHTML, like Gecko) Version/4.0 Mobile Safari/534.30" "-" "0.004" "0.005"
106.111.148.0 - - [18/Mar/2020:00:18:52 +0800] "POST /api/ssvoice/person/get/xinxiu/list/jform HTTP/1.1" 200 "28" "loginKey=87b611d3fc17d782" "-" "Mozilla/5.0 (Linux; U; Android 10; zh-cn; Redmi K20 Pro Build/QKQ1.190825.002) AppleWebKit/533.1 (KHTML, like Gecko) Version/5.0 Mobile Safari/533.1" "-" "0.004" "0.004"
106.111.148.0 - - [18/Mar/2020:00:19:19 +0800] "POST /api/ssvoice/person/get/xinxiu/list/jform HTTP/1.1" 200 "28" "loginKey=87b611d3fc17d782" "-" "Mozilla/5.0 (Linux; U; Android 10; zh-cn; Redmi K20 Pro Build/QKQ1.190825.002) AppleWebKit/533.1 (KHTML, like Gecko) Version/5.0 Mobile Safari/533.1" "-" "0.004" "0.004"
58.243.250.205 - - [18/Mar/2020:00:19:21 +0800] "POST /api/ssvoice/skillnew/recommend/skill/by/skillTypeId/133V/jform HTTP/1.1" 200 "28912" "timeStamp=1584461959404" "-" "Mozilla/5.0 (Linux; U; Android 5.1; zh-cn; vivo X6D Build/LMY47I) AppleWebKit/534.30 (KHTML, like Gecko) Version/4.0 Mobile Safari/534.30" "-" "0.200" "0.137"
58.243.250.205 - - [18/Mar/2020:00:19:21 +0800] "POST /api/ssvoice/person/getfollowlist/fcd6b358d3f61d8f/100386677/0/20/jform HTTP/1.1" 200 "11218" "-" "-" "Mozilla/5.0 (Linux; U; Android 5.1; zh-cn; vivo X6D Build/LMY47I) AppleWebKit/534.30 (KHTML, like Gecko) Version/4.0 Mobile Safari/534.30" "-" "0.088" "0.088"
58.243.250.205 - - [18/Mar/2020:00:19:21 +0800] "POST /api/ssvoice/vip/get/vip/center/message/fcd6b358d3f61d8f/jform HTTP/1.1" 200 "2236" "-" "-" "Mozilla/5.0 (Linux; U; Android 5.1; zh-cn; vivo X6D Build/LMY47I) AppleWebKit/534.30 (KHTML, like Gecko) Version/4.0 Mobile Safari/534.30" "-" "0.005" "0.006"
58.243.250.205 - - [18/Mar/2020:00:19:22 +0800] "POST /api/ssvoice/skillnew/judge/user/haveskill/jform HTTP/1.1" 200 "29" "type=2&ssId=100386677" "-" "Mozilla/5.0 (Linux; U; Android 5.1; zh-cn; vivo X6D Build/LMY47I) AppleWebKit/534.30 (KHTML, like Gecko) Version/4.0 Mobile Safari/534.30" "-" "0.003" "0.003"
106.111.148.0 - - [18/Mar/2020:00:19:26 +0800] "POST /api/ssvoice/person/get/xinxiu/list/jform HTTP/1.1" 200 "28" "loginKey=87b611d3fc17d782" "-" "Mozilla/5.0 (Linux; U; Android 10; zh-cn; Redmi K20 Pro Build/QKQ1.190825.002) AppleWebKit/533.1 (KHTML, like Gecko) Version/5.0 Mobile Safari/533.1" "-" "0.004" "0.004"
119.41.152.59 - - [18/Mar/2020:00:19:40 +0800] "POST /api/ssvoice/person/get/xinxiu/list/jform HTTP/1.1" 200 "28" "loginKey=02f0ed7f157119cc" "-" "Mozilla/5.0 (Linux; U; Android 8.1.0; zh-cn; CMCC M761 Build/OPM1.171019.026) AppleWebKit/534.30 (KHTML, like Gecko) Version/4.0 Mobile Safari/534.30" "-" "0.004" "0.004"
121.71.44.232 - - [18/Mar/2020:00:20:03 +0800] "POST /api/ssvoice/vip/get/vip/colors/jform HTTP/1.1" 200 "1608" "timeStamps=timeStamps" "-" "Mozilla/5.0 (Linux; U; Android 9; zh-cn; vivo X21A Build/PKQ1.180819.001) AppleWebKit/533.1 (KHTML, like Gecko) Version/5.0 Mobile Safari/533.1" "-" "0.002" "0.003"
121.71.44.232 - - [18/Mar/2020:00:20:04 +0800] "POST /api/ssvoice/login/jform HTTP/1.1" 200 "983" "password=5ddfbfda385ad84a&appVersion=v1.40.5450.505900&system=1&machineCode=ffffffff-890f-329f-d381-6b9544ae656d&username=15527491580" "-" "Mozilla/5.0 (Linux; U; Android 9; zh-cn; vivo X21A Build/PKQ1.180819.001) AppleWebKit/533.1 (KHTML, like Gecko) Version/5.0 Mobile Safari/533.1" "-" "0.035" "0.035"
121.71.44.232 - - [18/Mar/2020:00:20:04 +0800] "POST /api/ssvoice/account/save/user/ext/info/0e5a0da77d7414ea/jform HTTP/1.1" 200 "32" "appVersion=v1.40.5450.505900&iccId=&system=1&province=&latitude=0.0&imei=&imsi=&mac=88F7BF81CDA1&network=3&longitude=0.0" "-" "Mozilla/5.0 (Linux; U; Android 9; zh-cn; vivo X21A Build/PKQ1.180819.001) AppleWebKit/533.1 (KHTML, like Gecko) Version/5.0 Mobile Safari/533.1" "-" "0.006" "0.006"
119.41.152.59 - - [18/Mar/2020:00:20:05 +0800] "POST /api/ssvoice/person/get/xinxiu/list/jform HTTP/1.1" 200 "28" "loginKey=02f0ed7f157119cc" "-" "Mozilla/5.0 (Linux; U; Android 8.1.0; zh-cn; CMCC M761 Build/OPM1.171019.026) AppleWebKit/534.30 (KHTML, like Gecko) Version/4.0 Mobile Safari/534.30" "-" "0.005" "0.005"
121.71.44.232 - - [18/Mar/2020:00:20:06 +0800] "POST /api/ssvoice/recommend/all/room/tag/jform HTTP/1.1" 200 "1252" "timeStamp=1" "-" "Mozilla/5.0 (Linux; U; Android 9; zh-cn; vivo X21A Build/PKQ1.180819.001) AppleWebKit/533.1 (KHTML, like Gecko) Version/5.0 Mobile Safari/533.1" "-" "0.002" "0.002"
121.71.44.232 - - [18/Mar/2020:00:20:06 +0800] "POST /api/ssvoice/recommend/recommend/common/tag/jform HTTP/1.1" 200 "2170" "type=1" "-" "Mozilla/5.0 (Linux; U; Android 9; zh-cn; vivo X21A Build/PKQ1.180819.001) AppleWebKit/533.1 (KHTML, like Gecko) Version/5.0 Mobile Safari/533.1" "-" "0.003" "0.002"
121.71.44.232 - - [18/Mar/2020:00:20:06 +0800] "POST /api/ssvoice/chat/get/play/room/num/jform HTTP/1.1" 200 "70" "password=abc" "-" "Mozilla/5.0 (Linux; U; Android 9; zh-cn; vivo X21A Build/PKQ1.180819.001) AppleWebKit/533.1 (KHTML, like Gecko) Version/5.0 Mobile Safari/533.1" "-" "0.003" "0.003"
121.71.44.232 - - [18/Mar/2020:00:20:06 +0800] "POST /api/ssvoice/person/getfollowlist/0e5a0da77d7414ea/100163348/0/20/jform HTTP/1.1" 200 "2126" "-" "-" "Mozilla/5.0 (Linux; U; Android 9; zh-cn; vivo X21A Build/PKQ1.180819.001) AppleWebKit/533.1 (KHTML, like Gecko) Version/5.0 Mobile Safari/533.1" "-" "0.051" "0.050"
121.71.44.232 - - [18/Mar/2020:00:20:07 +0800] "GET /api/ssvoice/chat/get/room/version/json HTTP/1.1" 200 "31" "-" "-" "Mozilla/5.0 (Linux; U; Android 9; zh-cn; vivo X21A Build/PKQ1.180819.001) AppleWebKit/533.1 (KHTML, like Gecko) Version/5.0 Mobile Safari/533.1" "-" "0.001" "0.001"
121.71.44.232 - - [18/Mar/2020:00:20:07 +0800] "POST /api/ssvoice/recommend/recommend/common/tag/jform HTTP/1.1" 200 "2170" "type=1" "-" "Mozilla/5.0 (Linux; U; Android 9; zh-cn; vivo X21A Build/PKQ1.180819.001) AppleWebKit/533.1 (KHTML, like Gecko) Version/5.0 Mobile Safari/533.1" "-" "0.003" "0.002"
121.71.44.232 - - [18/Mar/2020:00:20:07 +0800] "POST /api/ssvoice/cp/get/cp/succeed/list/jform HTTP/1.1" 200 "28" "offset=0&loginKey=0e5a0da77d7414ea&count=20" "-" "Mozilla/5.0 (Linux; U; Android 9; zh-cn; vivo X21A Build/PKQ1.180819.001) AppleWebKit/533.1 (KHTML, like Gecko) Version/5.0 Mobile Safari/533.1" "-" "0.004" "0.005"
121.71.44.232 - - [18/Mar/2020:00:20:07 +0800] "POST /api/ssvoice/res/switch/activity/switch/show/jform HTTP/1.1" 200 "28" "code=game" "-" "Mozilla/5.0 (Linux; U; Android 9; zh-cn; vivo X21A Build/PKQ1.180819.001) AppleWebKit/533.1 (KHTML, like Gecko) Version/5.0 Mobile Safari/533.1" "-" "0.006" "0.007"
121.71.44.232 - - [18/Mar/2020:00:20:07 +0800] "POST /api/ssvoice/chat/get/chat/show/hb/jform HTTP/1.1" 200 "10867" "loginKey=0e5a0da77d7414ea" "-" "Mozilla/5.0 (Linux; U; Android 9; zh-cn; vivo X21A Build/PKQ1.180819.001) AppleWebKit/533.1 (KHTML, like Gecko) Version/5.0 Mobile Safari/533.1" "-" "0.195" "0.195"
121.71.44.232 - - [18/Mar/2020:00:20:09 +0800] "POST /api/ssvoice/chat/delete/microphone/request/jform HTTP/1.1" 200 "29" "crId=26767&loginKey=0e5a0da77d7414ea" "-" "Mozilla/5.0 (Linux; U; Android 9; zh-cn; vivo X21A Build/PKQ1.180819.001) AppleWebKit/533.1 (KHTML, like Gecko) Version/5.0 Mobile Safari/533.1" "-" "0.006" "0.005"
121.71.44.232 - - [18/Mar/2020:00:20:19 +0800] "POST /api/ssvoice/ordernew/1v1/order/state/jform HTTP/1.1" 200 "28" "ssId2=100213422&ssId1=100163348" "-" "Mozilla/5.0 (Linux; U; Android 9; zh-cn; vivo X21A Build/PKQ1.180819.001) AppleWebKit/533.1 (KHTML, like Gecko) Version/5.0 Mobile Safari/533.1" "-" "0.015" "0.015"
121.71.44.232 - - [18/Mar/2020:00:20:19 +0800] "POST /api/ssvoice/person/userfollowrelation/0e5a0da77d7414ea/jform HTTP/1.1" 200 "29" "ssId=100213422" "-" "Mozilla/5.0 (Linux; U; Android 9; zh-cn; vivo X21A Build/PKQ1.180819.001) AppleWebKit/533.1 (KHTML, like Gecko) Version/5.0 Mobile Safari/533.1" "-" "0.006" "0.007"
119.41.152.59 - - [18/Mar/2020:00:20:20 +0800] "POST /api/ssvoice/person/get/xinxiu/list/jform HTTP/1.1" 200 "28" "loginKey=02f0ed7f157119cc" "-" "Mozilla/5.0 (Linux; U; Android 8.1.0; zh-cn; CMCC M761 Build/OPM1.171019.026) AppleWebKit/534.30 (KHTML, like Gecko) Version/4.0 Mobile Safari/534.30" "-" "0.005" "0.004"
121.71.44.232 - - [18/Mar/2020:00:20:21 +0800] "POST /api/ssvoice/chat/get/user/room/jform HTTP/1.1" 200 "626" "loginKey=0e5a0da77d7414ea" "-" "Mozilla/5.0 (Linux; U; Android 9; zh-cn; vivo X21A Build/PKQ1.180819.001) AppleWebKit/533.1 (KHTML, like Gecko) Version/5.0 Mobile Safari/533.1" "-" "0.008" "0.008"
121.71.44.232 - - [18/Mar/2020:00:20:21 +0800] "POST /api/ssvoice/gift/get/chatroom/gift/list/jform HTTP/1.1" 200 "16557" "-" "-" "Mozilla/5.0 (Linux; U; Android 9; zh-cn; vivo X21A Build/PKQ1.180819.001) AppleWebKit/533.1 (KHTML, like Gecko) Version/5.0 Mobile Safari/533.1" "-" "0.014" "0.013"
121.71.44.232 - - [18/Mar/2020:00:20:22 +0800] "POST /api/ssvoice/chat/get/1v1/headdress/jform HTTP/1.1" 200 "521" "ssId0=100163348&ssId1=100213422" "-" "Mozilla/5.0 (Linux; U; Android 9; zh-cn; vivo X21A Build/PKQ1.180819.001) AppleWebKit/533.1 (KHTML, like Gecko) Version/5.0 Mobile Safari/533.1" "-" "0.012" "0.012"
106.111.148.0 - - [18/Mar/2020:00:20:27 +0800] "POST /api/ssvoice/person/get/xinxiu/list/jform HTTP/1.1" 200 "28" "loginKey=87b611d3fc17d782" "-" "Mozilla/5.0 (Linux; U; Android 10; zh-cn; Redmi K20 Pro Build/QKQ1.190825.002) AppleWebKit/533.1 (KHTML, like Gecko) Version/5.0 Mobile Safari/533.1" "-" "0.004" "0.003"
119.41.152.59 - - [18/Mar/2020:00:20:33 +0800] "POST /api/ssvoice/person/get/xinxiu/list/jform HTTP/1.1" 200 "28" "loginKey=02f0ed7f157119cc" "-" "Mozilla/5.0 (Linux; U; Android 8.1.0; zh-cn; CMCC M761 Build/OPM1.171019.026) AppleWebKit/534.30 (KHTML, like Gecko) Version/4.0 Mobile Safari/534.30" "-" "0.004" "0.004"
121.71.44.232 - - [18/Mar/2020:00:20:43 +0800] "POST /api/ssvoice/show/get/banner/list/jform HTTP/1.1" 200 "799" "type=1" "-" "Mozilla/5.0 (Linux; U; Android 9; zh-cn; vivo X21A Build/PKQ1.180819.001) AppleWebKit/533.1 (KHTML, like Gecko) Version/5.0 Mobile Safari/533.1" "-" "0.003" "0.002"
121.71.44.232 - - [18/Mar/2020:00:20:43 +0800] "POST /api/ssvoice/skillnew/recommend/skill/by/skillTypeId/133V/jform HTTP/1.1" 200 "28927" "timeStamp=1584462044680" "-" "Mozilla/5.0 (Linux; U; Android 9; zh-cn; vivo X21A Build/PKQ1.180819.001) AppleWebKit/533.1 (KHTML, like Gecko) Version/5.0 Mobile Safari/533.1" "-" "0.220" "0.184"
121.71.44.232 - - [18/Mar/2020:00:20:43 +0800] "POST /api/ssvoice/cp/get/cp/succeed/list/jform HTTP/1.1" 200 "28" "offset=0&loginKey=0e5a0da77d7414ea&count=20" "-" "Mozilla/5.0 (Linux; U; Android 9; zh-cn; vivo X21A Build/PKQ1.180819.001) AppleWebKit/533.1 (KHTML, like Gecko) Version/5.0 Mobile Safari/533.1" "-" "0.004" "0.004"
121.71.44.232 - - [18/Mar/2020:00:20:44 +0800] "POST /api/ssvoice/recommend/get/recommend/room/133V/jform HTTP/1.1" 200 "17618" "offset=0&loginKey=0e5a0da77d7414ea&roomTagId=1213&count=100" "-" "Mozilla/5.0 (Linux; U; Android 9; zh-cn; vivo X21A Build/PKQ1.180819.001) AppleWebKit/533.1 (KHTML, like Gecko) Version/5.0 Mobile Safari/533.1" "-" "0.158" "0.121"
121.71.44.232 - - [18/Mar/2020:00:20:44 +0800] "POST /api/ssvoice/res/switch/activity/switch/show/jform HTTP/1.1" 200 "28" "code=game" "-" "Mozilla/5.0 (Linux; U; Android 9; zh-cn; vivo X21A Build/PKQ1.180819.001) AppleWebKit/533.1 (KHTML, like Gecko) Version/5.0 Mobile Safari/533.1" "-" "0.003" "0.004"
121.71.44.232 - - [18/Mar/2020:00:20:47 +0800] "POST /api/ssvoice/gift/get/dynamic/expression/list3/jform HTTP/1.1" 200 "3821" "crId=26767" "-" "Mozilla/5.0 (Linux; U; Android 9; zh-cn; vivo X21A Build/PKQ1.180819.001) AppleWebKit/533.1 (KHTML, like Gecko) Version/5.0 Mobile Safari/533.1" "-" "0.005" "0.004"
121.71.44.232 - - [18/Mar/2020:00:20:47 +0800] "POST /api/ssvoice/gift/get/chatroom/gift/list/jform HTTP/1.1" 200 "16557" "-" "-" "Mozilla/5.0 (Linux; U; Android 9; zh-cn; vivo X21A Build/PKQ1.180819.001) AppleWebKit/533.1 (KHTML, like Gecko) Version/5.0 Mobile Safari/533.1" "-" "0.013" "0.012"
119.41.152.59 - - [18/Mar/2020:00:20:51 +0800] "POST /api/ssvoice/person/get/xinxiu/list/jform HTTP/1.1" 200 "28" "loginKey=02f0ed7f157119cc" "-" "Mozilla/5.0 (Linux; U; Android 8.1.0; zh-cn; CMCC M761 Build/OPM1.171019.026) AppleWebKit/534.30 (KHTML, like Gecko) Version/4.0 Mobile Safari/534.30" "-" "0.004" "0.004"
119.41.152.59 - - [18/Mar/2020:00:21:00 +0800] "POST /api/ssvoice/person/get/xinxiu/list/jform HTTP/1.1" 200 "28" "loginKey=02f0ed7f157119cc" "-" "Mozilla/5.0 (Linux; U; Android 8.1.0; zh-cn; CMCC M761 Build/OPM1.171019.026) AppleWebKit/534.30 (KHTML, like Gecko) Version/4.0 Mobile Safari/534.30" "-" "0.004" "0.003"
119.41.152.59 - - [18/Mar/2020:00:21:04 +0800] "POST /api/ssvoice/person/get/xinxiu/list/jform HTTP/1.1" 200 "28" "loginKey=02f0ed7f157119cc" "-" "Mozilla/5.0 (Linux; U; Android 8.1.0; zh-cn; CMCC M761 Build/OPM1.171019.026) AppleWebKit/534.30 (KHTML, like Gecko) Version/4.0 Mobile Safari/534.30" "-" "0.005" "0.006"
119.41.152.59 - - [18/Mar/2020:00:21:04 +0800] "POST /api/ssvoice/person/get/xinxiu/list/jform HTTP/1.1" 200 "28" "loginKey=02f0ed7f157119cc" "-" "Mozilla/5.0 (Linux; U; Android 8.1.0; zh-cn; CMCC M761 Build/OPM1.171019.026) AppleWebKit/534.30 (KHTML, like Gecko) Version/4.0 Mobile Safari/534.30" "-" "0.005" "0.004"
119.41.152.59 - - [18/Mar/2020:00:21:09 +0800] "GET /api/ssvoice/chat/get/expense/sum/week/31598/jform HTTP/1.1" 200 "34" "-" "-" "Mozilla/5.0 (Linux; U; Android 8.1.0; zh-cn; CMCC M761 Build/OPM1.171019.026) AppleWebKit/534.30 (KHTML, like Gecko) Version/4.0 Mobile Safari/534.30" "-" "0.004" "0.003"
223.149.104.215 - - [18/Mar/2020:00:21:11 +0800] "POST /api/ssvoice/chat/my/manage/room/list/jform HTTP/1.1" 200 "3344" "ssId=100387557" "-" "NEngine/1.0 (compatible; MSIE 6.0; Windows NT 5.1)" "-" "0.050" "0.016"
223.149.104.215 - - [18/Mar/2020:00:21:11 +0800] "POST /api/ssvoice/photo/get/photo/list/100387557/0/100/jform HTTP/1.1" 200 "104" "ssId=100387557&offset=0&count=100" "-" "NEngine/1.0 (compatible; MSIE 6.0; Windows NT 5.1)" "-" "0.095" "0.061"
106.111.148.0 - - [18/Mar/2020:00:21:19 +0800] "POST /api/ssvoice/person/get/xinxiu/list/jform HTTP/1.1" 200 "28" "loginKey=87b611d3fc17d782" "-" "Mozilla/5.0 (Linux; U; Android 10; zh-cn; Redmi K20 Pro Build/QKQ1.190825.002) AppleWebKit/533.1 (KHTML, like Gecko) Version/5.0 Mobile Safari/533.1" "-" "0.004" "0.003"
223.149.104.215 - - [18/Mar/2020:00:21:23 +0800] "GET /api/ssvoice/chat/get/microphonelist4/31552/json HTTP/1.1" 200 "3514" "-" "-" "NEngine/1.0 (compatible; MSIE 6.0; Windows NT 5.1)" "-" "0.028" "0.029"
223.149.104.215 - - [18/Mar/2020:00:21:26 +0800] "GET /api/ssvoice/chat/get/microphonelist4/31552/json HTTP/1.1" 200 "3514" "-" "-" "NEngine/1.0 (compatible; MSIE 6.0; Windows NT 5.1)" "-" "0.020" "0.019"
119.41.152.59 - - [18/Mar/2020:00:21:30 +0800] "POST /api/ssvoice/account/heart/beat/100321431/jform HTTP/1.1" 200 "32" "-" "-" "Mozilla/5.0 (Linux; U; Android 8.1.0; zh-cn; CMCC M761 Build/OPM1.171019.026) AppleWebKit/534.30 (KHTML, like Gecko) Version/4.0 Mobile Safari/534.30" "-" "0.002" "0.001"
223.149.104.215 - - [18/Mar/2020:00:21:30 +0800] "GET /api/ssvoice/chat/get/microphonelist4/31552/json HTTP/1.1" 200 "3514" "-" "-" "NEngine/1.0 (compatible; MSIE 6.0; Windows NT 5.1)" "-" "0.025" "0.024"
223.149.104.215 - - [18/Mar/2020:00:21:34 +0800] "GET /api/ssvoice/chat/get/microphonelist4/31552/json HTTP/1.1" 200 "3514" "-" "-" "NEngine/1.0 (compatible; MSIE 6.0; Windows NT 5.1)" "-" "0.023" "0.022"
223.149.104.215 - - [18/Mar/2020:00:21:36 +0800] "GET /api/ssvoice/chat/get/microphonelist4/31552/json HTTP/1.1" 200 "3514" "-" "-" "NEngine/1.0 (compatible; MSIE 6.0; Windows NT 5.1)" "-" "0.030" "0.029"
223.149.104.215 - - [18/Mar/2020:00:21:38 +0800] "GET /api/ssvoice/chat/get/microphone/request/list3/31552/json HTTP/1.1" 200 "28" "-" "-" "NEngine/1.0 (compatible; MSIE 6.0; Windows NT 5.1)" "-" "0.005" "0.005"
119.41.152.59 - - [18/Mar/2020:00:21:40 +0800] "POST /api/ssvoice/person/get/xinxiu/list/jform HTTP/1.1" 200 "28" "loginKey=02f0ed7f157119cc" "-" "Mozilla/5.0 (Linux; U; Android 8.1.0; zh-cn; CMCC M761 Build/OPM1.171019.026) AppleWebKit/534.30 (KHTML, like Gecko) Version/4.0 Mobile Safari/534.30" "-" "0.004" "0.004"
119.41.152.59 - - [18/Mar/2020:00:21:45 +0800] "GET /api/ssvoice/chat/get/microphonelist2/31598/json HTTP/1.1" 200 "2516" "-" "-" "Mozilla/5.0 (Linux; U; Android 8.1.0; zh-cn; CMCC M761 Build/OPM1.171019.026) AppleWebKit/534.30 (KHTML, like Gecko) Version/4.0 Mobile Safari/534.30" "-" "0.011" "0.011"
223.149.104.215 - - [18/Mar/2020:00:21:57 +0800] "GET /api/ssvoice/chat/get/microphonelist4/31552/json HTTP/1.1" 200 "3514" "-" "-" "NEngine/1.0 (compatible; MSIE 6.0; Windows NT 5.1)" "-" "0.024" "0.023"
223.149.104.215 - - [18/Mar/2020:00:21:59 +0800] "GET /api/ssvoice/chat/get/microphonelist4/31552/json HTTP/1.1" 200 "3514" "-" "-" "NEngine/1.0 (compatible; MSIE 6.0; Windows NT 5.1)" "-" "0.019" "0.018"
223.149.104.215 - - [18/Mar/2020:00:22:01 +0800] "GET /api/ssvoice/chat/get/microphonelist4/31552/json HTTP/1.1" 200 "3514" "-" "-" "NEngine/1.0 (compatible; MSIE 6.0; Windows NT 5.1)" "-" "0.019" "0.020"
