223.149.104.215 - - [18/Mar/2020:01:06:27 +0800] "GET /api/ssvoice/chat/get/microphone/request/list3/31552/json HTTP/1.1" 200 "28" "-" "-" "NEngine/1.0 (compatible; MSIE 6.0; Windows NT 5.1)" "-" "0.003" "0.003"
106.111.148.0 - - [18/Mar/2020:01:06:27 +0800] "POST /api/ssvoice/person/get/xinxiu/list/jform HTTP/1.1" 200 "28" "loginKey=87b611d3fc17d782" "-" "Mozilla/5.0 (Linux; U; Android 10; zh-cn; Redmi K20 Pro Build/QKQ1.190825.002) AppleWebKit/533.1 (KHTML, like Gecko) Version/5.0 Mobile Safari/533.1" "-" "0.004" "0.004"
183.209.57.57 - - [18/Mar/2020:01:06:28 +0800] "POST /api/ssvoice/chat/get/room/jform HTTP/1.1" 200 "2350" "loginKey=eee018695a013563&crId=31519" "-" "NEngine/1.0 (compatible; MSIE 6.0; Windows NT 5.1)" "-" "0.066" "0.052"
183.209.57.57 - - [18/Mar/2020:01:06:29 +0800] "POST /api/ssvoice/gift/get/treasure/box/list/jform HTTP/1.1" 200 "1387" "-" "-" "NEngine/1.0 (compatible; MSIE 6.0; Windows NT 5.1)" "-" "0.003" "0.002"
183.209.57.57 - - [18/Mar/2020:01:06:29 +0800] "GET /api/ssvoice/chat/get/microphonelist4/31519/json HTTP/1.1" 200 "2809" "-" "-" "NEngine/1.0 (compatible; MSIE 6.0; Windows NT 5.1)" "-" "0.015" "0.015"
183.209.57.57 - - [18/Mar/2020:01:06:29 +0800] "POST /api/ssvoice/gift/get/chatroom/gift/list3/jform HTTP/1.1" 200 "1038" "classify=2" "-" "NEngine/1.0 (compatible; MSIE 6.0; Windows NT 5.1)" "-" "0.020" "0.003"
183.209.57.57 - - [18/Mar/2020:01:06:29 +0800] "POST /api/ssvoice/gift/get/chatroom/gift/list/new/jform HTTP/1.1" 200 "50519" "-" "-" "NEngine/1.0 (compatible; MSIE 6.0; Windows NT 5.1)" "-" "0.076" "0.039"
183.209.57.57 - - [18/Mar/2020:01:06:29 +0800] "POST /api/ssvoice/chat/get/expense/total/list/jform HTTP/1.1" 200 "13781" "loginKey=eee018695a013563&crId=31519&type=1" "-" "NEngine/1.0 (compatible; MSIE 6.0; Windows NT 5.1)" "-" "0.169" "0.152"
183.209.57.57 - - [18/Mar/2020:01:06:30 +0800] "GET /api/ssvoice/chat/get/room/online/user/31519/0/200/json HTTP/1.1" 200 "32054" "-" "-" "NEngine/1.0 (compatible; MSIE 6.0; Windows NT 5.1)" "-" "0.296" "0.281"
119.41.152.59 - - [18/Mar/2020:01:06:30 +0800] "POST /api/ssvoice/account/heart/beat/100321431/jform HTTP/1.1" 200 "32" "-" "-" "Mozilla/5.0 (Linux; U; Android 8.1.0; zh-cn; CMCC M761 Build/OPM1.171019.026) AppleWebKit/534.30 (KHTML, like Gecko) Version/4.0 Mobile Safari/534.30" "-" "0.002" "0.002"
119.41.152.59 - - [18/Mar/2020:01:06:33 +0800] "POST /api/ssvoice/person/get/xinxiu/list/jform HTTP/1.1" 200 "28" "loginKey=02f0ed7f157119cc" "-" "Mozilla/5.0 (Linux; U; Android 8.1.0; zh-cn; CMCC M761 Build/OPM1.171019.026) AppleWebKit/534.30 (KHTML, like Gecko) Version/4.0 Mobile Safari/534.30" "-" "0.004" "0.004"
61.129.176.144 - - [18/Mar/2020:01:06:33 +0800] "POST /api/ssvoice/account/heart/beat/100328044/jform HTTP/1.1" 200 "32" "-" "-" "Mozilla/5.0 (Linux; U; Android 8.1.0; zh-cn; V1813BT Build/OPM1.171019.026) AppleWebKit/534.30 (KHTML, like Gecko) Version/4.0 Mobile Safari/534.30" "-" "0.003" "0.003"
106.111.148.0 - - [18/Mar/2020:01:06:38 +0800] "POST /api/ssvoice/person/get/xinxiu/list/jform HTTP/1.1" 200 "28" "loginKey=87b611d3fc17d782" "-" "Mozilla/5.0 (Linux; U; Android 10; zh-cn; Redmi K20 Pro Build/QKQ1.190825.002) AppleWebKit/533.1 (KHTML, like Gecko) Version/5.0 Mobile Safari/533.1" "-" "0.004" "0.004"
183.209.57.57 - - [18/Mar/2020:01:06:39 +0800] "POST /api/ssvoice/chat/get/expense/total/list/jform HTTP/1.1" 200 "7137" "loginKey=eee018695a013563&crId=31519&type=3" "-" "NEngine/1.0 (compatible; MSIE 6.0; Windows NT 5.1)" "-" "0.077" "0.055"
183.209.57.57 - - [18/Mar/2020:01:06:40 +0800] "POST /api/ssvoice/chat/get/expense/total/list/jform HTTP/1.1" 200 "19834" "loginKey=eee018695a013563&crId=31519&type=2" "-" "NEngine/1.0 (compatible; MSIE 6.0; Windows NT 5.1)" "-" "0.425" "0.372"
183.209.57.57 - - [18/Mar/2020:01:06:42 +0800] "GET /api/ssvoice/chat/get/microphone/request/list3/31519/json HTTP/1.1" 200 "581" "-" "-" "NEngine/1.0 (compatible; MSIE 6.0; Windows NT 5.1)" "-" "0.006" "0.007"
183.209.57.57 - - [18/Mar/2020:01:06:47 +0800] "GET /api/ssvoice/chat/get/microphone/request/list3/31519/json HTTP/1.1" 200 "28" "-" "-" "NEngine/1.0 (compatible; MSIE 6.0; Windows NT 5.1)" "-" "0.004" "0.003"
119.41.152.59 - - [18/Mar/2020:01:06:51 +0800] "POST /api/ssvoice/person/get/xinxiu/list/jform HTTP/1.1" 200 "28" "loginKey=02f0ed7f157119cc" "-" "Mozilla/5.0 (Linux; U; Android 8.1.0; zh-cn; CMCC M761 Build/OPM1.171019.026) AppleWebKit/534.30 (KHTML, like Gecko) Version/4.0 Mobile Safari/534.30" "-" "0.006" "0.005"
119.41.152.59 - - [18/Mar/2020:01:07:04 +0800] "POST /api/ssvoice/person/get/xinxiu/list/jform HTTP/1.1" 200 "28" "loginKey=02f0ed7f157119cc" "-" "Mozilla/5.0 (Linux; U; Android 8.1.0; zh-cn; CMCC M761 Build/OPM1.171019.026) AppleWebKit/534.30 (KHTML, like Gecko) Version/4.0 Mobile Safari/534.30" "-" "0.005" "0.004"
119.41.152.59 - - [18/Mar/2020:01:07:05 +0800] "POST /api/ssvoice/person/get/xinxiu/list/jform HTTP/1.1" 200 "28" "loginKey=02f0ed7f157119cc" "-" "Mozilla/5.0 (Linux; U; Android 8.1.0; zh-cn; CMCC M761 Build/OPM1.171019.026) AppleWebKit/534.30 (KHTML, like Gecko) Version/4.0 Mobile Safari/534.30" "-" "0.005" "0.004"
119.41.152.59 - - [18/Mar/2020:01:07:13 +0800] "POST /api/ssvoice/person/get/xinxiu/list/jform HTTP/1.1" 200 "28" "loginKey=02f0ed7f157119cc" "-" "Mozilla/5.0 (Linux; U; Android 8.1.0; zh-cn; CMCC M761 Build/OPM1.171019.026) AppleWebKit/534.30 (KHTML, like Gecko) Version/4.0 Mobile Safari/534.30" "-" "0.005" "0.004"
106.111.148.0 - - [18/Mar/2020:01:07:19 +0800] "POST /api/ssvoice/person/get/xinxiu/list/jform HTTP/1.1" 200 "28" "loginKey=87b611d3fc17d782" "-" "Mozilla/5.0 (Linux; U; Android 10; zh-cn; Redmi K20 Pro Build/QKQ1.190825.002) AppleWebKit/533.1 (KHTML, like Gecko) Version/5.0 Mobile Safari/533.1" "-" "0.004" "0.003"
183.209.57.57 - - [18/Mar/2020:01:08:05 +0800] "POST /api/ssvoice/gift/get/chatroom/gift/list3/jform HTTP/1.1" 200 "951" "classify=3" "-" "NEngine/1.0 (compatible; MSIE 6.0; Windows NT 5.1)" "-" "0.028" "0.003"
121.71.44.232 - - [18/Mar/2020:01:08:07 +0800] "POST /api/ssvoice/account/heart/beat/100163348/jform HTTP/1.1" 200 "32" "-" "-" "Mozilla/5.0 (Linux; U; Android 9; zh-cn; vivo X21A Build/PKQ1.180819.001) AppleWebKit/533.1 (KHTML, like Gecko) Version/5.0 Mobile Safari/533.1" "-" "0.003" "0.003"
223.149.104.215 - - [18/Mar/2020:01:08:22 +0800] "GET /api/ssvoice/chat/get/microphone/request/list3/31552/json HTTP/1.1" 200 "28" "-" "-" "NEngine/1.0 (compatible; MSIE 6.0; Windows NT 5.1)" "-" "0.004" "0.003"
106.111.148.0 - - [18/Mar/2020:01:08:28 +0800] "POST /api/ssvoice/person/get/xinxiu/list/jform HTTP/1.1" 200 "28" "loginKey=87b611d3fc17d782" "-" "Mozilla/5.0 (Linux; U; Android 10; zh-cn; Redmi K20 Pro Build/QKQ1.190825.002) AppleWebKit/533.1 (KHTML, like Gecko) Version/5.0 Mobile Safari/533.1" "-" "0.004" "0.004"
119.41.152.59 - - [18/Mar/2020:01:08:33 +0800] "POST /api/ssvoice/person/get/xinxiu/list/jform HTTP/1.1" 200 "28" "loginKey=02f0ed7f157119cc" "-" "Mozilla/5.0 (Linux; U; Android 8.1.0; zh-cn; CMCC M761 Build/OPM1.171019.026) AppleWebKit/534.30 (KHTML, like Gecko) Version/4.0 Mobile Safari/534.30" "-" "0.004" "0.004"
119.41.152.59 - - [18/Mar/2020:01:09:04 +0800] "POST /api/ssvoice/person/get/xinxiu/list/jform HTTP/1.1" 200 "28" "loginKey=02f0ed7f157119cc" "-" "Mozilla/5.0 (Linux; U; Android 8.1.0; zh-cn; CMCC M761 Build/OPM1.171019.026) AppleWebKit/534.30 (KHTML, like Gecko) Version/4.0 Mobile Safari/534.30" "-" "0.004" "0.005"
223.149.104.215 - - [18/Mar/2020:01:09:10 +0800] "GET /api/ssvoice/chat/get/microphone/request/list3/31552/json HTTP/1.1" 200 "28" "-" "-" "NEngine/1.0 (compatible; MSIE 6.0; Windows NT 5.1)" "-" "0.004" "0.003"
223.149.104.215 - - [18/Mar/2020:01:09:10 +0800] "GET /api/ssvoice/chat/get/microphonelist4/31552/json HTTP/1.1" 200 "3124" "-" "-" "NEngine/1.0 (compatible; MSIE 6.0; Windows NT 5.1)" "-" "0.025" "0.024"
119.41.152.59 - - [18/Mar/2020:01:09:13 +0800] "POST /api/ssvoice/person/get/xinxiu/list/jform HTTP/1.1" 200 "28" "loginKey=02f0ed7f157119cc" "-" "Mozilla/5.0 (Linux; U; Android 8.1.0; zh-cn; CMCC M761 Build/OPM1.171019.026) AppleWebKit/534.30 (KHTML, like Gecko) Version/4.0 Mobile Safari/534.30" "-" "0.004" "0.004"
106.111.148.0 - - [18/Mar/2020:01:09:19 +0800] "POST /api/ssvoice/person/get/xinxiu/list/jform HTTP/1.1" 200 "28" "loginKey=87b611d3fc17d782" "-" "Mozilla/5.0 (Linux; U; Android 10; zh-cn; Redmi K20 Pro Build/QKQ1.190825.002) AppleWebKit/533.1 (KHTML, like Gecko) Version/5.0 Mobile Safari/533.1" "-" "0.004" "0.004"
119.41.152.59 - - [18/Mar/2020:01:09:22 +0800] "POST /api/ssvoice/person/get/xinxiu/list/jform HTTP/1.1" 200 "28" "loginKey=02f0ed7f157119cc" "-" "Mozilla/5.0 (Linux; U; Android 8.1.0; zh-cn; CMCC M761 Build/OPM1.171019.026) AppleWebKit/534.30 (KHTML, like Gecko) Version/4.0 Mobile Safari/534.30" "-" "0.004" "0.003"
106.111.148.0 - - [18/Mar/2020:01:09:39 +0800] "POST /api/ssvoice/person/get/xinxiu/list/jform HTTP/1.1" 200 "28" "loginKey=87b611d3fc17d782" "-" "Mozilla/5.0 (Linux; U; Android 10; zh-cn; Redmi K20 Pro Build/QKQ1.190825.002) AppleWebKit/533.1 (KHTML, like Gecko) Version/5.0 Mobile Safari/533.1" "-" "0.004" "0.004"
117.136.73.88 - - [18/Mar/2020:01:09:44 +0800] "POST /api/ssvoice/vip/get/vip/colors/jform HTTP/1.1" 200 "1608" "timeStamps=timeStamps" "-" "Mozilla/5.0 (Linux; U; Android 6.0.1; zh-cn; OPPO A57t Build/MMB29M) AppleWebKit/534.30 (KHTML, like Gecko) Version/4.0 Mobile Safari/534.30" "-" "0.003" "0.003"
117.136.73.88 - - [18/Mar/2020:01:09:45 +0800] "POST /api/ssvoice/vip/get/vip/colors/jform HTTP/1.1" 200 "1608" "timeStamps=timeStamps" "-" "Mozilla/5.0 (Linux; U; Android 6.0.1; zh-cn; OPPO A57t Build/MMB29M) AppleWebKit/534.30 (KHTML, like Gecko) Version/4.0 Mobile Safari/534.30" "-" "0.003" "0.003"
119.41.152.59 - - [18/Mar/2020:01:10:00 +0800] "POST /api/ssvoice/person/get/xinxiu/list/jform HTTP/1.1" 200 "28" "loginKey=02f0ed7f157119cc" "-" "Mozilla/5.0 (Linux; U; Android 8.1.0; zh-cn; CMCC M761 Build/OPM1.171019.026) AppleWebKit/534.30 (KHTML, like Gecko) Version/4.0 Mobile Safari/534.30" "-" "0.006" "0.006"
119.41.152.59 - - [18/Mar/2020:01:10:03 +0800] "POST /api/ssvoice/person/get/xinxiu/list/jform HTTP/1.1" 200 "28" "loginKey=02f0ed7f157119cc" "-" "Mozilla/5.0 (Linux; U; Android 8.1.0; zh-cn; CMCC M761 Build/OPM1.171019.026) AppleWebKit/534.30 (KHTML, like Gecko) Version/4.0 Mobile Safari/534.30" "-" "0.004" "0.004"
119.41.152.59 - - [18/Mar/2020:01:10:14 +0800] "GET /api/ssvoice/chat/get/microphone/request/list3/31598/json HTTP/1.1" 200 "28" "-" "-" "Mozilla/5.0 (Linux; U; Android 8.1.0; zh-cn; CMCC M761 Build/OPM1.171019.026) AppleWebKit/534.30 (KHTML, like Gecko) Version/4.0 Mobile Safari/534.30" "-" "0.004" "0.004"
119.41.152.59 - - [18/Mar/2020:01:10:15 +0800] "GET /api/ssvoice/chat/get/room/online/user/31598/0/2147483647/json HTTP/1.1" 200 "32146" "-" "-" "Mozilla/5.0 (Linux; U; Android 8.1.0; zh-cn; CMCC M761 Build/OPM1.171019.026) AppleWebKit/534.30 (KHTML, like Gecko) Version/4.0 Mobile Safari/534.30" "-" "0.557" "0.503"
183.209.57.57 - - [18/Mar/2020:01:10:23 +0800] "GET /api/ssvoice/chat/get/microphone/request/list3/31519/json HTTP/1.1" 200 "565" "-" "-" "NEngine/1.0 (compatible; MSIE 6.0; Windows NT 5.1)" "-" "0.008" "0.008"
202.60.134.68 - - [18/Mar/2020:01:10:23 +0800] "GET /api/ssvoice/chat/get/microphone/request/list3/31519/json HTTP/1.1" 200 "565" "-" "-" "NEngine/1.0 (compatible; MSIE 6.0; Windows NT 5.1)" "-" "0.008" "0.008"
121.71.44.232 - - [18/Mar/2020:01:10:25 +0800] "POST /api/ssvoice/person/getfollowlist/0e5a0da77d7414ea/100163348/0/20/jform HTTP/1.1" 200 "2101" "-" "-" "Mozilla/5.0 (Linux; U; Android 9; zh-cn; vivo X21A Build/PKQ1.180819.001) AppleWebKit/533.1 (KHTML, like Gecko) Version/5.0 Mobile Safari/533.1" "-" "0.042" "0.041"
121.71.44.232 - - [18/Mar/2020:01:10:25 +0800] "POST /api/ssvoice/skillnew/recommend/skill/by/skillTypeId/133V/jform HTTP/1.1" 200 "28926" "timeStamp=1584465025680" "-" "Mozilla/5.0 (Linux; U; Android 9; zh-cn; vivo X21A Build/PKQ1.180819.001) AppleWebKit/533.1 (KHTML, like Gecko) Version/5.0 Mobile Safari/533.1" "-" "0.558" "0.244"
121.71.44.232 - - [18/Mar/2020:01:10:25 +0800] "POST /api/ssvoice/cp/get/recent/voice/info/jform HTTP/1.1" 500 "65" "ssId=100163348" "-" "Mozilla/5.0 (Linux; U; Android 9; zh-cn; vivo X21A Build/PKQ1.180819.001) AppleWebKit/533.1 (KHTML, like Gecko) Version/5.0 Mobile Safari/533.1" "-" "0.001" "0.002"
121.71.44.232 - - [18/Mar/2020:01:10:26 +0800] "POST /api/ssvoice/show/get/banner/list/jform HTTP/1.1" 200 "799" "type=1" "-" "Mozilla/5.0 (Linux; U; Android 9; zh-cn; vivo X21A Build/PKQ1.180819.001) AppleWebKit/533.1 (KHTML, like Gecko) Version/5.0 Mobile Safari/533.1" "-" "0.003" "0.003"
121.71.44.232 - - [18/Mar/2020:01:10:27 +0800] "POST /api/ssvoice/gift/getcoin/jform HTTP/1.1" 200 "174" "loginKey=0e5a0da77d7414ea" "-" "Mozilla/5.0 (Linux; U; Android 9; zh-cn; vivo X21A Build/PKQ1.180819.001) AppleWebKit/533.1 (KHTML, like Gecko) Version/5.0 Mobile Safari/533.1" "-" "0.003" "0.002"
183.209.57.57 - - [18/Mar/2020:01:10:27 +0800] "GET /api/ssvoice/chat/get/microphonelist4/31519/json HTTP/1.1" 200 "3499" "-" "-" "NEngine/1.0 (compatible; MSIE 6.0; Windows NT 5.1)" "-" "0.036" "0.035"
202.60.134.68 - - [18/Mar/2020:01:10:27 +0800] "GET /api/ssvoice/chat/get/microphone/request/list3/31519/json HTTP/1.1" 200 "28" "-" "-" "NEngine/1.0 (compatible; MSIE 6.0; Windows NT 5.1)" "-" "0.004" "0.003"
106.111.148.0 - - [18/Mar/2020:01:10:28 +0800] "POST /api/ssvoice/person/get/xinxiu/list/jform HTTP/1.1" 200 "28" "loginKey=87b611d3fc17d782" "-" "Mozilla/5.0 (Linux; U; Android 10; zh-cn; Redmi K20 Pro Build/QKQ1.190825.002) AppleWebKit/533.1 (KHTML, like Gecko) Version/5.0 Mobile Safari/533.1" "-" "0.005" "0.005"
121.71.44.232 - - [18/Mar/2020:01:10:34 +0800] "POST /api/ssvoice/show/get/banner/list/jform HTTP/1.1" 200 "799" "type=1" "-" "Mozilla/5.0 (Linux; U; Android 9; zh-cn; vivo X21A Build/PKQ1.180819.001) AppleWebKit/533.1 (KHTML, like Gecko) Version/5.0 Mobile Safari/533.1" "-" "0.002" "0.001"
121.71.44.232 - - [18/Mar/2020:01:10:34 +0800] "POST /api/ssvoice/person/getmutualfollowlist/0e5a0da77d7414ea/0/20/jform HTTP/1.1" 200 "1060" "-" "-" "Mozilla/5.0 (Linux; U; Android 9; zh-cn; vivo X21A Build/PKQ1.180819.001) AppleWebKit/533.1 (KHTML, like Gecko) Version/5.0 Mobile Safari/533.1" "-" "0.016" "0.016"
121.71.44.232 - - [18/Mar/2020:01:10:34 +0800] "POST /api/ssvoice/person/getfollowlist/0e5a0da77d7414ea/100163348/0/20/jform HTTP/1.1" 200 "2101" "-" "-" "Mozilla/5.0 (Linux; U; Android 9; zh-cn; vivo X21A Build/PKQ1.180819.001) AppleWebKit/533.1 (KHTML, like Gecko) Version/5.0 Mobile Safari/533.1" "-" "0.029" "0.028"
121.71.44.232 - - [18/Mar/2020:01:10:35 +0800] "POST /api/ssvoice/vip/get/vip/center/message/0e5a0da77d7414ea/jform HTTP/1.1" 200 "2233" "-" "-" "Mozilla/5.0 (Linux; U; Android 9; zh-cn; vivo X21A Build/PKQ1.180819.001) AppleWebKit/533.1 (KHTML, like Gecko) Version/5.0 Mobile Safari/533.1" "-" "0.006" "0.005"
121.71.44.232 - - [18/Mar/2020:01:10:35 +0800] "POST /api/ssvoice/show/get/banner/list/jform HTTP/1.1" 200 "799" "type=1" "-" "Mozilla/5.0 (Linux; U; Android 9; zh-cn; vivo X21A Build/PKQ1.180819.001) AppleWebKit/533.1 (KHTML, like Gecko) Version/5.0 Mobile Safari/533.1" "-" "0.002" "0.002"
121.71.44.232 - - [18/Mar/2020:01:10:36 +0800] "POST /api/ssvoice/gift/get/chatroom/gift/list/jform HTTP/1.1" 200 "16557" "-" "-" "Mozilla/5.0 (Linux; U; Android 9; zh-cn; vivo X21A Build/PKQ1.180819.001) AppleWebKit/533.1 (KHTML, like Gecko) Version/5.0 Mobile Safari/533.1" "-" "0.016" "0.016"
121.71.44.232 - - [18/Mar/2020:01:10:36 +0800] "POST /api/ssvoice/chat/get/1v1/headdress/jform HTTP/1.1" 200 "521" "ssId0=100163348&ssId1=100213422" "-" "Mozilla/5.0 (Linux; U; Android 9; zh-cn; vivo X21A Build/PKQ1.180819.001) AppleWebKit/533.1 (KHTML, like Gecko) Version/5.0 Mobile Safari/533.1" "-" "0.006" "0.006"
106.111.148.0 - - [18/Mar/2020:01:10:38 +0800] "POST /api/ssvoice/person/get/xinxiu/list/jform HTTP/1.1" 200 "28" "loginKey=87b611d3fc17d782" "-" "Mozilla/5.0 (Linux; U; Android 10; zh-cn; Redmi K20 Pro Build/QKQ1.190825.002) AppleWebKit/533.1 (KHTML, like Gecko) Version/5.0 Mobile Safari/533.1" "-" "0.005" "0.005"
183.209.57.57 - - [18/Mar/2020:01:10:38 +0800] "GET /api/ssvoice/chat/get/microphonelist4/31519/json HTTP/1.1" 200 "3501" "-" "-" "NEngine/1.0 (compatible; MSIE 6.0; Windows NT 5.1)" "-" "0.036" "0.037"
202.60.134.68 - - [18/Mar/2020:01:10:38 +0800] "GET /api/ssvoice/chat/get/microphonelist4/31519/json HTTP/1.1" 200 "3501" "-" "-" "NEngine/1.0 (compatible; MSIE 6.0; Windows NT 5.1)" "-" "0.026" "0.026"
183.209.57.57 - - [18/Mar/2020:01:10:41 +0800] "GET /api/ssvoice/chat/get/microphonelist4/31519/json HTTP/1.1" 200 "3503" "-" "-" "NEngine/1.0 (compatible; MSIE 6.0; Windows NT 5.1)" "-" "0.025" "0.024"
202.60.134.68 - - [18/Mar/2020:01:10:41 +0800] "GET /api/ssvoice/chat/get/microphonelist4/31519/json HTTP/1.1" 200 "3503" "-" "-" "NEngine/1.0 (compatible; MSIE 6.0; Windows NT 5.1)" "-" "0.035" "0.035"
1.197.131.116 - - [18/Mar/2020:01:10:42 +0800] "GET /api/ssvoice/chat/get/microphone/request/list/30676/json HTTP/1.1" 200 "28" "-" "-" "NEngine/1.0 (compatible; MSIE 6.0; Windows NT 5.1)" "-" "0.003" "0.003"
183.209.57.57 - - [18/Mar/2020:01:10:44 +0800] "GET /api/ssvoice/chat/get/microphonelist4/31519/json HTTP/1.1" 200 "3505" "-" "-" "NEngine/1.0 (compatible; MSIE 6.0; Windows NT 5.1)" "-" "0.037" "0.037"
202.60.134.68 - - [18/Mar/2020:01:10:44 +0800] "GET /api/ssvoice/chat/get/microphonelist4/31519/json HTTP/1.1" 200 "3505" "-" "-" "NEngine/1.0 (compatible; MSIE 6.0; Windows NT 5.1)" "-" "0.027" "0.027"
183.209.57.57 - - [18/Mar/2020:01:10:45 +0800] "POST /api/ssvoice/guard/config/guard/list/jform HTTP/1.1" 200 "638" "loginKey=eee018695a013563&toCrId=31519&toSsId=100373731" "-" "NEngine/1.0 (compatible; MSIE 6.0; Windows NT 5.1)" "-" "0.022" "0.005"
202.60.134.68 - - [18/Mar/2020:01:10:46 +0800] "GET /api/ssvoice/chat/get/microphonelist4/31519/json HTTP/1.1" 200 "3150" "-" "-" "NEngine/1.0 (compatible; MSIE 6.0; Windows NT 5.1)" "-" "0.021" "0.020"
183.209.57.57 - - [18/Mar/2020:01:10:46 +0800] "GET /api/ssvoice/chat/get/microphonelist4/31519/json HTTP/1.1" 200 "3150" "-" "-" "NEngine/1.0 (compatible; MSIE 6.0; Windows NT 5.1)" "-" "0.020" "0.019"
183.209.57.57 - - [18/Mar/2020:01:10:47 +0800] "GET /api/ssvoice/chat/get/microphonelist4/31519/json HTTP/1.1" 200 "3150" "-" "-" "NEngine/1.0 (compatible; MSIE 6.0; Windows NT 5.1)" "-" "0.018" "0.017"
202.60.134.68 - - [18/Mar/2020:01:10:47 +0800] "GET /api/ssvoice/chat/get/microphonelist4/31519/json HTTP/1.1" 200 "3150" "-" "-" "NEngine/1.0 (compatible; MSIE 6.0; Windows NT 5.1)" "-" "0.017" "0.018"
119.41.152.59 - - [18/Mar/2020:01:10:51 +0800] "POST /api/ssvoice/person/get/xinxiu/list/jform HTTP/1.1" 200 "28" "loginKey=02f0ed7f157119cc" "-" "Mozilla/5.0 (Linux; U; Android 8.1.0; zh-cn; CMCC M761 Build/OPM1.171019.026) AppleWebKit/534.30 (KHTML, like Gecko) Version/4.0 Mobile Safari/534.30" "-" "0.004" "0.004"
183.209.57.57 - - [18/Mar/2020:01:10:51 +0800] "GET /api/ssvoice/chat/get/microphone/request/list3/31519/json HTTP/1.1" 200 "574" "-" "-" "NEngine/1.0 (compatible; MSIE 6.0; Windows NT 5.1)" "-" "0.007" "0.007"
202.60.134.68 - - [18/Mar/2020:01:10:52 +0800] "GET /api/ssvoice/chat/get/microphone/request/list3/31519/json HTTP/1.1" 200 "574" "-" "-" "NEngine/1.0 (compatible; MSIE 6.0; Windows NT 5.1)" "-" "0.006" "0.007"
183.209.57.57 - - [18/Mar/2020:01:10:52 +0800] "GET /api/ssvoice/chat/get/microphonelist4/31519/json HTTP/1.1" 200 "3152" "-" "-" "NEngine/1.0 (compatible; MSIE 6.0; Windows NT 5.1)" "-" "0.022" "0.021"
202.60.134.68 - - [18/Mar/2020:01:10:52 +0800] "GET /api/ssvoice/chat/get/microphonelist4/31519/json HTTP/1.1" 200 "3152" "-" "-" "NEngine/1.0 (compatible; MSIE 6.0; Windows NT 5.1)" "-" "0.017" "0.017"
183.209.57.57 - - [18/Mar/2020:01:10:54 +0800] "GET /api/ssvoice/chat/get/microphonelist4/31519/json HTTP/1.1" 200 "3450" "-" "-" "NEngine/1.0 (compatible; MSIE 6.0; Windows NT 5.1)" "-" "0.025" "0.025"
202.60.134.68 - - [18/Mar/2020:01:10:55 +0800] "GET /api/ssvoice/chat/get/microphone/request/list3/31519/json HTTP/1.1" 200 "28" "-" "-" "NEngine/1.0 (compatible; MSIE 6.0; Windows NT 5.1)" "-" "0.003" "0.004"
183.209.57.57 - - [18/Mar/2020:01:10:59 +0800] "GET /api/ssvoice/chat/get/microphonelist4/31519/json HTTP/1.1" 200 "3450" "-" "-" "NEngine/1.0 (compatible; MSIE 6.0; Windows NT 5.1)" "-" "0.027" "0.027"
202.60.134.68 - - [18/Mar/2020:01:10:59 +0800] "GET /api/ssvoice/chat/get/microphonelist4/31519/json HTTP/1.1" 200 "3450" "-" "-" "NEngine/1.0 (compatible; MSIE 6.0; Windows NT 5.1)" "-" "0.021" "0.021"
183.209.57.57 - - [18/Mar/2020:01:11:02 +0800] "GET /api/ssvoice/chat/get/microphonelist4/31519/json HTTP/1.1" 200 "3456" "-" "-" "NEngine/1.0 (compatible; MSIE 6.0; Windows NT 5.1)" "-" "0.027" "0.026"
202.60.134.68 - - [18/Mar/2020:01:11:02 +0800] "GET /api/ssvoice/chat/get/microphonelist4/31519/json HTTP/1.1" 200 "3456" "-" "-" "NEngine/1.0 (compatible; MSIE 6.0; Windows NT 5.1)" "-" "0.027" "0.027"
183.209.57.57 - - [18/Mar/2020:01:11:19 +0800] "GET /api/ssvoice/chat/get/microphonelist4/31519/json HTTP/1.1" 200 "3152" "-" "-" "NEngine/1.0 (compatible; MSIE 6.0; Windows NT 5.1)" "-" "0.027" "0.028"
202.60.134.68 - - [18/Mar/2020:01:11:19 +0800] "GET /api/ssvoice/chat/get/microphonelist4/31519/json HTTP/1.1" 200 "3152" "-" "-" "NEngine/1.0 (compatible; MSIE 6.0; Windows NT 5.1)" "-" "0.019" "0.018"
119.41.152.59 - - [18/Mar/2020:01:11:23 +0800] "POST /api/ssvoice/person/get/xinxiu/list/jform HTTP/1.1" 200 "28" "loginKey=02f0ed7f157119cc" "-" "Mozilla/5.0 (Linux; U; Android 8.1.0; zh-cn; CMCC M761 Build/OPM1.171019.026) AppleWebKit/534.30 (KHTML, like Gecko) Version/4.0 Mobile Safari/534.30" "-" "0.004" "0.004"
106.111.148.0 - - [18/Mar/2020:01:11:26 +0800] "POST /api/ssvoice/person/get/xinxiu/list/jform HTTP/1.1" 200 "28" "loginKey=87b611d3fc17d782" "-" "Mozilla/5.0 (Linux; U; Android 10; zh-cn; Redmi K20 Pro Build/QKQ1.190825.002) AppleWebKit/533.1 (KHTML, like Gecko) Version/5.0 Mobile Safari/533.1" "-" "0.004" "0.003"
119.41.152.59 - - [18/Mar/2020:01:11:42 +0800] "POST /api/ssvoice/person/get/xinxiu/list/jform HTTP/1.1" 200 "28" "loginKey=02f0ed7f157119cc" "-" "Mozilla/5.0 (Linux; U; Android 8.1.0; zh-cn; CMCC M761 Build/OPM1.171019.026) AppleWebKit/534.30 (KHTML, like Gecko) Version/4.0 Mobile Safari/534.30" "-" "0.004" "0.004"
113.137.46.107 - - [18/Mar/2020:01:11:46 +0800] "GET /api/ssvoice/chat/get/room/version/json HTTP/1.1" 200 "31" "-" "-" "Mozilla/5.0 (Linux; U; Android 6.0.1; zh-cn; N3 Build/RB3N5C) AppleWebKit/534.30 (KHTML, like Gecko) Version/4.0 Mobile Safari/534.30" "-" "0.001" "0.002"
54.36.150.79 - - [18/Mar/2020:01:11:52 +0800] "GET /examples/jsp/sessions/carts.jsp.html HTTP/1.1" 200 "1339" "-" "-" "Mozilla/5.0 (compatible; AhrefsBot/6.1; +http://ahrefs.com/robot/)" "-" "0.001" "0.001"
119.41.152.59 - - [18/Mar/2020:01:12:03 +0800] "POST /api/ssvoice/person/get/xinxiu/list/jform HTTP/1.1" 200 "28" "loginKey=02f0ed7f157119cc" "-" "Mozilla/5.0 (Linux; U; Android 8.1.0; zh-cn; CMCC M761 Build/OPM1.171019.026) AppleWebKit/534.30 (KHTML, like Gecko) Version/4.0 Mobile Safari/534.30" "-" "0.004" "0.005"
119.41.152.59 - - [18/Mar/2020:01:12:35 +0800] "POST /api/ssvoice/account/heart/beat/100321431/jform HTTP/1.1" 200 "32" "-" "-" "Mozilla/5.0 (Linux; U; Android 8.1.0; zh-cn; CMCC M761 Build/OPM1.171019.026) AppleWebKit/534.30 (KHTML, like Gecko) Version/4.0 Mobile Safari/534.30" "-" "0.003" "0.002"
119.41.152.59 - - [18/Mar/2020:01:12:36 +0800] "POST /api/ssvoice/person/get/xinxiu/list/jform HTTP/1.1" 200 "28" "loginKey=02f0ed7f157119cc" "-" "Mozilla/5.0 (Linux; U; Android 8.1.0; zh-cn; CMCC M761 Build/OPM1.171019.026) AppleWebKit/534.30 (KHTML, like Gecko) Version/4.0 Mobile Safari/534.30" "-" "0.004" "0.004"
106.111.148.0 - - [18/Mar/2020:01:12:38 +0800] "POST /api/ssvoice/person/get/xinxiu/list/jform HTTP/1.1" 200 "28" "loginKey=87b611d3fc17d782" "-" "Mozilla/5.0 (Linux; U; Android 10; zh-cn; Redmi K20 Pro Build/QKQ1.190825.002) AppleWebKit/533.1 (KHTML, like Gecko) Version/5.0 Mobile Safari/533.1" "-" "0.005" "0.004"
202.60.134.68 - - [18/Mar/2020:01:12:53 +0800] "GET /api/ssvoice/chat/get/microphone/request/list3/31519/json HTTP/1.1" 200 "574" "-" "-" "NEngine/1.0 (compatible; MSIE 6.0; Windows NT 5.1)" "-" "0.008" "0.010"
202.60.134.68 - - [18/Mar/2020:01:12:57 +0800] "GET /api/ssvoice/chat/get/microphone/request/list3/31519/json HTTP/1.1" 200 "28" "-" "-" "NEngine/1.0 (compatible; MSIE 6.0; Windows NT 5.1)" "-" "0.004" "0.003"
119.41.152.59 - - [18/Mar/2020:01:13:04 +0800] "POST /api/ssvoice/person/get/xinxiu/list/jform HTTP/1.1" 200 "28" "loginKey=02f0ed7f157119cc" "-" "Mozilla/5.0 (Linux; U; Android 8.1.0; zh-cn; CMCC M761 Build/OPM1.171019.026) AppleWebKit/534.30 (KHTML, like Gecko) Version/4.0 Mobile Safari/534.30" "-" "0.004" "0.004"
202.60.134.68 - - [18/Mar/2020:01:13:05 +0800] "GET /api/ssvoice/chat/get/microphonelist4/31519/json HTTP/1.1" 200 "3456" "-" "-" "NEngine/1.0 (compatible; MSIE 6.0; Windows NT 5.1)" "-" "0.032" "0.032"
202.60.134.68 - - [18/Mar/2020:01:13:08 +0800] "GET /api/ssvoice/chat/get/microphonelist4/31519/json HTTP/1.1" 200 "3456" "-" "-" "NEngine/1.0 (compatible; MSIE 6.0; Windows NT 5.1)" "-" "0.026" "0.025"
202.60.134.68 - - [18/Mar/2020:01:13:11 +0800] "GET /api/ssvoice/chat/get/microphonelist4/31519/json HTTP/1.1" 200 "3456" "-" "-" "NEngine/1.0 (compatible; MSIE 6.0; Windows NT 5.1)" "-" "0.031" "0.032"
202.60.134.68 - - [18/Mar/2020:01:13:13 +0800] "GET /api/ssvoice/chat/get/microphonelist4/31519/json HTTP/1.1" 200 "3456" "-" "-" "NEngine/1.0 (compatible; MSIE 6.0; Windows NT 5.1)" "-" "0.025" "0.025"
119.41.152.59 - - [18/Mar/2020:01:13:23 +0800] "POST /api/ssvoice/person/get/xinxiu/list/jform HTTP/1.1" 200 "28" "loginKey=02f0ed7f157119cc" "-" "Mozilla/5.0 (Linux; U; Android 8.1.0; zh-cn; CMCC M761 Build/OPM1.171019.026) AppleWebKit/534.30 (KHTML, like Gecko) Version/4.0 Mobile Safari/534.30" "-" "0.004" "0.004"
106.111.148.0 - - [18/Mar/2020:01:13:26 +0800] "POST /api/ssvoice/person/get/xinxiu/list/jform HTTP/1.1" 200 "28" "loginKey=87b611d3fc17d782" "-" "Mozilla/5.0 (Linux; U; Android 10; zh-cn; Redmi K20 Pro Build/QKQ1.190825.002) AppleWebKit/533.1 (KHTML, like Gecko) Version/5.0 Mobile Safari/533.1" "-" "0.004" "0.004"
202.60.134.68 - - [18/Mar/2020:01:13:40 +0800] "GET /api/ssvoice/chat/get/microphonelist4/31519/json HTTP/1.1" 200 "3456" "-" "-" "NEngine/1.0 (compatible; MSIE 6.0; Windows NT 5.1)" "-" "0.033" "0.033"
119.41.152.59 - - [18/Mar/2020:01:13:40 +0800] "POST /api/ssvoice/person/get/xinxiu/list/jform HTTP/1.1" 200 "28" "loginKey=02f0ed7f157119cc" "-" "Mozilla/5.0 (Linux; U; Android 8.1.0; zh-cn; CMCC M761 Build/OPM1.171019.026) AppleWebKit/534.30 (KHTML, like Gecko) Version/4.0 Mobile Safari/534.30" "-" "0.004" "0.005"
202.60.134.68 - - [18/Mar/2020:01:13:43 +0800] "GET /api/ssvoice/chat/get/microphonelist4/31519/json HTTP/1.1" 200 "3456" "-" "-" "NEngine/1.0 (compatible; MSIE 6.0; Windows NT 5.1)" "-" "0.026" "0.026"
202.60.134.68 - - [18/Mar/2020:01:13:45 +0800] "GET /api/ssvoice/chat/get/microphonelist4/31519/json HTTP/1.1" 200 "3456" "-" "-" "NEngine/1.0 (compatible; MSIE 6.0; Windows NT 5.1)" "-" "0.034" "0.033"
202.60.134.68 - - [18/Mar/2020:01:13:49 +0800] "GET /api/ssvoice/chat/get/microphonelist4/31519/json HTTP/1.1" 200 "3456" "-" "-" "NEngine/1.0 (compatible; MSIE 6.0; Windows NT 5.1)" "-" "0.026" "0.025"
202.60.134.68 - - [18/Mar/2020:01:13:51 +0800] "GET /api/ssvoice/chat/get/microphonelist4/31519/json HTTP/1.1" 200 "3456" "-" "-" "NEngine/1.0 (compatible; MSIE 6.0; Windows NT 5.1)" "-" "0.035" "0.034"
202.60.134.68 - - [18/Mar/2020:01:13:54 +0800] "GET /api/ssvoice/chat/get/microphonelist4/31519/json HTTP/1.1" 200 "3456" "-" "-" "NEngine/1.0 (compatible; MSIE 6.0; Windows NT 5.1)" "-" "0.025" "0.024"
58.243.250.205 - - [18/Mar/2020:01:13:55 +0800] "POST /api/ssvoice/login/third/party/login3/jform HTTP/1.1" 200 "933" "thirdPartyId=1&appVersion=v1.40.5450.507000&system=1&machineCode=ffffffff-d1c0-b415-ffff-fffff859a351&gender=1&openId=EE0583D97FFCA6FCF68EB42B725F764B&nickname=%E5%A4%9C.&profilePath=http%3A%2F%2Fthirdqq.qlogo.cn%2Fg%3Fb%3Doidb%26k%3DHw3QX2QUxgiaPRicFicf73Zicw%26s%3D100%26t%3D1574529875&accessToken=CEB70F3B473C63177372613FE0C872DD&username=" "-" "Mozilla/5.0 (Linux; U; Android 5.1; zh-cn; vivo X6D Build/LMY47I) AppleWebKit/534.30 (KHTML, like Gecko) Version/4.0 Mobile Safari/534.30" "-" "0.022" "0.022"
202.60.134.68 - - [18/Mar/2020:01:13:56 +0800] "GET /api/ssvoice/chat/get/microphonelist4/31519/json HTTP/1.1" 200 "3456" "-" "-" "NEngine/1.0 (compatible; MSIE 6.0; Windows NT 5.1)" "-" "0.026" "0.025"
58.243.250.205 - - [18/Mar/2020:01:13:57 +0800] "POST /api/ssvoice/recommend/all/room/tag/jform HTTP/1.1" 200 "1252" "timeStamp=1" "-" "Mozilla/5.0 (Linux; U; Android 5.1; zh-cn; vivo X6D Build/LMY47I) AppleWebKit/534.30 (KHTML, like Gecko) Version/4.0 Mobile Safari/534.30" "-" "0.002" "0.001"
58.243.250.205 - - [18/Mar/2020:01:13:57 +0800] "POST /api/ssvoice/skillnew/recommend/skill/by/skillTypeId/133V/jform HTTP/1.1" 200 "28911" "timeStamp=1584465235645" "-" "Mozilla/5.0 (Linux; U; Android 5.1; zh-cn; vivo X6D Build/LMY47I) AppleWebKit/534.30 (KHTML, like Gecko) Version/4.0 Mobile Safari/534.30" "-" "0.195" "0.165"
58.243.250.205 - - [18/Mar/2020:01:13:57 +0800] "POST /api/ssvoice/show/get/banner/list/jform HTTP/1.1" 200 "799" "type=1" "-" "Mozilla/5.0 (Linux; U; Android 5.1; zh-cn; vivo X6D Build/LMY47I) AppleWebKit/534.30 (KHTML, like Gecko) Version/4.0 Mobile Safari/534.30" "-" "0.002" "0.002"
58.243.250.205 - - [18/Mar/2020:01:13:57 +0800] "POST /api/ssvoice/hb/com/and/out/square/jform HTTP/1.1" 200 "67" "flag=2&ssId=100386677" "-" "Mozilla/5.0 (Linux; U; Android 5.1; zh-cn; vivo X6D Build/LMY47I) AppleWebKit/534.30 (KHTML, like Gecko) Version/4.0 Mobile Safari/534.30" "-" "0.002" "0.002"
58.243.250.205 - - [18/Mar/2020:01:13:58 +0800] "POST /api/ssvoice/person/getfollowlist/1b3f5e1555f88158/100386677/0/20/jform HTTP/1.1" 200 "11218" "-" "-" "Mozilla/5.0 (Linux; U; Android 5.1; zh-cn; vivo X6D Build/LMY47I) AppleWebKit/534.30 (KHTML, like Gecko) Version/4.0 Mobile Safari/534.30" "-" "0.127" "0.127"
58.243.250.205 - - [18/Mar/2020:01:13:58 +0800] "POST /api/ssvoice/recommend/recommend/common/tag/jform HTTP/1.1" 200 "2170" "type=1" "-" "Mozilla/5.0 (Linux; U; Android 5.1; zh-cn; vivo X6D Build/LMY47I) AppleWebKit/534.30 (KHTML, like Gecko) Version/4.0 Mobile Safari/534.30" "-" "0.002" "0.002"
58.243.250.205 - - [18/Mar/2020:01:13:58 +0800] "POST /api/ssvoice/person/getfollowlist/1b3f5e1555f88158/100386677/0/20/jform HTTP/1.1" 200 "11218" "-" "-" "Mozilla/5.0 (Linux; U; Android 5.1; zh-cn; vivo X6D Build/LMY47I) AppleWebKit/534.30 (KHTML, like Gecko) Version/4.0 Mobile Safari/534.30" "-" "0.119" "0.118"
58.243.250.205 - - [18/Mar/2020:01:13:58 +0800] "POST /api/ssvoice/vip/get/vip/center/message/1b3f5e1555f88158/jform HTTP/1.1" 200 "2236" "-" "-" "Mozilla/5.0 (Linux; U; Android 5.1; zh-cn; vivo X6D Build/LMY47I) AppleWebKit/534.30 (KHTML, like Gecko) Version/4.0 Mobile Safari/534.30" "-" "0.006" "0.006"
58.243.250.205 - - [18/Mar/2020:01:13:59 +0800] "POST /api/ssvoice/skillnew/judge/user/haveskill/jform HTTP/1.1" 200 "29" "type=2&ssId=100386677" "-" "Mozilla/5.0 (Linux; U; Android 5.1; zh-cn; vivo X6D Build/LMY47I) AppleWebKit/534.30 (KHTML, like Gecko) Version/4.0 Mobile Safari/534.30" "-" "0.003" "0.003"
58.243.250.205 - - [18/Mar/2020:01:13:59 +0800] "POST /api/ssvoice/chat/get/chat/show/hb/jform HTTP/1.1" 200 "10863" "loginKey=1b3f5e1555f88158" "-" "Mozilla/5.0 (Linux; U; Android 5.1; zh-cn; vivo X6D Build/LMY47I) AppleWebKit/534.30 (KHTML, like Gecko) Version/4.0 Mobile Safari/534.30" "-" "0.176" "0.176"
121.71.44.232 - - [18/Mar/2020:01:14:14 +0800] "POST /api/ssvoice/account/heart/beat/100163348/jform HTTP/1.1" 200 "32" "-" "-" "Mozilla/5.0 (Linux; U; Android 9; zh-cn; vivo X21A Build/PKQ1.180819.001) AppleWebKit/533.1 (KHTML, like Gecko) Version/5.0 Mobile Safari/533.1" "-" "0.003" "0.004"
120.27.245.6 - - [18/Mar/2020:01:14:17 +0800] "POST /api-ssvoice/api/ssvoice/account/update/user/num/jform HTTP/1.1" 200 "29" "ssId=100203496" "-" "Apache-HttpClient/4.5.1 (Java/1.7.0_79)" "-" "0.013" "0.014"
119.41.152.59 - - [18/Mar/2020:01:14:19 +0800] "POST /api/ssvoice/person/get/xinxiu/list/jform HTTP/1.1" 200 "28" "loginKey=02f0ed7f157119cc" "-" "Mozilla/5.0 (Linux; U; Android 8.1.0; zh-cn; CMCC M761 Build/OPM1.171019.026) AppleWebKit/534.30 (KHTML, like Gecko) Version/4.0 Mobile Safari/534.30" "-" "0.004" "0.005"
106.111.148.0 - - [18/Mar/2020:01:14:27 +0800] "POST /api/ssvoice/person/get/xinxiu/list/jform HTTP/1.1" 200 "28" "loginKey=87b611d3fc17d782" "-" "Mozilla/5.0 (Linux; U; Android 10; zh-cn; Redmi K20 Pro Build/QKQ1.190825.002) AppleWebKit/533.1 (KHTML, like Gecko) Version/5.0 Mobile Safari/533.1" "-" "0.004" "0.005"
119.41.152.59 - - [18/Mar/2020:01:14:51 +0800] "POST /api/ssvoice/person/get/xinxiu/list/jform HTTP/1.1" 200 "28" "loginKey=02f0ed7f157119cc" "-" "Mozilla/5.0 (Linux; U; Android 8.1.0; zh-cn; CMCC M761 Build/OPM1.171019.026) AppleWebKit/534.30 (KHTML, like Gecko) Version/4.0 Mobile Safari/534.30" "-" "0.005" "0.004"
119.41.152.59 - - [18/Mar/2020:01:15:01 +0800] "POST /api/ssvoice/person/get/xinxiu/list/jform HTTP/1.1" 200 "28" "loginKey=02f0ed7f157119cc" "-" "Mozilla/5.0 (Linux; U; Android 8.1.0; zh-cn; CMCC M761 Build/OPM1.171019.026) AppleWebKit/534.30 (KHTML, like Gecko) Version/4.0 Mobile Safari/534.30" "-" "0.004" "0.003"
119.41.152.59 - - [18/Mar/2020:01:15:04 +0800] "POST /api/ssvoice/person/get/xinxiu/list/jform HTTP/1.1" 200 "28" "loginKey=02f0ed7f157119cc" "-" "Mozilla/5.0 (Linux; U; Android 8.1.0; zh-cn; CMCC M761 Build/OPM1.171019.026) AppleWebKit/534.30 (KHTML, like Gecko) Version/4.0 Mobile Safari/534.30" "-" "0.004" "0.003"
119.41.152.59 - - [18/Mar/2020:01:15:13 +0800] "POST /api/ssvoice/person/get/xinxiu/list/jform HTTP/1.1" 200 "28" "loginKey=02f0ed7f157119cc" "-" "Mozilla/5.0 (Linux; U; Android 8.1.0; zh-cn; CMCC M761 Build/OPM1.171019.026) AppleWebKit/534.30 (KHTML, like Gecko) Version/4.0 Mobile Safari/534.30" "-" "0.005" "0.004"
119.41.152.59 - - [18/Mar/2020:01:15:22 +0800] "POST /api/ssvoice/person/get/xinxiu/list/jform HTTP/1.1" 200 "28" "loginKey=02f0ed7f157119cc" "-" "Mozilla/5.0 (Linux; U; Android 8.1.0; zh-cn; CMCC M761 Build/OPM1.171019.026) AppleWebKit/534.30 (KHTML, like Gecko) Version/4.0 Mobile Safari/534.30" "-" "0.005" "0.005"
106.111.148.0 - - [18/Mar/2020:01:15:39 +0800] "POST /api/ssvoice/person/get/xinxiu/list/jform HTTP/1.1" 200 "28" "loginKey=87b611d3fc17d782" "-" "Mozilla/5.0 (Linux; U; Android 10; zh-cn; Redmi K20 Pro Build/QKQ1.190825.002) AppleWebKit/533.1 (KHTML, like Gecko) Version/5.0 Mobile Safari/533.1" "-" "0.004" "0.004"
119.41.152.59 - - [18/Mar/2020:01:16:00 +0800] "POST /api/ssvoice/person/get/xinxiu/list/jform HTTP/1.1" 200 "28" "loginKey=02f0ed7f157119cc" "-" "Mozilla/5.0 (Linux; U; Android 8.1.0; zh-cn; CMCC M761 Build/OPM1.171019.026) AppleWebKit/534.30 (KHTML, like Gecko) Version/4.0 Mobile Safari/534.30" "-" "0.005" "0.005"
119.41.152.59 - - [18/Mar/2020:01:16:03 +0800] "POST /api/ssvoice/person/get/xinxiu/list/jform HTTP/1.1" 200 "28" "loginKey=02f0ed7f157119cc" "-" "Mozilla/5.0 (Linux; U; Android 8.1.0; zh-cn; CMCC M761 Build/OPM1.171019.026) AppleWebKit/534.30 (KHTML, like Gecko) Version/4.0 Mobile Safari/534.30" "-" "0.004" "0.004"
106.111.148.0 - - [18/Mar/2020:01:16:28 +0800] "POST /api/ssvoice/person/get/xinxiu/list/jform HTTP/1.1" 200 "28" "loginKey=87b611d3fc17d782" "-" "Mozilla/5.0 (Linux; U; Android 10; zh-cn; Redmi K20 Pro Build/QKQ1.190825.002) AppleWebKit/533.1 (KHTML, like Gecko) Version/5.0 Mobile Safari/533.1" "-" "0.004" "0.005"
106.111.148.0 - - [18/Mar/2020:01:16:42 +0800] "POST /api/ssvoice/person/get/xinxiu/list/jform HTTP/1.1" 200 "28" "loginKey=87b611d3fc17d782" "-" "Mozilla/5.0 (Linux; U; Android 10; zh-cn; Redmi K20 Pro Build/QKQ1.190825.002) AppleWebKit/533.1 (KHTML, like Gecko) Version/5.0 Mobile Safari/533.1" "-" "0.004" "0.004"
58.243.250.205 - - [18/Mar/2020:01:16:58 +0800] "POST /api/ssvoice/account/heart/beat/100386677/jform HTTP/1.1" 200 "32" "-" "-" "Mozilla/5.0 (Linux; U; Android 5.1; zh-cn; vivo X6D Build/LMY47I) AppleWebKit/534.30 (KHTML, like Gecko) Version/4.0 Mobile Safari/534.30" "-" "0.003" "0.002"
119.41.152.59 - - [18/Mar/2020:01:17:00 +0800] "POST /api/ssvoice/person/get/xinxiu/list/jform HTTP/1.1" 200 "28" "loginKey=02f0ed7f157119cc" "-" "Mozilla/5.0 (Linux; U; Android 8.1.0; zh-cn; CMCC M761 Build/OPM1.171019.026) AppleWebKit/534.30 (KHTML, like Gecko) Version/4.0 Mobile Safari/534.30" "-" "0.005" "0.004"
106.111.148.0 - - [18/Mar/2020:01:17:19 +0800] "POST /api/ssvoice/person/get/xinxiu/list/jform HTTP/1.1" 200 "28" "loginKey=87b611d3fc17d782" "-" "Mozilla/5.0 (Linux; U; Android 10; zh-cn; Redmi K20 Pro Build/QKQ1.190825.002) AppleWebKit/533.1 (KHTML, like Gecko) Version/5.0 Mobile Safari/533.1" "-" "0.004" "0.004"
119.41.152.59 - - [18/Mar/2020:01:17:20 +0800] "POST /api/ssvoice/person/get/xinxiu/list/jform HTTP/1.1" 200 "28" "loginKey=02f0ed7f157119cc" "-" "Mozilla/5.0 (Linux; U; Android 8.1.0; zh-cn; CMCC M761 Build/OPM1.171019.026) AppleWebKit/534.30 (KHTML, like Gecko) Version/4.0 Mobile Safari/534.30" "-" "0.004" "0.005"
61.158.148.99 - - [18/Mar/2020:01:17:36 +0800] "POST /api/ssvoice/account/heart/beat/100386519/jform HTTP/1.1" 200 "32" "-" "-" "Mozilla/5.0 (Linux; U; Android 9; zh-cn; MI CC9 Pro Build/PKQ1.190302.001) AppleWebKit/533.1 (KHTML, like Gecko) Version/5.0 Mobile Safari/533.1" "-" "0.002" "0.003"
183.209.57.57 - - [18/Mar/2020:01:18:01 +0800] "GET /api/ssvoice/chat/get/microphonelist4/31519/json HTTP/1.1" 200 "3456" "-" "-" "NEngine/1.0 (compatible; MSIE 6.0; Windows NT 5.1)" "-" "0.028" "0.028"
183.209.57.57 - - [18/Mar/2020:01:18:04 +0800] "GET /api/ssvoice/chat/get/microphonelist4/31519/json HTTP/1.1" 200 "3456" "-" "-" "NEngine/1.0 (compatible; MSIE 6.0; Windows NT 5.1)" "-" "0.021" "0.021"
183.209.57.57 - - [18/Mar/2020:01:18:08 +0800] "GET /api/ssvoice/chat/get/microphonelist4/31519/json HTTP/1.1" 200 "3456" "-" "-" "NEngine/1.0 (compatible; MSIE 6.0; Windows NT 5.1)" "-" "0.028" "0.029"
183.209.57.57 - - [18/Mar/2020:01:18:11 +0800] "GET /api/ssvoice/chat/get/microphonelist4/31519/json HTTP/1.1" 200 "3456" "-" "-" "NEngine/1.0 (compatible; MSIE 6.0; Windows NT 5.1)" "-" "0.022" "0.021"
183.209.57.57 - - [18/Mar/2020:01:18:15 +0800] "GET /api/ssvoice/chat/get/microphonelist4/31519/json HTTP/1.1" 200 "3456" "-" "-" "NEngine/1.0 (compatible; MSIE 6.0; Windows NT 5.1)" "-" "0.027" "0.027"
183.209.57.57 - - [18/Mar/2020:01:18:17 +0800] "GET /api/ssvoice/chat/get/microphonelist4/31519/json HTTP/1.1" 200 "3456" "-" "-" "NEngine/1.0 (compatible; MSIE 6.0; Windows NT 5.1)" "-" "0.029" "0.028"
183.209.57.57 - - [18/Mar/2020:01:18:22 +0800] "GET /api/ssvoice/chat/get/microphonelist4/31519/json HTTP/1.1" 200 "3456" "-" "-" "NEngine/1.0 (compatible; MSIE 6.0; Windows NT 5.1)" "-" "0.038" "0.037"
106.111.148.0 - - [18/Mar/2020:01:18:27 +0800] "POST /api/ssvoice/person/get/xinxiu/list/jform HTTP/1.1" 200 "28" "loginKey=87b611d3fc17d782" "-" "Mozilla/5.0 (Linux; U; Android 10; zh-cn; Redmi K20 Pro Build/QKQ1.190825.002) AppleWebKit/533.1 (KHTML, like Gecko) Version/5.0 Mobile Safari/533.1" "-" "0.005" "0.003"
183.209.57.57 - - [18/Mar/2020:01:18:33 +0800] "GET /api/ssvoice/chat/get/microphonelist4/31519/json HTTP/1.1" 200 "3458" "-" "-" "NEngine/1.0 (compatible; MSIE 6.0; Windows NT 5.1)" "-" "0.038" "0.037"
119.41.152.59 - - [18/Mar/2020:01:18:35 +0800] "POST /api/ssvoice/person/get/xinxiu/list/jform HTTP/1.1" 200 "28" "loginKey=02f0ed7f157119cc" "-" "Mozilla/5.0 (Linux; U; Android 8.1.0; zh-cn; CMCC M761 Build/OPM1.171019.026) AppleWebKit/534.30 (KHTML, like Gecko) Version/4.0 Mobile Safari/534.30" "-" "0.005" "0.004"
183.209.57.57 - - [18/Mar/2020:01:18:40 +0800] "GET /api/ssvoice/chat/get/microphonelist4/31519/json HTTP/1.1" 200 "3460" "-" "-" "NEngine/1.0 (compatible; MSIE 6.0; Windows NT 5.1)" "-" "0.039" "0.039"
183.209.57.57 - - [18/Mar/2020:01:18:43 +0800] "GET /api/ssvoice/chat/get/microphonelist4/31519/json HTTP/1.1" 200 "3460" "-" "-" "NEngine/1.0 (compatible; MSIE 6.0; Windows NT 5.1)" "-" "0.029" "0.028"
183.209.57.57 - - [18/Mar/2020:01:18:46 +0800] "GET /api/ssvoice/chat/get/microphonelist4/31519/json HTTP/1.1" 200 "3460" "-" "-" "NEngine/1.0 (compatible; MSIE 6.0; Windows NT 5.1)" "-" "0.030" "0.030"
183.209.57.57 - - [18/Mar/2020:01:18:48 +0800] "GET /api/ssvoice/chat/get/microphonelist4/31519/json HTTP/1.1" 200 "3460" "-" "-" "NEngine/1.0 (compatible; MSIE 6.0; Windows NT 5.1)" "-" "0.024" "0.024"
183.209.57.57 - - [18/Mar/2020:01:18:51 +0800] "GET /api/ssvoice/chat/get/microphonelist4/31519/json HTTP/1.1" 200 "3460" "-" "-" "NEngine/1.0 (compatible; MSIE 6.0; Windows NT 5.1)" "-" "0.022" "0.022"
106.111.148.0 - - [18/Mar/2020:01:18:52 +0800] "POST /api/ssvoice/person/get/xinxiu/list/jform HTTP/1.1" 200 "28" "loginKey=87b611d3fc17d782" "-" "Mozilla/5.0 (Linux; U; Android 10; zh-cn; Redmi K20 Pro Build/QKQ1.190825.002) AppleWebKit/533.1 (KHTML, like Gecko) Version/5.0 Mobile Safari/533.1" "-" "0.005" "0.004"
183.209.57.57 - - [18/Mar/2020:01:18:53 +0800] "GET /api/ssvoice/chat/get/microphonelist4/31519/json HTTP/1.1" 200 "3460" "-" "-" "NEngine/1.0 (compatible; MSIE 6.0; Windows NT 5.1)" "-" "0.026" "0.025"
119.41.152.59 - - [18/Mar/2020:01:19:13 +0800] "POST /api/ssvoice/person/get/xinxiu/list/jform HTTP/1.1" 200 "28" "loginKey=02f0ed7f157119cc" "-" "Mozilla/5.0 (Linux; U; Android 8.1.0; zh-cn; CMCC M761 Build/OPM1.171019.026) AppleWebKit/534.30 (KHTML, like Gecko) Version/4.0 Mobile Safari/534.30" "-" "0.004" "0.004"
106.111.148.0 - - [18/Mar/2020:01:19:19 +0800] "POST /api/ssvoice/person/get/xinxiu/list/jform HTTP/1.1" 200 "28" "loginKey=87b611d3fc17d782" "-" "Mozilla/5.0 (Linux; U; Android 10; zh-cn; Redmi K20 Pro Build/QKQ1.190825.002) AppleWebKit/533.1 (KHTML, like Gecko) Version/5.0 Mobile Safari/533.1" "-" "0.005" "0.004"
119.41.152.59 - - [18/Mar/2020:01:19:40 +0800] "POST /api/ssvoice/person/get/xinxiu/list/jform HTTP/1.1" 200 "28" "loginKey=02f0ed7f157119cc" "-" "Mozilla/5.0 (Linux; U; Android 8.1.0; zh-cn; CMCC M761 Build/OPM1.171019.026) AppleWebKit/534.30 (KHTML, like Gecko) Version/4.0 Mobile Safari/534.30" "-" "0.004" "0.004"
58.243.250.205 - - [18/Mar/2020:01:19:59 +0800] "POST /api/ssvoice/account/heart/beat/100386677/jform HTTP/1.1" 200 "32" "-" "-" "Mozilla/5.0 (Linux; U; Android 5.1; zh-cn; vivo X6D Build/LMY47I) AppleWebKit/534.30 (KHTML, like Gecko) Version/4.0 Mobile Safari/534.30" "-" "0.002" "0.003"
119.41.152.59 - - [18/Mar/2020:01:20:03 +0800] "POST /api/ssvoice/person/get/xinxiu/list/jform HTTP/1.1" 200 "28" "loginKey=02f0ed7f157119cc" "-" "Mozilla/5.0 (Linux; U; Android 8.1.0; zh-cn; CMCC M761 Build/OPM1.171019.026) AppleWebKit/534.30 (KHTML, like Gecko) Version/4.0 Mobile Safari/534.30" "-" "0.004" "0.003"
106.111.148.0 - - [18/Mar/2020:01:20:27 +0800] "POST /api/ssvoice/person/get/xinxiu/list/jform HTTP/1.1" 200 "28" "loginKey=87b611d3fc17d782" "-" "Mozilla/5.0 (Linux; U; Android 10; zh-cn; Redmi K20 Pro Build/QKQ1.190825.002) AppleWebKit/533.1 (KHTML, like Gecko) Version/5.0 Mobile Safari/533.1" "-" "0.005" "0.004"
120.27.245.6 - - [18/Mar/2020:01:20:28 +0800] "POST /api-ssvoice/api/ssvoice/account/update/user/num/jform HTTP/1.1" 200 "29" "ssId=100402262" "-" "Apache-HttpClient/4.5.1 (Java/1.7.0_79)" "-" "0.025" "0.025"
119.41.152.59 - - [18/Mar/2020:01:20:35 +0800] "POST /api/ssvoice/person/get/xinxiu/list/jform HTTP/1.1" 200 "28" "loginKey=02f0ed7f157119cc" "-" "Mozilla/5.0 (Linux; U; Android 8.1.0; zh-cn; CMCC M761 Build/OPM1.171019.026) AppleWebKit/534.30 (KHTML, like Gecko) Version/4.0 Mobile Safari/534.30" "-" "0.005" "0.004"
106.111.148.0 - - [18/Mar/2020:01:20:52 +0800] "POST /api/ssvoice/person/get/xinxiu/list/jform HTTP/1.1" 200 "28" "loginKey=87b611d3fc17d782" "-" "Mozilla/5.0 (Linux; U; Android 10; zh-cn; Redmi K20 Pro Build/QKQ1.190825.002) AppleWebKit/533.1 (KHTML, like Gecko) Version/5.0 Mobile Safari/533.1" "-" "0.006" "0.005"
101.37.24.89 - - [18/Mar/2020:01:21:33 +0800] "POST /api-ssvoice/api/ssvoice/account/update/user/num/jform HTTP/1.1" 200 "29" "ssId=100402262" "-" "Apache-HttpClient/4.5.1 (Java/1.7.0_79)" "-" "0.023" "0.022"
223.149.104.215 - - [18/Mar/2020:01:22:17 +0800] "GET /api/ssvoice/chat/get/microphonelist4/31552/json HTTP/1.1" 200 "2765" "-" "-" "NEngine/1.0 (compatible; MSIE 6.0; Windows NT 5.1)" "-" "0.012" "0.012"
223.149.104.215 - - [18/Mar/2020:01:22:21 +0800] "GET /api/ssvoice/chat/get/microphone/request/list3/31552/json HTTP/1.1" 200 "603" "-" "-" "NEngine/1.0 (compatible; MSIE 6.0; Windows NT 5.1)" "-" "0.008" "0.008"
223.149.104.215 - - [18/Mar/2020:01:22:23 +0800] "GET /api/ssvoice/chat/get/microphone/request/list3/31552/json HTTP/1.1" 200 "603" "-" "-" "NEngine/1.0 (compatible; MSIE 6.0; Windows NT 5.1)" "-" "0.008" "0.008"
223.149.104.215 - - [18/Mar/2020:01:22:25 +0800] "POST /api/ssvoice/chat/on/microphone/jform HTTP/1.1" 200 "29" "loginKey=c5eb0eb907d1275a&crId=31552&microphoneId=4&toSsId=100380539" "-" "NEngine/1.0 (compatible; MSIE 6.0; Windows NT 5.1)" "-" "0.078" "0.043"
106.111.148.0 - - [18/Mar/2020:01:22:27 +0800] "POST /api/ssvoice/person/get/xinxiu/list/jform HTTP/1.1" 200 "28" "loginKey=87b611d3fc17d782" "-" "Mozilla/5.0 (Linux; U; Android 10; zh-cn; Redmi K20 Pro Build/QKQ1.190825.002) AppleWebKit/533.1 (KHTML, like Gecko) Version/5.0 Mobile Safari/533.1" "-" "0.004" "0.004"
119.41.152.59 - - [18/Mar/2020:01:23:02 +0800] "POST /api/ssvoice/person/get/xinxiu/list/jform HTTP/1.1" 200 "28" "loginKey=02f0ed7f157119cc" "-" "Mozilla/5.0 (Linux; U; Android 8.1.0; zh-cn; CMCC M761 Build/OPM1.171019.026) AppleWebKit/534.30 (KHTML, like Gecko) Version/4.0 Mobile Safari/534.30" "-" "0.004" "0.004"
119.41.152.59 - - [18/Mar/2020:01:23:03 +0800] "POST /api/ssvoice/person/get/xinxiu/list/jform HTTP/1.1" 200 "28" "loginKey=02f0ed7f157119cc" "-" "Mozilla/5.0 (Linux; U; Android 8.1.0; zh-cn; CMCC M761 Build/OPM1.171019.026) AppleWebKit/534.30 (KHTML, like Gecko) Version/4.0 Mobile Safari/534.30" "-" "0.006" "0.006"
119.41.152.59 - - [18/Mar/2020:01:23:05 +0800] "POST /api/ssvoice/person/get/xinxiu/list/jform HTTP/1.1" 200 "28" "loginKey=02f0ed7f157119cc" "-" "Mozilla/5.0 (Linux; U; Android 8.1.0; zh-cn; CMCC M761 Build/OPM1.171019.026) AppleWebKit/534.30 (KHTML, like Gecko) Version/4.0 Mobile Safari/534.30" "-" "0.003" "0.004"
223.149.104.215 - - [18/Mar/2020:01:23:16 +0800] "GET /api/ssvoice/chat/get/microphonelist4/31552/json HTTP/1.1" 200 "3498" "-" "-" "NEngine/1.0 (compatible; MSIE 6.0; Windows NT 5.1)" "-" "0.033" "0.033"
202.60.134.68 - - [18/Mar/2020:01:24:01 +0800] "GET /api/ssvoice/chat/get/microphonelist4/31519/json HTTP/1.1" 200 "3460" "-" "-" "NEngine/1.0 (compatible; MSIE 6.0; Windows NT 5.1)" "-" "0.033" "0.033"
202.60.134.68 - - [18/Mar/2020:01:24:04 +0800] "GET /api/ssvoice/chat/get/microphonelist4/31519/json HTTP/1.1" 200 "3460" "-" "-" "NEngine/1.0 (compatible; MSIE 6.0; Windows NT 5.1)" "-" "0.025" "0.024"
202.60.134.68 - - [18/Mar/2020:01:24:08 +0800] "GET /api/ssvoice/chat/get/microphonelist4/31519/json HTTP/1.1" 200 "3460" "-" "-" "NEngine/1.0 (compatible; MSIE 6.0; Windows NT 5.1)" "-" "0.034" "0.033"
202.60.134.68 - - [18/Mar/2020:01:24:11 +0800] "GET /api/ssvoice/chat/get/microphonelist4/31519/json HTTP/1.1" 200 "3460" "-" "-" "NEngine/1.0 (compatible; MSIE 6.0; Windows NT 5.1)" "-" "0.027" "0.028"
202.60.134.68 - - [18/Mar/2020:01:24:15 +0800] "GET /api/ssvoice/chat/get/microphonelist4/31519/json HTTP/1.1" 200 "3460" "-" "-" "NEngine/1.0 (compatible; MSIE 6.0; Windows NT 5.1)" "-" "0.033" "0.032"
202.60.134.68 - - [18/Mar/2020:01:24:17 +0800] "GET /api/ssvoice/chat/get/microphonelist4/31519/json HTTP/1.1" 200 "3460" "-" "-" "NEngine/1.0 (compatible; MSIE 6.0; Windows NT 5.1)" "-" "0.022" "0.022"
180.130.2.172 - - [18/Mar/2020:01:24:18 +0800] "POST /api/ssvoice/vip/get/vip/colors/jform HTTP/1.1" 200 "1608" "timeStamps=timeStamps" "-" "Mozilla/5.0 (Linux; U; Android 9; my-zg; V1934A Build/PPR1.180610.011) AppleWebKit/533.1 (KHTML, like Gecko) Version/5.0 Mobile Safari/533.1" "-" "0.003" "0.003"
202.60.134.68 - - [18/Mar/2020:01:24:20 +0800] "GET /api/ssvoice/chat/get/microphonelist4/31519/json HTTP/1.1" 200 "3460" "-" "-" "NEngine/1.0 (compatible; MSIE 6.0; Windows NT 5.1)" "-" "0.031" "0.031"
202.60.134.68 - - [18/Mar/2020:01:24:23 +0800] "GET /api/ssvoice/chat/get/microphonelist4/31519/json HTTP/1.1" 200 "3460" "-" "-" "NEngine/1.0 (compatible; MSIE 6.0; Windows NT 5.1)" "-" "0.022" "0.021"
202.60.134.68 - - [18/Mar/2020:01:24:27 +0800] "GET /api/ssvoice/chat/get/microphonelist4/31519/json HTTP/1.1" 200 "3460" "-" "-" "NEngine/1.0 (compatible; MSIE 6.0; Windows NT 5.1)" "-" "0.029" "0.028"
106.111.148.0 - - [18/Mar/2020:01:24:27 +0800] "POST /api/ssvoice/person/get/xinxiu/list/jform HTTP/1.1" 200 "28" "loginKey=87b611d3fc17d782" "-" "Mozilla/5.0 (Linux; U; Android 10; zh-cn; Redmi K20 Pro Build/QKQ1.190825.002) AppleWebKit/533.1 (KHTML, like Gecko) Version/5.0 Mobile Safari/533.1" "-" "0.003" "0.003"
106.111.148.0 - - [18/Mar/2020:01:24:28 +0800] "POST /api/ssvoice/person/get/xinxiu/list/jform HTTP/1.1" 200 "28" "loginKey=87b611d3fc17d782" "-" "Mozilla/5.0 (Linux; U; Android 10; zh-cn; Redmi K20 Pro Build/QKQ1.190825.002) AppleWebKit/533.1 (KHTML, like Gecko) Version/5.0 Mobile Safari/533.1" "-" "0.004" "0.003"
202.60.134.68 - - [18/Mar/2020:01:24:31 +0800] "GET /api/ssvoice/chat/get/microphonelist4/31519/json HTTP/1.1" 200 "3460" "-" "-" "NEngine/1.0 (compatible; MSIE 6.0; Windows NT 5.1)" "-" "0.022" "0.021"
