58.243.250.205 - - [18/Mar/2020:01:24:44 +0800] "POST /api/ssvoice/account/save/user/ext/info/d7d11ca9e58b4f1e/jform HTTP/1.1" 200 "32" "appVersion=v1.40.5450.507000&iccId=&system=1&province=&latitude=0.0&imei=&imsi=&mac=FC1A110CE516&network=2&longitude=0.0" "-" "Mozilla/5.0 (Linux; U; Android 5.1; zh-cn; vivo X6D Build/LMY47I) AppleWebKit/534.30 (KHTML, like Gecko) Version/4.0 Mobile Safari/534.30" "-" "0.004" "0.005"
58.243.250.205 - - [18/Mar/2020:01:24:46 +0800] "POST /api/ssvoice/recommend/all/room/tag/jform HTTP/1.1" 200 "1252" "timeStamp=1" "-" "Mozilla/5.0 (Linux; U; Android 5.1; zh-cn; vivo X6D Build/LMY47I) AppleWebKit/534.30 (KHTML, like Gecko) Version/4.0 Mobile Safari/534.30" "-" "0.003" "0.002"
58.243.250.205 - - [18/Mar/2020:01:24:46 +0800] "POST /api/ssvoice/skillnew/recommend/skill/by/skillTypeId/133V/jform HTTP/1.1" 200 "28912" "timeStamp=1584465884416" "-" "Mozilla/5.0 (Linux; U; Android 5.1; zh-cn; vivo X6D Build/LMY47I) AppleWebKit/534.30 (KHTML, like Gecko) Version/4.0 Mobile Safari/534.30" "-" "0.272" "0.234"
58.243.250.205 - - [18/Mar/2020:01:24:46 +0800] "POST /api/ssvoice/chat/get/play/room/num/jform HTTP/1.1" 200 "70" "password=abc" "-" "Mozilla/5.0 (Linux; U; Android 5.1; zh-cn; vivo X6D Build/LMY47I) AppleWebKit/534.30 (KHTML, like Gecko) Version/4.0 Mobile Safari/534.30" "-" "0.003" "0.004"
58.243.250.205 - - [18/Mar/2020:01:24:46 +0800] "POST /api/ssvoice/chat/get/total/top/list/new/jform HTTP/1.1" 200 "21070" "offset=0&count=3&type=1" "-" "Mozilla/5.0 (Linux; U; Android 5.1; zh-cn; vivo X6D Build/LMY47I) AppleWebKit/534.30 (KHTML, like Gecko) Version/4.0 Mobile Safari/534.30" "-" "0.284" "0.249"
58.243.250.205 - - [18/Mar/2020:01:24:47 +0800] "POST /api/ssvoice/cp/get/cp/succeed/list/jform HTTP/1.1" 200 "11862" "offset=0&loginKey=d7d11ca9e58b4f1e&count=20" "-" "Mozilla/5.0 (Linux; U; Android 5.1; zh-cn; vivo X6D Build/LMY47I) AppleWebKit/534.30 (KHTML, like Gecko) Version/4.0 Mobile Safari/534.30" "-" "0.079" "0.078"
58.243.250.205 - - [18/Mar/2020:01:24:47 +0800] "POST /api/ssvoice/recommend/recommend/common/tag/jform HTTP/1.1" 200 "2170" "type=1" "-" "Mozilla/5.0 (Linux; U; Android 5.1; zh-cn; vivo X6D Build/LMY47I) AppleWebKit/534.30 (KHTML, like Gecko) Version/4.0 Mobile Safari/534.30" "-" "0.003" "0.003"
58.243.250.205 - - [18/Mar/2020:01:24:47 +0800] "POST /api/ssvoice/cp/get/cp/succeed/list/jform HTTP/1.1" 200 "11862" "offset=0&loginKey=d7d11ca9e58b4f1e&count=20" "-" "Mozilla/5.0 (Linux; U; Android 5.1; zh-cn; vivo X6D Build/LMY47I) AppleWebKit/534.30 (KHTML, like Gecko) Version/4.0 Mobile Safari/534.30" "-" "0.041" "0.039"
58.243.250.205 - - [18/Mar/2020:01:24:48 +0800] "POST /api/ssvoice/res/switch/activity/switch/show/jform HTTP/1.1" 200 "28" "code=game" "-" "Mozilla/5.0 (Linux; U; Android 5.1; zh-cn; vivo X6D Build/LMY47I) AppleWebKit/534.30 (KHTML, like Gecko) Version/4.0 Mobile Safari/534.30" "-" "0.005" "0.003"
58.243.250.205 - - [18/Mar/2020:01:24:48 +0800] "POST /api/ssvoice/skillnew/judge/user/haveskill/jform HTTP/1.1" 200 "29" "type=2&ssId=100386677" "-" "Mozilla/5.0 (Linux; U; Android 5.1; zh-cn; vivo X6D Build/LMY47I) AppleWebKit/534.30 (KHTML, like Gecko) Version/4.0 Mobile Safari/534.30" "-" "0.003" "0.003"
58.243.250.205 - - [18/Mar/2020:01:24:48 +0800] "POST /api/ssvoice/account/heart/beat/100386677/jform HTTP/1.1" 200 "32" "-" "-" "Mozilla/5.0 (Linux; U; Android 5.1; zh-cn; vivo X6D Build/LMY47I) AppleWebKit/534.30 (KHTML, like Gecko) Version/4.0 Mobile Safari/534.30" "-" "0.003" "0.003"
58.243.250.205 - - [18/Mar/2020:01:24:50 +0800] "POST /api/ssvoice/chat/delete/microphone/request/jform HTTP/1.1" 200 "29" "crId=31573&loginKey=d7d11ca9e58b4f1e" "-" "Mozilla/5.0 (Linux; U; Android 5.1; zh-cn; vivo X6D Build/LMY47I) AppleWebKit/534.30 (KHTML, like Gecko) Version/4.0 Mobile Safari/534.30" "-" "0.038" "0.038"
106.111.148.0 - - [18/Mar/2020:01:24:52 +0800] "POST /api/ssvoice/person/get/xinxiu/list/jform HTTP/1.1" 200 "28" "loginKey=87b611d3fc17d782" "-" "Mozilla/5.0 (Linux; U; Android 10; zh-cn; Redmi K20 Pro Build/QKQ1.190825.002) AppleWebKit/533.1 (KHTML, like Gecko) Version/5.0 Mobile Safari/533.1" "-" "0.005" "0.004"
106.111.148.0 - - [18/Mar/2020:01:25:19 +0800] "POST /api/ssvoice/person/get/xinxiu/list/jform HTTP/1.1" 200 "28" "loginKey=87b611d3fc17d782" "-" "Mozilla/5.0 (Linux; U; Android 10; zh-cn; Redmi K20 Pro Build/QKQ1.190825.002) AppleWebKit/533.1 (KHTML, like Gecko) Version/5.0 Mobile Safari/533.1" "-" "0.004" "0.003"
36.23.126.202 - - [18/Mar/2020:01:25:43 +0800] "POST /api/ssvoice/vip/get/vip/colors/jform HTTP/1.1" 200 "1608" "timeStamps=timeStamps" "-" "Mozilla/5.0 (Linux; U; Android 6.0.1; zh-cn; OPPO R9sk Build/MMB29M) AppleWebKit/534.30 (KHTML, like Gecko) Version/4.0 Mobile Safari/534.30" "-" "0.003" "0.002"
106.111.148.0 - - [18/Mar/2020:01:26:27 +0800] "POST /api/ssvoice/person/get/xinxiu/list/jform HTTP/1.1" 200 "28" "loginKey=87b611d3fc17d782" "-" "Mozilla/5.0 (Linux; U; Android 10; zh-cn; Redmi K20 Pro Build/QKQ1.190825.002) AppleWebKit/533.1 (KHTML, like Gecko) Version/5.0 Mobile Safari/533.1" "-" "0.004" "0.004"
61.158.148.99 - - [18/Mar/2020:01:26:36 +0800] "POST /api/ssvoice/account/heart/beat/100386519/jform HTTP/1.1" 200 "32" "-" "-" "Mozilla/5.0 (Linux; U; Android 9; zh-cn; MI CC9 Pro Build/PKQ1.190302.001) AppleWebKit/533.1 (KHTML, like Gecko) Version/5.0 Mobile Safari/533.1" "-" "0.002" "0.002"
106.111.148.0 - - [18/Mar/2020:01:26:42 +0800] "POST /api/ssvoice/person/get/xinxiu/list/jform HTTP/1.1" 200 "28" "loginKey=87b611d3fc17d782" "-" "Mozilla/5.0 (Linux; U; Android 10; zh-cn; Redmi K20 Pro Build/QKQ1.190825.002) AppleWebKit/533.1 (KHTML, like Gecko) Version/5.0 Mobile Safari/533.1" "-" "0.004" "0.003"
202.60.134.68 - - [18/Mar/2020:01:26:47 +0800] "GET /api/ssvoice/chat/get/microphonelist4/31519/json HTTP/1.1" 200 "3460" "-" "-" "NEngine/1.0 (compatible; MSIE 6.0; Windows NT 5.1)" "-" "0.038" "0.037"
202.60.134.68 - - [18/Mar/2020:01:26:51 +0800] "GET /api/ssvoice/chat/get/microphonelist4/31519/json HTTP/1.1" 200 "3460" "-" "-" "NEngine/1.0 (compatible; MSIE 6.0; Windows NT 5.1)" "-" "0.027" "0.027"
106.111.148.0 - - [18/Mar/2020:01:26:52 +0800] "POST /api/ssvoice/person/get/xinxiu/list/jform HTTP/1.1" 200 "28" "loginKey=87b611d3fc17d782" "-" "Mozilla/5.0 (Linux; U; Android 10; zh-cn; Redmi K20 Pro Build/QKQ1.190825.002) AppleWebKit/533.1 (KHTML, like Gecko) Version/5.0 Mobile Safari/533.1" "-" "0.005" "0.004"
202.60.134.68 - - [18/Mar/2020:01:26:53 +0800] "GET /api/ssvoice/chat/get/microphonelist4/31519/json HTTP/1.1" 200 "3460" "-" "-" "NEngine/1.0 (compatible; MSIE 6.0; Windows NT 5.1)" "-" "0.035" "0.034"
223.149.104.215 - - [18/Mar/2020:01:27:17 +0800] "GET /api/ssvoice/chat/get/microphonelist4/31552/json HTTP/1.1" 200 "3498" "-" "-" "NEngine/1.0 (compatible; MSIE 6.0; Windows NT 5.1)" "-" "0.029" "0.029"
106.111.148.0 - - [18/Mar/2020:01:27:19 +0800] "POST /api/ssvoice/person/get/xinxiu/list/jform HTTP/1.1" 200 "28" "loginKey=87b611d3fc17d782" "-" "Mozilla/5.0 (Linux; U; Android 10; zh-cn; Redmi K20 Pro Build/QKQ1.190825.002) AppleWebKit/533.1 (KHTML, like Gecko) Version/5.0 Mobile Safari/533.1" "-" "0.005" "0.005"
202.60.134.68 - - [18/Mar/2020:01:27:28 +0800] "GET /api/ssvoice/chat/get/microphonelist4/31519/json HTTP/1.1" 200 "3460" "-" "-" "NEngine/1.0 (compatible; MSIE 6.0; Windows NT 5.1)" "-" "0.030" "0.030"
202.60.134.68 - - [18/Mar/2020:01:27:32 +0800] "GET /api/ssvoice/chat/get/microphonelist4/31519/json HTTP/1.1" 200 "3460" "-" "-" "NEngine/1.0 (compatible; MSIE 6.0; Windows NT 5.1)" "-" "0.025" "0.024"
202.60.134.68 - - [18/Mar/2020:01:27:37 +0800] "GET /api/ssvoice/chat/get/microphonelist4/31519/json HTTP/1.1" 200 "3460" "-" "-" "NEngine/1.0 (compatible; MSIE 6.0; Windows NT 5.1)" "-" "0.037" "0.037"
202.60.134.68 - - [18/Mar/2020:01:27:42 +0800] "GET /api/ssvoice/chat/get/microphonelist4/31519/json HTTP/1.1" 200 "3460" "-" "-" "NEngine/1.0 (compatible; MSIE 6.0; Windows NT 5.1)" "-" "0.024" "0.025"
202.60.134.68 - - [18/Mar/2020:01:27:43 +0800] "GET /api/ssvoice/chat/get/microphonelist4/31519/json HTTP/1.1" 200 "3460" "-" "-" "NEngine/1.0 (compatible; MSIE 6.0; Windows NT 5.1)" "-" "0.032" "0.032"
101.37.24.89 - - [18/Mar/2020:01:28:13 +0800] "POST /api-ssvoice/api/ssvoice/account/update/user/num/jform HTTP/1.1" 200 "29" "ssId=100203496" "-" "Apache-HttpClient/4.5.1 (Java/1.7.0_79)" "-" "0.014" "0.014"
106.111.148.0 - - [18/Mar/2020:01:28:27 +0800] "POST /api/ssvoice/person/get/xinxiu/list/jform HTTP/1.1" 200 "28" "loginKey=87b611d3fc17d782" "-" "Mozilla/5.0 (Linux; U; Android 10; zh-cn; Redmi K20 Pro Build/QKQ1.190825.002) AppleWebKit/533.1 (KHTML, like Gecko) Version/5.0 Mobile Safari/533.1" "-" "0.005" "0.005"
106.111.148.0 - - [18/Mar/2020:01:28:38 +0800] "POST /api/ssvoice/person/get/xinxiu/list/jform HTTP/1.1" 200 "28" "loginKey=87b611d3fc17d782" "-" "Mozilla/5.0 (Linux; U; Android 10; zh-cn; Redmi K20 Pro Build/QKQ1.190825.002) AppleWebKit/533.1 (KHTML, like Gecko) Version/5.0 Mobile Safari/533.1" "-" "0.005" "0.004"
183.209.57.57 - - [18/Mar/2020:01:29:10 +0800] "GET /api/ssvoice/chat/get/microphonelist4/31519/json HTTP/1.1" 200 "3460" "-" "-" "NEngine/1.0 (compatible; MSIE 6.0; Windows NT 5.1)" "-" "0.028" "0.028"
202.60.134.68 - - [18/Mar/2020:01:29:10 +0800] "GET /api/ssvoice/chat/get/microphonelist4/31519/json HTTP/1.1" 200 "3460" "-" "-" "NEngine/1.0 (compatible; MSIE 6.0; Windows NT 5.1)" "-" "0.021" "0.021"
183.209.57.57 - - [18/Mar/2020:01:29:13 +0800] "GET /api/ssvoice/chat/get/microphonelist4/31519/json HTTP/1.1" 200 "3460" "-" "-" "NEngine/1.0 (compatible; MSIE 6.0; Windows NT 5.1)" "-" "0.022" "0.022"
202.60.134.68 - - [18/Mar/2020:01:29:13 +0800] "GET /api/ssvoice/chat/get/microphonelist4/31519/json HTTP/1.1" 200 "3460" "-" "-" "NEngine/1.0 (compatible; MSIE 6.0; Windows NT 5.1)" "-" "0.021" "0.021"
119.41.152.59 - - [18/Mar/2020:01:29:33 +0800] "POST /api/ssvoice/ordernew/1v1/order/state/jform HTTP/1.1" 200 "28" "ssId2=100402613&ssId1=100321431" "-" "Mozilla/5.0 (Linux; U; Android 8.1.0; zh-cn; CMCC M761 Build/OPM1.171019.026) AppleWebKit/534.30 (KHTML, like Gecko) Version/4.0 Mobile Safari/534.30" "-" "0.014" "0.014"
119.41.152.59 - - [18/Mar/2020:01:29:33 +0800] "POST /api/ssvoice/person/userfollowrelation/02f0ed7f157119cc/jform HTTP/1.1" 200 "29" "ssId=100402613" "-" "Mozilla/5.0 (Linux; U; Android 8.1.0; zh-cn; CMCC M761 Build/OPM1.171019.026) AppleWebKit/534.30 (KHTML, like Gecko) Version/4.0 Mobile Safari/534.30" "-" "0.006" "0.005"
119.41.152.59 - - [18/Mar/2020:01:29:33 +0800] "POST /api/ssvoice/ordernew/1v1/order/state/jform HTTP/1.1" 200 "28" "ssId2=100402613&ssId1=100321431" "-" "Mozilla/5.0 (Linux; U; Android 8.1.0; zh-cn; CMCC M761 Build/OPM1.171019.026) AppleWebKit/534.30 (KHTML, like Gecko) Version/4.0 Mobile Safari/534.30" "-" "0.015" "0.016"
119.41.152.59 - - [18/Mar/2020:01:29:34 +0800] "GET /api/ssvoice/chat/get/room/version/json HTTP/1.1" 200 "31" "-" "-" "Mozilla/5.0 (Linux; U; Android 8.1.0; zh-cn; CMCC M761 Build/OPM1.171019.026) AppleWebKit/534.30 (KHTML, like Gecko) Version/4.0 Mobile Safari/534.30" "-" "0.001" "0.001"
119.41.152.59 - - [18/Mar/2020:01:29:35 +0800] "POST /api/ssvoice/cp/get/cp/succeed/list/jform HTTP/1.1" 200 "2519" "offset=0&loginKey=02f0ed7f157119cc&count=20" "-" "Mozilla/5.0 (Linux; U; Android 8.1.0; zh-cn; CMCC M761 Build/OPM1.171019.026) AppleWebKit/534.30 (KHTML, like Gecko) Version/4.0 Mobile Safari/534.30" "-" "0.011" "0.011"
119.41.152.59 - - [18/Mar/2020:01:29:35 +0800] "POST /api/ssvoice/person/getfollowlist/02f0ed7f157119cc/100321431/0/20/jform HTTP/1.1" 200 "10609" "-" "-" "Mozilla/5.0 (Linux; U; Android 8.1.0; zh-cn; CMCC M761 Build/OPM1.171019.026) AppleWebKit/534.30 (KHTML, like Gecko) Version/4.0 Mobile Safari/534.30" "-" "0.179" "0.179"
119.41.152.59 - - [18/Mar/2020:01:29:35 +0800] "POST /api/ssvoice/vip/get/vip/center/message/02f0ed7f157119cc/jform HTTP/1.1" 200 "2233" "-" "-" "Mozilla/5.0 (Linux; U; Android 8.1.0; zh-cn; CMCC M761 Build/OPM1.171019.026) AppleWebKit/534.30 (KHTML, like Gecko) Version/4.0 Mobile Safari/534.30" "-" "0.006" "0.007"
119.41.152.59 - - [18/Mar/2020:01:29:42 +0800] "POST /api/ssvoice/person/get/xinxiu/list/jform HTTP/1.1" 200 "28" "loginKey=02f0ed7f157119cc" "-" "Mozilla/5.0 (Linux; U; Android 8.1.0; zh-cn; CMCC M761 Build/OPM1.171019.026) AppleWebKit/534.30 (KHTML, like Gecko) Version/4.0 Mobile Safari/534.30" "-" "0.004" "0.005"
119.41.152.59 - - [18/Mar/2020:01:29:46 +0800] "POST /api/ssvoice/IOSCheck/get/newUserInfo/ios/list/jform HTTP/1.1" 200 "9248" "offset=0&loginKey=02f0ed7f157119cc&count=20" "-" "Mozilla/5.0 (Linux; U; Android 8.1.0; zh-cn; CMCC M761 Build/OPM1.171019.026) AppleWebKit/534.30 (KHTML, like Gecko) Version/4.0 Mobile Safari/534.30" "-" "0.071" "0.071"
119.41.152.59 - - [18/Mar/2020:01:29:46 +0800] "POST /api/ssvoice/gift/get/chatroom/gift/list/new/jform HTTP/1.1" 200 "50527" "-" "-" "Mozilla/5.0 (Linux; U; Android 8.1.0; zh-cn; CMCC M761 Build/OPM1.171019.026) AppleWebKit/534.30 (KHTML, like Gecko) Version/4.0 Mobile Safari/534.30" "-" "0.088" "0.034"
119.41.152.59 - - [18/Mar/2020:01:29:47 +0800] "POST /api/ssvoice/treasure/hunt/get/is/show/jform HTTP/1.1" 200 "32" "crId=31598" "-" "Mozilla/5.0 (Linux; U; Android 8.1.0; zh-cn; CMCC M761 Build/OPM1.171019.026) AppleWebKit/534.30 (KHTML, like Gecko) Version/4.0 Mobile Safari/534.30" "-" "0.002" "0.003"
119.41.152.59 - - [18/Mar/2020:01:29:47 +0800] "POST /api/ssvoice/room/agent/is/join/jform HTTP/1.1" 200 "30" "ssId=100321431&roomId=31598" "-" "Mozilla/5.0 (Linux; U; Android 8.1.0; zh-cn; CMCC M761 Build/OPM1.171019.026) AppleWebKit/534.30 (KHTML, like Gecko) Version/4.0 Mobile Safari/534.30" "-" "0.002" "0.002"
119.41.152.59 - - [18/Mar/2020:01:29:47 +0800] "POST /api/ssvoice/hit/gold/egg/get/hit/egg/info/jform HTTP/1.1" 200 "78" "crId=31598" "-" "Mozilla/5.0 (Linux; U; Android 8.1.0; zh-cn; CMCC M761 Build/OPM1.171019.026) AppleWebKit/534.30 (KHTML, like Gecko) Version/4.0 Mobile Safari/534.30" "-" "0.004" "0.004"
119.41.152.59 - - [18/Mar/2020:01:29:47 +0800] "POST /api/ssvoice/hb/com/and/out/square/jform HTTP/1.1" 200 "67" "flag=2&ssId=100321431" "-" "Mozilla/5.0 (Linux; U; Android 8.1.0; zh-cn; CMCC M761 Build/OPM1.171019.026) AppleWebKit/534.30 (KHTML, like Gecko) Version/4.0 Mobile Safari/534.30" "-" "0.002" "0.002"
119.41.152.59 - - [18/Mar/2020:01:29:47 +0800] "POST /api/ssvoice/gift/get/chatroom/gift/list3/jform HTTP/1.1" 200 "1038" "classify=2" "-" "Mozilla/5.0 (Linux; U; Android 8.1.0; zh-cn; CMCC M761 Build/OPM1.171019.026) AppleWebKit/534.30 (KHTML, like Gecko) Version/4.0 Mobile Safari/534.30" "-" "0.003" "0.002"
119.41.152.59 - - [18/Mar/2020:01:29:47 +0800] "POST /api/ssvoice/res/switch/activity/switch/show/jform HTTP/1.1" 200 "218" "code=first-recharge-gift" "-" "Mozilla/5.0 (Linux; U; Android 8.1.0; zh-cn; CMCC M761 Build/OPM1.171019.026) AppleWebKit/534.30 (KHTML, like Gecko) Version/4.0 Mobile Safari/534.30" "-" "0.002" "0.002"
119.41.152.59 - - [18/Mar/2020:01:29:48 +0800] "GET /api/ssvoice/chat/get/room/online/user/31598/0/2147483647/json HTTP/1.1" 200 "33436" "-" "-" "Mozilla/5.0 (Linux; U; Android 8.1.0; zh-cn; CMCC M761 Build/OPM1.171019.026) AppleWebKit/534.30 (KHTML, like Gecko) Version/4.0 Mobile Safari/534.30" "-" "0.611" "0.562"
223.149.104.215 - - [18/Mar/2020:01:29:55 +0800] "GET /api/ssvoice/chat/get/microphonelist4/31552/json HTTP/1.1" 200 "3498" "-" "-" "NEngine/1.0 (compatible; MSIE 6.0; Windows NT 5.1)" "-" "0.029" "0.029"
223.149.104.215 - - [18/Mar/2020:01:29:57 +0800] "GET /api/ssvoice/chat/get/microphonelist4/31552/json HTTP/1.1" 200 "3498" "-" "-" "NEngine/1.0 (compatible; MSIE 6.0; Windows NT 5.1)" "-" "0.023" "0.023"
223.149.104.215 - - [18/Mar/2020:01:30:00 +0800] "GET /api/ssvoice/chat/get/microphonelist4/31552/json HTTP/1.1" 200 "3498" "-" "-" "NEngine/1.0 (compatible; MSIE 6.0; Windows NT 5.1)" "-" "0.029" "0.029"
223.149.104.215 - - [18/Mar/2020:01:30:03 +0800] "GET /api/ssvoice/chat/get/microphonelist4/31552/json HTTP/1.1" 200 "3498" "-" "-" "NEngine/1.0 (compatible; MSIE 6.0; Windows NT 5.1)" "-" "0.025" "0.024"
223.149.104.215 - - [18/Mar/2020:01:30:05 +0800] "GET /api/ssvoice/chat/get/microphonelist4/31552/json HTTP/1.1" 200 "3498" "-" "-" "NEngine/1.0 (compatible; MSIE 6.0; Windows NT 5.1)" "-" "0.030" "0.030"
223.149.104.215 - - [18/Mar/2020:01:30:07 +0800] "GET /api/ssvoice/chat/get/microphonelist4/31552/json HTTP/1.1" 200 "3498" "-" "-" "NEngine/1.0 (compatible; MSIE 6.0; Windows NT 5.1)" "-" "0.024" "0.023"
119.41.152.59 - - [18/Mar/2020:01:30:30 +0800] "POST /api/ssvoice/account/heart/beat/100321431/jform HTTP/1.1" 200 "32" "-" "-" "Mozilla/5.0 (Linux; U; Android 8.1.0; zh-cn; CMCC M761 Build/OPM1.171019.026) AppleWebKit/534.30 (KHTML, like Gecko) Version/4.0 Mobile Safari/534.30" "-" "0.002" "0.002"
119.41.152.59 - - [18/Mar/2020:01:30:35 +0800] "POST /api/ssvoice/person/get/xinxiu/list/jform HTTP/1.1" 200 "28" "loginKey=02f0ed7f157119cc" "-" "Mozilla/5.0 (Linux; U; Android 8.1.0; zh-cn; CMCC M761 Build/OPM1.171019.026) AppleWebKit/534.30 (KHTML, like Gecko) Version/4.0 Mobile Safari/534.30" "-" "0.003" "0.004"
223.149.104.215 - - [18/Mar/2020:01:30:37 +0800] "GET /api/ssvoice/chat/get/microphonelist4/31552/json HTTP/1.1" 200 "3498" "-" "-" "NEngine/1.0 (compatible; MSIE 6.0; Windows NT 5.1)" "-" "0.028" "0.027"
106.111.148.0 - - [18/Mar/2020:01:30:38 +0800] "POST /api/ssvoice/person/get/xinxiu/list/jform HTTP/1.1" 200 "28" "loginKey=87b611d3fc17d782" "-" "Mozilla/5.0 (Linux; U; Android 10; zh-cn; Redmi K20 Pro Build/QKQ1.190825.002) AppleWebKit/533.1 (KHTML, like Gecko) Version/5.0 Mobile Safari/533.1" "-" "0.004" "0.003"
223.149.104.215 - - [18/Mar/2020:01:30:39 +0800] "GET /api/ssvoice/chat/get/microphonelist4/31552/json HTTP/1.1" 200 "3498" "-" "-" "NEngine/1.0 (compatible; MSIE 6.0; Windows NT 5.1)" "-" "0.021" "0.021"
106.111.148.0 - - [18/Mar/2020:01:30:52 +0800] "POST /api/ssvoice/person/get/xinxiu/list/jform HTTP/1.1" 200 "28" "loginKey=87b611d3fc17d782" "-" "Mozilla/5.0 (Linux; U; Android 10; zh-cn; Redmi K20 Pro Build/QKQ1.190825.002) AppleWebKit/533.1 (KHTML, like Gecko) Version/5.0 Mobile Safari/533.1" "-" "0.004" "0.003"
119.41.152.59 - - [18/Mar/2020:01:31:00 +0800] "POST /api/ssvoice/person/get/xinxiu/list/jform HTTP/1.1" 200 "28" "loginKey=02f0ed7f157119cc" "-" "Mozilla/5.0 (Linux; U; Android 8.1.0; zh-cn; CMCC M761 Build/OPM1.171019.026) AppleWebKit/534.30 (KHTML, like Gecko) Version/4.0 Mobile Safari/534.30" "-" "0.004" "0.005"
223.104.213.132 - - [18/Mar/2020:01:31:12 +0800] "POST /api/ssvoice/recommend/all/room/tag/jform HTTP/1.1" 200 "1252" "timeStamp=1" "-" "Mozilla/5.0 (Linux; U; Android 8.1.0; zh-cn; V1813BT Build/OPM1.171019.026) AppleWebKit/534.30 (KHTML, like Gecko) Version/4.0 Mobile Safari/534.30" "-" "0.003" "0.002"
223.104.213.132 - - [18/Mar/2020:01:31:12 +0800] "POST /api/ssvoice/skillnew/recommend/skill/by/skillTypeId/133V/jform HTTP/1.1" 200 "28910" "timeStamp=1584466272002" "-" "Mozilla/5.0 (Linux; U; Android 8.1.0; zh-cn; V1813BT Build/OPM1.171019.026) AppleWebKit/534.30 (KHTML, like Gecko) Version/4.0 Mobile Safari/534.30" "-" "0.250" "0.196"
223.104.213.132 - - [18/Mar/2020:01:31:12 +0800] "POST /api/ssvoice/recommend/recommend/common/tag/jform HTTP/1.1" 200 "2170" "type=1" "-" "Mozilla/5.0 (Linux; U; Android 8.1.0; zh-cn; V1813BT Build/OPM1.171019.026) AppleWebKit/534.30 (KHTML, like Gecko) Version/4.0 Mobile Safari/534.30" "-" "0.002" "0.002"
223.104.213.132 - - [18/Mar/2020:01:31:12 +0800] "POST /api/ssvoice/near/create/near/data/jform HTTP/1.1" 200 "30" "address=%E6%A3%8B%E7%9B%98%E8%B7%AF&loginKey=6e18bc9153021e99&latitude=31.402874&title=&longitude=121.256744" "-" "Mozilla/5.0 (Linux; U; Android 8.1.0; zh-cn; V1813BT Build/OPM1.171019.026) AppleWebKit/534.30 (KHTML, like Gecko) Version/4.0 Mobile Safari/534.30" "-" "0.002" "0.002"
223.104.213.132 - - [18/Mar/2020:01:31:12 +0800] "POST /api/ssvoice/hb/com/and/out/square/jform HTTP/1.1" 200 "67" "flag=2&ssId=100328044" "-" "Mozilla/5.0 (Linux; U; Android 8.1.0; zh-cn; V1813BT Build/OPM1.171019.026) AppleWebKit/534.30 (KHTML, like Gecko) Version/4.0 Mobile Safari/534.30" "-" "0.002" "0.002"
223.104.213.132 - - [18/Mar/2020:01:31:12 +0800] "POST /api/ssvoice/cp/get/cp/succeed/list/jform HTTP/1.1" 200 "28" "offset=0&loginKey=6e18bc9153021e99&count=20" "-" "Mozilla/5.0 (Linux; U; Android 8.1.0; zh-cn; V1813BT Build/OPM1.171019.026) AppleWebKit/534.30 (KHTML, like Gecko) Version/4.0 Mobile Safari/534.30" "-" "0.004" "0.004"
223.104.213.132 - - [18/Mar/2020:01:31:12 +0800] "POST /api/ssvoice/message/get/system/message/list/jform HTTP/1.1" 200 "28" "loginKey=6e18bc9153021e99&publishDate=1584276022145" "-" "Mozilla/5.0 (Linux; U; Android 8.1.0; zh-cn; V1813BT Build/OPM1.171019.026) AppleWebKit/534.30 (KHTML, like Gecko) Version/4.0 Mobile Safari/534.30" "-" "0.009" "0.009"
223.104.213.132 - - [18/Mar/2020:01:31:13 +0800] "POST /api/ssvoice/recommend/recommend/common/tag/jform HTTP/1.1" 200 "2170" "type=1" "-" "Mozilla/5.0 (Linux; U; Android 8.1.0; zh-cn; V1813BT Build/OPM1.171019.026) AppleWebKit/534.30 (KHTML, like Gecko) Version/4.0 Mobile Safari/534.30" "-" "0.001" "0.002"
223.104.213.132 - - [18/Mar/2020:01:31:13 +0800] "POST /api/ssvoice/cp/get/cp/succeed/list/jform HTTP/1.1" 200 "28" "offset=0&loginKey=6e18bc9153021e99&count=20" "-" "Mozilla/5.0 (Linux; U; Android 8.1.0; zh-cn; V1813BT Build/OPM1.171019.026) AppleWebKit/534.30 (KHTML, like Gecko) Version/4.0 Mobile Safari/534.30" "-" "0.004" "0.004"
223.104.213.132 - - [18/Mar/2020:01:31:13 +0800] "POST /api/ssvoice/cp/get/recent/voice/info/jform HTTP/1.1" 200 "0" "ssId=100328044" "-" "Mozilla/5.0 (Linux; U; Android 8.1.0; zh-cn; V1813BT Build/OPM1.171019.026) AppleWebKit/534.30 (KHTML, like Gecko) Version/4.0 Mobile Safari/534.30" "-" "0.002" "0.003"
223.104.213.132 - - [18/Mar/2020:01:31:13 +0800] "POST /api/ssvoice/account/heart/beat/100328044/jform HTTP/1.1" 200 "32" "-" "-" "Mozilla/5.0 (Linux; U; Android 8.1.0; zh-cn; V1813BT Build/OPM1.171019.026) AppleWebKit/534.30 (KHTML, like Gecko) Version/4.0 Mobile Safari/534.30" "-" "0.003" "0.002"
223.104.213.132 - - [18/Mar/2020:01:31:15 +0800] "GET /api/ssvoice/chat/get/room/version/json HTTP/1.1" 200 "31" "-" "-" "Mozilla/5.0 (Linux; U; Android 8.1.0; zh-cn; V1813BT Build/OPM1.171019.026) AppleWebKit/534.30 (KHTML, like Gecko) Version/4.0 Mobile Safari/534.30" "-" "0.001" "0.001"
223.104.213.132 - - [18/Mar/2020:01:31:15 +0800] "POST /api/ssvoice/recommend/get/recommend/room/133V/jform HTTP/1.1" 200 "17618" "offset=0&loginKey=6e18bc9153021e99&roomTagId=1213&count=100" "-" "Mozilla/5.0 (Linux; U; Android 8.1.0; zh-cn; V1813BT Build/OPM1.171019.026) AppleWebKit/534.30 (KHTML, like Gecko) Version/4.0 Mobile Safari/534.30" "-" "0.155" "0.105"
223.104.213.132 - - [18/Mar/2020:01:31:16 +0800] "POST /api/ssvoice/account/info/100328044/jform HTTP/1.1" 200 "1560" "-" "-" "Mozilla/5.0 (Linux; U; Android 8.1.0; zh-cn; V1813BT Build/OPM1.171019.026) AppleWebKit/534.30 (KHTML, like Gecko) Version/4.0 Mobile Safari/534.30" "-" "0.025" "0.025"
223.104.213.132 - - [18/Mar/2020:01:31:16 +0800] "POST /api/ssvoice/skillnew/judge/user/haveskill/jform HTTP/1.1" 200 "29" "type=2&ssId=100328044" "-" "Mozilla/5.0 (Linux; U; Android 8.1.0; zh-cn; V1813BT Build/OPM1.171019.026) AppleWebKit/534.30 (KHTML, like Gecko) Version/4.0 Mobile Safari/534.30" "-" "0.002" "0.003"
106.111.148.0 - - [18/Mar/2020:01:31:19 +0800] "POST /api/ssvoice/person/get/xinxiu/list/jform HTTP/1.1" 200 "28" "loginKey=87b611d3fc17d782" "-" "Mozilla/5.0 (Linux; U; Android 10; zh-cn; Redmi K20 Pro Build/QKQ1.190825.002) AppleWebKit/533.1 (KHTML, like Gecko) Version/5.0 Mobile Safari/533.1" "-" "0.004" "0.005"
119.41.152.59 - - [18/Mar/2020:01:31:20 +0800] "POST /api/ssvoice/person/get/xinxiu/list/jform HTTP/1.1" 200 "28" "loginKey=02f0ed7f157119cc" "-" "Mozilla/5.0 (Linux; U; Android 8.1.0; zh-cn; CMCC M761 Build/OPM1.171019.026) AppleWebKit/534.30 (KHTML, like Gecko) Version/4.0 Mobile Safari/534.30" "-" "0.005" "0.004"
223.149.104.215 - - [18/Mar/2020:01:31:22 +0800] "GET /api/ssvoice/chat/get/microphonelist4/31552/json HTTP/1.1" 200 "3160" "-" "-" "NEngine/1.0 (compatible; MSIE 6.0; Windows NT 5.1)" "-" "0.021" "0.021"
223.149.104.215 - - [18/Mar/2020:01:31:34 +0800] "GET /api/ssvoice/chat/get/microphone/request/list3/31552/json HTTP/1.1" 200 "603" "-" "-" "NEngine/1.0 (compatible; MSIE 6.0; Windows NT 5.1)" "-" "0.009" "0.009"
106.111.148.0 - - [18/Mar/2020:01:31:39 +0800] "POST /api/ssvoice/person/get/xinxiu/list/jform HTTP/1.1" 200 "28" "loginKey=87b611d3fc17d782" "-" "Mozilla/5.0 (Linux; U; Android 10; zh-cn; Redmi K20 Pro Build/QKQ1.190825.002) AppleWebKit/533.1 (KHTML, like Gecko) Version/5.0 Mobile Safari/533.1" "-" "0.004" "0.004"
119.41.152.59 - - [18/Mar/2020:01:31:42 +0800] "POST /api/ssvoice/person/get/xinxiu/list/jform HTTP/1.1" 200 "28" "loginKey=02f0ed7f157119cc" "-" "Mozilla/5.0 (Linux; U; Android 8.1.0; zh-cn; CMCC M761 Build/OPM1.171019.026) AppleWebKit/534.30 (KHTML, like Gecko) Version/4.0 Mobile Safari/534.30" "-" "0.004" "0.004"
119.41.152.59 - - [18/Mar/2020:01:32:04 +0800] "POST /api/ssvoice/hb/com/and/out/square/jform HTTP/1.1" 200 "67" "flag=0&ssId=100321431" "-" "Mozilla/5.0 (Linux; U; Android 8.1.0; zh-cn; CMCC M761 Build/OPM1.171019.026) AppleWebKit/534.30 (KHTML, like Gecko) Version/4.0 Mobile Safari/534.30" "-" "0.003" "0.003"
223.149.104.215 - - [18/Mar/2020:01:32:08 +0800] "GET /api/ssvoice/chat/get/microphone/request/list3/31552/json HTTP/1.1" 200 "603" "-" "-" "NEngine/1.0 (compatible; MSIE 6.0; Windows NT 5.1)" "-" "0.007" "0.007"
223.149.104.215 - - [18/Mar/2020:01:32:09 +0800] "POST /api/ssvoice/chat/on/microphone/jform HTTP/1.1" 200 "29" "loginKey=c5eb0eb907d1275a&crId=31552&microphoneId=4&toSsId=100380539" "-" "NEngine/1.0 (compatible; MSIE 6.0; Windows NT 5.1)" "-" "0.073" "0.039"
106.111.148.0 - - [18/Mar/2020:01:32:28 +0800] "POST /api/ssvoice/person/get/xinxiu/list/jform HTTP/1.1" 200 "28" "loginKey=87b611d3fc17d782" "-" "Mozilla/5.0 (Linux; U; Android 10; zh-cn; Redmi K20 Pro Build/QKQ1.190825.002) AppleWebKit/533.1 (KHTML, like Gecko) Version/5.0 Mobile Safari/533.1" "-" "0.005" "0.004"
116.62.24.176 - - [18/Mar/2020:01:33:19 +0800] "POST /api-ssvoice/api/ssvoice/activity/getWeekGiftInfo/jform HTTP/1.1" 200 "328" "giftTypes=1&type=1" "-" "Apache-HttpClient/4.5.1 (Java/1.7.0_79)" "-" "0.006" "0.006"
116.62.24.176 - - [18/Mar/2020:01:33:19 +0800] "POST /api-ssvoice/api/ssvoice/activity/getWeekRankList/jform HTTP/1.1" 200 "2698" "taskId=35&gift=1&loginKey=4b72bf309d776b14&type=1" "-" "Apache-HttpClient/4.5.1 (Java/1.7.0_79)" "-" "0.021" "0.022"
106.111.148.0 - - [18/Mar/2020:01:33:26 +0800] "POST /api/ssvoice/person/get/xinxiu/list/jform HTTP/1.1" 200 "28" "loginKey=87b611d3fc17d782" "-" "Mozilla/5.0 (Linux; U; Android 10; zh-cn; Redmi K20 Pro Build/QKQ1.190825.002) AppleWebKit/533.1 (KHTML, like Gecko) Version/5.0 Mobile Safari/533.1" "-" "0.005" "0.005"
223.104.213.132 - - [18/Mar/2020:01:34:13 +0800] "POST /api/ssvoice/account/heart/beat/100328044/jform HTTP/1.1" 200 "32" "-" "-" "Mozilla/5.0 (Linux; U; Android 8.1.0; zh-cn; V1813BT Build/OPM1.171019.026) AppleWebKit/534.30 (KHTML, like Gecko) Version/4.0 Mobile Safari/534.30" "-" "0.002" "0.002"
106.111.148.0 - - [18/Mar/2020:01:34:27 +0800] "POST /api/ssvoice/person/get/xinxiu/list/jform HTTP/1.1" 200 "28" "loginKey=87b611d3fc17d782" "-" "Mozilla/5.0 (Linux; U; Android 10; zh-cn; Redmi K20 Pro Build/QKQ1.190825.002) AppleWebKit/533.1 (KHTML, like Gecko) Version/5.0 Mobile Safari/533.1" "-" "0.004" "0.004"
106.111.148.0 - - [18/Mar/2020:01:34:28 +0800] "POST /api/ssvoice/person/get/xinxiu/list/jform HTTP/1.1" 200 "28" "loginKey=87b611d3fc17d782" "-" "Mozilla/5.0 (Linux; U; Android 10; zh-cn; Redmi K20 Pro Build/QKQ1.190825.002) AppleWebKit/533.1 (KHTML, like Gecko) Version/5.0 Mobile Safari/533.1" "-" "0.004" "0.004"
120.27.245.6 - - [18/Mar/2020:01:34:30 +0800] "POST /api-ssvoice/api/ssvoice/account/update/user/num/jform HTTP/1.1" 200 "29" "ssId=100402262" "-" "Apache-HttpClient/4.5.1 (Java/1.7.0_79)" "-" "0.025" "0.025"
106.111.148.0 - - [18/Mar/2020:01:34:38 +0800] "POST /api/ssvoice/person/get/xinxiu/list/jform HTTP/1.1" 200 "28" "loginKey=87b611d3fc17d782" "-" "Mozilla/5.0 (Linux; U; Android 10; zh-cn; Redmi K20 Pro Build/QKQ1.190825.002) AppleWebKit/533.1 (KHTML, like Gecko) Version/5.0 Mobile Safari/533.1" "-" "0.004" "0.004"
61.158.148.99 - - [18/Mar/2020:01:35:36 +0800] "POST /api/ssvoice/account/heart/beat/100386519/jform HTTP/1.1" 200 "32" "-" "-" "Mozilla/5.0 (Linux; U; Android 9; zh-cn; MI CC9 Pro Build/PKQ1.190302.001) AppleWebKit/533.1 (KHTML, like Gecko) Version/5.0 Mobile Safari/533.1" "-" "0.002" "0.001"
223.149.104.215 - - [18/Mar/2020:01:35:38 +0800] "GET /api/ssvoice/chat/get/microphonelist4/31552/json HTTP/1.1" 200 "3498" "-" "-" "NEngine/1.0 (compatible; MSIE 6.0; Windows NT 5.1)" "-" "0.030" "0.030"
223.149.104.215 - - [18/Mar/2020:01:35:41 +0800] "GET /api/ssvoice/chat/get/microphonelist4/31552/json HTTP/1.1" 200 "3498" "-" "-" "NEngine/1.0 (compatible; MSIE 6.0; Windows NT 5.1)" "-" "0.023" "0.023"
223.149.104.215 - - [18/Mar/2020:01:35:44 +0800] "GET /api/ssvoice/chat/get/microphonelist4/31552/json HTTP/1.1" 200 "3498" "-" "-" "NEngine/1.0 (compatible; MSIE 6.0; Windows NT 5.1)" "-" "0.034" "0.033"
223.149.104.215 - - [18/Mar/2020:01:36:14 +0800] "GET /api/ssvoice/chat/get/microphonelist4/31552/json HTTP/1.1" 200 "3498" "-" "-" "NEngine/1.0 (compatible; MSIE 6.0; Windows NT 5.1)" "-" "0.023" "0.022"
183.209.57.57 - - [18/Mar/2020:01:36:16 +0800] "GET /api/ssvoice/chat/get/microphonelist4/31519/json HTTP/1.1" 200 "3460" "-" "-" "NEngine/1.0 (compatible; MSIE 6.0; Windows NT 5.1)" "-" "0.037" "0.036"
202.60.134.68 - - [18/Mar/2020:01:36:16 +0800] "GET /api/ssvoice/chat/get/microphonelist4/31519/json HTTP/1.1" 200 "3460" "-" "-" "NEngine/1.0 (compatible; MSIE 6.0; Windows NT 5.1)" "-" "0.027" "0.027"
223.149.104.215 - - [18/Mar/2020:01:36:18 +0800] "GET /api/ssvoice/chat/get/microphonelist4/31552/json HTTP/1.1" 200 "3498" "-" "-" "NEngine/1.0 (compatible; MSIE 6.0; Windows NT 5.1)" "-" "0.019" "0.020"
183.209.57.57 - - [18/Mar/2020:01:36:19 +0800] "GET /api/ssvoice/chat/get/microphonelist4/31519/json HTTP/1.1" 200 "3460" "-" "-" "NEngine/1.0 (compatible; MSIE 6.0; Windows NT 5.1)" "-" "0.020" "0.020"
202.60.134.68 - - [18/Mar/2020:01:36:19 +0800] "GET /api/ssvoice/chat/get/microphonelist4/31519/json HTTP/1.1" 200 "3460" "-" "-" "NEngine/1.0 (compatible; MSIE 6.0; Windows NT 5.1)" "-" "0.020" "0.020"
223.149.104.215 - - [18/Mar/2020:01:36:21 +0800] "GET /api/ssvoice/chat/get/microphonelist4/31552/json HTTP/1.1" 200 "3498" "-" "-" "NEngine/1.0 (compatible; MSIE 6.0; Windows NT 5.1)" "-" "0.021" "0.020"
202.60.134.68 - - [18/Mar/2020:01:36:21 +0800] "GET /api/ssvoice/chat/get/microphonelist4/31519/json HTTP/1.1" 200 "3460" "-" "-" "NEngine/1.0 (compatible; MSIE 6.0; Windows NT 5.1)" "-" "0.030" "0.029"
183.209.57.57 - - [18/Mar/2020:01:36:21 +0800] "GET /api/ssvoice/chat/get/microphonelist4/31519/json HTTP/1.1" 200 "3460" "-" "-" "NEngine/1.0 (compatible; MSIE 6.0; Windows NT 5.1)" "-" "0.030" "0.029"
223.149.104.215 - - [18/Mar/2020:01:36:23 +0800] "GET /api/ssvoice/chat/get/microphonelist4/31552/json HTTP/1.1" 200 "3498" "-" "-" "NEngine/1.0 (compatible; MSIE 6.0; Windows NT 5.1)" "-" "0.026" "0.025"
223.149.104.215 - - [18/Mar/2020:01:36:26 +0800] "GET /api/ssvoice/chat/get/microphonelist4/31552/json HTTP/1.1" 200 "3498" "-" "-" "NEngine/1.0 (compatible; MSIE 6.0; Windows NT 5.1)" "-" "0.032" "0.033"
223.149.104.215 - - [18/Mar/2020:01:36:28 +0800] "GET /api/ssvoice/chat/get/microphonelist4/31552/json HTTP/1.1" 200 "3498" "-" "-" "NEngine/1.0 (compatible; MSIE 6.0; Windows NT 5.1)" "-" "0.026" "0.025"
106.111.148.0 - - [18/Mar/2020:01:36:28 +0800] "POST /api/ssvoice/person/get/xinxiu/list/jform HTTP/1.1" 200 "28" "loginKey=87b611d3fc17d782" "-" "Mozilla/5.0 (Linux; U; Android 10; zh-cn; Redmi K20 Pro Build/QKQ1.190825.002) AppleWebKit/533.1 (KHTML, like Gecko) Version/5.0 Mobile Safari/533.1" "-" "0.005" "0.004"
223.149.104.215 - - [18/Mar/2020:01:36:35 +0800] "GET /api/ssvoice/chat/get/microphonelist4/31552/json HTTP/1.1" 200 "3498" "-" "-" "NEngine/1.0 (compatible; MSIE 6.0; Windows NT 5.1)" "-" "0.033" "0.033"
223.149.104.215 - - [18/Mar/2020:01:36:37 +0800] "GET /api/ssvoice/chat/get/microphonelist4/31552/json HTTP/1.1" 200 "3498" "-" "-" "NEngine/1.0 (compatible; MSIE 6.0; Windows NT 5.1)" "-" "0.026" "0.026"
223.149.104.215 - - [18/Mar/2020:01:36:41 +0800] "GET /api/ssvoice/chat/get/microphonelist4/31552/json HTTP/1.1" 200 "3498" "-" "-" "NEngine/1.0 (compatible; MSIE 6.0; Windows NT 5.1)" "-" "0.025" "0.025"
106.111.148.0 - - [18/Mar/2020:01:36:42 +0800] "POST /api/ssvoice/person/get/xinxiu/list/jform HTTP/1.1" 200 "28" "loginKey=87b611d3fc17d782" "-" "Mozilla/5.0 (Linux; U; Android 10; zh-cn; Redmi K20 Pro Build/QKQ1.190825.002) AppleWebKit/533.1 (KHTML, like Gecko) Version/5.0 Mobile Safari/533.1" "-" "0.004" "0.004"
223.149.104.215 - - [18/Mar/2020:01:36:44 +0800] "GET /api/ssvoice/chat/get/microphone/request/list3/31552/json HTTP/1.1" 200 "28" "-" "-" "NEngine/1.0 (compatible; MSIE 6.0; Windows NT 5.1)" "-" "0.004" "0.004"
223.149.104.215 - - [18/Mar/2020:01:36:45 +0800] "GET /api/ssvoice/chat/get/microphonelist4/31552/json HTTP/1.1" 200 "3498" "-" "-" "NEngine/1.0 (compatible; MSIE 6.0; Windows NT 5.1)" "-" "0.025" "0.025"
223.104.213.132 - - [18/Mar/2020:01:37:13 +0800] "POST /api/ssvoice/account/heart/beat/100328044/jform HTTP/1.1" 200 "32" "-" "-" "Mozilla/5.0 (Linux; U; Android 8.1.0; zh-cn; V1813BT Build/OPM1.171019.026) AppleWebKit/534.30 (KHTML, like Gecko) Version/4.0 Mobile Safari/534.30" "-" "0.004" "0.003"
101.37.24.89 - - [18/Mar/2020:01:37:19 +0800] "POST /api-ssvoice/api/ssvoice/account/update/user/num/jform HTTP/1.1" 200 "29" "ssId=100203496" "-" "Apache-HttpClient/4.5.1 (Java/1.7.0_79)" "-" "0.011" "0.012"
106.111.148.0 - - [18/Mar/2020:01:37:19 +0800] "POST /api/ssvoice/person/get/xinxiu/list/jform HTTP/1.1" 200 "28" "loginKey=87b611d3fc17d782" "-" "Mozilla/5.0 (Linux; U; Android 10; zh-cn; Redmi K20 Pro Build/QKQ1.190825.002) AppleWebKit/533.1 (KHTML, like Gecko) Version/5.0 Mobile Safari/533.1" "-" "0.004" "0.004"
106.111.148.0 - - [18/Mar/2020:01:37:26 +0800] "POST /api/ssvoice/person/get/xinxiu/list/jform HTTP/1.1" 200 "28" "loginKey=87b611d3fc17d782" "-" "Mozilla/5.0 (Linux; U; Android 10; zh-cn; Redmi K20 Pro Build/QKQ1.190825.002) AppleWebKit/533.1 (KHTML, like Gecko) Version/5.0 Mobile Safari/533.1" "-" "0.004" "0.004"
185.153.199.118 - - [18/Mar/2020:01:37:27 +0800] "\x03\x00\x00/*\xE0\x00\x00\x00\x00\x00Cookie: mstshash=Administr" 400 "173" "-" "-" "-" "-" "0.280" "-"
202.60.134.68 - - [18/Mar/2020:01:38:11 +0800] "GET /api/ssvoice/chat/get/microphonelist4/31519/json HTTP/1.1" 200 "3460" "-" "-" "NEngine/1.0 (compatible; MSIE 6.0; Windows NT 5.1)" "-" "0.042" "0.042"
202.60.134.68 - - [18/Mar/2020:01:38:13 +0800] "GET /api/ssvoice/chat/get/microphonelist4/31519/json HTTP/1.1" 200 "3460" "-" "-" "NEngine/1.0 (compatible; MSIE 6.0; Windows NT 5.1)" "-" "0.022" "0.022"
202.60.134.68 - - [18/Mar/2020:01:38:15 +0800] "GET /api/ssvoice/chat/get/microphonelist4/31519/json HTTP/1.1" 200 "3460" "-" "-" "NEngine/1.0 (compatible; MSIE 6.0; Windows NT 5.1)" "-" "0.025" "0.026"
202.60.134.68 - - [18/Mar/2020:01:38:17 +0800] "GET /api/ssvoice/chat/get/microphonelist4/31519/json HTTP/1.1" 200 "3460" "-" "-" "NEngine/1.0 (compatible; MSIE 6.0; Windows NT 5.1)" "-" "0.026" "0.025"
202.60.134.68 - - [18/Mar/2020:01:38:20 +0800] "GET /api/ssvoice/chat/get/microphonelist4/31519/json HTTP/1.1" 200 "3460" "-" "-" "NEngine/1.0 (compatible; MSIE 6.0; Windows NT 5.1)" "-" "0.024" "0.023"
106.111.148.0 - - [18/Mar/2020:01:38:27 +0800] "POST /api/ssvoice/person/get/xinxiu/list/jform HTTP/1.1" 200 "28" "loginKey=87b611d3fc17d782" "-" "Mozilla/5.0 (Linux; U; Android 10; zh-cn; Redmi K20 Pro Build/QKQ1.190825.002) AppleWebKit/533.1 (KHTML, like Gecko) Version/5.0 Mobile Safari/533.1" "-" "0.004" "0.004"
121.71.44.232 - - [18/Mar/2020:01:38:35 +0800] "GET /api/ssvoice/chat/get/room/version/json HTTP/1.1" 200 "31" "-" "-" "Mozilla/5.0 (Linux; U; Android 9; zh-cn; vivo X21A Build/PKQ1.180819.001) AppleWebKit/533.1 (KHTML, like Gecko) Version/5.0 Mobile Safari/533.1" "-" "0.001" "0.001"
121.71.44.232 - - [18/Mar/2020:01:38:35 +0800] "POST /api/ssvoice/show/get/banner/list/133V/jform HTTP/1.1" 200 "43" "timeStamp=1584466716410" "-" "Mozilla/5.0 (Linux; U; Android 9; zh-cn; vivo X21A Build/PKQ1.180819.001) AppleWebKit/533.1 (KHTML, like Gecko) Version/5.0 Mobile Safari/533.1" "-" "0.005" "0.004"
121.71.44.232 - - [18/Mar/2020:01:38:36 +0800] "POST /api/ssvoice/person/getmutualfollowlist/0e5a0da77d7414ea/0/20/jform HTTP/1.1" 200 "1060" "-" "-" "Mozilla/5.0 (Linux; U; Android 9; zh-cn; vivo X21A Build/PKQ1.180819.001) AppleWebKit/533.1 (KHTML, like Gecko) Version/5.0 Mobile Safari/533.1" "-" "0.032" "0.033"
121.71.44.232 - - [18/Mar/2020:01:38:36 +0800] "POST /api/ssvoice/account/info/100163348/jform HTTP/1.1" 200 "1105" "-" "-" "Mozilla/5.0 (Linux; U; Android 9; zh-cn; vivo X21A Build/PKQ1.180819.001) AppleWebKit/533.1 (KHTML, like Gecko) Version/5.0 Mobile Safari/533.1" "-" "0.029" "0.029"
121.71.44.232 - - [18/Mar/2020:01:38:36 +0800] "POST /api/ssvoice/res/switch/activity/switch/show/jform HTTP/1.1" 200 "28" "code=game" "-" "Mozilla/5.0 (Linux; U; Android 9; zh-cn; vivo X21A Build/PKQ1.180819.001) AppleWebKit/533.1 (KHTML, like Gecko) Version/5.0 Mobile Safari/533.1" "-" "0.004" "0.003"
121.71.44.232 - - [18/Mar/2020:01:38:37 +0800] "POST /api/ssvoice/gift/get/dynamic/expression/list3/jform HTTP/1.1" 200 "3821" "crId=26767" "-" "Mozilla/5.0 (Linux; U; Android 9; zh-cn; vivo X21A Build/PKQ1.180819.001) AppleWebKit/533.1 (KHTML, like Gecko) Version/5.0 Mobile Safari/533.1" "-" "0.004" "0.005"
121.71.44.232 - - [18/Mar/2020:01:38:37 +0800] "POST /api/ssvoice/gift/getcoin/jform HTTP/1.1" 200 "174" "loginKey=0e5a0da77d7414ea" "-" "Mozilla/5.0 (Linux; U; Android 9; zh-cn; vivo X21A Build/PKQ1.180819.001) AppleWebKit/533.1 (KHTML, like Gecko) Version/5.0 Mobile Safari/533.1" "-" "0.003" "0.003"
183.209.57.57 - - [18/Mar/2020:01:38:45 +0800] "POST /api/ssvoice/chat/get/hand/luck/list/pc/jform HTTP/1.1" 200 "4190" "loginKey=eee018695a013563&offset=0&count=15" "-" "NEngine/1.0 (compatible; MSIE 6.0; Windows NT 5.1)" "-" "0.658" "0.640"
183.209.57.57 - - [18/Mar/2020:01:38:45 +0800] "POST /api/ssvoice/chat/get/hand/luck/list/pc/jform HTTP/1.1" 200 "4190" "loginKey=eee018695a013563&offset=0&count=15" "-" "NEngine/1.0 (compatible; MSIE 6.0; Windows NT 5.1)" "-" "0.052" "0.030"
183.209.57.57 - - [18/Mar/2020:01:38:46 +0800] "POST /api/ssvoice/chat/get/hand/luck/list/pc/jform HTTP/1.1" 200 "4190" "loginKey=eee018695a013563&offset=0&count=15" "-" "NEngine/1.0 (compatible; MSIE 6.0; Windows NT 5.1)" "-" "0.048" "0.031"
183.209.57.57 - - [18/Mar/2020:01:38:46 +0800] "POST /api/ssvoice/chat/get/hand/luck/list/pc/jform HTTP/1.1" 200 "4190" "loginKey=eee018695a013563&offset=0&count=15" "-" "NEngine/1.0 (compatible; MSIE 6.0; Windows NT 5.1)" "-" "0.047" "0.032"
183.209.57.57 - - [18/Mar/2020:01:38:46 +0800] "POST /api/ssvoice/chat/get/hand/luck/list/pc/jform HTTP/1.1" 200 "4190" "loginKey=eee018695a013563&offset=0&count=15" "-" "NEngine/1.0 (compatible; MSIE 6.0; Windows NT 5.1)" "-" "0.047" "0.032"
183.209.57.57 - - [18/Mar/2020:01:38:54 +0800] "POST /api/ssvoice/chat/get/hand/luck/list/pc/jform HTTP/1.1" 200 "4190" "loginKey=eee018695a013563&offset=0&count=15" "-" "NEngine/1.0 (compatible; MSIE 6.0; Windows NT 5.1)" "-" "0.047" "0.031"
101.37.24.89 - - [18/Mar/2020:01:38:55 +0800] "POST /api-ssvoice/api/ssvoice/account/update/user/num/jform HTTP/1.1" 200 "29" "ssId=100203496" "-" "Apache-HttpClient/4.5.1 (Java/1.7.0_79)" "-" "0.014" "0.014"
223.149.104.215 - - [18/Mar/2020:01:38:59 +0800] "GET /api/ssvoice/chat/get/microphonelist4/31552/json HTTP/1.1" 200 "3498" "-" "-" "NEngine/1.0 (compatible; MSIE 6.0; Windows NT 5.1)" "-" "0.028" "0.028"
223.149.104.215 - - [18/Mar/2020:01:39:02 +0800] "GET /api/ssvoice/chat/get/microphonelist4/31552/json HTTP/1.1" 200 "3498" "-" "-" "NEngine/1.0 (compatible; MSIE 6.0; Windows NT 5.1)" "-" "0.024" "0.023"
223.149.104.215 - - [18/Mar/2020:01:39:05 +0800] "GET /api/ssvoice/chat/get/microphonelist4/31552/json HTTP/1.1" 200 "3498" "-" "-" "NEngine/1.0 (compatible; MSIE 6.0; Windows NT 5.1)" "-" "0.030" "0.029"
223.149.104.215 - - [18/Mar/2020:01:39:07 +0800] "GET /api/ssvoice/chat/get/microphonelist4/31552/json HTTP/1.1" 200 "3498" "-" "-" "NEngine/1.0 (compatible; MSIE 6.0; Windows NT 5.1)" "-" "0.023" "0.023"
223.149.104.215 - - [18/Mar/2020:01:39:10 +0800] "GET /api/ssvoice/chat/get/microphonelist4/31552/json HTTP/1.1" 200 "3498" "-" "-" "NEngine/1.0 (compatible; MSIE 6.0; Windows NT 5.1)" "-" "0.029" "0.028"
223.149.104.215 - - [18/Mar/2020:01:39:12 +0800] "GET /api/ssvoice/chat/get/microphonelist4/31552/json HTTP/1.1" 200 "3498" "-" "-" "NEngine/1.0 (compatible; MSIE 6.0; Windows NT 5.1)" "-" "0.024" "0.024"
223.149.104.215 - - [18/Mar/2020:01:39:14 +0800] "GET /api/ssvoice/chat/get/microphonelist4/31552/json HTTP/1.1" 200 "3498" "-" "-" "NEngine/1.0 (compatible; MSIE 6.0; Windows NT 5.1)" "-" "0.023" "0.023"
42.87.222.137 - - [18/Mar/2020:01:39:20 +0800] "POST /api/ssvoice/login/pc/jform HTTP/1.1" 200 "1420" "username=18641567046&password=ecfeb566c2b4bc27&system=3&appVersion=V 1.32.1680&machineCode=640ffb5f33742c43279ead501ad9eedc" "-" "NEngine/1.0 (compatible; MSIE 6.0; Windows NT 5.1)" "-" "0.077" "0.039"
42.87.222.137 - - [18/Mar/2020:01:39:21 +0800] "POST /api/ssvoice/recommend/all/room/tag/js/jform HTTP/1.1" 200 "1104" "timeStamp=1" "-" "NEngine/1.0 (compatible; MSIE 6.0; Windows NT 5.1)" "-" "0.041" "0.003"
42.87.222.137 - - [18/Mar/2020:01:39:21 +0800] "POST /api/ssvoice/send/order/get/send/order/list2/jform HTTP/1.1" 200 "28" "loginKey=25c7ec26e6e7191a&type=2&offset=0&count=100" "-" "NEngine/1.0 (compatible; MSIE 6.0; Windows NT 5.1)" "-" "0.059" "0.021"
42.87.222.137 - - [18/Mar/2020:01:39:21 +0800] "POST /api/ssvoice/chat/user/current/room/jform HTTP/1.1" 200 "484" "ssId=100076349" "-" "NEngine/1.0 (compatible; MSIE 6.0; Windows NT 5.1)" "-" "0.042" "0.003"
42.87.222.137 - - [18/Mar/2020:01:39:21 +0800] "POST /api/ssvoice/chat/user/current/room/jform HTTP/1.1" 200 "484" "ssId=100142323" "-" "NEngine/1.0 (compatible; MSIE 6.0; Windows NT 5.1)" "-" "0.042" "0.003"
42.87.222.137 - - [18/Mar/2020:01:39:21 +0800] "POST /api/ssvoice/chat/user/current/room/jform HTTP/1.1" 200 "484" "ssId=100348131" "-" "NEngine/1.0 (compatible; MSIE 6.0; Windows NT 5.1)" "-" "0.042" "0.003"
42.87.222.137 - - [18/Mar/2020:01:39:21 +0800] "POST /api/ssvoice/chat/user/current/room/jform HTTP/1.1" 200 "484" "ssId=100403689" "-" "NEngine/1.0 (compatible; MSIE 6.0; Windows NT 5.1)" "-" "0.043" "0.002"
42.87.222.137 - - [18/Mar/2020:01:39:21 +0800] "POST /api/ssvoice/chat/user/current/room/jform HTTP/1.1" 200 "484" "ssId=100403596" "-" "NEngine/1.0 (compatible; MSIE 6.0; Windows NT 5.1)" "-" "0.044" "0.004"
42.87.222.137 - - [18/Mar/2020:01:39:21 +0800] "POST /api/ssvoice/chat/user/current/room/jform HTTP/1.1" 200 "484" "ssId=100403545" "-" "NEngine/1.0 (compatible; MSIE 6.0; Windows NT 5.1)" "-" "0.043" "0.003"
42.87.222.137 - - [18/Mar/2020:01:39:21 +0800] "POST /api/ssvoice/chat/user/current/room/jform HTTP/1.1" 200 "484" "ssId=100403439" "-" "NEngine/1.0 (compatible; MSIE 6.0; Windows NT 5.1)" "-" "0.042" "0.003"
42.87.222.137 - - [18/Mar/2020:01:39:21 +0800] "POST /api/ssvoice/chat/user/current/room/jform HTTP/1.1" 200 "484" "ssId=100378725" "-" "NEngine/1.0 (compatible; MSIE 6.0; Windows NT 5.1)" "-" "0.047" "0.002"
42.87.222.137 - - [18/Mar/2020:01:39:21 +0800] "POST /api/ssvoice/chat/user/current/room/jform HTTP/1.1" 200 "484" "ssId=100378732" "-" "NEngine/1.0 (compatible; MSIE 6.0; Windows NT 5.1)" "-" "0.048" "0.003"
42.87.222.137 - - [18/Mar/2020:01:39:21 +0800] "POST /api/ssvoice/chat/user/current/room/jform HTTP/1.1" 200 "484" "ssId=100373820" "-" "NEngine/1.0 (compatible; MSIE 6.0; Windows NT 5.1)" "-" "0.044" "0.003"
42.87.222.137 - - [18/Mar/2020:01:39:21 +0800] "POST /api/ssvoice/chat/user/current/room/jform HTTP/1.1" 200 "484" "ssId=100369353" "-" "NEngine/1.0 (compatible; MSIE 6.0; Windows NT 5.1)" "-" "0.041" "0.003"
42.87.222.137 - - [18/Mar/2020:01:39:21 +0800] "POST /api/ssvoice/chat/user/current/room/jform HTTP/1.1" 200 "484" "ssId=100366486" "-" "NEngine/1.0 (compatible; MSIE 6.0; Windows NT 5.1)" "-" "0.043" "0.002"
223.149.104.215 - - [18/Mar/2020:01:39:32 +0800] "GET /api/ssvoice/chat/get/microphonelist4/31552/json HTTP/1.1" 200 "3498" "-" "-" "NEngine/1.0 (compatible; MSIE 6.0; Windows NT 5.1)" "-" "0.025" "0.025"
223.149.104.215 - - [18/Mar/2020:01:39:34 +0800] "GET /api/ssvoice/chat/get/microphonelist4/31552/json HTTP/1.1" 200 "3498" "-" "-" "NEngine/1.0 (compatible; MSIE 6.0; Windows NT 5.1)" "-" "0.026" "0.025"
42.87.222.137 - - [18/Mar/2020:01:39:35 +0800] "POST /api/ssvoice/chat/my/manage/room/list/jform HTTP/1.1" 200 "2481" "ssId=100371282" "-" "NEngine/1.0 (compatible; MSIE 6.0; Windows NT 5.1)" "-" "0.058" "0.017"
42.87.222.137 - - [18/Mar/2020:01:39:36 +0800] "POST /api/ssvoice/treasure/hunt/get/is/show/new/jform HTTP/1.1" 200 "32" "crId=31536&loginKey=25c7ec26e6e7191a" "-" "NEngine/1.0 (compatible; MSIE 6.0; Windows NT 5.1)" "-" "0.047" "0.006"
42.87.222.137 - - [18/Mar/2020:01:39:36 +0800] "GET /api/ssvoice/chat/get/microphonelist4/31536/json HTTP/1.1" 200 "3102" "-" "-" "NEngine/1.0 (compatible; MSIE 6.0; Windows NT 5.1)" "-" "0.035" "0.035"
42.87.222.137 - - [18/Mar/2020:01:39:36 +0800] "POST /api/ssvoice/gift/get/chatroom/gift/list3/jform HTTP/1.1" 200 "1038" "classify=2" "-" "NEngine/1.0 (compatible; MSIE 6.0; Windows NT 5.1)" "-" "0.046" "0.002"
223.149.104.215 - - [18/Mar/2020:01:39:37 +0800] "GET /api/ssvoice/chat/get/microphonelist4/31552/json HTTP/1.1" 200 "3498" "-" "-" "NEngine/1.0 (compatible; MSIE 6.0; Windows NT 5.1)" "-" "0.026" "0.025"
183.209.57.57 - - [18/Mar/2020:01:39:37 +0800] "POST /api/ssvoice/IOSCheck/get/newUserInfo/ios/list/jform HTTP/1.1" 200 "6875" "loginKey=eee018695a013563&offset=0&count=15" "-" "NEngine/1.0 (compatible; MSIE 6.0; Windows NT 5.1)" "-" "0.076" "0.058"
183.209.57.57 - - [18/Mar/2020:01:39:38 +0800] "POST /api/ssvoice/IOSCheck/get/newUserInfo/ios/list/jform HTTP/1.1" 200 "7046" "loginKey=eee018695a013563&offset=0&count=15" "-" "NEngine/1.0 (compatible; MSIE 6.0; Windows NT 5.1)" "-" "0.119" "0.058"
42.87.222.137 - - [18/Mar/2020:01:39:38 +0800] "GET /api/ssvoice/chat/get/room/online/user/31536/0/200/json HTTP/1.1" 200 "31571" "-" "-" "NEngine/1.0 (compatible; MSIE 6.0; Windows NT 5.1)" "-" "0.733" "0.692"
183.209.57.57 - - [18/Mar/2020:01:39:38 +0800] "POST /api/ssvoice/IOSCheck/get/newUserInfo/ios/list/jform HTTP/1.1" 200 "6865" "loginKey=eee018695a013563&offset=90&count=15" "-" "NEngine/1.0 (compatible; MSIE 6.0; Windows NT 5.1)" "-" "0.076" "0.059"
183.209.57.57 - - [18/Mar/2020:01:39:38 +0800] "POST /api/ssvoice/IOSCheck/get/newUserInfo/ios/list/jform HTTP/1.1" 200 "28" "loginKey=eee018695a013563&offset=180&count=15" "-" "NEngine/1.0 (compatible; MSIE 6.0; Windows NT 5.1)" "-" "0.024" "0.004"
183.209.57.57 - - [18/Mar/2020:01:39:38 +0800] "POST /api/ssvoice/IOSCheck/get/newUserInfo/ios/list/jform HTTP/1.1" 200 "28" "loginKey=eee018695a013563&offset=180&count=15" "-" "NEngine/1.0 (compatible; MSIE 6.0; Windows NT 5.1)" "-" "0.146" "0.117"
42.87.222.137 - - [18/Mar/2020:01:39:38 +0800] "GET /api/ssvoice/chat/room/admin/user/31536/json HTTP/1.1" 200 "5931" "-" "-" "NEngine/1.0 (compatible; MSIE 6.0; Windows NT 5.1)" "-" "0.042" "0.042"
183.209.57.57 - - [18/Mar/2020:01:39:39 +0800] "POST /api/ssvoice/IOSCheck/get/newUserInfo/ios/list/jform HTTP/1.1" 200 "28" "loginKey=eee018695a013563&offset=180&count=15" "-" "NEngine/1.0 (compatible; MSIE 6.0; Windows NT 5.1)" "-" "0.033" "0.004"
183.209.57.57 - - [18/Mar/2020:01:39:39 +0800] "POST /api/ssvoice/IOSCheck/get/newUserInfo/ios/list/jform HTTP/1.1" 200 "28" "loginKey=eee018695a013563&offset=180&count=15" "-" "NEngine/1.0 (compatible; MSIE 6.0; Windows NT 5.1)" "-" "0.023" "0.004"
183.209.57.57 - - [18/Mar/2020:01:39:39 +0800] "POST /api/ssvoice/IOSCheck/get/newUserInfo/ios/list/jform HTTP/1.1" 200 "28" "loginKey=eee018695a013563&offset=180&count=15" "-" "NEngine/1.0 (compatible; MSIE 6.0; Windows NT 5.1)" "-" "0.024" "0.005"
183.209.57.57 - - [18/Mar/2020:01:39:39 +0800] "POST /api/ssvoice/IOSCheck/get/newUserInfo/ios/list/jform HTTP/1.1" 200 "28" "loginKey=eee018695a013563&offset=180&count=15" "-" "NEngine/1.0 (compatible; MSIE 6.0; Windows NT 5.1)" "-" "0.020" "0.005"
183.209.57.57 - - [18/Mar/2020:01:39:39 +0800] "POST /api/ssvoice/IOSCheck/get/newUserInfo/ios/list/jform HTTP/1.1" 200 "28" "loginKey=eee018695a013563&offset=180&count=15" "-" "NEngine/1.0 (compatible; MSIE 6.0; Windows NT 5.1)" "-" "0.019" "0.004"
183.209.57.57 - - [18/Mar/2020:01:39:39 +0800] "POST /api/ssvoice/IOSCheck/get/newUserInfo/ios/list/jform HTTP/1.1" 200 "28" "loginKey=eee018695a013563&offset=180&count=15" "-" "NEngine/1.0 (compatible; MSIE 6.0; Windows NT 5.1)" "-" "0.022" "0.004"
183.209.57.57 - - [18/Mar/2020:01:39:40 +0800] "POST /api/ssvoice/IOSCheck/get/newUserInfo/ios/list/jform HTTP/1.1" 200 "28" "loginKey=eee018695a013563&offset=180&count=15" "-" "NEngine/1.0 (compatible; MSIE 6.0; Windows NT 5.1)" "-" "0.029" "0.004"
183.209.57.57 - - [18/Mar/2020:01:39:40 +0800] "POST /api/ssvoice/IOSCheck/get/newUserInfo/ios/list/jform HTTP/1.1" 200 "28" "loginKey=eee018695a013563&offset=180&count=15" "-" "NEngine/1.0 (compatible; MSIE 6.0; Windows NT 5.1)" "-" "0.037" "0.004"
42.87.222.137 - - [18/Mar/2020:01:39:40 +0800] "GET /api/ssvoice/chat/get/room/online/user/31536/0/200/json HTTP/1.1" 200 "31578" "-" "-" "NEngine/1.0 (compatible; MSIE 6.0; Windows NT 5.1)" "-" "0.026" "0.025"
