115.197.93.232 - - [26/Mar/2020:00:00:14 +0800] "POST /api/sheng/person/userfollowrelation/dd831932788a859b/jform HTTP/1.1" 404 "1075" "loginKey=dd831932788a859b&ssId=100405070" "-" "NEngine/1.0 (compatible; MSIE 6.0; Windows NT 5.1)" "-" "0.007" "0.001"
223.68.19.236 - - [26/Mar/2020:00:00:19 +0800] "POST /api/ssvoice/vip/get/vip/colors/jform HTTP/1.1" 200 "1608" "timeStamps=timeStamps" "-" "Mozilla/5.0 (Linux; U; Android 5.1.1; zh-cn; OPPO R9 Plusm A Build/LMY47V) AppleWebKit/534.30 (KHTML, like Gecko) Version/4.0 Mobile Safari/534.30" "-" "0.004" "0.004"
223.68.19.236 - - [26/Mar/2020:00:00:19 +0800] "POST /api/ssvoice/vip/get/vip/colors/jform HTTP/1.1" 200 "1608" "timeStamps=timeStamps" "-" "Mozilla/5.0 (Linux; U; Android 5.1.1; zh-cn; OPPO R9 Plusm A Build/LMY47V) AppleWebKit/534.30 (KHTML, like Gecko) Version/4.0 Mobile Safari/534.30" "-" "0.004" "0.004"
120.242.31.209 - - [26/Mar/2020:00:00:28 +0800] "GET /api/ssvoice/chat/get/expense/sum/week/31594/jform HTTP/1.1" 200 "34" "-" "-" "Mozilla/5.0 (Linux; U; Android 9; zh-cn; MI 6X Build/PKQ1.180904.001) AppleWebKit/533.1 (KHTML, like Gecko) Version/5.0 Mobile Safari/533.1" "-" "0.002" "0.002"
49.86.194.194 - - [26/Mar/2020:00:00:39 +0800] "GET /api/ssvoice/chat/get/microphonelist4/31598/json HTTP/1.1" 200 "3149" "-" "-" "NEngine/1.0 (compatible; MSIE 6.0; Windows NT 5.1)" "-" "0.027" "0.027"
120.242.31.209 - - [26/Mar/2020:00:00:52 +0800] "POST /api/ssvoice/person/get/xinxiu/list/jform HTTP/1.1" 200 "28" "loginKey=5c385c460de0e0bd" "-" "Mozilla/5.0 (Linux; U; Android 9; zh-cn; MI 6X Build/PKQ1.180904.001) AppleWebKit/533.1 (KHTML, like Gecko) Version/5.0 Mobile Safari/533.1" "-" "0.006" "0.006"
175.167.138.177 - - [26/Mar/2020:00:01:00 +0800] "POST /api/ssvoice/vip/get/vip/colors/jform HTTP/1.1" 200 "1608" "timeStamps=timeStamps" "-" "Mozilla/5.0 (Linux; U; Android 5.1; zh-cn; vivo X6D Build/LMY47I) AppleWebKit/534.30 (KHTML, like Gecko) Version/4.0 Mobile Safari/534.30" "-" "0.004" "0.003"
115.197.93.232 - - [26/Mar/2020:00:01:32 +0800] "GET /api/ssvoice/chat/get/microphonelist4/31586/json HTTP/1.1" 200 "3173" "-" "-" "NEngine/1.0 (compatible; MSIE 6.0; Windows NT 5.1)" "-" "0.023" "0.023"
115.197.93.232 - - [26/Mar/2020:00:01:32 +0800] "POST /api/ssvoice/gift/getcoin/jform HTTP/1.1" 200 "176" "loginKey=dd831932788a859b" "-" "NEngine/1.0 (compatible; MSIE 6.0; Windows NT 5.1)" "-" "0.009" "0.003"
120.242.31.209 - - [26/Mar/2020:00:01:38 +0800] "GET /api/ssvoice/chat/get/expense/sum/week/31594/jform HTTP/1.1" 200 "34" "-" "-" "Mozilla/5.0 (Linux; U; Android 9; zh-cn; MI 6X Build/PKQ1.180904.001) AppleWebKit/533.1 (KHTML, like Gecko) Version/5.0 Mobile Safari/533.1" "-" "0.003" "0.003"
223.149.104.170 - - [26/Mar/2020:00:01:44 +0800] "GET /api/ssvoice/chat/get/microphone/request/list3/31552/json HTTP/1.1" 200 "28" "-" "-" "NEngine/1.0 (compatible; MSIE 6.0; Windows NT 5.1)" "-" "0.004" "0.005"
120.242.31.209 - - [26/Mar/2020:00:01:46 +0800] "GET /api/ssvoice/chat/get/expense/sum/week/31594/jform HTTP/1.1" 200 "34" "-" "-" "Mozilla/5.0 (Linux; U; Android 9; zh-cn; MI 6X Build/PKQ1.180904.001) AppleWebKit/533.1 (KHTML, like Gecko) Version/5.0 Mobile Safari/533.1" "-" "0.002" "0.003"
121.71.62.160 - - [26/Mar/2020:00:01:56 +0800] "POST /api/ssvoice/account/heart/beat/100163348/jform HTTP/1.1" 200 "32" "-" "-" "Mozilla/5.0 (Linux; U; Android 9; zh-cn; vivo X21A Build/PKQ1.180819.001) AppleWebKit/533.1 (KHTML, like Gecko) Version/5.0 Mobile Safari/533.1" "-" "0.002" "0.002"
120.242.31.209 - - [26/Mar/2020:00:02:14 +0800] "GET /api/ssvoice/chat/get/expense/sum/week/31594/jform HTTP/1.1" 200 "34" "-" "-" "Mozilla/5.0 (Linux; U; Android 9; zh-cn; MI 6X Build/PKQ1.180904.001) AppleWebKit/533.1 (KHTML, like Gecko) Version/5.0 Mobile Safari/533.1" "-" "0.004" "0.003"
111.242.252.201 - - [26/Mar/2020:00:02:14 +0800] "POST /api/ssvoice/account/heart/beat/100213422/jform HTTP/1.1" 200 "32" "-" "-" "Mozilla/5.0 (Linux; U; Android 9; zh-tw; Redmi 7 Build/PKQ1.181021.001) AppleWebKit/533.1 (KHTML, like Gecko) Version/5.0 Mobile Safari/533.1" "-" "0.003" "0.002"
113.58.240.37 - - [26/Mar/2020:00:03:39 +0800] "POST /api/ssvoice/chat/get/total/top/list/new/jform HTTP/1.1" 200 "4276" "type=1&offset=0&count=10" "-" "NEngine/1.0 (compatible; MSIE 6.0; Windows NT 5.1)" "-" "0.066" "0.027"
113.58.240.37 - - [26/Mar/2020:00:03:39 +0800] "POST /api/ssvoice/account/info/100371571/jform HTTP/1.1" 200 "1891" "-" "-" "NEngine/1.0 (compatible; MSIE 6.0; Windows NT 5.1)" "-" "0.026" "0.026"
113.58.240.37 - - [26/Mar/2020:00:03:39 +0800] "POST /api/ssvoice/chat/user/current/room/jform HTTP/1.1" 200 "505" "ssId=100165118" "-" "NEngine/1.0 (compatible; MSIE 6.0; Windows NT 5.1)" "-" "0.049" "0.003"
113.58.240.37 - - [26/Mar/2020:00:03:39 +0800] "POST /api/ssvoice/chat/user/current/room/jform HTTP/1.1" 200 "505" "ssId=100076349" "-" "NEngine/1.0 (compatible; MSIE 6.0; Windows NT 5.1)" "-" "0.048" "0.004"
113.58.240.37 - - [26/Mar/2020:00:03:39 +0800] "POST /api/ssvoice/chat/user/current/room/jform HTTP/1.1" 200 "505" "ssId=100011048" "-" "NEngine/1.0 (compatible; MSIE 6.0; Windows NT 5.1)" "-" "0.050" "0.003"
113.58.240.37 - - [26/Mar/2020:00:03:39 +0800] "POST /api/ssvoice/chat/user/current/room/jform HTTP/1.1" 200 "505" "ssId=100008131" "-" "NEngine/1.0 (compatible; MSIE 6.0; Windows NT 5.1)" "-" "0.061" "0.004"
113.58.240.37 - - [26/Mar/2020:00:03:39 +0800] "POST /api/ssvoice/chat/user/current/room/jform HTTP/1.1" 200 "505" "ssId=100334847" "-" "NEngine/1.0 (compatible; MSIE 6.0; Windows NT 5.1)" "-" "0.064" "0.003"
113.58.240.37 - - [26/Mar/2020:00:03:39 +0800] "POST /api/ssvoice/chat/user/current/room/jform HTTP/1.1" 200 "505" "ssId=100320931" "-" "NEngine/1.0 (compatible; MSIE 6.0; Windows NT 5.1)" "-" "0.066" "0.003"
113.58.240.37 - - [26/Mar/2020:00:03:39 +0800] "POST /api/ssvoice/chat/user/current/room/jform HTTP/1.1" 200 "505" "ssId=100022217" "-" "NEngine/1.0 (compatible; MSIE 6.0; Windows NT 5.1)" "-" "0.071" "0.003"
113.58.240.37 - - [26/Mar/2020:00:03:39 +0800] "POST /api/ssvoice/chat/user/current/room/jform HTTP/1.1" 200 "505" "ssId=100282952" "-" "NEngine/1.0 (compatible; MSIE 6.0; Windows NT 5.1)" "-" "0.069" "0.003"
113.58.240.37 - - [26/Mar/2020:00:03:39 +0800] "POST /api/ssvoice/chat/user/current/room/jform HTTP/1.1" 200 "505" "ssId=100339001" "-" "NEngine/1.0 (compatible; MSIE 6.0; Windows NT 5.1)" "-" "0.073" "0.003"
113.58.240.37 - - [26/Mar/2020:00:03:39 +0800] "POST /api/ssvoice/chat/user/current/room/jform HTTP/1.1" 200 "505" "ssId=100342569" "-" "NEngine/1.0 (compatible; MSIE 6.0; Windows NT 5.1)" "-" "0.073" "0.002"
113.58.240.37 - - [26/Mar/2020:00:03:39 +0800] "POST /api/ssvoice/chat/user/current/room/jform HTTP/1.1" 200 "505" "ssId=100384196" "-" "NEngine/1.0 (compatible; MSIE 6.0; Windows NT 5.1)" "-" "0.073" "0.002"
113.58.240.37 - - [26/Mar/2020:00:03:39 +0800] "POST /api/ssvoice/chat/user/current/room/jform HTTP/1.1" 200 "505" "ssId=100382251" "-" "NEngine/1.0 (compatible; MSIE 6.0; Windows NT 5.1)" "-" "0.073" "0.003"
113.58.240.37 - - [26/Mar/2020:00:03:39 +0800] "POST /api/ssvoice/chat/user/current/room/jform HTTP/1.1" 200 "505" "ssId=100385250" "-" "NEngine/1.0 (compatible; MSIE 6.0; Windows NT 5.1)" "-" "0.073" "0.002"
113.58.240.37 - - [26/Mar/2020:00:03:39 +0800] "POST /api/ssvoice/chat/user/current/room/jform HTTP/1.1" 200 "505" "ssId=100375525" "-" "NEngine/1.0 (compatible; MSIE 6.0; Windows NT 5.1)" "-" "0.073" "0.003"
113.58.240.37 - - [26/Mar/2020:00:03:39 +0800] "POST /api/ssvoice/chat/user/current/room/jform HTTP/1.1" 200 "505" "ssId=100369353" "-" "NEngine/1.0 (compatible; MSIE 6.0; Windows NT 5.1)" "-" "0.086" "0.011"
113.58.240.37 - - [26/Mar/2020:00:03:39 +0800] "POST /api/ssvoice/chat/user/current/room/jform HTTP/1.1" 200 "505" "ssId=100386697" "-" "NEngine/1.0 (compatible; MSIE 6.0; Windows NT 5.1)" "-" "0.072" "0.002"
113.58.240.37 - - [26/Mar/2020:00:03:39 +0800] "POST /api/ssvoice/chat/user/current/room/jform HTTP/1.1" 200 "505" "ssId=100374441" "-" "NEngine/1.0 (compatible; MSIE 6.0; Windows NT 5.1)" "-" "0.088" "0.010"
113.58.240.37 - - [26/Mar/2020:00:03:39 +0800] "POST /api/ssvoice/chat/user/current/room/jform HTTP/1.1" 200 "505" "ssId=100386381" "-" "NEngine/1.0 (compatible; MSIE 6.0; Windows NT 5.1)" "-" "0.068" "0.003"
113.58.240.37 - - [26/Mar/2020:00:03:39 +0800] "POST /api/ssvoice/chat/user/current/room/jform HTTP/1.1" 200 "505" "ssId=100387335" "-" "NEngine/1.0 (compatible; MSIE 6.0; Windows NT 5.1)" "-" "0.067" "0.002"
113.58.240.37 - - [26/Mar/2020:00:03:39 +0800] "POST /api/ssvoice/chat/user/current/room/jform HTTP/1.1" 200 "659" "ssId=100393458" "-" "NEngine/1.0 (compatible; MSIE 6.0; Windows NT 5.1)" "-" "0.061" "0.003"
113.58.240.37 - - [26/Mar/2020:00:03:39 +0800] "POST /api/ssvoice/chat/user/current/room/jform HTTP/1.1" 200 "505" "ssId=100401341" "-" "NEngine/1.0 (compatible; MSIE 6.0; Windows NT 5.1)" "-" "0.049" "0.002"
113.58.240.37 - - [26/Mar/2020:00:03:39 +0800] "POST /api/ssvoice/chat/user/current/room/jform HTTP/1.1" 200 "505" "ssId=100396516" "-" "NEngine/1.0 (compatible; MSIE 6.0; Windows NT 5.1)" "-" "0.050" "0.002"
113.58.240.37 - - [26/Mar/2020:00:03:39 +0800] "POST /api/ssvoice/chat/user/current/room/jform HTTP/1.1" 200 "505" "ssId=100401719" "-" "NEngine/1.0 (compatible; MSIE 6.0; Windows NT 5.1)" "-" "0.048" "0.003"
113.58.240.37 - - [26/Mar/2020:00:03:39 +0800] "POST /api/ssvoice/chat/user/current/room/jform HTTP/1.1" 200 "505" "ssId=100398156" "-" "NEngine/1.0 (compatible; MSIE 6.0; Windows NT 5.1)" "-" "0.055" "0.003"
113.58.240.37 - - [26/Mar/2020:00:03:39 +0800] "POST /api/ssvoice/chat/user/current/room/jform HTTP/1.1" 200 "505" "ssId=100402464" "-" "NEngine/1.0 (compatible; MSIE 6.0; Windows NT 5.1)" "-" "0.045" "0.003"
113.58.240.37 - - [26/Mar/2020:00:03:39 +0800] "POST /api/ssvoice/chat/user/current/room/jform HTTP/1.1" 200 "505" "ssId=100402116" "-" "NEngine/1.0 (compatible; MSIE 6.0; Windows NT 5.1)" "-" "0.048" "0.004"
113.58.240.37 - - [26/Mar/2020:00:03:39 +0800] "POST /api/ssvoice/chat/user/current/room/jform HTTP/1.1" 200 "656" "ssId=100401710" "-" "NEngine/1.0 (compatible; MSIE 6.0; Windows NT 5.1)" "-" "0.051" "0.005"
113.58.240.37 - - [26/Mar/2020:00:03:39 +0800] "POST /api/ssvoice/chat/user/current/room/jform HTTP/1.1" 200 "505" "ssId=100401979" "-" "NEngine/1.0 (compatible; MSIE 6.0; Windows NT 5.1)" "-" "0.047" "0.003"
113.58.240.37 - - [26/Mar/2020:00:03:39 +0800] "POST /api/ssvoice/chat/user/current/room/jform HTTP/1.1" 200 "505" "ssId=100401919" "-" "NEngine/1.0 (compatible; MSIE 6.0; Windows NT 5.1)" "-" "0.049" "0.002"
113.58.240.37 - - [26/Mar/2020:00:03:39 +0800] "POST /api/ssvoice/chat/user/current/room/jform HTTP/1.1" 200 "505" "ssId=100404482" "-" "NEngine/1.0 (compatible; MSIE 6.0; Windows NT 5.1)" "-" "0.048" "0.003"
113.58.240.37 - - [26/Mar/2020:00:03:39 +0800] "POST /api/ssvoice/chat/user/current/room/jform HTTP/1.1" 200 "505" "ssId=100403486" "-" "NEngine/1.0 (compatible; MSIE 6.0; Windows NT 5.1)" "-" "0.048" "0.002"
113.58.240.37 - - [26/Mar/2020:00:03:39 +0800] "POST /api/ssvoice/chat/user/current/room/jform HTTP/1.1" 200 "505" "ssId=100404503" "-" "NEngine/1.0 (compatible; MSIE 6.0; Windows NT 5.1)" "-" "0.050" "0.002"
113.58.240.37 - - [26/Mar/2020:00:03:39 +0800] "POST /api/ssvoice/chat/user/current/room/jform HTTP/1.1" 200 "505" "ssId=100401740" "-" "NEngine/1.0 (compatible; MSIE 6.0; Windows NT 5.1)" "-" "0.052" "0.002"
113.58.240.37 - - [26/Mar/2020:00:03:39 +0800] "POST /api/ssvoice/chat/user/current/room/jform HTTP/1.1" 200 "505" "ssId=100402001" "-" "NEngine/1.0 (compatible; MSIE 6.0; Windows NT 5.1)" "-" "0.054" "0.003"
113.58.240.37 - - [26/Mar/2020:00:03:39 +0800] "POST /api/ssvoice/chat/user/current/room/jform HTTP/1.1" 200 "659" "ssId=100405634" "-" "NEngine/1.0 (compatible; MSIE 6.0; Windows NT 5.1)" "-" "0.050" "0.004"
113.58.240.37 - - [26/Mar/2020:00:03:39 +0800] "POST /api/ssvoice/chat/user/current/room/jform HTTP/1.1" 200 "505" "ssId=100405582" "-" "NEngine/1.0 (compatible; MSIE 6.0; Windows NT 5.1)" "-" "0.049" "0.003"
113.58.240.37 - - [26/Mar/2020:00:03:39 +0800] "POST /api/ssvoice/chat/user/current/room/jform HTTP/1.1" 200 "505" "ssId=100405338" "-" "NEngine/1.0 (compatible; MSIE 6.0; Windows NT 5.1)" "-" "0.047" "0.003"
113.58.240.37 - - [26/Mar/2020:00:03:39 +0800] "POST /api/ssvoice/chat/user/current/room/jform HTTP/1.1" 200 "505" "ssId=100404789" "-" "NEngine/1.0 (compatible; MSIE 6.0; Windows NT 5.1)" "-" "0.061" "0.002"
113.58.240.37 - - [26/Mar/2020:00:03:47 +0800] "POST /api/ssvoice/hit/gold/egg/get/hit/egg/info/new/jform HTTP/1.1" 200 "78" "crId=31536&loginKey=974943db21a9a4b8" "-" "NEngine/1.0 (compatible; MSIE 6.0; Windows NT 5.1)" "-" "0.051" "0.008"
113.58.240.37 - - [26/Mar/2020:00:03:47 +0800] "POST /api/ssvoice/gift/get/chatroom/gift/list/new/jform HTTP/1.1" 200 "50078" "-" "-" "NEngine/1.0 (compatible; MSIE 6.0; Windows NT 5.1)" "-" "0.075" "0.034"
113.58.240.37 - - [26/Mar/2020:00:03:47 +0800] "POST /api/ssvoice/chat/get/expense/total/list/jform HTTP/1.1" 200 "15679" "loginKey=974943db21a9a4b8&crId=31536&type=1" "-" "NEngine/1.0 (compatible; MSIE 6.0; Windows NT 5.1)" "-" "0.219" "0.136"
113.58.240.37 - - [26/Mar/2020:00:03:48 +0800] "POST /api/ssvoice/chat/come/and/out/room/jform HTTP/1.1" 200 "29" "crId=31536&loginKey=974943db21a9a4b8&flag=1" "-" "NEngine/1.0 (compatible; MSIE 6.0; Windows NT 5.1)" "-" "0.548" "0.509"
113.58.240.37 - - [26/Mar/2020:00:04:02 +0800] "POST /api/ssvoice/chat/get/expense/total/list/jform HTTP/1.1" 200 "15679" "loginKey=974943db21a9a4b8&crId=31536&type=1" "-" "NEngine/1.0 (compatible; MSIE 6.0; Windows NT 5.1)" "-" "0.146" "0.069"
113.58.240.37 - - [26/Mar/2020:00:04:12 +0800] "GET /api/ssvoice/chat/get/microphonelist4/31536/json HTTP/1.1" 200 "3044" "-" "-" "NEngine/1.0 (compatible; MSIE 6.0; Windows NT 5.1)" "-" "0.020" "0.020"
101.37.27.225 - - [26/Mar/2020:00:05:00 +0800] "POST /api-ssvoice/api/ssvoice/shopping/get/all/expiring/commodities/jform HTTP/1.1" 204 "0" "time=1585152300001" "-" "Apache-HttpClient/4.5.1 (Java/1.7.0_79)" "-" "0.133" "0.132"
115.197.93.232 - - [26/Mar/2020:00:05:11 +0800] "GET /api/ssvoice/chat/get/microphonelist4/31586/json HTTP/1.1" 200 "3173" "-" "-" "NEngine/1.0 (compatible; MSIE 6.0; Windows NT 5.1)" "-" "0.021" "0.020"
115.197.93.232 - - [26/Mar/2020:00:05:14 +0800] "GET /api/ssvoice/chat/get/microphonelist4/31586/json HTTP/1.1" 200 "3173" "-" "-" "NEngine/1.0 (compatible; MSIE 6.0; Windows NT 5.1)" "-" "0.013" "0.013"
115.197.93.232 - - [26/Mar/2020:00:05:18 +0800] "GET /api/ssvoice/chat/get/microphonelist4/31586/json HTTP/1.1" 200 "3173" "-" "-" "NEngine/1.0 (compatible; MSIE 6.0; Windows NT 5.1)" "-" "0.019" "0.018"
223.149.104.170 - - [26/Mar/2020:00:05:30 +0800] "POST /api/ssvoice/person/userfollowrelation/503df29e7953e48f/jform HTTP/1.1" 200 "29" "loginKey=503df29e7953e48f&ssId=100402100" "-" "NEngine/1.0 (compatible; MSIE 6.0; Windows NT 5.1)" "-" "0.040" "0.006"
115.197.93.232 - - [26/Mar/2020:00:05:34 +0800] "POST /api/ssvoice/account/info/100404535/jform HTTP/1.1" 200 "1330" "-" "-" "NEngine/1.0 (compatible; MSIE 6.0; Windows NT 5.1)" "-" "0.029" "0.029"
115.197.93.232 - - [26/Mar/2020:00:05:44 +0800] "POST /api/ssvoice/treasure/hunt/get/good/luck/rank/jform HTTP/1.1" 200 "20756" "timeStamp=1585152343" "-" "NEngine/1.0 (compatible; MSIE 6.0; Windows NT 5.1)" "-" "2.315" "2.300"
115.197.93.232 - - [26/Mar/2020:00:05:50 +0800] "POST /api/ssvoice/shopping/my/wearable/commodities/jform HTTP/1.1" 200 "1896" "loginKey=dd831932788a859b&offset=0&count=100" "-" "NEngine/1.0 (compatible; MSIE 6.0; Windows NT 5.1)" "-" "0.024" "0.009"
115.197.93.232 - - [26/Mar/2020:00:07:01 +0800] "POST /api/ssvoice/gift/get/chatroom/gift/list3/jform HTTP/1.1" 200 "951" "classify=3" "-" "NEngine/1.0 (compatible; MSIE 6.0; Windows NT 5.1)" "-" "0.010" "0.003"
115.197.93.232 - - [26/Mar/2020:00:07:01 +0800] "POST /api/ssvoice/gift/getcoin/jform HTTP/1.1" 200 "176" "loginKey=dd831932788a859b" "-" "NEngine/1.0 (compatible; MSIE 6.0; Windows NT 5.1)" "-" "0.012" "0.005"
115.197.93.232 - - [26/Mar/2020:00:07:01 +0800] "POST /api/ssvoice/treasure/hunt/get/good/luck/rank/jform HTTP/1.1" 200 "20756" "timeStamp=1585152421" "-" "NEngine/1.0 (compatible; MSIE 6.0; Windows NT 5.1)" "-" "0.126" "0.111"
115.197.93.232 - - [26/Mar/2020:00:07:11 +0800] "POST /api/sheng/person/userfollowrelation/dd831932788a859b/jform HTTP/1.1" 404 "1075" "loginKey=dd831932788a859b&ssId=100402443" "-" "NEngine/1.0 (compatible; MSIE 6.0; Windows NT 5.1)" "-" "0.007" "0.001"
115.197.93.232 - - [26/Mar/2020:00:07:23 +0800] "GET /api/ssvoice/chat/get/microphonelist4/31586/json HTTP/1.1" 200 "2809" "-" "-" "NEngine/1.0 (compatible; MSIE 6.0; Windows NT 5.1)" "-" "0.016" "0.016"
115.197.93.232 - - [26/Mar/2020:00:07:32 +0800] "POST /api/ssvoice/chat/get/room/jform HTTP/1.1" 200 "1947" "loginKey=dd831932788a859b&crId=31587" "-" "NEngine/1.0 (compatible; MSIE 6.0; Windows NT 5.1)" "-" "0.069" "0.059"
115.197.93.232 - - [26/Mar/2020:00:07:32 +0800] "POST /api/ssvoice/gift/get/chatroom/gift/list3/jform HTTP/1.1" 200 "1038" "classify=2" "-" "NEngine/1.0 (compatible; MSIE 6.0; Windows NT 5.1)" "-" "0.011" "0.002"
115.197.93.232 - - [26/Mar/2020:00:07:32 +0800] "POST /api/ssvoice/gift/get/chatroom/gift/list3/jform HTTP/1.1" 200 "11439" "classify=5" "-" "NEngine/1.0 (compatible; MSIE 6.0; Windows NT 5.1)" "-" "0.023" "0.011"
115.197.93.232 - - [26/Mar/2020:00:07:32 +0800] "POST /api/ssvoice/hit/gold/egg/get/hit/egg/info/new/jform HTTP/1.1" 200 "78" "crId=31587&loginKey=dd831932788a859b" "-" "NEngine/1.0 (compatible; MSIE 6.0; Windows NT 5.1)" "-" "0.013" "0.006"
115.197.93.232 - - [26/Mar/2020:00:07:32 +0800] "POST /api/ssvoice/chat/get/expense/total/list/jform HTTP/1.1" 200 "9459" "loginKey=dd831932788a859b&crId=31587&type=1" "-" "NEngine/1.0 (compatible; MSIE 6.0; Windows NT 5.1)" "-" "0.117" "0.109"
115.197.93.232 - - [26/Mar/2020:00:07:53 +0800] "POST /api/ssvoice/chat/get/expense/total/list/jform HTTP/1.1" 200 "9459" "loginKey=dd831932788a859b&crId=31587&type=1" "-" "NEngine/1.0 (compatible; MSIE 6.0; Windows NT 5.1)" "-" "0.072" "0.063"
115.197.93.232 - - [26/Mar/2020:00:08:06 +0800] "POST /api/ssvoice/gift/get/treasure/box/list/jform HTTP/1.1" 200 "1387" "-" "-" "NEngine/1.0 (compatible; MSIE 6.0; Windows NT 5.1)" "-" "0.003" "0.004"
115.197.93.232 - - [26/Mar/2020:00:08:06 +0800] "POST /api/ssvoice/gift/get/dynamic/expression/list3/jform HTTP/1.1" 200 "3821" "crId=31536" "-" "NEngine/1.0 (compatible; MSIE 6.0; Windows NT 5.1)" "-" "0.044" "0.005"
115.197.93.232 - - [26/Mar/2020:00:08:06 +0800] "POST /api/ssvoice/gift/get/chatroom/gift/list3/jform HTTP/1.1" 200 "1038" "classify=2" "-" "NEngine/1.0 (compatible; MSIE 6.0; Windows NT 5.1)" "-" "0.012" "0.003"
115.197.93.232 - - [26/Mar/2020:00:08:06 +0800] "GET /api/ssvoice/chat/get/microphonelist4/31536/json HTTP/1.1" 200 "3044" "-" "-" "NEngine/1.0 (compatible; MSIE 6.0; Windows NT 5.1)" "-" "0.026" "0.025"
115.197.93.232 - - [26/Mar/2020:00:08:31 +0800] "POST /api/ssvoice/chat/my/manage/room/list/jform HTTP/1.1" 200 "3723" "ssId=100401942" "-" "NEngine/1.0 (compatible; MSIE 6.0; Windows NT 5.1)" "-" "0.023" "0.016"
113.58.240.37 - - [26/Mar/2020:00:08:32 +0800] "POST /api/ssvoice/account/info/100401942/jform HTTP/1.1" 200 "1331" "-" "-" "NEngine/1.0 (compatible; MSIE 6.0; Windows NT 5.1)" "-" "0.022" "0.022"
115.197.93.232 - - [26/Mar/2020:00:10:01 +0800] "GET /api/ssvoice/chat/get/room/online/user/31536/0/200/json HTTP/1.1" 200 "30915" "-" "-" "NEngine/1.0 (compatible; MSIE 6.0; Windows NT 5.1)" "-" "0.461" "0.453"
115.197.93.232 - - [26/Mar/2020:00:10:01 +0800] "GET /api/ssvoice/chat/room/admin/user/31536/json HTTP/1.1" 200 "6296" "-" "-" "NEngine/1.0 (compatible; MSIE 6.0; Windows NT 5.1)" "-" "0.068" "0.067"
115.197.93.232 - - [26/Mar/2020:00:10:03 +0800] "POST /api/ssvoice/chat/get/expense/total/list/jform HTTP/1.1" 200 "15679" "loginKey=dd831932788a859b&crId=31536&type=1" "-" "NEngine/1.0 (compatible; MSIE 6.0; Windows NT 5.1)" "-" "0.158" "0.143"
121.71.62.160 - - [26/Mar/2020:00:10:56 +0800] "POST /api/ssvoice/account/heart/beat/100163348/jform HTTP/1.1" 200 "32" "-" "-" "Mozilla/5.0 (Linux; U; Android 9; zh-cn; vivo X21A Build/PKQ1.180819.001) AppleWebKit/533.1 (KHTML, like Gecko) Version/5.0 Mobile Safari/533.1" "-" "0.002" "0.003"
111.242.252.201 - - [26/Mar/2020:00:11:14 +0800] "POST /api/ssvoice/account/heart/beat/100213422/jform HTTP/1.1" 200 "32" "-" "-" "Mozilla/5.0 (Linux; U; Android 9; zh-tw; Redmi 7 Build/PKQ1.181021.001) AppleWebKit/533.1 (KHTML, like Gecko) Version/5.0 Mobile Safari/533.1" "-" "0.002" "0.002"
115.197.93.232 - - [26/Mar/2020:00:11:26 +0800] "POST /api/ssvoice/vipcard/get/vip/card/list/jform HTTP/1.1" 200 "28" "crId=31536&loginKey=dd831932788a859b" "-" "NEngine/1.0 (compatible; MSIE 6.0; Windows NT 5.1)" "-" "0.013" "0.004"
113.58.240.37 - - [26/Mar/2020:00:12:06 +0800] "POST /api/ssvoice/account/info/100401942/jform HTTP/1.1" 200 "1331" "-" "-" "NEngine/1.0 (compatible; MSIE 6.0; Windows NT 5.1)" "-" "0.020" "0.021"
113.58.240.37 - - [26/Mar/2020:00:12:06 +0800] "POST /api/ssvoice/chat/my/manage/room/list/jform HTTP/1.1" 200 "3723" "ssId=100401942" "-" "NEngine/1.0 (compatible; MSIE 6.0; Windows NT 5.1)" "-" "0.048" "0.010"
115.197.93.232 - - [26/Mar/2020:00:12:08 +0800] "POST /api/ssvoice/chat/user/current/room/jform HTTP/1.1" 200 "662" "ssId=100371571" "-" "NEngine/1.0 (compatible; MSIE 6.0; Windows NT 5.1)" "-" "0.010" "0.004"
223.149.104.170 - - [26/Mar/2020:00:12:23 +0800] "GET /api/ssvoice/chat/get/microphone/request/list3/31552/json HTTP/1.1" 200 "28" "-" "-" "NEngine/1.0 (compatible; MSIE 6.0; Windows NT 5.1)" "-" "0.003" "0.004"
115.197.93.232 - - [26/Mar/2020:00:12:36 +0800] "POST /api/ssvoice/chat/user/current/room/jform HTTP/1.1" 200 "662" "ssId=100371571" "-" "NEngine/1.0 (compatible; MSIE 6.0; Windows NT 5.1)" "-" "0.011" "0.006"
113.58.240.37 - - [26/Mar/2020:00:12:36 +0800] "POST /api/ssvoice/person/isBlackUser/974943db21a9a4b8/100401942/jform HTTP/1.1" 200 "29" "-" "-" "NEngine/1.0 (compatible; MSIE 6.0; Windows NT 5.1)" "-" "0.004" "0.003"
115.197.93.232 - - [26/Mar/2020:00:12:47 +0800] "POST /api/ssvoice/chat/user/current/room/jform HTTP/1.1" 200 "662" "ssId=100371571" "-" "NEngine/1.0 (compatible; MSIE 6.0; Windows NT 5.1)" "-" "0.012" "0.005"
113.58.240.37 - - [26/Mar/2020:00:12:47 +0800] "POST /api/ssvoice/chat/user/current/room/jform HTTP/1.1" 200 "662" "ssId=100401942" "-" "NEngine/1.0 (compatible; MSIE 6.0; Windows NT 5.1)" "-" "0.042" "0.005"
113.58.240.37 - - [26/Mar/2020:00:12:51 +0800] "POST /api/ssvoice/person/userfollowrelation/974943db21a9a4b8/jform HTTP/1.1" 200 "29" "loginKey=974943db21a9a4b8&ssId=100401942" "-" "NEngine/1.0 (compatible; MSIE 6.0; Windows NT 5.1)" "-" "0.041" "0.003"
115.197.93.232 - - [26/Mar/2020:00:13:01 +0800] "POST /api/ssvoice/account/info/100371571/jform HTTP/1.1" 200 "1891" "-" "-" "NEngine/1.0 (compatible; MSIE 6.0; Windows NT 5.1)" "-" "0.031" "0.031"
113.58.240.37 - - [26/Mar/2020:00:13:04 +0800] "POST /api/ssvoice/chat/user/current/room/jform HTTP/1.1" 200 "662" "ssId=100401942" "-" "NEngine/1.0 (compatible; MSIE 6.0; Windows NT 5.1)" "-" "0.046" "0.005"
115.197.93.232 - - [26/Mar/2020:00:13:09 +0800] "POST /api/ssvoice/gift/get/dynamic/expression/list3/jform HTTP/1.1" 200 "3821" "crId=31586" "-" "NEngine/1.0 (compatible; MSIE 6.0; Windows NT 5.1)" "-" "0.032" "0.003"
115.197.93.232 - - [26/Mar/2020:00:13:09 +0800] "POST /api/ssvoice/gift/get/treasure/box/list/jform HTTP/1.1" 200 "1387" "-" "-" "NEngine/1.0 (compatible; MSIE 6.0; Windows NT 5.1)" "-" "0.004" "0.003"
115.197.93.232 - - [26/Mar/2020:00:13:09 +0800] "POST /api/ssvoice/gift/get/chatroom/gift/list3/jform HTTP/1.1" 200 "1038" "classify=2" "-" "NEngine/1.0 (compatible; MSIE 6.0; Windows NT 5.1)" "-" "0.014" "0.003"
115.197.93.232 - - [26/Mar/2020:00:13:09 +0800] "GET /api/ssvoice/chat/get/microphonelist4/31586/json HTTP/1.1" 200 "2809" "-" "-" "NEngine/1.0 (compatible; MSIE 6.0; Windows NT 5.1)" "-" "0.015" "0.015"
115.197.93.232 - - [26/Mar/2020:00:13:09 +0800] "POST /api/ssvoice/gift/get/chatroom/gift/list/new/jform HTTP/1.1" 200 "50078" "-" "-" "NEngine/1.0 (compatible; MSIE 6.0; Windows NT 5.1)" "-" "0.054" "0.040"
115.197.93.232 - - [26/Mar/2020:00:13:11 +0800] "GET /api/ssvoice/chat/get/room/online/user/31586/0/200/json HTTP/1.1" 200 "31318" "-" "-" "NEngine/1.0 (compatible; MSIE 6.0; Windows NT 5.1)" "-" "0.445" "0.439"
115.197.93.232 - - [26/Mar/2020:00:13:12 +0800] "POST /api/ssvoice/guard/config/guard/list/jform HTTP/1.1" 200 "608" "loginKey=dd831932788a859b&toCrId=31586&toSsId=100402443" "-" "NEngine/1.0 (compatible; MSIE 6.0; Windows NT 5.1)" "-" "0.012" "0.005"
120.27.245.6 - - [26/Mar/2020:00:13:26 +0800] "POST /api-ssvoice/api/ssvoice/account/update/user/num/jform HTTP/1.1" 200 "29" "ssId=100384431" "-" "Apache-HttpClient/4.5.1 (Java/1.7.0_79)" "-" "0.014" "0.014"
115.197.93.232 - - [26/Mar/2020:00:13:39 +0800] "POST /api/ssvoice/chat/user/current/room/jform HTTP/1.1" 200 "662" "ssId=100371571" "-" "NEngine/1.0 (compatible; MSIE 6.0; Windows NT 5.1)" "-" "0.012" "0.004"
115.197.93.232 - - [26/Mar/2020:00:14:09 +0800] "POST /api/ssvoice/chat/user/current/room/jform HTTP/1.1" 200 "662" "ssId=100371571" "-" "NEngine/1.0 (compatible; MSIE 6.0; Windows NT 5.1)" "-" "0.014" "0.005"
115.197.93.232 - - [26/Mar/2020:00:14:13 +0800] "POST /api/ssvoice/chat/user/current/room/jform HTTP/1.1" 200 "662" "ssId=100371571" "-" "NEngine/1.0 (compatible; MSIE 6.0; Windows NT 5.1)" "-" "0.012" "0.005"
113.58.240.37 - - [26/Mar/2020:00:14:13 +0800] "POST /api/ssvoice/person/isBlackUser/974943db21a9a4b8/100401942/jform HTTP/1.1" 200 "29" "-" "-" "NEngine/1.0 (compatible; MSIE 6.0; Windows NT 5.1)" "-" "0.003" "0.003"
113.58.240.37 - - [26/Mar/2020:00:14:23 +0800] "POST /api/ssvoice/chat/user/current/room/jform HTTP/1.1" 200 "665" "ssId=100401942" "-" "NEngine/1.0 (compatible; MSIE 6.0; Windows NT 5.1)" "-" "0.045" "0.005"
115.197.93.232 - - [26/Mar/2020:00:14:33 +0800] "POST /api/ssvoice/chat/user/current/room/jform HTTP/1.1" 200 "662" "ssId=100371571" "-" "NEngine/1.0 (compatible; MSIE 6.0; Windows NT 5.1)" "-" "0.012" "0.005"
113.58.240.37 - - [26/Mar/2020:00:14:33 +0800] "POST /api/ssvoice/chat/user/current/room/jform HTTP/1.1" 200 "665" "ssId=100401942" "-" "NEngine/1.0 (compatible; MSIE 6.0; Windows NT 5.1)" "-" "0.044" "0.005"
113.58.240.37 - - [26/Mar/2020:00:14:33 +0800] "POST /api/ssvoice/chat/user/current/room/jform HTTP/1.1" 200 "665" "ssId=100401942" "-" "NEngine/1.0 (compatible; MSIE 6.0; Windows NT 5.1)" "-" "0.044" "0.005"
113.58.240.37 - - [26/Mar/2020:00:15:39 +0800] "POST /api/ssvoice/chat/user/current/room/jform HTTP/1.1" 200 "665" "ssId=100401942" "-" "NEngine/1.0 (compatible; MSIE 6.0; Windows NT 5.1)" "-" "0.042" "0.004"
117.169.71.113 - - [26/Mar/2020:00:15:46 +0800] "GET /api/ssvoice/chat/get/room/online/user/31524/0/200/json HTTP/1.1" 200 "30394" "-" "-" "NEngine/1.0 (compatible; MSIE 6.0; Windows NT 5.1)" "-" "0.050" "0.025"
117.169.71.113 - - [26/Mar/2020:00:15:49 +0800] "POST /api/ssvoice/IOSCheck/get/newUserInfo/ios/list/jform HTTP/1.1" 200 "6740" "loginKey=f1f569e1bd0ce4e0&offset=0&count=15" "-" "NEngine/1.0 (compatible; MSIE 6.0; Windows NT 5.1)" "-" "0.076" "0.051"
223.149.104.170 - - [26/Mar/2020:00:15:50 +0800] "GET /api/ssvoice/chat/get/microphonelist4/31552/json HTTP/1.1" 200 "3120" "-" "-" "NEngine/1.0 (compatible; MSIE 6.0; Windows NT 5.1)" "-" "0.022" "0.023"
223.149.104.170 - - [26/Mar/2020:00:15:53 +0800] "GET /api/ssvoice/chat/get/microphonelist4/31552/json HTTP/1.1" 200 "3120" "-" "-" "NEngine/1.0 (compatible; MSIE 6.0; Windows NT 5.1)" "-" "0.019" "0.018"
223.149.104.170 - - [26/Mar/2020:00:15:56 +0800] "GET /api/ssvoice/chat/get/microphonelist4/31552/json HTTP/1.1" 200 "3120" "-" "-" "NEngine/1.0 (compatible; MSIE 6.0; Windows NT 5.1)" "-" "0.022" "0.022"
223.149.104.170 - - [26/Mar/2020:00:15:58 +0800] "GET /api/ssvoice/chat/get/microphonelist4/31552/json HTTP/1.1" 200 "3120" "-" "-" "NEngine/1.0 (compatible; MSIE 6.0; Windows NT 5.1)" "-" "0.018" "0.019"
223.149.104.170 - - [26/Mar/2020:00:16:00 +0800] "GET /api/ssvoice/chat/get/microphonelist4/31552/json HTTP/1.1" 200 "3120" "-" "-" "NEngine/1.0 (compatible; MSIE 6.0; Windows NT 5.1)" "-" "0.018" "0.018"
223.149.104.170 - - [26/Mar/2020:00:16:02 +0800] "GET /api/ssvoice/chat/get/microphonelist4/31552/json HTTP/1.1" 200 "3120" "-" "-" "NEngine/1.0 (compatible; MSIE 6.0; Windows NT 5.1)" "-" "0.022" "0.021"
49.86.194.194 - - [26/Mar/2020:00:16:04 +0800] "GET /api/ssvoice/chat/get/microphonelist4/31598/json HTTP/1.1" 200 "3164" "-" "-" "NEngine/1.0 (compatible; MSIE 6.0; Windows NT 5.1)" "-" "0.022" "0.022"
49.86.194.194 - - [26/Mar/2020:00:16:10 +0800] "GET /api/ssvoice/chat/get/microphonelist4/31598/json HTTP/1.1" 200 "3164" "-" "-" "NEngine/1.0 (compatible; MSIE 6.0; Windows NT 5.1)" "-" "0.026" "0.027"
49.86.194.194 - - [26/Mar/2020:00:16:12 +0800] "POST /api/ssvoice/chat/off/microphone/jform HTTP/1.1" 200 "29" "loginKey=6aa291f26ea944aa&crId=31598&microphoneId=4" "-" "NEngine/1.0 (compatible; MSIE 6.0; Windows NT 5.1)" "-" "0.051" "0.038"
49.86.194.194 - - [26/Mar/2020:00:16:19 +0800] "POST /api/ssvoice/gift/get/chatroom/gift/list3/jform HTTP/1.1" 200 "1038" "classify=2" "-" "NEngine/1.0 (compatible; MSIE 6.0; Windows NT 5.1)" "-" "0.021" "0.005"
49.86.194.194 - - [26/Mar/2020:00:16:19 +0800] "POST /api/ssvoice/gift/get/dynamic/expression/list3/jform HTTP/1.1" 200 "3821" "crId=31598" "-" "NEngine/1.0 (compatible; MSIE 6.0; Windows NT 5.1)" "-" "0.022" "0.006"
49.86.194.194 - - [26/Mar/2020:00:16:19 +0800] "POST /api/ssvoice/hit/gold/egg/get/hit/egg/info/new/jform HTTP/1.1" 200 "78" "crId=31598&loginKey=0b374c7c4401c919" "-" "NEngine/1.0 (compatible; MSIE 6.0; Windows NT 5.1)" "-" "0.022" "0.007"
49.86.194.194 - - [26/Mar/2020:00:16:19 +0800] "POST /api/ssvoice/gift/get/chatroom/gift/list3/jform HTTP/1.1" 200 "11439" "classify=5" "-" "NEngine/1.0 (compatible; MSIE 6.0; Windows NT 5.1)" "-" "0.029" "0.012"
49.86.194.194 - - [26/Mar/2020:00:16:19 +0800] "POST /api/ssvoice/gift/get/chatroom/gift/list/new/jform HTTP/1.1" 200 "50078" "-" "-" "NEngine/1.0 (compatible; MSIE 6.0; Windows NT 5.1)" "-" "0.071" "0.042"
115.197.93.232 - - [26/Mar/2020:00:16:24 +0800] "GET /api/ssvoice/chat/get/microphonelist4/31586/json HTTP/1.1" 200 "3174" "-" "-" "NEngine/1.0 (compatible; MSIE 6.0; Windows NT 5.1)" "-" "0.018" "0.019"
115.197.93.232 - - [26/Mar/2020:00:16:28 +0800] "GET /api/ssvoice/chat/get/microphonelist4/31586/json HTTP/1.1" 200 "3174" "-" "-" "NEngine/1.0 (compatible; MSIE 6.0; Windows NT 5.1)" "-" "0.015" "0.014"
223.149.104.170 - - [26/Mar/2020:00:16:40 +0800] "GET /api/ssvoice/chat/get/microphonelist4/31552/json HTTP/1.1" 200 "3120" "-" "-" "NEngine/1.0 (compatible; MSIE 6.0; Windows NT 5.1)" "-" "0.024" "0.023"
49.86.194.194 - - [26/Mar/2020:00:16:41 +0800] "GET /api/ssvoice/chat/get/microphone/request/list3/31598/json HTTP/1.1" 200 "571" "-" "-" "NEngine/1.0 (compatible; MSIE 6.0; Windows NT 5.1)" "-" "0.008" "0.007"
49.86.194.194 - - [26/Mar/2020:00:16:42 +0800] "GET /api/ssvoice/chat/get/microphone/request/list3/31598/json HTTP/1.1" 200 "1117" "-" "-" "NEngine/1.0 (compatible; MSIE 6.0; Windows NT 5.1)" "-" "0.012" "0.013"
223.149.104.170 - - [26/Mar/2020:00:16:43 +0800] "GET /api/ssvoice/chat/get/microphonelist4/31552/json HTTP/1.1" 200 "3120" "-" "-" "NEngine/1.0 (compatible; MSIE 6.0; Windows NT 5.1)" "-" "0.017" "0.015"
49.86.194.194 - - [26/Mar/2020:00:16:44 +0800] "GET /api/ssvoice/chat/get/microphone/request/list3/31598/json HTTP/1.1" 200 "573" "-" "-" "NEngine/1.0 (compatible; MSIE 6.0; Windows NT 5.1)" "-" "0.009" "0.010"
115.197.93.232 - - [26/Mar/2020:00:16:45 +0800] "GET /api/ssvoice/chat/get/microphone/request/list3/31586/json HTTP/1.1" 200 "28" "-" "-" "NEngine/1.0 (compatible; MSIE 6.0; Windows NT 5.1)" "-" "0.003" "0.003"
223.149.104.170 - - [26/Mar/2020:00:16:46 +0800] "GET /api/ssvoice/chat/get/microphonelist4/31552/json HTTP/1.1" 200 "3120" "-" "-" "NEngine/1.0 (compatible; MSIE 6.0; Windows NT 5.1)" "-" "0.020" "0.020"
49.86.194.194 - - [26/Mar/2020:00:16:46 +0800] "GET /api/ssvoice/chat/get/microphonelist4/31598/json HTTP/1.1" 200 "3450" "-" "-" "NEngine/1.0 (compatible; MSIE 6.0; Windows NT 5.1)" "-" "0.036" "0.036"
223.149.104.170 - - [26/Mar/2020:00:16:49 +0800] "GET /api/ssvoice/chat/get/microphonelist4/31552/json HTTP/1.1" 200 "3120" "-" "-" "NEngine/1.0 (compatible; MSIE 6.0; Windows NT 5.1)" "-" "0.018" "0.017"
223.149.104.170 - - [26/Mar/2020:00:16:52 +0800] "GET /api/ssvoice/chat/get/microphonelist4/31552/json HTTP/1.1" 200 "3120" "-" "-" "NEngine/1.0 (compatible; MSIE 6.0; Windows NT 5.1)" "-" "0.020" "0.019"
49.86.194.194 - - [26/Mar/2020:00:16:52 +0800] "GET /api/ssvoice/chat/get/microphonelist4/31598/json HTTP/1.1" 200 "3454" "-" "-" "NEngine/1.0 (compatible; MSIE 6.0; Windows NT 5.1)" "-" "0.027" "0.028"
223.149.104.170 - - [26/Mar/2020:00:16:53 +0800] "GET /api/ssvoice/chat/get/microphonelist4/31552/json HTTP/1.1" 200 "3120" "-" "-" "NEngine/1.0 (compatible; MSIE 6.0; Windows NT 5.1)" "-" "0.017" "0.017"
49.86.194.194 - - [26/Mar/2020:00:16:56 +0800] "GET /api/ssvoice/chat/get/microphonelist4/31598/json HTTP/1.1" 200 "3456" "-" "-" "NEngine/1.0 (compatible; MSIE 6.0; Windows NT 5.1)" "-" "0.022" "0.022"
121.71.62.160 - - [26/Mar/2020:00:16:56 +0800] "POST /api/ssvoice/account/heart/beat/100163348/jform HTTP/1.1" 200 "32" "-" "-" "Mozilla/5.0 (Linux; U; Android 9; zh-cn; vivo X21A Build/PKQ1.180819.001) AppleWebKit/533.1 (KHTML, like Gecko) Version/5.0 Mobile Safari/533.1" "-" "0.003" "0.002"
49.86.194.194 - - [26/Mar/2020:00:16:58 +0800] "GET /api/ssvoice/chat/get/microphonelist4/31598/json HTTP/1.1" 200 "3456" "-" "-" "NEngine/1.0 (compatible; MSIE 6.0; Windows NT 5.1)" "-" "0.030" "0.029"
115.197.93.232 - - [26/Mar/2020:00:17:02 +0800] "GET /api/ssvoice/chat/get/microphonelist4/31586/json HTTP/1.1" 200 "3174" "-" "-" "NEngine/1.0 (compatible; MSIE 6.0; Windows NT 5.1)" "-" "0.019" "0.019"
49.86.194.194 - - [26/Mar/2020:00:17:02 +0800] "GET /api/ssvoice/chat/get/microphonelist4/31598/json HTTP/1.1" 200 "3456" "-" "-" "NEngine/1.0 (compatible; MSIE 6.0; Windows NT 5.1)" "-" "0.022" "0.021"
115.197.93.232 - - [26/Mar/2020:00:17:04 +0800] "GET /api/ssvoice/chat/get/microphonelist4/31586/json HTTP/1.1" 200 "3174" "-" "-" "NEngine/1.0 (compatible; MSIE 6.0; Windows NT 5.1)" "-" "0.014" "0.013"
49.86.194.194 - - [26/Mar/2020:00:17:05 +0800] "GET /api/ssvoice/chat/get/microphonelist4/31598/json HTTP/1.1" 200 "3458" "-" "-" "NEngine/1.0 (compatible; MSIE 6.0; Windows NT 5.1)" "-" "0.022" "0.021"
211.93.84.34 - - [26/Mar/2020:00:17:06 +0800] "POST /api/ssvoice/skillnew/recommend/skill/by/skillTypeId/133V/jform HTTP/1.1" 200 "28927" "timeStamp=1585153025433" "-" "Mozilla/5.0 (Linux; U; Android 5.1; zh-cn; M3s Build/LMY47I) AppleWebKit/537.36 (KHTML, like Gecko) Version/4.0 Mobile Safari/537.36" "-" "0.286" "0.160"
211.93.84.34 - - [26/Mar/2020:00:17:06 +0800] "POST /api/ssvoice/show/get/banner/list/jform HTTP/1.1" 200 "526" "type=1" "-" "Mozilla/5.0 (Linux; U; Android 5.1; zh-cn; M3s Build/LMY47I) AppleWebKit/537.36 (KHTML, like Gecko) Version/4.0 Mobile Safari/537.36" "-" "0.002" "0.001"
115.197.93.232 - - [26/Mar/2020:00:17:07 +0800] "GET /api/ssvoice/chat/get/microphonelist4/31586/json HTTP/1.1" 200 "3174" "-" "-" "NEngine/1.0 (compatible; MSIE 6.0; Windows NT 5.1)" "-" "0.013" "0.014"
211.93.84.34 - - [26/Mar/2020:00:17:07 +0800] "POST /api/ssvoice/near/create/near/data/jform HTTP/1.1" 200 "33" "address=&latitude=41.720637&title=&longitude=120.661898" "-" "Mozilla/5.0 (Linux; U; Android 5.1; zh-cn; M3s Build/LMY47I) AppleWebKit/537.36 (KHTML, like Gecko) Version/4.0 Mobile Safari/537.36" "-" "0.001" "0.000"
49.86.194.194 - - [26/Mar/2020:00:17:07 +0800] "GET /api/ssvoice/chat/get/microphonelist4/31598/json HTTP/1.1" 200 "3458" "-" "-" "NEngine/1.0 (compatible; MSIE 6.0; Windows NT 5.1)" "-" "0.022" "0.022"
211.93.84.34 - - [26/Mar/2020:00:17:07 +0800] "POST /api/ssvoice/person/getmutualfollowlist/null/0/20/jform HTTP/1.1" 500 "65" "-" "-" "Mozilla/5.0 (Linux; U; Android 5.1; zh-cn; M3s Build/LMY47I) AppleWebKit/537.36 (KHTML, like Gecko) Version/4.0 Mobile Safari/537.36" "-" "0.002" "0.003"
211.93.84.34 - - [26/Mar/2020:00:17:07 +0800] "POST /api/ssvoice/person/getmutualfollowlist/null/0/20/jform HTTP/1.1" 500 "65" "-" "-" "Mozilla/5.0 (Linux; U; Android 5.1; zh-cn; M3s Build/LMY47I) AppleWebKit/537.36 (KHTML, like Gecko) Version/4.0 Mobile Safari/537.36" "-" "0.003" "0.002"
211.93.84.34 - - [26/Mar/2020:00:17:07 +0800] "POST /api/ssvoice/person/getfollowlist/null/-1/0/20/jform HTTP/1.1" 500 "65" "-" "-" "Mozilla/5.0 (Linux; U; Android 5.1; zh-cn; M3s Build/LMY47I) AppleWebKit/537.36 (KHTML, like Gecko) Version/4.0 Mobile Safari/537.36" "-" "0.002" "0.002"
211.93.84.34 - - [26/Mar/2020:00:17:08 +0800] "POST /api/ssvoice/vip/get/vip/center/message/null/jform HTTP/1.1" 500 "65" "-" "-" "Mozilla/5.0 (Linux; U; Android 5.1; zh-cn; M3s Build/LMY47I) AppleWebKit/537.36 (KHTML, like Gecko) Version/4.0 Mobile Safari/537.36" "-" "0.001" "0.001"
115.197.93.232 - - [26/Mar/2020:00:17:10 +0800] "GET /api/ssvoice/chat/get/microphonelist4/31586/json HTTP/1.1" 200 "3174" "-" "-" "NEngine/1.0 (compatible; MSIE 6.0; Windows NT 5.1)" "-" "0.020" "0.020"
211.93.84.34 - - [26/Mar/2020:00:17:12 +0800] "POST /api/ssvoice/chat/room/bg/list/jform HTTP/1.1" 200 "7670" "timeStamp=2020-03-26%2000%3A17%3A12" "-" "Mozilla/5.0 (Linux; U; Android 5.1; zh-cn; M3s Build/LMY47I) AppleWebKit/537.36 (KHTML, like Gecko) Version/4.0 Mobile Safari/537.36" "-" "0.005" "0.004"
211.93.84.34 - - [26/Mar/2020:00:17:13 +0800] "POST /api/ssvoice/vip/get/vip/center/message/null/jform HTTP/1.1" 500 "65" "-" "-" "Mozilla/5.0 (Linux; U; Android 5.1; zh-cn; M3s Build/LMY47I) AppleWebKit/537.36 (KHTML, like Gecko) Version/4.0 Mobile Safari/537.36" "-" "0.001" "0.000"
211.93.84.34 - - [26/Mar/2020:00:17:13 +0800] "POST /api/ssvoice/cp/get/recent/voice/info/jform HTTP/1.1" 500 "65" "ssId=-1" "-" "Mozilla/5.0 (Linux; U; Android 5.1; zh-cn; M3s Build/LMY47I) AppleWebKit/537.36 (KHTML, like Gecko) Version/4.0 Mobile Safari/537.36" "-" "0.001" "0.001"
111.242.252.201 - - [26/Mar/2020:00:17:16 +0800] "POST /api/ssvoice/account/heart/beat/100213422/jform HTTP/1.1" 200 "32" "-" "-" "Mozilla/5.0 (Linux; U; Android 9; zh-tw; Redmi 7 Build/PKQ1.181021.001) AppleWebKit/533.1 (KHTML, like Gecko) Version/5.0 Mobile Safari/533.1" "-" "0.003" "0.003"
211.93.84.34 - - [26/Mar/2020:00:17:31 +0800] "POST /api/ssvoice/person/getmutualfollowlist/null/0/20/jform HTTP/1.1" 500 "65" "-" "-" "Mozilla/5.0 (Linux; U; Android 5.1; zh-cn; M3s Build/LMY47I) AppleWebKit/537.36 (KHTML, like Gecko) Version/4.0 Mobile Safari/537.36" "-" "0.003" "0.001"
211.93.84.34 - - [26/Mar/2020:00:17:31 +0800] "POST /api/ssvoice/recommend/get/recommend/room/133V/jform HTTP/1.1" 200 "17439" "offset=0&loginKey=&roomTagId=1213&count=100" "-" "Mozilla/5.0 (Linux; U; Android 5.1; zh-cn; M3s Build/LMY47I) AppleWebKit/537.36 (KHTML, like Gecko) Version/4.0 Mobile Safari/537.36" "-" "0.145" "0.098"
211.93.84.34 - - [26/Mar/2020:00:17:31 +0800] "POST /api/ssvoice/res/switch/activity/switch/show/jform HTTP/1.1" 200 "28" "code=game" "-" "Mozilla/5.0 (Linux; U; Android 5.1; zh-cn; M3s Build/LMY47I) AppleWebKit/537.36 (KHTML, like Gecko) Version/4.0 Mobile Safari/537.36" "-" "0.004" "0.004"
211.93.84.34 - - [26/Mar/2020:00:17:31 +0800] "POST /api/ssvoice/login/third/party/is/register/jform HTTP/1.1" 500 "61" "thirdPartyId=2&appVersion=v1.40.5450.504400&system=1&machineCode=00000000-0fe1-2582-6f64-bde00031627a&openId=o7nTg0yUZYwFIrOmDSrli5TId6Sk&accessToken=31_BY8FOflZBU-eC-LRqmColLah_fL9L4567vRM3uY9T2g0uI-h8gQUcZvFwJ675kQDMTnoMAlmmbShEdkwE2lK2VLiJ2vDzfiYE1iodYy1SOo" "-" "Mozilla/5.0 (Linux; U; Android 5.1; zh-cn; M3s Build/LMY47I) AppleWebKit/537.36 (KHTML, like Gecko) Version/4.0 Mobile Safari/537.36" "-" "0.003" "0.003"
101.37.24.89 - - [26/Mar/2020:00:17:36 +0800] "POST /api-ssvoice/api/ssvoice/account/update/user/num/jform HTTP/1.1" 200 "29" "ssId=100384431" "-" "Apache-HttpClient/4.5.1 (Java/1.7.0_79)" "-" "0.017" "0.016"
211.93.84.34 - - [26/Mar/2020:00:17:37 +0800] "GET /api/ssvoice/chat/get/room/version/json HTTP/1.1" 200 "31" "-" "-" "Mozilla/5.0 (Linux; U; Android 5.1; zh-cn; M3s Build/LMY47I) AppleWebKit/537.36 (KHTML, like Gecko) Version/4.0 Mobile Safari/537.36" "-" "0.001" "0.000"
211.93.84.34 - - [26/Mar/2020:00:17:37 +0800] "POST /api/ssvoice/person/getmutualfollowlist/null/0/20/jform HTTP/1.1" 500 "65" "-" "-" "Mozilla/5.0 (Linux; U; Android 5.1; zh-cn; M3s Build/LMY47I) AppleWebKit/537.36 (KHTML, like Gecko) Version/4.0 Mobile Safari/537.36" "-" "0.003" "0.003"
211.93.84.34 - - [26/Mar/2020:00:17:38 +0800] "POST /api/ssvoice/vip/get/vip/center/message/null/jform HTTP/1.1" 500 "65" "-" "-" "Mozilla/5.0 (Linux; U; Android 5.1; zh-cn; M3s Build/LMY47I) AppleWebKit/537.36 (KHTML, like Gecko) Version/4.0 Mobile Safari/537.36" "-" "0.002" "0.001"
211.93.84.34 - - [26/Mar/2020:00:17:38 +0800] "POST /api/ssvoice/cp/get/recent/voice/info/jform HTTP/1.1" 500 "65" "ssId=-1" "-" "Mozilla/5.0 (Linux; U; Android 5.1; zh-cn; M3s Build/LMY47I) AppleWebKit/537.36 (KHTML, like Gecko) Version/4.0 Mobile Safari/537.36" "-" "0.002" "0.001"
211.93.84.34 - - [26/Mar/2020:00:17:44 +0800] "POST /api/ssvoice/recommend/get/recommend/room/v3/jform HTTP/1.1" 200 "4693" "offset=0&loginKey=&roomTagId=3&count=20" "-" "Mozilla/5.0 (Linux; U; Android 5.1; zh-cn; M3s Build/LMY47I) AppleWebKit/537.36 (KHTML, like Gecko) Version/4.0 Mobile Safari/537.36" "-" "0.042" "0.041"
49.86.194.194 - - [26/Mar/2020:00:17:45 +0800] "GET /api/ssvoice/chat/get/microphonelist4/31598/json HTTP/1.1" 200 "3460" "-" "-" "NEngine/1.0 (compatible; MSIE 6.0; Windows NT 5.1)" "-" "0.028" "0.027"
115.197.93.232 - - [26/Mar/2020:00:17:48 +0800] "POST /api/ssvoice/chat/user/current/room/jform HTTP/1.1" 200 "662" "ssId=100371571" "-" "NEngine/1.0 (compatible; MSIE 6.0; Windows NT 5.1)" "-" "0.011" "0.003"
113.58.240.37 - - [26/Mar/2020:00:17:49 +0800] "POST /api/ssvoice/chat/user/current/room/jform HTTP/1.1" 200 "665" "ssId=100401942" "-" "NEngine/1.0 (compatible; MSIE 6.0; Windows NT 5.1)" "-" "0.051" "0.004"
49.86.194.194 - - [26/Mar/2020:00:17:49 +0800] "GET /api/ssvoice/chat/get/microphonelist4/31598/json HTTP/1.1" 200 "3460" "-" "-" "NEngine/1.0 (compatible; MSIE 6.0; Windows NT 5.1)" "-" "0.021" "0.020"
49.86.194.194 - - [26/Mar/2020:00:17:53 +0800] "GET /api/ssvoice/chat/get/microphonelist4/31598/json HTTP/1.1" 200 "3460" "-" "-" "NEngine/1.0 (compatible; MSIE 6.0; Windows NT 5.1)" "-" "0.030" "0.029"
117.169.71.113 - - [26/Mar/2020:00:17:55 +0800] "GET /api/ssvoice/chat/get/room/online/user/31524/0/200/json HTTP/1.1" 200 "29580" "-" "-" "NEngine/1.0 (compatible; MSIE 6.0; Windows NT 5.1)" "-" "0.499" "0.473"
115.197.93.232 - - [26/Mar/2020:00:17:57 +0800] "POST /api/ssvoice/chat/user/current/room/jform HTTP/1.1" 200 "662" "ssId=100371571" "-" "NEngine/1.0 (compatible; MSIE 6.0; Windows NT 5.1)" "-" "0.011" "0.005"
113.58.240.37 - - [26/Mar/2020:00:17:57 +0800] "POST /api/ssvoice/person/isBlackUser/974943db21a9a4b8/100401942/jform HTTP/1.1" 200 "29" "-" "-" "NEngine/1.0 (compatible; MSIE 6.0; Windows NT 5.1)" "-" "0.003" "0.002"
113.58.240.37 - - [26/Mar/2020:00:17:57 +0800] "POST /api/ssvoice/chat/user/current/room/jform HTTP/1.1" 200 "665" "ssId=100401942" "-" "NEngine/1.0 (compatible; MSIE 6.0; Windows NT 5.1)" "-" "0.044" "0.004"
117.169.71.113 - - [26/Mar/2020:00:17:58 +0800] "POST /api/ssvoice/IOSCheck/get/newUserInfo/ios/list/jform HTTP/1.1" 200 "6628" "loginKey=f1f569e1bd0ce4e0&offset=0&count=15" "-" "NEngine/1.0 (compatible; MSIE 6.0; Windows NT 5.1)" "-" "0.072" "0.047"
211.93.84.34 - - [26/Mar/2020:00:18:02 +0800] "POST /api/ssvoice/person/getmutualfollowlist/null/0/20/jform HTTP/1.1" 500 "65" "-" "-" "Mozilla/5.0 (Linux; U; Android 5.1; zh-cn; M3s Build/LMY47I) AppleWebKit/537.36 (KHTML, like Gecko) Version/4.0 Mobile Safari/537.36" "-" "0.003" "0.002"
211.93.84.34 - - [26/Mar/2020:00:18:02 +0800] "POST /api/ssvoice/skillnew/recommend/skill/by/skillTypeId/133V/jform HTTP/1.1" 200 "28927" "timeStamp=1585153082196" "-" "Mozilla/5.0 (Linux; U; Android 5.1; zh-cn; M3s Build/LMY47I) AppleWebKit/537.36 (KHTML, like Gecko) Version/4.0 Mobile Safari/537.36" "-" "0.162" "0.114"
211.93.84.34 - - [26/Mar/2020:00:18:03 +0800] "POST /api/ssvoice/res/switch/activity/switch/show/jform HTTP/1.1" 200 "28" "code=game" "-" "Mozilla/5.0 (Linux; U; Android 5.1; zh-cn; M3s Build/LMY47I) AppleWebKit/537.36 (KHTML, like Gecko) Version/4.0 Mobile Safari/537.36" "-" "0.004" "0.003"
211.93.84.34 - - [26/Mar/2020:00:18:06 +0800] "POST /api/ssvoice/person/getmutualfollowlist/null/0/20/jform HTTP/1.1" 500 "65" "-" "-" "Mozilla/5.0 (Linux; U; Android 5.1; zh-cn; M3s Build/LMY47I) AppleWebKit/537.36 (KHTML, like Gecko) Version/4.0 Mobile Safari/537.36" "-" "0.003" "0.003"
211.93.84.34 - - [26/Mar/2020:00:18:06 +0800] "POST /api/ssvoice/skillnew/recommend/skill/by/skillTypeId/133V/jform HTTP/1.1" 200 "28926" "timeStamp=1585153085858" "-" "Mozilla/5.0 (Linux; U; Android 5.1; zh-cn; M3s Build/LMY47I) AppleWebKit/537.36 (KHTML, like Gecko) Version/4.0 Mobile Safari/537.36" "-" "0.245" "0.131"
211.93.84.34 - - [26/Mar/2020:00:18:06 +0800] "POST /api/ssvoice/account/info/-1/jform HTTP/1.1" 200 "0" "-" "-" "Mozilla/5.0 (Linux; U; Android 5.1; zh-cn; M3s Build/LMY47I) AppleWebKit/537.36 (KHTML, like Gecko) Version/4.0 Mobile Safari/537.36" "-" "0.004" "0.004"
211.93.84.34 - - [26/Mar/2020:00:18:07 +0800] "POST /api/ssvoice/cp/get/recent/voice/info/jform HTTP/1.1" 500 "65" "ssId=-1" "-" "Mozilla/5.0 (Linux; U; Android 5.1; zh-cn; M3s Build/LMY47I) AppleWebKit/537.36 (KHTML, like Gecko) Version/4.0 Mobile Safari/537.36" "-" "0.001" "0.002"
211.93.84.34 - - [26/Mar/2020:00:18:13 +0800] "POST /api/ssvoice/show/get/banner/list/133V/jform HTTP/1.1" 200 "43" "timeStamp=1585153093530" "-" "Mozilla/5.0 (Linux; U; Android 5.1; zh-cn; M3s Build/LMY47I) AppleWebKit/537.36 (KHTML, like Gecko) Version/4.0 Mobile Safari/537.36" "-" "0.005" "0.005"
211.93.84.34 - - [26/Mar/2020:00:18:13 +0800] "POST /api/ssvoice/person/getmutualfollowlist/null/0/20/jform HTTP/1.1" 500 "65" "-" "-" "Mozilla/5.0 (Linux; U; Android 5.1; zh-cn; M3s Build/LMY47I) AppleWebKit/537.36 (KHTML, like Gecko) Version/4.0 Mobile Safari/537.36" "-" "0.002" "0.003"
211.93.84.34 - - [26/Mar/2020:00:18:14 +0800] "POST /api/ssvoice/person/getfollowlist/null/-1/0/20/jform HTTP/1.1" 500 "65" "-" "-" "Mozilla/5.0 (Linux; U; Android 5.1; zh-cn; M3s Build/LMY47I) AppleWebKit/537.36 (KHTML, like Gecko) Version/4.0 Mobile Safari/537.36" "-" "0.002" "0.002"
211.93.84.34 - - [26/Mar/2020:00:18:14 +0800] "POST /api/ssvoice/cp/get/cp/succeed/list/jform HTTP/1.1" 200 "28" "offset=0&count=20" "-" "Mozilla/5.0 (Linux; U; Android 5.1; zh-cn; M3s Build/LMY47I) AppleWebKit/537.36 (KHTML, like Gecko) Version/4.0 Mobile Safari/537.36" "-" "0.000" "0.001"
211.93.84.34 - - [26/Mar/2020:00:18:14 +0800] "POST /api/ssvoice/res/switch/activity/switch/show/jform HTTP/1.1" 200 "28" "code=game" "-" "Mozilla/5.0 (Linux; U; Android 5.1; zh-cn; M3s Build/LMY47I) AppleWebKit/537.36 (KHTML, like Gecko) Version/4.0 Mobile Safari/537.36" "-" "0.004" "0.003"
211.93.84.34 - - [26/Mar/2020:00:18:21 +0800] "POST /api/ssvoice/show/get/banner/list/133V/jform HTTP/1.1" 200 "43" "timeStamp=1585153100933" "-" "Mozilla/5.0 (Linux; U; Android 5.1; zh-cn; M3s Build/LMY47I) AppleWebKit/537.36 (KHTML, like Gecko) Version/4.0 Mobile Safari/537.36" "-" "0.005" "0.005"
211.93.84.34 - - [26/Mar/2020:00:18:22 +0800] "POST /api/ssvoice/cp/get/cp/succeed/list/jform HTTP/1.1" 200 "28" "offset=0&count=20" "-" "Mozilla/5.0 (Linux; U; Android 5.1; zh-cn; M3s Build/LMY47I) AppleWebKit/537.36 (KHTML, like Gecko) Version/4.0 Mobile Safari/537.36" "-" "0.001" "0.002"
211.93.84.34 - - [26/Mar/2020:00:18:22 +0800] "POST /api/ssvoice/res/switch/activity/switch/show/jform HTTP/1.1" 200 "28" "code=game" "-" "Mozilla/5.0 (Linux; U; Android 5.1; zh-cn; M3s Build/LMY47I) AppleWebKit/537.36 (KHTML, like Gecko) Version/4.0 Mobile Safari/537.36" "-" "0.004" "0.004"
211.93.84.34 - - [26/Mar/2020:00:18:22 +0800] "POST /api/ssvoice/show/get/banner/list/jform HTTP/1.1" 200 "526" "type=1" "-" "Mozilla/5.0 (Linux; U; Android 5.1; zh-cn; M3s Build/LMY47I) AppleWebKit/537.36 (KHTML, like Gecko) Version/4.0 Mobile Safari/537.36" "-" "0.002" "0.002"
49.86.194.194 - - [26/Mar/2020:00:18:27 +0800] "GET /api/ssvoice/chat/get/microphonelist4/31598/json HTTP/1.1" 200 "3468" "-" "-" "NEngine/1.0 (compatible; MSIE 6.0; Windows NT 5.1)" "-" "0.034" "0.034"
49.86.194.194 - - [26/Mar/2020:00:18:27 +0800] "GET /api/ssvoice/chat/get/microphone/request/list3/31598/json HTTP/1.1" 200 "28" "-" "-" "NEngine/1.0 (compatible; MSIE 6.0; Windows NT 5.1)" "-" "0.004" "0.004"
49.86.194.194 - - [26/Mar/2020:00:18:27 +0800] "GET /api/ssvoice/chat/get/microphone/request/list3/31598/json HTTP/1.1" 200 "28" "-" "-" "NEngine/1.0 (compatible; MSIE 6.0; Windows NT 5.1)" "-" "0.004" "0.003"
49.86.194.194 - - [26/Mar/2020:00:18:30 +0800] "GET /api/ssvoice/chat/get/microphonelist4/31598/json HTTP/1.1" 200 "3468" "-" "-" "NEngine/1.0 (compatible; MSIE 6.0; Windows NT 5.1)" "-" "0.026" "0.026"
49.86.194.194 - - [26/Mar/2020:00:18:36 +0800] "GET /api/ssvoice/chat/get/microphonelist4/31598/json HTTP/1.1" 200 "3468" "-" "-" "NEngine/1.0 (compatible; MSIE 6.0; Windows NT 5.1)" "-" "0.025" "0.025"
113.58.240.37 - - [26/Mar/2020:00:18:37 +0800] "GET /api/ssvoice/chat/get/microphone/request/list3/31536/json HTTP/1.1" 200 "28" "-" "-" "NEngine/1.0 (compatible; MSIE 6.0; Windows NT 5.1)" "-" "0.004" "0.003"
49.86.194.194 - - [26/Mar/2020:00:18:40 +0800] "GET /api/ssvoice/chat/get/microphonelist4/31598/json HTTP/1.1" 200 "3468" "-" "-" "NEngine/1.0 (compatible; MSIE 6.0; Windows NT 5.1)" "-" "0.030" "0.030"
