211.93.84.34 - - [26/Mar/2020:00:18:41 +0800] "POST /api/ssvoice/show/get/banner/list/133V/jform HTTP/1.1" 200 "43" "timeStamp=1585153120583" "-" "Mozilla/5.0 (Linux; U; Android 5.1; zh-cn; M3s Build/LMY47I) AppleWebKit/537.36 (KHTML, like Gecko) Version/4.0 Mobile Safari/537.36" "-" "0.006" "0.006"
211.93.84.34 - - [26/Mar/2020:00:18:41 +0800] "POST /api/ssvoice/recommend/get/recommend/room/133V/jform HTTP/1.1" 200 "17439" "offset=0&loginKey=&roomTagId=1213&count=100" "-" "Mozilla/5.0 (Linux; U; Android 5.1; zh-cn; M3s Build/LMY47I) AppleWebKit/537.36 (KHTML, like Gecko) Version/4.0 Mobile Safari/537.36" "-" "0.141" "0.100"
211.93.84.34 - - [26/Mar/2020:00:18:41 +0800] "POST /api/ssvoice/cp/get/cp/succeed/list/jform HTTP/1.1" 200 "28" "offset=0&count=20" "-" "Mozilla/5.0 (Linux; U; Android 5.1; zh-cn; M3s Build/LMY47I) AppleWebKit/537.36 (KHTML, like Gecko) Version/4.0 Mobile Safari/537.36" "-" "0.001" "0.002"
49.86.194.194 - - [26/Mar/2020:00:18:44 +0800] "GET /api/ssvoice/chat/get/microphonelist4/31598/json HTTP/1.1" 200 "3468" "-" "-" "NEngine/1.0 (compatible; MSIE 6.0; Windows NT 5.1)" "-" "0.025" "0.025"
113.58.240.37 - - [26/Mar/2020:00:18:46 +0800] "POST /api/ssvoice/person/isBlackUser/974943db21a9a4b8/100401942/jform HTTP/1.1" 200 "29" "-" "-" "NEngine/1.0 (compatible; MSIE 6.0; Windows NT 5.1)" "-" "0.004" "0.004"
115.197.93.232 - - [26/Mar/2020:00:18:46 +0800] "POST /api/ssvoice/chat/user/current/room/jform HTTP/1.1" 200 "662" "ssId=100371571" "-" "NEngine/1.0 (compatible; MSIE 6.0; Windows NT 5.1)" "-" "0.010" "0.006"
113.58.240.37 - - [26/Mar/2020:00:18:46 +0800] "POST /api/ssvoice/chat/user/current/room/jform HTTP/1.1" 200 "665" "ssId=100401942" "-" "NEngine/1.0 (compatible; MSIE 6.0; Windows NT 5.1)" "-" "0.047" "0.004"
49.86.194.194 - - [26/Mar/2020:00:18:50 +0800] "GET /api/ssvoice/chat/get/microphonelist4/31598/json HTTP/1.1" 200 "3470" "-" "-" "NEngine/1.0 (compatible; MSIE 6.0; Windows NT 5.1)" "-" "0.022" "0.023"
49.86.194.194 - - [26/Mar/2020:00:18:54 +0800] "GET /api/ssvoice/chat/get/microphonelist4/31598/json HTTP/1.1" 200 "3470" "-" "-" "NEngine/1.0 (compatible; MSIE 6.0; Windows NT 5.1)" "-" "0.032" "0.031"
115.197.93.232 - - [26/Mar/2020:00:19:02 +0800] "POST /api/ssvoice/chat/user/current/room/jform HTTP/1.1" 200 "662" "ssId=100371571" "-" "NEngine/1.0 (compatible; MSIE 6.0; Windows NT 5.1)" "-" "0.010" "0.004"
113.58.240.37 - - [26/Mar/2020:00:19:02 +0800] "POST /api/ssvoice/chat/user/current/room/jform HTTP/1.1" 200 "665" "ssId=100401942" "-" "NEngine/1.0 (compatible; MSIE 6.0; Windows NT 5.1)" "-" "0.051" "0.004"
113.58.240.37 - - [26/Mar/2020:00:19:14 +0800] "POST /api/ssvoice/chat/get/hand/luck/list/pc/jform HTTP/1.1" 200 "4041" "loginKey=974943db21a9a4b8&offset=0&count=15" "-" "NEngine/1.0 (compatible; MSIE 6.0; Windows NT 5.1)" "-" "0.064" "0.024"
113.58.240.37 - - [26/Mar/2020:00:19:16 +0800] "POST /api/ssvoice/chat/user/current/room/jform HTTP/1.1" 200 "656" "ssId=100386872" "-" "NEngine/1.0 (compatible; MSIE 6.0; Windows NT 5.1)" "-" "0.043" "0.005"
49.86.194.194 - - [26/Mar/2020:00:19:26 +0800] "GET /api/ssvoice/chat/get/microphonelist4/31598/json HTTP/1.1" 200 "3470" "-" "-" "NEngine/1.0 (compatible; MSIE 6.0; Windows NT 5.1)" "-" "0.028" "0.029"
113.58.240.37 - - [26/Mar/2020:00:19:26 +0800] "POST /api/ssvoice/person/isBlackUser/974943db21a9a4b8/100386872/jform HTTP/1.1" 200 "29" "-" "-" "NEngine/1.0 (compatible; MSIE 6.0; Windows NT 5.1)" "-" "0.003" "0.003"
49.86.194.194 - - [26/Mar/2020:00:19:29 +0800] "GET /api/ssvoice/chat/get/microphonelist4/31598/json HTTP/1.1" 200 "3470" "-" "-" "NEngine/1.0 (compatible; MSIE 6.0; Windows NT 5.1)" "-" "0.022" "0.022"
49.86.194.194 - - [26/Mar/2020:00:19:31 +0800] "GET /api/ssvoice/chat/get/microphonelist4/31598/json HTTP/1.1" 200 "3470" "-" "-" "NEngine/1.0 (compatible; MSIE 6.0; Windows NT 5.1)" "-" "0.028" "0.028"
49.86.194.194 - - [26/Mar/2020:00:19:34 +0800] "GET /api/ssvoice/chat/get/microphonelist4/31598/json HTTP/1.1" 200 "3470" "-" "-" "NEngine/1.0 (compatible; MSIE 6.0; Windows NT 5.1)" "-" "0.022" "0.021"
49.86.194.194 - - [26/Mar/2020:00:19:37 +0800] "GET /api/ssvoice/chat/get/microphonelist4/31598/json HTTP/1.1" 200 "3470" "-" "-" "NEngine/1.0 (compatible; MSIE 6.0; Windows NT 5.1)" "-" "0.031" "0.032"
49.86.194.194 - - [26/Mar/2020:00:19:39 +0800] "GET /api/ssvoice/chat/get/microphonelist4/31598/json HTTP/1.1" 200 "3470" "-" "-" "NEngine/1.0 (compatible; MSIE 6.0; Windows NT 5.1)" "-" "0.023" "0.023"
49.86.194.194 - - [26/Mar/2020:00:19:41 +0800] "GET /api/ssvoice/chat/get/microphonelist4/31598/json HTTP/1.1" 200 "3470" "-" "-" "NEngine/1.0 (compatible; MSIE 6.0; Windows NT 5.1)" "-" "0.024" "0.023"
49.86.194.194 - - [26/Mar/2020:00:19:43 +0800] "GET /api/ssvoice/chat/get/microphonelist4/31598/json HTTP/1.1" 200 "3470" "-" "-" "NEngine/1.0 (compatible; MSIE 6.0; Windows NT 5.1)" "-" "0.031" "0.030"
49.86.194.194 - - [26/Mar/2020:00:19:45 +0800] "GET /api/ssvoice/chat/get/microphonelist4/31598/json HTTP/1.1" 200 "3470" "-" "-" "NEngine/1.0 (compatible; MSIE 6.0; Windows NT 5.1)" "-" "0.025" "0.024"
113.58.240.37 - - [26/Mar/2020:00:19:47 +0800] "POST /api/ssvoice/chat/user/current/room/jform HTTP/1.1" 200 "665" "ssId=100401942" "-" "NEngine/1.0 (compatible; MSIE 6.0; Windows NT 5.1)" "-" "0.044" "0.004"
113.58.240.37 - - [26/Mar/2020:00:19:47 +0800] "POST /api/ssvoice/chat/user/current/room/jform HTTP/1.1" 200 "665" "ssId=100401942" "-" "NEngine/1.0 (compatible; MSIE 6.0; Windows NT 5.1)" "-" "0.047" "0.004"
49.86.194.194 - - [26/Mar/2020:00:20:11 +0800] "GET /api/ssvoice/chat/get/microphonelist4/31598/json HTTP/1.1" 200 "3470" "-" "-" "NEngine/1.0 (compatible; MSIE 6.0; Windows NT 5.1)" "-" "0.033" "0.033"
115.197.93.232 - - [26/Mar/2020:00:20:12 +0800] "GET /api/ssvoice/chat/get/microphonelist4/31586/json HTTP/1.1" 200 "3174" "-" "-" "NEngine/1.0 (compatible; MSIE 6.0; Windows NT 5.1)" "-" "0.021" "0.022"
121.71.62.160 - - [26/Mar/2020:00:20:12 +0800] "POST /api/ssvoice/account/heart/beat/100163348/jform HTTP/1.1" 200 "32" "-" "-" "Mozilla/5.0 (Linux; U; Android 9; zh-cn; vivo X21A Build/PKQ1.180819.001) AppleWebKit/533.1 (KHTML, like Gecko) Version/5.0 Mobile Safari/533.1" "-" "0.003" "0.002"
49.86.194.194 - - [26/Mar/2020:00:20:13 +0800] "GET /api/ssvoice/chat/get/microphonelist4/31598/json HTTP/1.1" 200 "3470" "-" "-" "NEngine/1.0 (compatible; MSIE 6.0; Windows NT 5.1)" "-" "0.023" "0.024"
49.86.194.194 - - [26/Mar/2020:00:20:16 +0800] "GET /api/ssvoice/chat/get/microphonelist4/31598/json HTTP/1.1" 200 "3470" "-" "-" "NEngine/1.0 (compatible; MSIE 6.0; Windows NT 5.1)" "-" "0.027" "0.027"
115.197.93.232 - - [26/Mar/2020:00:20:17 +0800] "GET /api/ssvoice/chat/get/microphonelist4/31586/json HTTP/1.1" 200 "3174" "-" "-" "NEngine/1.0 (compatible; MSIE 6.0; Windows NT 5.1)" "-" "0.015" "0.015"
49.86.194.194 - - [26/Mar/2020:00:20:18 +0800] "GET /api/ssvoice/chat/get/microphonelist4/31598/json HTTP/1.1" 200 "3470" "-" "-" "NEngine/1.0 (compatible; MSIE 6.0; Windows NT 5.1)" "-" "0.024" "0.023"
49.86.194.194 - - [26/Mar/2020:00:20:20 +0800] "GET /api/ssvoice/chat/get/microphonelist4/31598/json HTTP/1.1" 200 "3470" "-" "-" "NEngine/1.0 (compatible; MSIE 6.0; Windows NT 5.1)" "-" "0.024" "0.024"
49.86.194.194 - - [26/Mar/2020:00:20:22 +0800] "GET /api/ssvoice/chat/get/microphonelist4/31598/json HTTP/1.1" 200 "3470" "-" "-" "NEngine/1.0 (compatible; MSIE 6.0; Windows NT 5.1)" "-" "0.025" "0.024"
115.197.93.232 - - [26/Mar/2020:00:20:50 +0800] "POST /api/ssvoice/chat/user/current/room/jform HTTP/1.1" 200 "662" "ssId=100371571" "-" "NEngine/1.0 (compatible; MSIE 6.0; Windows NT 5.1)" "-" "0.018" "0.005"
113.58.240.37 - - [26/Mar/2020:00:20:50 +0800] "POST /api/ssvoice/chat/user/current/room/jform HTTP/1.1" 200 "665" "ssId=100401942" "-" "NEngine/1.0 (compatible; MSIE 6.0; Windows NT 5.1)" "-" "0.042" "0.005"
113.58.240.37 - - [26/Mar/2020:00:20:50 +0800] "POST /api/ssvoice/chat/user/current/room/jform HTTP/1.1" 200 "665" "ssId=100401942" "-" "NEngine/1.0 (compatible; MSIE 6.0; Windows NT 5.1)" "-" "0.043" "0.005"
49.86.194.194 - - [26/Mar/2020:00:20:52 +0800] "GET /api/ssvoice/chat/get/microphonelist4/31598/json HTTP/1.1" 200 "3470" "-" "-" "NEngine/1.0 (compatible; MSIE 6.0; Windows NT 5.1)" "-" "0.031" "0.031"
49.86.194.194 - - [26/Mar/2020:00:20:54 +0800] "GET /api/ssvoice/chat/get/microphonelist4/31598/json HTTP/1.1" 200 "3470" "-" "-" "NEngine/1.0 (compatible; MSIE 6.0; Windows NT 5.1)" "-" "0.023" "0.024"
49.86.194.194 - - [26/Mar/2020:00:20:56 +0800] "GET /api/ssvoice/chat/get/microphonelist4/31598/json HTTP/1.1" 200 "3470" "-" "-" "NEngine/1.0 (compatible; MSIE 6.0; Windows NT 5.1)" "-" "0.024" "0.023"
49.86.194.194 - - [26/Mar/2020:00:20:59 +0800] "GET /api/ssvoice/chat/get/microphonelist4/31598/json HTTP/1.1" 200 "3470" "-" "-" "NEngine/1.0 (compatible; MSIE 6.0; Windows NT 5.1)" "-" "0.025" "0.024"
49.86.194.194 - - [26/Mar/2020:00:21:01 +0800] "GET /api/ssvoice/chat/get/microphonelist4/31598/json HTTP/1.1" 200 "3470" "-" "-" "NEngine/1.0 (compatible; MSIE 6.0; Windows NT 5.1)" "-" "0.023" "0.023"
113.58.240.37 - - [26/Mar/2020:00:21:01 +0800] "POST /api/ssvoice/chat/user/current/room/jform HTTP/1.1" 200 "665" "ssId=100401942" "-" "NEngine/1.0 (compatible; MSIE 6.0; Windows NT 5.1)" "-" "0.046" "0.008"
49.86.194.194 - - [26/Mar/2020:00:21:03 +0800] "GET /api/ssvoice/chat/get/microphonelist4/31598/json HTTP/1.1" 200 "3470" "-" "-" "NEngine/1.0 (compatible; MSIE 6.0; Windows NT 5.1)" "-" "0.031" "0.030"
115.197.93.232 - - [26/Mar/2020:00:21:04 +0800] "GET /api/ssvoice/chat/get/microphonelist4/31586/json HTTP/1.1" 200 "3174" "-" "-" "NEngine/1.0 (compatible; MSIE 6.0; Windows NT 5.1)" "-" "0.015" "0.014"
115.197.93.232 - - [26/Mar/2020:00:21:09 +0800] "GET /api/ssvoice/chat/get/microphonelist4/31586/json HTTP/1.1" 200 "3174" "-" "-" "NEngine/1.0 (compatible; MSIE 6.0; Windows NT 5.1)" "-" "0.021" "0.021"
49.86.194.194 - - [26/Mar/2020:00:21:27 +0800] "GET /api/ssvoice/chat/get/microphonelist4/31598/json HTTP/1.1" 200 "3470" "-" "-" "NEngine/1.0 (compatible; MSIE 6.0; Windows NT 5.1)" "-" "0.027" "0.028"
49.86.194.194 - - [26/Mar/2020:00:21:29 +0800] "GET /api/ssvoice/chat/get/microphonelist4/31598/json HTTP/1.1" 200 "3470" "-" "-" "NEngine/1.0 (compatible; MSIE 6.0; Windows NT 5.1)" "-" "0.021" "0.022"
49.86.194.194 - - [26/Mar/2020:00:21:31 +0800] "GET /api/ssvoice/chat/get/microphonelist4/31598/json HTTP/1.1" 200 "3470" "-" "-" "NEngine/1.0 (compatible; MSIE 6.0; Windows NT 5.1)" "-" "0.022" "0.022"
49.86.194.194 - - [26/Mar/2020:00:21:33 +0800] "GET /api/ssvoice/chat/get/microphonelist4/31598/json HTTP/1.1" 200 "3470" "-" "-" "NEngine/1.0 (compatible; MSIE 6.0; Windows NT 5.1)" "-" "0.022" "0.023"
49.86.194.194 - - [26/Mar/2020:00:21:36 +0800] "GET /api/ssvoice/chat/get/microphonelist4/31598/json HTTP/1.1" 200 "3470" "-" "-" "NEngine/1.0 (compatible; MSIE 6.0; Windows NT 5.1)" "-" "0.024" "0.024"
49.86.194.194 - - [26/Mar/2020:00:21:38 +0800] "GET /api/ssvoice/chat/get/microphonelist4/31598/json HTTP/1.1" 200 "3470" "-" "-" "NEngine/1.0 (compatible; MSIE 6.0; Windows NT 5.1)" "-" "0.024" "0.024"
115.197.93.232 - - [26/Mar/2020:00:21:46 +0800] "POST /api/ssvoice/chat/user/current/room/jform HTTP/1.1" 200 "662" "ssId=100371571" "-" "NEngine/1.0 (compatible; MSIE 6.0; Windows NT 5.1)" "-" "0.016" "0.004"
115.197.93.232 - - [26/Mar/2020:00:21:46 +0800] "POST /api/ssvoice/chat/user/current/room/jform HTTP/1.1" 200 "662" "ssId=100371571" "-" "NEngine/1.0 (compatible; MSIE 6.0; Windows NT 5.1)" "-" "0.012" "0.005"
113.58.240.37 - - [26/Mar/2020:00:21:46 +0800] "POST /api/ssvoice/person/isBlackUser/974943db21a9a4b8/100401942/jform HTTP/1.1" 200 "29" "-" "-" "NEngine/1.0 (compatible; MSIE 6.0; Windows NT 5.1)" "-" "0.003" "0.003"
49.86.194.194 - - [26/Mar/2020:00:21:56 +0800] "GET /api/ssvoice/chat/get/microphonelist4/31598/json HTTP/1.1" 200 "3470" "-" "-" "NEngine/1.0 (compatible; MSIE 6.0; Windows NT 5.1)" "-" "0.032" "0.031"
49.86.194.194 - - [26/Mar/2020:00:21:58 +0800] "GET /api/ssvoice/chat/get/microphonelist4/31598/json HTTP/1.1" 200 "3470" "-" "-" "NEngine/1.0 (compatible; MSIE 6.0; Windows NT 5.1)" "-" "0.023" "0.022"
49.86.194.194 - - [26/Mar/2020:00:22:00 +0800] "GET /api/ssvoice/chat/get/microphonelist4/31598/json HTTP/1.1" 200 "3470" "-" "-" "NEngine/1.0 (compatible; MSIE 6.0; Windows NT 5.1)" "-" "0.022" "0.022"
115.197.93.232 - - [26/Mar/2020:00:22:02 +0800] "POST /api/ssvoice/chat/user/current/room/jform HTTP/1.1" 200 "662" "ssId=100371571" "-" "NEngine/1.0 (compatible; MSIE 6.0; Windows NT 5.1)" "-" "0.012" "0.004"
49.86.194.194 - - [26/Mar/2020:00:22:03 +0800] "GET /api/ssvoice/chat/get/microphonelist4/31598/json HTTP/1.1" 200 "3470" "-" "-" "NEngine/1.0 (compatible; MSIE 6.0; Windows NT 5.1)" "-" "0.022" "0.021"
115.197.93.232 - - [26/Mar/2020:00:22:17 +0800] "POST /api/ssvoice/chat/user/current/room/jform HTTP/1.1" 200 "662" "ssId=100371571" "-" "NEngine/1.0 (compatible; MSIE 6.0; Windows NT 5.1)" "-" "0.012" "0.005"
49.86.194.194 - - [26/Mar/2020:00:22:24 +0800] "GET /api/ssvoice/chat/get/microphonelist4/31598/json HTTP/1.1" 200 "3470" "-" "-" "NEngine/1.0 (compatible; MSIE 6.0; Windows NT 5.1)" "-" "0.032" "0.031"
49.86.194.194 - - [26/Mar/2020:00:22:27 +0800] "GET /api/ssvoice/chat/get/microphonelist4/31598/json HTTP/1.1" 200 "3470" "-" "-" "NEngine/1.0 (compatible; MSIE 6.0; Windows NT 5.1)" "-" "0.024" "0.023"
49.86.194.194 - - [26/Mar/2020:00:22:29 +0800] "GET /api/ssvoice/chat/get/microphonelist4/31598/json HTTP/1.1" 200 "3470" "-" "-" "NEngine/1.0 (compatible; MSIE 6.0; Windows NT 5.1)" "-" "0.023" "0.023"
49.86.194.194 - - [26/Mar/2020:00:22:31 +0800] "GET /api/ssvoice/chat/get/microphonelist4/31598/json HTTP/1.1" 200 "3470" "-" "-" "NEngine/1.0 (compatible; MSIE 6.0; Windows NT 5.1)" "-" "0.030" "0.029"
49.86.194.194 - - [26/Mar/2020:00:22:33 +0800] "GET /api/ssvoice/chat/get/microphonelist4/31598/json HTTP/1.1" 200 "3470" "-" "-" "NEngine/1.0 (compatible; MSIE 6.0; Windows NT 5.1)" "-" "0.023" "0.023"
49.86.194.194 - - [26/Mar/2020:00:22:35 +0800] "GET /api/ssvoice/chat/get/microphonelist4/31598/json HTTP/1.1" 200 "3470" "-" "-" "NEngine/1.0 (compatible; MSIE 6.0; Windows NT 5.1)" "-" "0.023" "0.024"
49.86.194.194 - - [26/Mar/2020:00:22:41 +0800] "GET /api/ssvoice/chat/get/microphonelist4/31598/json HTTP/1.1" 200 "3116" "-" "-" "NEngine/1.0 (compatible; MSIE 6.0; Windows NT 5.1)" "-" "0.022" "0.023"
14.108.200.218 - - [26/Mar/2020:00:22:51 +0800] "GET /api/ssvoice/chat/get/microphonelist4/31519/json HTTP/1.1" 200 "2807" "-" "-" "NEngine/1.0 (compatible; MSIE 6.0; Windows NT 5.1)" "-" "0.019" "0.019"
49.86.194.194 - - [26/Mar/2020:00:22:57 +0800] "GET /api/ssvoice/chat/get/microphone/request/list3/31598/json HTTP/1.1" 200 "28" "-" "-" "NEngine/1.0 (compatible; MSIE 6.0; Windows NT 5.1)" "-" "0.004" "0.004"
49.86.194.194 - - [26/Mar/2020:00:22:58 +0800] "GET /api/ssvoice/chat/get/microphonelist4/31598/json HTTP/1.1" 200 "3116" "-" "-" "NEngine/1.0 (compatible; MSIE 6.0; Windows NT 5.1)" "-" "0.028" "0.028"
49.86.194.194 - - [26/Mar/2020:00:23:00 +0800] "GET /api/ssvoice/chat/get/microphonelist4/31598/json HTTP/1.1" 200 "3116" "-" "-" "NEngine/1.0 (compatible; MSIE 6.0; Windows NT 5.1)" "-" "0.030" "0.030"
49.86.194.194 - - [26/Mar/2020:00:23:02 +0800] "GET /api/ssvoice/chat/get/microphonelist4/31598/json HTTP/1.1" 200 "3116" "-" "-" "NEngine/1.0 (compatible; MSIE 6.0; Windows NT 5.1)" "-" "0.022" "0.022"
49.86.194.194 - - [26/Mar/2020:00:23:05 +0800] "GET /api/ssvoice/chat/get/microphonelist4/31598/json HTTP/1.1" 200 "3116" "-" "-" "NEngine/1.0 (compatible; MSIE 6.0; Windows NT 5.1)" "-" "0.027" "0.025"
49.86.194.194 - - [26/Mar/2020:00:23:07 +0800] "GET /api/ssvoice/chat/get/microphonelist4/31598/json HTTP/1.1" 200 "3116" "-" "-" "NEngine/1.0 (compatible; MSIE 6.0; Windows NT 5.1)" "-" "0.022" "0.022"
111.242.252.201 - - [26/Mar/2020:00:23:14 +0800] "POST /api/ssvoice/account/heart/beat/100213422/jform HTTP/1.1" 200 "32" "-" "-" "Mozilla/5.0 (Linux; U; Android 9; zh-tw; Redmi 7 Build/PKQ1.181021.001) AppleWebKit/533.1 (KHTML, like Gecko) Version/5.0 Mobile Safari/533.1" "-" "0.002" "0.003"
49.86.194.194 - - [26/Mar/2020:00:23:30 +0800] "GET /api/ssvoice/chat/get/microphonelist4/31598/json HTTP/1.1" 200 "3116" "-" "-" "NEngine/1.0 (compatible; MSIE 6.0; Windows NT 5.1)" "-" "0.023" "0.022"
49.86.194.194 - - [26/Mar/2020:00:23:33 +0800] "GET /api/ssvoice/chat/get/microphonelist4/31598/json HTTP/1.1" 200 "3116" "-" "-" "NEngine/1.0 (compatible; MSIE 6.0; Windows NT 5.1)" "-" "0.018" "0.018"
49.86.194.194 - - [26/Mar/2020:00:23:35 +0800] "GET /api/ssvoice/chat/get/microphonelist4/31598/json HTTP/1.1" 200 "3116" "-" "-" "NEngine/1.0 (compatible; MSIE 6.0; Windows NT 5.1)" "-" "0.018" "0.018"
49.86.194.194 - - [26/Mar/2020:00:23:37 +0800] "GET /api/ssvoice/chat/get/microphonelist4/31598/json HTTP/1.1" 200 "3116" "-" "-" "NEngine/1.0 (compatible; MSIE 6.0; Windows NT 5.1)" "-" "0.023" "0.022"
49.86.194.194 - - [26/Mar/2020:00:23:39 +0800] "GET /api/ssvoice/chat/get/microphonelist4/31598/json HTTP/1.1" 200 "3116" "-" "-" "NEngine/1.0 (compatible; MSIE 6.0; Windows NT 5.1)" "-" "0.019" "0.019"
49.86.194.194 - - [26/Mar/2020:00:23:41 +0800] "GET /api/ssvoice/chat/get/microphonelist4/31598/json HTTP/1.1" 200 "3116" "-" "-" "NEngine/1.0 (compatible; MSIE 6.0; Windows NT 5.1)" "-" "0.023" "0.022"
49.86.194.194 - - [26/Mar/2020:00:23:59 +0800] "GET /api/ssvoice/chat/get/microphonelist4/31598/json HTTP/1.1" 200 "3470" "-" "-" "NEngine/1.0 (compatible; MSIE 6.0; Windows NT 5.1)" "-" "0.028" "0.028"
49.86.194.194 - - [26/Mar/2020:00:24:01 +0800] "GET /api/ssvoice/chat/get/microphonelist4/31598/json HTTP/1.1" 200 "3470" "-" "-" "NEngine/1.0 (compatible; MSIE 6.0; Windows NT 5.1)" "-" "0.022" "0.022"
49.86.194.194 - - [26/Mar/2020:00:24:06 +0800] "GET /api/ssvoice/chat/get/microphonelist4/31598/json HTTP/1.1" 200 "3470" "-" "-" "NEngine/1.0 (compatible; MSIE 6.0; Windows NT 5.1)" "-" "0.037" "0.038"
49.86.194.194 - - [26/Mar/2020:00:24:09 +0800] "GET /api/ssvoice/chat/get/microphonelist4/31598/json HTTP/1.1" 200 "3470" "-" "-" "NEngine/1.0 (compatible; MSIE 6.0; Windows NT 5.1)" "-" "0.023" "0.023"
49.86.194.194 - - [26/Mar/2020:00:24:13 +0800] "GET /api/ssvoice/chat/get/microphonelist4/31598/json HTTP/1.1" 200 "3470" "-" "-" "NEngine/1.0 (compatible; MSIE 6.0; Windows NT 5.1)" "-" "0.035" "0.035"
49.86.194.194 - - [26/Mar/2020:00:24:15 +0800] "GET /api/ssvoice/chat/get/microphonelist4/31598/json HTTP/1.1" 200 "3470" "-" "-" "NEngine/1.0 (compatible; MSIE 6.0; Windows NT 5.1)" "-" "0.030" "0.030"
49.86.194.194 - - [26/Mar/2020:00:24:34 +0800] "GET /api/ssvoice/chat/get/microphonelist4/31598/json HTTP/1.1" 200 "3470" "-" "-" "NEngine/1.0 (compatible; MSIE 6.0; Windows NT 5.1)" "-" "0.034" "0.034"
49.86.194.194 - - [26/Mar/2020:00:24:36 +0800] "GET /api/ssvoice/chat/get/microphonelist4/31598/json HTTP/1.1" 200 "3470" "-" "-" "NEngine/1.0 (compatible; MSIE 6.0; Windows NT 5.1)" "-" "0.027" "0.026"
115.197.93.232 - - [26/Mar/2020:00:24:38 +0800] "POST /api/ssvoice/treasure/hunt/get/boxNew/info/jform HTTP/1.1" 200 "990" "timeStamp=1585153478" "-" "NEngine/1.0 (compatible; MSIE 6.0; Windows NT 5.1)" "-" "0.012" "0.003"
49.86.194.194 - - [26/Mar/2020:00:24:39 +0800] "GET /api/ssvoice/chat/get/microphonelist4/31598/json HTTP/1.1" 200 "3470" "-" "-" "NEngine/1.0 (compatible; MSIE 6.0; Windows NT 5.1)" "-" "0.025" "0.024"
115.197.93.232 - - [26/Mar/2020:00:24:48 +0800] "POST /api/ssvoice/treasure/hunt/get/my/award/record/list/jform HTTP/1.1" 200 "357" "loginKey=dd831932788a859b&offset=0&count=300" "-" "NEngine/1.0 (compatible; MSIE 6.0; Windows NT 5.1)" "-" "0.018" "0.008"
101.37.24.89 - - [26/Mar/2020:00:24:57 +0800] "POST /api-ssvoice/api/ssvoice/account/update/user/num/jform HTTP/1.1" 200 "29" "ssId=100386872" "-" "Apache-HttpClient/4.5.1 (Java/1.7.0_79)" "-" "0.017" "0.017"
49.86.194.194 - - [26/Mar/2020:00:25:09 +0800] "GET /api/ssvoice/chat/get/microphonelist4/31598/json HTTP/1.1" 200 "3470" "-" "-" "NEngine/1.0 (compatible; MSIE 6.0; Windows NT 5.1)" "-" "0.033" "0.032"
49.86.194.194 - - [26/Mar/2020:00:25:12 +0800] "GET /api/ssvoice/chat/get/microphonelist4/31598/json HTTP/1.1" 200 "3470" "-" "-" "NEngine/1.0 (compatible; MSIE 6.0; Windows NT 5.1)" "-" "0.022" "0.021"
49.86.194.194 - - [26/Mar/2020:00:25:15 +0800] "GET /api/ssvoice/chat/get/microphonelist4/31598/json HTTP/1.1" 200 "3470" "-" "-" "NEngine/1.0 (compatible; MSIE 6.0; Windows NT 5.1)" "-" "0.032" "0.032"
49.86.194.194 - - [26/Mar/2020:00:25:17 +0800] "GET /api/ssvoice/chat/get/microphonelist4/31598/json HTTP/1.1" 200 "3470" "-" "-" "NEngine/1.0 (compatible; MSIE 6.0; Windows NT 5.1)" "-" "0.022" "0.022"
49.86.194.194 - - [26/Mar/2020:00:25:20 +0800] "GET /api/ssvoice/chat/get/microphonelist4/31598/json HTTP/1.1" 200 "3470" "-" "-" "NEngine/1.0 (compatible; MSIE 6.0; Windows NT 5.1)" "-" "0.029" "0.029"
49.86.194.194 - - [26/Mar/2020:00:25:22 +0800] "GET /api/ssvoice/chat/get/microphonelist4/31598/json HTTP/1.1" 200 "3470" "-" "-" "NEngine/1.0 (compatible; MSIE 6.0; Windows NT 5.1)" "-" "0.022" "0.022"
115.197.93.232 - - [26/Mar/2020:00:25:34 +0800] "POST /api/ssvoice/chat/update/room4/jform HTTP/1.1" 200 "29" "loginKey=dd831932788a859b&crId=31586&isPrivateRoom=0&roomTitle=\xE6\x9A\x96\xE9\x9F\xB3FM\xF0\x9F\x8E\xA7\xE6\x8B\x9B\xE4\xBC\x98\xE8\xB4\xA8\xE7\x94\xB5\xE5\x8F\xB0\xE4\xB8\xBB\xE6\x92\xAD&roomBg=35&roomPwd=c4d86fd5364d7e45&state=1&toneQuality=0&freeMicrophone=0&personalRoomShow=0&showType=radio_station" "-" "NEngine/1.0 (compatible; MSIE 6.0; Windows NT 5.1)" "-" "0.054" "0.046"
49.86.194.194 - - [26/Mar/2020:00:25:49 +0800] "GET /api/ssvoice/chat/get/microphonelist4/31598/json HTTP/1.1" 200 "3470" "-" "-" "NEngine/1.0 (compatible; MSIE 6.0; Windows NT 5.1)" "-" "0.034" "0.032"
49.86.194.194 - - [26/Mar/2020:00:25:51 +0800] "GET /api/ssvoice/chat/get/microphonelist4/31598/json HTTP/1.1" 200 "3470" "-" "-" "NEngine/1.0 (compatible; MSIE 6.0; Windows NT 5.1)" "-" "0.025" "0.025"
49.86.194.194 - - [26/Mar/2020:00:25:53 +0800] "GET /api/ssvoice/chat/get/microphonelist4/31598/json HTTP/1.1" 200 "3470" "-" "-" "NEngine/1.0 (compatible; MSIE 6.0; Windows NT 5.1)" "-" "0.022" "0.023"
49.86.194.194 - - [26/Mar/2020:00:25:56 +0800] "GET /api/ssvoice/chat/get/microphonelist4/31598/json HTTP/1.1" 200 "3470" "-" "-" "NEngine/1.0 (compatible; MSIE 6.0; Windows NT 5.1)" "-" "0.031" "0.030"
49.86.194.194 - - [26/Mar/2020:00:26:01 +0800] "GET /api/ssvoice/chat/get/microphonelist4/31598/json HTTP/1.1" 200 "3470" "-" "-" "NEngine/1.0 (compatible; MSIE 6.0; Windows NT 5.1)" "-" "0.030" "0.030"
49.86.194.194 - - [26/Mar/2020:00:26:04 +0800] "GET /api/ssvoice/chat/get/microphonelist4/31598/json HTTP/1.1" 200 "3470" "-" "-" "NEngine/1.0 (compatible; MSIE 6.0; Windows NT 5.1)" "-" "0.023" "0.023"
49.86.194.194 - - [26/Mar/2020:00:26:09 +0800] "GET /api/ssvoice/chat/get/microphonelist4/31598/json HTTP/1.1" 200 "3470" "-" "-" "NEngine/1.0 (compatible; MSIE 6.0; Windows NT 5.1)" "-" "0.024" "0.025"
49.86.194.194 - - [26/Mar/2020:00:26:26 +0800] "GET /api/ssvoice/chat/get/microphonelist4/31598/json HTTP/1.1" 200 "3116" "-" "-" "NEngine/1.0 (compatible; MSIE 6.0; Windows NT 5.1)" "-" "0.024" "0.023"
115.197.93.232 - - [26/Mar/2020:00:26:31 +0800] "POST /api/ssvoice/chat/on/microphone/request4/jform HTTP/1.1" 200 "29" "loginKey=dd831932788a859b&crId=31586&guardType=3" "-" "NEngine/1.0 (compatible; MSIE 6.0; Windows NT 5.1)" "-" "0.043" "0.037"
115.197.93.232 - - [26/Mar/2020:00:26:31 +0800] "GET /api/ssvoice/chat/get/microphone/request/list3/31586/json HTTP/1.1" 200 "594" "-" "-" "NEngine/1.0 (compatible; MSIE 6.0; Windows NT 5.1)" "-" "0.009" "0.009"
115.197.93.232 - - [26/Mar/2020:00:26:33 +0800] "GET /api/ssvoice/chat/get/microphone/request/list3/31586/json HTTP/1.1" 200 "594" "-" "-" "NEngine/1.0 (compatible; MSIE 6.0; Windows NT 5.1)" "-" "0.008" "0.008"
115.197.93.232 - - [26/Mar/2020:00:26:37 +0800] "GET /api/ssvoice/chat/get/microphone/request/list3/31586/json HTTP/1.1" 200 "28" "-" "-" "NEngine/1.0 (compatible; MSIE 6.0; Windows NT 5.1)" "-" "0.003" "0.003"
116.62.24.176 - - [26/Mar/2020:00:26:39 +0800] "POST /api-ssvoice/api/ssvoice/skillnew/user/skills/jform HTTP/1.1" 200 "3825" "ssId=100373731" "-" "Apache-HttpClient/4.5.1 (Java/1.7.0_79)" "-" "0.057" "0.056"
116.62.24.176 - - [26/Mar/2020:00:26:39 +0800] "POST /api-ssvoice/api/ssvoice/skillnew/user/skills/jform HTTP/1.1" 200 "7152" "ssId=100402667" "-" "Apache-HttpClient/4.5.1 (Java/1.7.0_79)" "-" "0.158" "0.159"
49.86.194.194 - - [26/Mar/2020:00:26:44 +0800] "GET /api/ssvoice/chat/get/microphonelist4/31598/json HTTP/1.1" 200 "3470" "-" "-" "NEngine/1.0 (compatible; MSIE 6.0; Windows NT 5.1)" "-" "0.032" "0.031"
49.86.194.194 - - [26/Mar/2020:00:26:46 +0800] "GET /api/ssvoice/chat/get/microphonelist4/31598/json HTTP/1.1" 200 "3470" "-" "-" "NEngine/1.0 (compatible; MSIE 6.0; Windows NT 5.1)" "-" "0.023" "0.022"
49.86.194.194 - - [26/Mar/2020:00:26:49 +0800] "GET /api/ssvoice/chat/get/microphonelist4/31598/json HTTP/1.1" 200 "3470" "-" "-" "NEngine/1.0 (compatible; MSIE 6.0; Windows NT 5.1)" "-" "0.030" "0.030"
115.197.93.232 - - [26/Mar/2020:00:26:50 +0800] "GET /api/ssvoice/chat/get/microphone/request/list3/31586/json HTTP/1.1" 200 "28" "-" "-" "NEngine/1.0 (compatible; MSIE 6.0; Windows NT 5.1)" "-" "0.004" "0.003"
49.86.194.194 - - [26/Mar/2020:00:26:52 +0800] "GET /api/ssvoice/chat/get/microphonelist4/31598/json HTTP/1.1" 200 "3470" "-" "-" "NEngine/1.0 (compatible; MSIE 6.0; Windows NT 5.1)" "-" "0.023" "0.023"
49.86.194.194 - - [26/Mar/2020:00:26:54 +0800] "GET /api/ssvoice/chat/get/microphonelist4/31598/json HTTP/1.1" 200 "3470" "-" "-" "NEngine/1.0 (compatible; MSIE 6.0; Windows NT 5.1)" "-" "0.032" "0.031"
115.197.93.232 - - [26/Mar/2020:00:27:05 +0800] "POST /api/ssvoice/gift/get/chatroom/gift/list3/jform HTTP/1.1" 200 "951" "classify=3" "-" "NEngine/1.0 (compatible; MSIE 6.0; Windows NT 5.1)" "-" "0.019" "0.003"
115.197.93.232 - - [26/Mar/2020:00:27:05 +0800] "POST /api/ssvoice/treasure/hunt/get/good/luck/rank/jform HTTP/1.1" 200 "20756" "timeStamp=1585153625" "-" "NEngine/1.0 (compatible; MSIE 6.0; Windows NT 5.1)" "-" "0.100" "0.085"
115.197.93.232 - - [26/Mar/2020:00:27:05 +0800] "POST /api/ssvoice/gift/getcoin/jform HTTP/1.1" 200 "176" "loginKey=dd831932788a859b" "-" "NEngine/1.0 (compatible; MSIE 6.0; Windows NT 5.1)" "-" "0.008" "0.002"
101.137.4.36 - - [26/Mar/2020:00:28:40 +0800] "POST /api/ssvoice/vip/get/vip/colors/jform HTTP/1.1" 200 "1608" "timeStamps=timeStamps" "-" "Mozilla/5.0 (Linux; U; Android 9; zh-tw; PAR-LX9 Build/HUAWEIPAR-LX9) AppleWebKit/533.1 (KHTML, like Gecko) Version/5.0 Mobile Safari/533.1" "-" "0.149" "0.002"
183.209.58.206 - - [26/Mar/2020:00:28:58 +0800] "GET /api/ssvoice/chat/get/microphonelist4/31519/json HTTP/1.1" 200 "2807" "-" "-" "NEngine/1.0 (compatible; MSIE 6.0; Windows NT 5.1)" "-" "0.016" "0.015"
49.86.194.194 - - [26/Mar/2020:00:30:23 +0800] "GET /api/ssvoice/chat/get/microphonelist4/31598/json HTTP/1.1" 200 "3472" "-" "-" "NEngine/1.0 (compatible; MSIE 6.0; Windows NT 5.1)" "-" "0.024" "0.024"
49.86.194.194 - - [26/Mar/2020:00:30:27 +0800] "GET /api/ssvoice/chat/get/microphonelist4/31598/json HTTP/1.1" 200 "3472" "-" "-" "NEngine/1.0 (compatible; MSIE 6.0; Windows NT 5.1)" "-" "0.029" "0.030"
49.86.194.194 - - [26/Mar/2020:00:30:30 +0800] "GET /api/ssvoice/chat/get/room/online/user/31598/0/200/json HTTP/1.1" 200 "32028" "-" "-" "NEngine/1.0 (compatible; MSIE 6.0; Windows NT 5.1)" "-" "0.559" "0.542"
49.86.194.194 - - [26/Mar/2020:00:30:39 +0800] "GET /api/ssvoice/chat/get/microphonelist4/31598/json HTTP/1.1" 200 "3472" "-" "-" "NEngine/1.0 (compatible; MSIE 6.0; Windows NT 5.1)" "-" "0.032" "0.031"
49.86.194.194 - - [26/Mar/2020:00:30:42 +0800] "GET /api/ssvoice/chat/get/microphonelist4/31598/json HTTP/1.1" 200 "3472" "-" "-" "NEngine/1.0 (compatible; MSIE 6.0; Windows NT 5.1)" "-" "0.024" "0.023"
49.86.194.194 - - [26/Mar/2020:00:30:50 +0800] "GET /api/ssvoice/chat/get/microphonelist4/31598/json HTTP/1.1" 200 "3472" "-" "-" "NEngine/1.0 (compatible; MSIE 6.0; Windows NT 5.1)" "-" "0.031" "0.031"
223.149.104.170 - - [26/Mar/2020:00:30:53 +0800] "GET /api/ssvoice/chat/get/microphonelist4/31552/json HTTP/1.1" 200 "3120" "-" "-" "NEngine/1.0 (compatible; MSIE 6.0; Windows NT 5.1)" "-" "0.020" "0.019"
49.86.194.194 - - [26/Mar/2020:00:30:53 +0800] "GET /api/ssvoice/chat/get/microphonelist4/31598/json HTTP/1.1" 200 "3472" "-" "-" "NEngine/1.0 (compatible; MSIE 6.0; Windows NT 5.1)" "-" "0.024" "0.023"
223.149.104.170 - - [26/Mar/2020:00:30:55 +0800] "GET /api/ssvoice/chat/get/microphonelist4/31552/json HTTP/1.1" 200 "3120" "-" "-" "NEngine/1.0 (compatible; MSIE 6.0; Windows NT 5.1)" "-" "0.018" "0.018"
49.86.194.194 - - [26/Mar/2020:00:30:56 +0800] "GET /api/ssvoice/chat/get/microphonelist4/31598/json HTTP/1.1" 200 "3472" "-" "-" "NEngine/1.0 (compatible; MSIE 6.0; Windows NT 5.1)" "-" "0.032" "0.031"
223.149.104.170 - - [26/Mar/2020:00:30:58 +0800] "GET /api/ssvoice/chat/get/microphonelist4/31552/json HTTP/1.1" 200 "3120" "-" "-" "NEngine/1.0 (compatible; MSIE 6.0; Windows NT 5.1)" "-" "0.020" "0.021"
49.86.194.194 - - [26/Mar/2020:00:30:58 +0800] "GET /api/ssvoice/chat/get/microphonelist4/31598/json HTTP/1.1" 200 "3472" "-" "-" "NEngine/1.0 (compatible; MSIE 6.0; Windows NT 5.1)" "-" "0.024" "0.024"
223.149.104.170 - - [26/Mar/2020:00:31:01 +0800] "GET /api/ssvoice/chat/get/microphonelist4/31552/json HTTP/1.1" 200 "3120" "-" "-" "NEngine/1.0 (compatible; MSIE 6.0; Windows NT 5.1)" "-" "0.018" "0.017"
223.149.104.170 - - [26/Mar/2020:00:31:04 +0800] "GET /api/ssvoice/chat/get/microphonelist4/31552/json HTTP/1.1" 200 "3120" "-" "-" "NEngine/1.0 (compatible; MSIE 6.0; Windows NT 5.1)" "-" "0.021" "0.021"
223.149.104.170 - - [26/Mar/2020:00:31:07 +0800] "GET /api/ssvoice/chat/get/microphonelist4/31552/json HTTP/1.1" 200 "3120" "-" "-" "NEngine/1.0 (compatible; MSIE 6.0; Windows NT 5.1)" "-" "0.018" "0.017"
49.86.194.194 - - [26/Mar/2020:00:31:21 +0800] "GET /api/ssvoice/chat/get/microphonelist4/31598/json HTTP/1.1" 200 "3472" "-" "-" "NEngine/1.0 (compatible; MSIE 6.0; Windows NT 5.1)" "-" "0.033" "0.032"
49.86.194.194 - - [26/Mar/2020:00:31:27 +0800] "GET /api/ssvoice/chat/get/microphonelist4/31598/json HTTP/1.1" 200 "3472" "-" "-" "NEngine/1.0 (compatible; MSIE 6.0; Windows NT 5.1)" "-" "0.032" "0.031"
49.86.194.194 - - [26/Mar/2020:00:31:31 +0800] "GET /api/ssvoice/chat/get/microphonelist4/31598/json HTTP/1.1" 200 "3472" "-" "-" "NEngine/1.0 (compatible; MSIE 6.0; Windows NT 5.1)" "-" "0.022" "0.021"
49.86.194.194 - - [26/Mar/2020:00:31:35 +0800] "GET /api/ssvoice/chat/get/microphonelist4/31598/json HTTP/1.1" 200 "3472" "-" "-" "NEngine/1.0 (compatible; MSIE 6.0; Windows NT 5.1)" "-" "0.033" "0.032"
49.86.194.194 - - [26/Mar/2020:00:31:39 +0800] "GET /api/ssvoice/chat/get/microphonelist4/31598/json HTTP/1.1" 200 "3472" "-" "-" "NEngine/1.0 (compatible; MSIE 6.0; Windows NT 5.1)" "-" "0.026" "0.025"
49.86.194.194 - - [26/Mar/2020:00:31:44 +0800] "GET /api/ssvoice/chat/get/microphonelist4/31598/json HTTP/1.1" 200 "3472" "-" "-" "NEngine/1.0 (compatible; MSIE 6.0; Windows NT 5.1)" "-" "0.024" "0.023"
49.86.194.194 - - [26/Mar/2020:00:31:47 +0800] "GET /api/ssvoice/chat/get/microphonelist4/31598/json HTTP/1.1" 200 "3472" "-" "-" "NEngine/1.0 (compatible; MSIE 6.0; Windows NT 5.1)" "-" "0.031" "0.031"
49.86.194.194 - - [26/Mar/2020:00:31:51 +0800] "GET /api/ssvoice/chat/get/microphonelist4/31598/json HTTP/1.1" 200 "3472" "-" "-" "NEngine/1.0 (compatible; MSIE 6.0; Windows NT 5.1)" "-" "0.023" "0.023"
49.86.194.194 - - [26/Mar/2020:00:31:55 +0800] "GET /api/ssvoice/chat/get/microphonelist4/31598/json HTTP/1.1" 200 "3472" "-" "-" "NEngine/1.0 (compatible; MSIE 6.0; Windows NT 5.1)" "-" "0.023" "0.023"
49.86.194.194 - - [26/Mar/2020:00:33:02 +0800] "GET /api/ssvoice/chat/get/microphonelist4/31598/json HTTP/1.1" 200 "3472" "-" "-" "NEngine/1.0 (compatible; MSIE 6.0; Windows NT 5.1)" "-" "0.029" "0.029"
49.86.194.194 - - [26/Mar/2020:00:33:05 +0800] "GET /api/ssvoice/chat/get/microphonelist4/31598/json HTTP/1.1" 200 "3472" "-" "-" "NEngine/1.0 (compatible; MSIE 6.0; Windows NT 5.1)" "-" "0.025" "0.024"
49.86.194.194 - - [26/Mar/2020:00:33:10 +0800] "GET /api/ssvoice/chat/get/microphonelist4/31598/json HTTP/1.1" 200 "3472" "-" "-" "NEngine/1.0 (compatible; MSIE 6.0; Windows NT 5.1)" "-" "0.031" "0.031"
49.86.194.194 - - [26/Mar/2020:00:33:14 +0800] "GET /api/ssvoice/chat/get/microphonelist4/31598/json HTTP/1.1" 200 "3472" "-" "-" "NEngine/1.0 (compatible; MSIE 6.0; Windows NT 5.1)" "-" "0.024" "0.024"
49.86.194.194 - - [26/Mar/2020:00:33:17 +0800] "GET /api/ssvoice/chat/get/microphonelist4/31598/json HTTP/1.1" 200 "3472" "-" "-" "NEngine/1.0 (compatible; MSIE 6.0; Windows NT 5.1)" "-" "0.023" "0.022"
49.86.194.194 - - [26/Mar/2020:00:33:21 +0800] "GET /api/ssvoice/chat/get/microphonelist4/31598/json HTTP/1.1" 200 "3472" "-" "-" "NEngine/1.0 (compatible; MSIE 6.0; Windows NT 5.1)" "-" "0.039" "0.038"
49.86.194.194 - - [26/Mar/2020:00:33:25 +0800] "GET /api/ssvoice/chat/get/microphonelist4/31598/json HTTP/1.1" 200 "3472" "-" "-" "NEngine/1.0 (compatible; MSIE 6.0; Windows NT 5.1)" "-" "0.023" "0.022"
49.86.194.194 - - [26/Mar/2020:00:33:28 +0800] "GET /api/ssvoice/chat/get/microphonelist4/31598/json HTTP/1.1" 200 "3472" "-" "-" "NEngine/1.0 (compatible; MSIE 6.0; Windows NT 5.1)" "-" "0.031" "0.030"
14.213.194.50 - - [26/Mar/2020:00:33:42 +0800] "POST /api/ssvoice/vip/get/vip/colors/jform HTTP/1.1" 200 "1608" "timeStamps=timeStamps" "-" "Mozilla/5.0 (Linux; U; Android 9; zh-cn; COL-AL10 Build/HUAWEICOL-AL10) AppleWebKit/533.1 (KHTML, like Gecko) Version/5.0 Mobile Safari/533.1" "-" "0.003" "0.003"
211.161.244.252 - - [26/Mar/2020:00:33:46 +0800] "POST /api/ssvoice/word/list/bad/word/jform HTTP/1.1" 200 "1167" "timeStamp=2020-03-26%2000%3A33%3A47" "-" "Mozilla/5.0 (Linux; U; Android 6.0; zh-cn; HUAWEI VNS-AL00 Build/HUAWEIVNS-AL00) AppleWebKit/534.30 (KHTML, like Gecko) Version/4.0 Mobile Safari/534.30" "-" "0.002" "0.001"
49.86.194.194 - - [26/Mar/2020:00:34:12 +0800] "GET /api/ssvoice/chat/get/microphonelist4/31598/json HTTP/1.1" 200 "3472" "-" "-" "NEngine/1.0 (compatible; MSIE 6.0; Windows NT 5.1)" "-" "0.031" "0.030"
49.86.194.194 - - [26/Mar/2020:00:34:15 +0800] "GET /api/ssvoice/chat/get/microphonelist4/31598/json HTTP/1.1" 200 "3472" "-" "-" "NEngine/1.0 (compatible; MSIE 6.0; Windows NT 5.1)" "-" "0.022" "0.021"
49.86.194.194 - - [26/Mar/2020:00:34:19 +0800] "GET /api/ssvoice/chat/get/microphonelist4/31598/json HTTP/1.1" 200 "3472" "-" "-" "NEngine/1.0 (compatible; MSIE 6.0; Windows NT 5.1)" "-" "0.029" "0.028"
49.86.194.194 - - [26/Mar/2020:00:34:24 +0800] "GET /api/ssvoice/chat/get/microphonelist4/31598/json HTTP/1.1" 200 "3472" "-" "-" "NEngine/1.0 (compatible; MSIE 6.0; Windows NT 5.1)" "-" "0.022" "0.021"
49.86.194.194 - - [26/Mar/2020:00:34:30 +0800] "GET /api/ssvoice/chat/get/microphonelist4/31598/json HTTP/1.1" 200 "3472" "-" "-" "NEngine/1.0 (compatible; MSIE 6.0; Windows NT 5.1)" "-" "0.025" "0.024"
121.71.62.160 - - [26/Mar/2020:00:34:56 +0800] "POST /api/ssvoice/account/heart/beat/100163348/jform HTTP/1.1" 200 "32" "-" "-" "Mozilla/5.0 (Linux; U; Android 9; zh-cn; vivo X21A Build/PKQ1.180819.001) AppleWebKit/533.1 (KHTML, like Gecko) Version/5.0 Mobile Safari/533.1" "-" "0.003" "0.003"
49.86.194.194 - - [26/Mar/2020:00:35:08 +0800] "GET /api/ssvoice/chat/get/microphonelist4/31598/json HTTP/1.1" 200 "3472" "-" "-" "NEngine/1.0 (compatible; MSIE 6.0; Windows NT 5.1)" "-" "0.033" "0.033"
49.86.194.194 - - [26/Mar/2020:00:35:12 +0800] "GET /api/ssvoice/chat/get/microphonelist4/31598/json HTTP/1.1" 200 "3472" "-" "-" "NEngine/1.0 (compatible; MSIE 6.0; Windows NT 5.1)" "-" "0.022" "0.022"
49.86.194.194 - - [26/Mar/2020:00:35:17 +0800] "GET /api/ssvoice/chat/get/microphonelist4/31598/json HTTP/1.1" 200 "3472" "-" "-" "NEngine/1.0 (compatible; MSIE 6.0; Windows NT 5.1)" "-" "0.021" "0.021"
49.86.194.194 - - [26/Mar/2020:00:35:21 +0800] "GET /api/ssvoice/chat/get/microphonelist4/31598/json HTTP/1.1" 200 "3472" "-" "-" "NEngine/1.0 (compatible; MSIE 6.0; Windows NT 5.1)" "-" "0.034" "0.034"
49.213.69.4 - - [26/Mar/2020:00:35:22 +0800] "GET / HTTP/1.1" 200 "11217" "-" "-" "Mozilla/5.0 zgrab/0.x" "-" "0.002" "0.002"
49.86.194.194 - - [26/Mar/2020:00:35:24 +0800] "GET /api/ssvoice/chat/get/microphonelist4/31598/json HTTP/1.1" 200 "3472" "-" "-" "NEngine/1.0 (compatible; MSIE 6.0; Windows NT 5.1)" "-" "0.021" "0.020"
49.86.194.194 - - [26/Mar/2020:00:35:45 +0800] "GET /api/ssvoice/chat/get/microphonelist4/31598/json HTTP/1.1" 200 "3472" "-" "-" "NEngine/1.0 (compatible; MSIE 6.0; Windows NT 5.1)" "-" "0.032" "0.032"
49.86.194.194 - - [26/Mar/2020:00:35:48 +0800] "GET /api/ssvoice/chat/get/microphonelist4/31598/json HTTP/1.1" 200 "3472" "-" "-" "NEngine/1.0 (compatible; MSIE 6.0; Windows NT 5.1)" "-" "0.026" "0.026"
49.86.194.194 - - [26/Mar/2020:00:35:50 +0800] "GET /api/ssvoice/chat/get/microphonelist4/31598/json HTTP/1.1" 200 "3472" "-" "-" "NEngine/1.0 (compatible; MSIE 6.0; Windows NT 5.1)" "-" "0.024" "0.024"
49.86.194.194 - - [26/Mar/2020:00:35:53 +0800] "GET /api/ssvoice/chat/get/microphonelist4/31598/json HTTP/1.1" 200 "3472" "-" "-" "NEngine/1.0 (compatible; MSIE 6.0; Windows NT 5.1)" "-" "0.022" "0.023"
49.86.194.194 - - [26/Mar/2020:00:35:55 +0800] "GET /api/ssvoice/chat/get/microphonelist4/31598/json HTTP/1.1" 200 "3472" "-" "-" "NEngine/1.0 (compatible; MSIE 6.0; Windows NT 5.1)" "-" "0.025" "0.025"
49.86.194.194 - - [26/Mar/2020:00:35:58 +0800] "GET /api/ssvoice/chat/get/microphonelist4/31598/json HTTP/1.1" 200 "3472" "-" "-" "NEngine/1.0 (compatible; MSIE 6.0; Windows NT 5.1)" "-" "0.025" "0.026"
49.86.194.194 - - [26/Mar/2020:00:36:05 +0800] "GET /api/ssvoice/chat/get/microphonelist4/31598/json HTTP/1.1" 200 "3472" "-" "-" "NEngine/1.0 (compatible; MSIE 6.0; Windows NT 5.1)" "-" "0.031" "0.032"
49.86.194.194 - - [26/Mar/2020:00:36:14 +0800] "GET /api/ssvoice/chat/get/microphonelist4/31598/json HTTP/1.1" 200 "3472" "-" "-" "NEngine/1.0 (compatible; MSIE 6.0; Windows NT 5.1)" "-" "0.035" "0.034"
49.86.194.194 - - [26/Mar/2020:00:36:18 +0800] "GET /api/ssvoice/chat/get/microphonelist4/31598/json HTTP/1.1" 200 "3472" "-" "-" "NEngine/1.0 (compatible; MSIE 6.0; Windows NT 5.1)" "-" "0.026" "0.025"
223.149.104.170 - - [26/Mar/2020:00:36:35 +0800] "GET /api/ssvoice/chat/get/microphone/request/list3/31552/json HTTP/1.1" 200 "28" "-" "-" "NEngine/1.0 (compatible; MSIE 6.0; Windows NT 5.1)" "-" "0.005" "0.004"
223.149.104.170 - - [26/Mar/2020:00:36:38 +0800] "POST /api/ssvoice/gift/get/gift/bag/list/jform HTTP/1.1" 200 "28" "loginKey=503df29e7953e48f" "-" "NEngine/1.0 (compatible; MSIE 6.0; Windows NT 5.1)" "-" "0.037" "0.003"
49.86.194.194 - - [26/Mar/2020:00:36:41 +0800] "GET /api/ssvoice/chat/get/microphonelist4/31598/json HTTP/1.1" 200 "3472" "-" "-" "NEngine/1.0 (compatible; MSIE 6.0; Windows NT 5.1)" "-" "0.031" "0.032"
223.149.104.170 - - [26/Mar/2020:00:36:42 +0800] "POST /api/ssvoice/gift/get/gift/bag/list/jform HTTP/1.1" 200 "28" "loginKey=503df29e7953e48f" "-" "NEngine/1.0 (compatible; MSIE 6.0; Windows NT 5.1)" "-" "0.036" "0.003"
49.86.194.194 - - [26/Mar/2020:00:36:45 +0800] "GET /api/ssvoice/chat/get/microphonelist4/31598/json HTTP/1.1" 200 "3472" "-" "-" "NEngine/1.0 (compatible; MSIE 6.0; Windows NT 5.1)" "-" "0.027" "0.027"
49.86.194.194 - - [26/Mar/2020:00:36:48 +0800] "GET /api/ssvoice/chat/get/microphonelist4/31598/json HTTP/1.1" 200 "3472" "-" "-" "NEngine/1.0 (compatible; MSIE 6.0; Windows NT 5.1)" "-" "0.041" "0.041"
49.86.194.194 - - [26/Mar/2020:00:36:53 +0800] "GET /api/ssvoice/chat/get/microphonelist4/31598/json HTTP/1.1" 200 "3472" "-" "-" "NEngine/1.0 (compatible; MSIE 6.0; Windows NT 5.1)" "-" "0.025" "0.025"
49.86.194.194 - - [26/Mar/2020:00:37:19 +0800] "GET /api/ssvoice/chat/get/microphonelist4/31598/json HTTP/1.1" 200 "3472" "-" "-" "NEngine/1.0 (compatible; MSIE 6.0; Windows NT 5.1)" "-" "0.040" "0.041"
49.86.194.194 - - [26/Mar/2020:00:37:21 +0800] "GET /api/ssvoice/chat/get/microphonelist4/31598/json HTTP/1.1" 200 "3472" "-" "-" "NEngine/1.0 (compatible; MSIE 6.0; Windows NT 5.1)" "-" "0.028" "0.028"
49.86.194.194 - - [26/Mar/2020:00:37:24 +0800] "GET /api/ssvoice/chat/get/microphonelist4/31598/json HTTP/1.1" 200 "3472" "-" "-" "NEngine/1.0 (compatible; MSIE 6.0; Windows NT 5.1)" "-" "0.040" "0.039"
49.86.194.194 - - [26/Mar/2020:00:37:26 +0800] "GET /api/ssvoice/chat/get/microphonelist4/31598/json HTTP/1.1" 200 "3472" "-" "-" "NEngine/1.0 (compatible; MSIE 6.0; Windows NT 5.1)" "-" "0.024" "0.023"
49.86.194.194 - - [26/Mar/2020:00:37:30 +0800] "GET /api/ssvoice/chat/get/microphonelist4/31598/json HTTP/1.1" 200 "3472" "-" "-" "NEngine/1.0 (compatible; MSIE 6.0; Windows NT 5.1)" "-" "0.037" "0.036"
49.86.194.194 - - [26/Mar/2020:00:37:33 +0800] "GET /api/ssvoice/chat/get/microphonelist4/31598/json HTTP/1.1" 200 "3472" "-" "-" "NEngine/1.0 (compatible; MSIE 6.0; Windows NT 5.1)" "-" "0.028" "0.027"
49.86.194.194 - - [26/Mar/2020:00:37:57 +0800] "GET /api/ssvoice/chat/get/microphonelist4/31598/json HTTP/1.1" 200 "3472" "-" "-" "NEngine/1.0 (compatible; MSIE 6.0; Windows NT 5.1)" "-" "0.036" "0.036"
49.86.194.194 - - [26/Mar/2020:00:38:02 +0800] "GET /api/ssvoice/chat/get/microphonelist4/31598/json HTTP/1.1" 200 "3472" "-" "-" "NEngine/1.0 (compatible; MSIE 6.0; Windows NT 5.1)" "-" "0.029" "0.028"
49.86.194.194 - - [26/Mar/2020:00:38:06 +0800] "GET /api/ssvoice/chat/get/microphonelist4/31598/json HTTP/1.1" 200 "3472" "-" "-" "NEngine/1.0 (compatible; MSIE 6.0; Windows NT 5.1)" "-" "0.026" "0.026"
111.242.252.201 - - [26/Mar/2020:00:38:15 +0800] "POST /api/ssvoice/account/heart/beat/100213422/jform HTTP/1.1" 200 "32" "-" "-" "Mozilla/5.0 (Linux; U; Android 9; zh-tw; Redmi 7 Build/PKQ1.181021.001) AppleWebKit/533.1 (KHTML, like Gecko) Version/5.0 Mobile Safari/533.1" "-" "0.003" "0.002"
49.86.194.194 - - [26/Mar/2020:00:38:24 +0800] "GET /api/ssvoice/chat/get/microphonelist4/31598/json HTTP/1.1" 200 "3472" "-" "-" "NEngine/1.0 (compatible; MSIE 6.0; Windows NT 5.1)" "-" "0.029" "0.030"
49.86.194.194 - - [26/Mar/2020:00:38:27 +0800] "GET /api/ssvoice/chat/get/microphonelist4/31598/json HTTP/1.1" 200 "3472" "-" "-" "NEngine/1.0 (compatible; MSIE 6.0; Windows NT 5.1)" "-" "0.022" "0.023"
49.86.194.194 - - [26/Mar/2020:00:38:32 +0800] "GET /api/ssvoice/chat/get/microphonelist4/31598/json HTTP/1.1" 200 "3472" "-" "-" "NEngine/1.0 (compatible; MSIE 6.0; Windows NT 5.1)" "-" "0.030" "0.030"
49.86.194.194 - - [26/Mar/2020:00:39:08 +0800] "GET /api/ssvoice/chat/get/microphonelist4/31598/json HTTP/1.1" 200 "3472" "-" "-" "NEngine/1.0 (compatible; MSIE 6.0; Windows NT 5.1)" "-" "0.034" "0.034"
49.86.194.194 - - [26/Mar/2020:00:39:22 +0800] "POST /api/ssvoice/account/info/100386872/jform HTTP/1.1" 200 "1269" "-" "-" "NEngine/1.0 (compatible; MSIE 6.0; Windows NT 5.1)" "-" "0.022" "0.022"
49.86.194.194 - - [26/Mar/2020:00:39:22 +0800] "POST /api/ssvoice/photo/get/photo/list/100386872/0/100/jform HTTP/1.1" 200 "28" "ssId=100386872&offset=0&count=100" "-" "NEngine/1.0 (compatible; MSIE 6.0; Windows NT 5.1)" "-" "0.019" "0.002"
223.149.104.170 - - [26/Mar/2020:00:40:06 +0800] "POST /api/ssvoice/gift/get/gift/bag/list/jform HTTP/1.1" 200 "28" "loginKey=503df29e7953e48f" "-" "NEngine/1.0 (compatible; MSIE 6.0; Windows NT 5.1)" "-" "0.039" "0.003"
49.86.194.194 - - [26/Mar/2020:00:41:17 +0800] "POST /api/ssvoice/gift/get/dynamic/expression/list3/jform HTTP/1.1" 200 "3821" "crId=31598" "-" "NEngine/1.0 (compatible; MSIE 6.0; Windows NT 5.1)" "-" "0.021" "0.005"
49.86.194.194 - - [26/Mar/2020:00:41:17 +0800] "POST /api/ssvoice/vipcard/get/vip/card/list/jform HTTP/1.1" 200 "28" "crId=31598&loginKey=6aa291f26ea944aa" "-" "NEngine/1.0 (compatible; MSIE 6.0; Windows NT 5.1)" "-" "0.019" "0.004"
49.86.194.194 - - [26/Mar/2020:00:41:17 +0800] "POST /api/ssvoice/gift/get/chatroom/gift/list/new/jform HTTP/1.1" 200 "50078" "-" "-" "NEngine/1.0 (compatible; MSIE 6.0; Windows NT 5.1)" "-" "0.066" "0.035"
49.86.194.194 - - [26/Mar/2020:00:41:17 +0800] "POST /api/ssvoice/chat/get/expense/total/list/jform HTTP/1.1" 200 "12957" "loginKey=6aa291f26ea944aa&crId=31598&type=1" "-" "NEngine/1.0 (compatible; MSIE 6.0; Windows NT 5.1)" "-" "0.162" "0.145"
49.86.194.194 - - [26/Mar/2020:00:41:22 +0800] "GET /api/ssvoice/chat/get/microphonelist4/31598/json HTTP/1.1" 200 "3163" "-" "-" "NEngine/1.0 (compatible; MSIE 6.0; Windows NT 5.1)" "-" "0.023" "0.022"
49.86.194.194 - - [26/Mar/2020:00:41:25 +0800] "GET /api/ssvoice/chat/get/microphone/request/list3/31598/json HTTP/1.1" 200 "580" "-" "-" "NEngine/1.0 (compatible; MSIE 6.0; Windows NT 5.1)" "-" "0.008" "0.007"
113.58.240.37 - - [26/Mar/2020:00:41:28 +0800] "GET /api/ssvoice/chat/get/microphone/request/list3/31536/json HTTP/1.1" 200 "28" "-" "-" "NEngine/1.0 (compatible; MSIE 6.0; Windows NT 5.1)" "-" "0.004" "0.004"
49.86.194.194 - - [26/Mar/2020:00:41:54 +0800] "GET /api/ssvoice/chat/get/microphone/request/list3/31598/json HTTP/1.1" 200 "28" "-" "-" "NEngine/1.0 (compatible; MSIE 6.0; Windows NT 5.1)" "-" "0.004" "0.004"
49.86.194.194 - - [26/Mar/2020:00:41:54 +0800] "GET /api/ssvoice/chat/get/microphonelist4/31598/json HTTP/1.1" 200 "3521" "-" "-" "NEngine/1.0 (compatible; MSIE 6.0; Windows NT 5.1)" "-" "0.039" "0.040"
49.86.194.194 - - [26/Mar/2020:00:42:03 +0800] "GET /api/ssvoice/chat/get/microphonelist4/31598/json HTTP/1.1" 200 "3521" "-" "-" "NEngine/1.0 (compatible; MSIE 6.0; Windows NT 5.1)" "-" "0.032" "0.030"
49.86.194.194 - - [26/Mar/2020:00:42:06 +0800] "GET /api/ssvoice/chat/get/microphonelist4/31598/json HTTP/1.1" 200 "3521" "-" "-" "NEngine/1.0 (compatible; MSIE 6.0; Windows NT 5.1)" "-" "0.027" "0.027"
49.86.194.194 - - [26/Mar/2020:00:42:13 +0800] "GET /api/ssvoice/chat/get/microphonelist4/31598/json HTTP/1.1" 200 "3521" "-" "-" "NEngine/1.0 (compatible; MSIE 6.0; Windows NT 5.1)" "-" "0.033" "0.034"
49.86.194.194 - - [26/Mar/2020:00:42:16 +0800] "GET /api/ssvoice/chat/get/microphonelist4/31598/json HTTP/1.1" 200 "3521" "-" "-" "NEngine/1.0 (compatible; MSIE 6.0; Windows NT 5.1)" "-" "0.025" "0.025"
49.86.194.194 - - [26/Mar/2020:00:42:19 +0800] "GET /api/ssvoice/chat/get/microphonelist4/31598/json HTTP/1.1" 200 "3521" "-" "-" "NEngine/1.0 (compatible; MSIE 6.0; Windows NT 5.1)" "-" "0.032" "0.032"
49.86.194.194 - - [26/Mar/2020:00:42:22 +0800] "GET /api/ssvoice/chat/get/microphonelist4/31598/json HTTP/1.1" 200 "3521" "-" "-" "NEngine/1.0 (compatible; MSIE 6.0; Windows NT 5.1)" "-" "0.026" "0.027"
49.86.194.194 - - [26/Mar/2020:00:42:27 +0800] "GET /api/ssvoice/chat/get/microphonelist4/31598/json HTTP/1.1" 200 "3521" "-" "-" "NEngine/1.0 (compatible; MSIE 6.0; Windows NT 5.1)" "-" "0.035" "0.035"
49.86.194.194 - - [26/Mar/2020:00:42:37 +0800] "GET /api/ssvoice/chat/get/microphone/request/list3/31598/json HTTP/1.1" 200 "28" "-" "-" "NEngine/1.0 (compatible; MSIE 6.0; Windows NT 5.1)" "-" "0.004" "0.004"
49.86.194.194 - - [26/Mar/2020:00:42:37 +0800] "GET /api/ssvoice/chat/get/microphone/request/list3/31598/json HTTP/1.1" 200 "28" "-" "-" "NEngine/1.0 (compatible; MSIE 6.0; Windows NT 5.1)" "-" "0.003" "0.004"
183.209.58.206 - - [26/Mar/2020:00:42:39 +0800] "GET /api/ssvoice/chat/get/microphonelist4/31519/json HTTP/1.1" 200 "2807" "-" "-" "NEngine/1.0 (compatible; MSIE 6.0; Windows NT 5.1)" "-" "0.019" "0.019"
120.34.34.126 - - [26/Mar/2020:00:43:02 +0800] "POST /api/ssvoice/vip/get/vip/colors/jform HTTP/1.1" 200 "1608" "timeStamps=timeStamps" "-" "Mozilla/5.0 (Linux; U; Android 6.0.1; zh-cn; OPPO R9sk Build/MMB29M) AppleWebKit/534.30 (KHTML, like Gecko) Version/4.0 Mobile Safari/534.30" "-" "0.003" "0.003"
49.86.194.194 - - [26/Mar/2020:00:43:10 +0800] "GET /api/ssvoice/chat/get/microphonelist4/31598/json HTTP/1.1" 200 "3521" "-" "-" "NEngine/1.0 (compatible; MSIE 6.0; Windows NT 5.1)" "-" "0.040" "0.040"
49.86.194.194 - - [26/Mar/2020:00:43:12 +0800] "GET /api/ssvoice/chat/get/microphonelist4/31598/json HTTP/1.1" 200 "3521" "-" "-" "NEngine/1.0 (compatible; MSIE 6.0; Windows NT 5.1)" "-" "0.025" "0.025"
49.86.194.194 - - [26/Mar/2020:00:43:16 +0800] "GET /api/ssvoice/chat/get/microphonelist4/31598/json HTTP/1.1" 200 "3521" "-" "-" "NEngine/1.0 (compatible; MSIE 6.0; Windows NT 5.1)" "-" "0.031" "0.032"
49.86.194.194 - - [26/Mar/2020:00:43:30 +0800] "GET /api/ssvoice/chat/get/microphonelist4/31598/json HTTP/1.1" 200 "3521" "-" "-" "NEngine/1.0 (compatible; MSIE 6.0; Windows NT 5.1)" "-" "0.030" "0.030"
121.71.62.160 - - [26/Mar/2020:00:43:56 +0800] "POST /api/ssvoice/account/heart/beat/100163348/jform HTTP/1.1" 200 "32" "-" "-" "Mozilla/5.0 (Linux; U; Android 9; zh-cn; vivo X21A Build/PKQ1.180819.001) AppleWebKit/533.1 (KHTML, like Gecko) Version/5.0 Mobile Safari/533.1" "-" "0.002" "0.003"
49.86.194.194 - - [26/Mar/2020:00:44:52 +0800] "GET /api/ssvoice/chat/get/microphonelist4/31598/json HTTP/1.1" 200 "3521" "-" "-" "NEngine/1.0 (compatible; MSIE 6.0; Windows NT 5.1)" "-" "0.043" "0.043"
49.86.194.194 - - [26/Mar/2020:00:44:55 +0800] "GET /api/ssvoice/chat/get/microphone/request/list3/31598/json HTTP/1.1" 200 "28" "-" "-" "NEngine/1.0 (compatible; MSIE 6.0; Windows NT 5.1)" "-" "0.003" "0.004"
49.86.194.194 - - [26/Mar/2020:00:45:11 +0800] "GET /api/ssvoice/chat/get/microphonelist4/31598/json HTTP/1.1" 200 "3521" "-" "-" "NEngine/1.0 (compatible; MSIE 6.0; Windows NT 5.1)" "-" "0.036" "0.036"
49.86.194.194 - - [26/Mar/2020:00:45:15 +0800] "GET /api/ssvoice/chat/get/microphonelist4/31598/json HTTP/1.1" 200 "3521" "-" "-" "NEngine/1.0 (compatible; MSIE 6.0; Windows NT 5.1)" "-" "0.025" "0.025"
49.86.194.194 - - [26/Mar/2020:00:45:19 +0800] "GET /api/ssvoice/chat/get/microphonelist4/31598/json HTTP/1.1" 200 "3521" "-" "-" "NEngine/1.0 (compatible; MSIE 6.0; Windows NT 5.1)" "-" "0.025" "0.024"
49.86.194.194 - - [26/Mar/2020:00:45:23 +0800] "GET /api/ssvoice/chat/get/microphonelist4/31598/json HTTP/1.1" 200 "3521" "-" "-" "NEngine/1.0 (compatible; MSIE 6.0; Windows NT 5.1)" "-" "0.038" "0.038"
