27.40.198.120 - - [26/Mar/2020:05:38:57 +0800] "POST /api/ssvoice/word/list/bad/word/jform HTTP/1.1" 200 "1167" "timeStamp=2020-03-26%2005%3A38%3A55" "-" "Mozilla/5.0 (Linux; U; Android 8.1.0; zh-cn; 1807-A01 Build/OPM1) AppleWebKit/534.30 (KHTML, like Gecko) Version/4.0 Mobile Safari/534.30" "-" "0.003" "0.002"
66.240.205.34 - - [26/Mar/2020:05:39:45 +0800] "Gh0st\xAD\x00\x00\x00\xE0\x00\x00\x00x\x9CKS``\x98\xC3\xC0\xC0\xC0\x06\xC4\x8C@\xBCQ\x96\x81\x81\x09H\x07\xA7\x16\x95e&\xA7*\x04$&g+\x182\x94\xF6\xB000\xAC\xA8rc\x00\x01\x11\xA0\x82\x1F\x5C`&\x83\xC7K7\x86\x19\xE5n\x0C9\x95n\x0C;\x84\x0F3\xAC\xE8sch\xA8^\xCF4'J\x97\xA9\x82\xE30\xC3\x91h]&\x90\xF8\xCE\x97S\xCBA4L?2=\xE1\xC4\x92\x86\x0B@\xF5`\x0CT\x1F\xAE\xAF]" 400 "173" "-" "-" "-" "-" "0.285" "-"
120.27.245.6 - - [26/Mar/2020:05:40:46 +0800] "POST /api-ssvoice/api/ssvoice/account/update/user/num/jform HTTP/1.1" 200 "29" "ssId=100384431" "-" "Apache-HttpClient/4.5.1 (Java/1.7.0_79)" "-" "0.013" "0.013"
121.71.62.160 - - [26/Mar/2020:05:40:56 +0800] "POST /api/ssvoice/account/heart/beat/100163348/jform HTTP/1.1" 200 "32" "-" "-" "Mozilla/5.0 (Linux; U; Android 9; zh-cn; vivo X21A Build/PKQ1.180819.001) AppleWebKit/533.1 (KHTML, like Gecko) Version/5.0 Mobile Safari/533.1" "-" "0.002" "0.001"
223.104.96.241 - - [26/Mar/2020:05:42:33 +0800] "POST /api/ssvoice/word/list/bad/word/jform HTTP/1.1" 200 "1167" "timeStamp=2020-03-26%2005%3A42%3A33" "-" "Mozilla/5.0 (Linux; U; Android 5.1.1; zh-cn; OPPO R9 Plusm A Build/LMY47V) AppleWebKit/534.30 (KHTML, like Gecko) Version/4.0 Mobile Safari/534.30" "-" "0.001" "0.001"
120.27.245.6 - - [26/Mar/2020:05:43:43 +0800] "POST /api-ssvoice/api/ssvoice/account/update/user/num/jform HTTP/1.1" 200 "29" "ssId=100384431" "-" "Apache-HttpClient/4.5.1 (Java/1.7.0_79)" "-" "0.018" "0.017"
111.242.252.201 - - [26/Mar/2020:05:44:16 +0800] "POST /api/ssvoice/account/heart/beat/100213422/jform HTTP/1.1" 200 "32" "-" "-" "Mozilla/5.0 (Linux; U; Android 9; zh-tw; Redmi 7 Build/PKQ1.181021.001) AppleWebKit/533.1 (KHTML, like Gecko) Version/5.0 Mobile Safari/533.1" "-" "0.003" "0.003"
49.86.194.194 - - [26/Mar/2020:05:45:42 +0800] "GET /api/ssvoice/chat/get/microphonelist4/31598/json HTTP/1.1" 200 "2799" "-" "-" "NEngine/1.0 (compatible; MSIE 6.0; Windows NT 5.1)" "-" "0.025" "0.026"
120.27.245.6 - - [26/Mar/2020:05:48:45 +0800] "POST /api-ssvoice/api/ssvoice/account/update/user/num/jform HTTP/1.1" 200 "29" "ssId=100405734" "-" "Apache-HttpClient/4.5.1 (Java/1.7.0_79)" "-" "0.030" "0.030"
121.71.62.160 - - [26/Mar/2020:05:49:56 +0800] "POST /api/ssvoice/account/heart/beat/100163348/jform HTTP/1.1" 200 "32" "-" "-" "Mozilla/5.0 (Linux; U; Android 9; zh-cn; vivo X21A Build/PKQ1.180819.001) AppleWebKit/533.1 (KHTML, like Gecko) Version/5.0 Mobile Safari/533.1" "-" "0.003" "0.003"
111.242.252.201 - - [26/Mar/2020:05:50:14 +0800] "POST /api/ssvoice/account/heart/beat/100213422/jform HTTP/1.1" 200 "32" "-" "-" "Mozilla/5.0 (Linux; U; Android 9; zh-tw; Redmi 7 Build/PKQ1.181021.001) AppleWebKit/533.1 (KHTML, like Gecko) Version/5.0 Mobile Safari/533.1" "-" "0.003" "0.002"
111.242.252.201 - - [26/Mar/2020:05:53:14 +0800] "POST /api/ssvoice/account/heart/beat/100213422/jform HTTP/1.1" 200 "32" "-" "-" "Mozilla/5.0 (Linux; U; Android 9; zh-tw; Redmi 7 Build/PKQ1.181021.001) AppleWebKit/533.1 (KHTML, like Gecko) Version/5.0 Mobile Safari/533.1" "-" "0.003" "0.002"
116.62.24.176 - - [26/Mar/2020:05:53:56 +0800] "POST /api-ssvoice/api/ssvoice/gift/getcoin/jform HTTP/1.1" 200 "183" "loginKey=4a6db3da3fb9e764" "-" "Apache-HttpClient/4.5.1 (Java/1.7.0_79)" "-" "0.006" "0.006"
116.62.24.176 - - [26/Mar/2020:05:53:58 +0800] "POST /api-ssvoice/api/ssvoice/gift/getcoin/jform HTTP/1.1" 200 "183" "loginKey=4a6db3da3fb9e764" "-" "Apache-HttpClient/4.5.1 (Java/1.7.0_79)" "-" "0.006" "0.005"
116.62.24.176 - - [26/Mar/2020:05:53:59 +0800] "POST /api-ssvoice/api/ssvoice/profit/get/commodity/conversion/jform HTTP/1.1" 200 "29" "loginKey=4a6db3da3fb9e764&commodityId=10&type=1" "-" "Apache-HttpClient/4.5.1 (Java/1.7.0_79)" "-" "0.012" "0.013"
223.104.65.40 - - [26/Mar/2020:05:54:12 +0800] "POST /api/ssvoice/vip/get/vip/colors/jform HTTP/1.1" 200 "1608" "timeStamps=timeStamps" "-" "Mozilla/5.0 (Linux; U; Android 6.0.1; zh-cn; OPPO R9s Plus Build/MMB29M) AppleWebKit/534.30 (KHTML, like Gecko) Version/4.0 Mobile Safari/534.30" "-" "0.003" "0.003"
39.173.13.153 - - [26/Mar/2020:05:56:46 +0800] "POST /api/ssvoice/vip/get/vip/colors/jform HTTP/1.1" 200 "1608" "timeStamps=timeStamps" "-" "Mozilla/5.0 (Linux; U; Android 6.0.1; zh-cn; OPPO A57 Build/MMB29M) AppleWebKit/534.30 (KHTML, like Gecko) Version/4.0 Mobile Safari/534.30" "-" "0.003" "0.003"
121.71.62.160 - - [26/Mar/2020:05:58:56 +0800] "POST /api/ssvoice/account/heart/beat/100163348/jform HTTP/1.1" 200 "32" "-" "-" "Mozilla/5.0 (Linux; U; Android 9; zh-cn; vivo X21A Build/PKQ1.180819.001) AppleWebKit/533.1 (KHTML, like Gecko) Version/5.0 Mobile Safari/533.1" "-" "0.003" "0.002"
111.242.252.201 - - [26/Mar/2020:05:59:14 +0800] "POST /api/ssvoice/account/heart/beat/100213422/jform HTTP/1.1" 200 "32" "-" "-" "Mozilla/5.0 (Linux; U; Android 9; zh-tw; Redmi 7 Build/PKQ1.181021.001) AppleWebKit/533.1 (KHTML, like Gecko) Version/5.0 Mobile Safari/533.1" "-" "0.003" "0.002"
116.62.24.176 - - [26/Mar/2020:06:00:28 +0800] "POST /api-ssvoice/api/ssvoice/login/web/jform HTTP/1.1" 200 "1002" "system=4&username=973604&password=5613659b2fbd2f3a" "-" "Apache-HttpClient/4.5.1 (Java/1.7.0_79)" "-" "0.029" "0.029"
116.62.24.176 - - [26/Mar/2020:06:00:32 +0800] "POST /api-ssvoice/api/ssvoice/gift/getcoin/jform HTTP/1.1" 200 "182" "loginKey=f7e529700b4d5053" "-" "Apache-HttpClient/4.5.1 (Java/1.7.0_79)" "-" "0.004" "0.005"
121.71.62.160 - - [26/Mar/2020:06:01:56 +0800] "POST /api/ssvoice/account/heart/beat/100163348/jform HTTP/1.1" 200 "32" "-" "-" "Mozilla/5.0 (Linux; U; Android 9; zh-cn; vivo X21A Build/PKQ1.180819.001) AppleWebKit/533.1 (KHTML, like Gecko) Version/5.0 Mobile Safari/533.1" "-" "0.003" "0.003"
116.62.24.176 - - [26/Mar/2020:06:02:14 +0800] "POST /api-ssvoice/api/ssvoice/login/web/jform HTTP/1.1" 200 "1002" "system=4&username=973604&password=5613659b2fbd2f3a" "-" "Apache-HttpClient/4.5.1 (Java/1.7.0_79)" "-" "0.036" "0.037"
116.62.24.176 - - [26/Mar/2020:06:02:17 +0800] "POST /api-ssvoice/api/ssvoice/gift/getcoin/jform HTTP/1.1" 200 "182" "loginKey=29a4fbd5e803f867" "-" "Apache-HttpClient/4.5.1 (Java/1.7.0_79)" "-" "0.004" "0.004"
116.62.24.176 - - [26/Mar/2020:06:02:18 +0800] "POST /api-ssvoice/api/ssvoice/profit/get/commodity/conversion/jform HTTP/1.1" 200 "29" "loginKey=29a4fbd5e803f867&commodityId=10&type=1" "-" "Apache-HttpClient/4.5.1 (Java/1.7.0_79)" "-" "0.012" "0.011"
121.71.62.160 - - [26/Mar/2020:06:04:56 +0800] "POST /api/ssvoice/account/heart/beat/100163348/jform HTTP/1.1" 200 "32" "-" "-" "Mozilla/5.0 (Linux; U; Android 9; zh-cn; vivo X21A Build/PKQ1.180819.001) AppleWebKit/533.1 (KHTML, like Gecko) Version/5.0 Mobile Safari/533.1" "-" "0.003" "0.003"
116.62.24.176 - - [26/Mar/2020:06:06:16 +0800] "POST /api-ssvoice/api/ssvoice/gift/getcoin/jform HTTP/1.1" 200 "184" "loginKey=9ed563dda918cced" "-" "Apache-HttpClient/4.5.1 (Java/1.7.0_79)" "-" "0.003" "0.003"
116.62.24.176 - - [26/Mar/2020:06:06:22 +0800] "POST /api-ssvoice/api/ssvoice/gift/getcoin/jform HTTP/1.1" 200 "187" "loginKey=9ed563dda918cced" "-" "Apache-HttpClient/4.5.1 (Java/1.7.0_79)" "-" "0.005" "0.004"
116.62.24.176 - - [26/Mar/2020:06:06:23 +0800] "POST /api-ssvoice/api/ssvoice/profit/get/commodity/conversion/jform HTTP/1.1" 200 "29" "loginKey=9ed563dda918cced&commodityId=29&type=1" "-" "Apache-HttpClient/4.5.1 (Java/1.7.0_79)" "-" "0.025" "0.024"
180.130.10.243 - - [26/Mar/2020:06:08:34 +0800] "POST /api/ssvoice/vip/get/vip/colors/jform HTTP/1.1" 200 "1608" "timeStamps=timeStamps" "-" "Mozilla/5.0 (Linux; U; Android 7.0; zh-cn; TRT-TL10A Build/HUAWEITRT-TL10A) AppleWebKit/534.30 (KHTML, like Gecko) Version/4.0 Mobile Safari/534.30" "-" "0.003" "0.003"
180.130.10.243 - - [26/Mar/2020:06:08:38 +0800] "POST /api/ssvoice/vip/get/vip/colors/jform HTTP/1.1" 200 "1608" "timeStamps=timeStamps" "-" "Mozilla/5.0 (Linux; U; Android 7.0; zh-cn; TRT-TL10A Build/HUAWEITRT-TL10A) AppleWebKit/534.30 (KHTML, like Gecko) Version/4.0 Mobile Safari/534.30" "-" "0.003" "0.003"
180.130.10.243 - - [26/Mar/2020:06:08:38 +0800] "POST /api/ssvoice/vip/get/vip/colors/jform HTTP/1.1" 200 "1608" "timeStamps=timeStamps" "-" "Mozilla/5.0 (Linux; U; Android 7.0; zh-cn; TRT-TL10A Build/HUAWEITRT-TL10A) AppleWebKit/534.30 (KHTML, like Gecko) Version/4.0 Mobile Safari/534.30" "-" "0.003" "0.002"
119.133.33.76 - - [26/Mar/2020:06:08:55 +0800] "POST /api/ssvoice/word/list/bad/word/jform HTTP/1.1" 200 "1167" "timeStamp=2020-03-26%2006%3A08%3A59" "-" "Mozilla/5.0 (Linux; U; Android 8.0.0; zh-cn; Mi Note 2 Build/OPR1.170623.032) AppleWebKit/534.30 (KHTML, like Gecko) Version/4.0 Mobile Safari/534.30" "-" "0.002" "0.003"
119.133.33.76 - - [26/Mar/2020:06:08:58 +0800] "POST /api/ssvoice/skillnew/recommend/skill/by/skillTypeId/133V/jform HTTP/1.1" 200 "28927" "timeStamp=1585174143498" "-" "Mozilla/5.0 (Linux; U; Android 8.0.0; zh-cn; Mi Note 2 Build/OPR1.170623.032) AppleWebKit/534.30 (KHTML, like Gecko) Version/4.0 Mobile Safari/534.30" "-" "0.316" "0.284"
119.133.33.76 - - [26/Mar/2020:06:08:58 +0800] "POST /api/ssvoice/show/get/banner/list/jform HTTP/1.1" 200 "526" "type=1" "-" "Mozilla/5.0 (Linux; U; Android 8.0.0; zh-cn; Mi Note 2 Build/OPR1.170623.032) AppleWebKit/534.30 (KHTML, like Gecko) Version/4.0 Mobile Safari/534.30" "-" "0.002" "0.002"
119.133.33.76 - - [26/Mar/2020:06:08:59 +0800] "POST /api/ssvoice/hb/com/and/out/square/jform HTTP/1.1" 200 "67" "flag=2&ssId=-1" "-" "Mozilla/5.0 (Linux; U; Android 8.0.0; zh-cn; Mi Note 2 Build/OPR1.170623.032) AppleWebKit/534.30 (KHTML, like Gecko) Version/4.0 Mobile Safari/534.30" "-" "0.008" "0.008"
119.133.33.76 - - [26/Mar/2020:06:08:59 +0800] "POST /api/ssvoice/person/getmutualfollowlist/null/0/20/jform HTTP/1.1" 500 "65" "-" "-" "Mozilla/5.0 (Linux; U; Android 8.0.0; zh-cn; Mi Note 2 Build/OPR1.170623.032) AppleWebKit/534.30 (KHTML, like Gecko) Version/4.0 Mobile Safari/534.30" "-" "0.002" "0.003"
119.133.33.76 - - [26/Mar/2020:06:09:00 +0800] "POST /api/ssvoice/cp/get/cp/succeed/list/jform HTTP/1.1" 200 "28" "offset=0&count=20" "-" "Mozilla/5.0 (Linux; U; Android 8.0.0; zh-cn; Mi Note 2 Build/OPR1.170623.032) AppleWebKit/534.30 (KHTML, like Gecko) Version/4.0 Mobile Safari/534.30" "-" "0.001" "0.002"
119.133.33.76 - - [26/Mar/2020:06:09:00 +0800] "GET /api/ssvoice/chat/get/room/version/json HTTP/1.1" 200 "31" "-" "-" "Mozilla/5.0 (Linux; U; Android 8.0.0; zh-cn; Mi Note 2 Build/OPR1.170623.032) AppleWebKit/534.30 (KHTML, like Gecko) Version/4.0 Mobile Safari/534.30" "-" "0.001" "0.001"
119.133.33.76 - - [26/Mar/2020:06:09:00 +0800] "POST /api/ssvoice/res/switch/activity/switch/show/jform HTTP/1.1" 200 "28" "code=game" "-" "Mozilla/5.0 (Linux; U; Android 8.0.0; zh-cn; Mi Note 2 Build/OPR1.170623.032) AppleWebKit/534.30 (KHTML, like Gecko) Version/4.0 Mobile Safari/534.30" "-" "0.005" "0.005"
119.133.33.76 - - [26/Mar/2020:06:09:03 +0800] "POST /api/ssvoice/chat/delete/microphone/request/jform HTTP/1.1" 200 "29" "crId=30775" "-" "Mozilla/5.0 (Linux; U; Android 8.0.0; zh-cn; Mi Note 2 Build/OPR1.170623.032) AppleWebKit/534.30 (KHTML, like Gecko) Version/4.0 Mobile Safari/534.30" "-" "0.002" "0.002"
119.133.33.76 - - [26/Mar/2020:06:09:03 +0800] "POST /api/ssvoice/cp/get/recent/voice/info/jform HTTP/1.1" 500 "65" "ssId=-1" "-" "Mozilla/5.0 (Linux; U; Android 8.0.0; zh-cn; Mi Note 2 Build/OPR1.170623.032) AppleWebKit/534.30 (KHTML, like Gecko) Version/4.0 Mobile Safari/534.30" "-" "0.003" "0.002"
1.197.130.209 - - [26/Mar/2020:06:09:43 +0800] "GET /api/ssvoice/chat/get/microphone/request/list/30676/json HTTP/1.1" 200 "28" "-" "-" "NEngine/1.0 (compatible; MSIE 6.0; Windows NT 5.1)" "-" "0.003" "0.003"
180.130.10.243 - - [26/Mar/2020:06:10:48 +0800] "POST /api/ssvoice/word/list/bad/word/jform HTTP/1.1" 200 "1167" "timeStamp=2020-03-26%2006%3A10%3A30" "-" "Mozilla/5.0 (Linux; U; Android 7.0; zh-cn; TRT-TL10A Build/HUAWEITRT-TL10A) AppleWebKit/534.30 (KHTML, like Gecko) Version/4.0 Mobile Safari/534.30" "-" "0.001" "0.000"
111.242.252.201 - - [26/Mar/2020:06:11:14 +0800] "POST /api/ssvoice/account/heart/beat/100213422/jform HTTP/1.1" 200 "32" "-" "-" "Mozilla/5.0 (Linux; U; Android 9; zh-tw; Redmi 7 Build/PKQ1.181021.001) AppleWebKit/533.1 (KHTML, like Gecko) Version/5.0 Mobile Safari/533.1" "-" "0.003" "0.003"
116.62.24.176 - - [26/Mar/2020:06:13:47 +0800] "POST /api-ssvoice/api/ssvoice/commoditySheet/get/commodity/3/jform HTTP/1.1" 200 "819" "-" "-" "Apache-HttpClient/4.5.1 (Java/1.7.0_79)" "-" "0.002" "0.002"
116.62.24.176 - - [26/Mar/2020:06:13:51 +0800] "POST /api-ssvoice/api/ssvoice/profit/get/commodity/conversion/jform HTTP/1.1" 200 "29" "loginKey=bb4dcd506f4a8cd9&commodityId=29&type=1" "-" "Apache-HttpClient/4.5.1 (Java/1.7.0_79)" "-" "0.012" "0.013"
116.62.24.176 - - [26/Mar/2020:06:13:55 +0800] "POST /api-ssvoice/api/ssvoice/profit/get/commodity/conversion/jform HTTP/1.1" 200 "29" "loginKey=bb4dcd506f4a8cd9&commodityId=11&type=1" "-" "Apache-HttpClient/4.5.1 (Java/1.7.0_79)" "-" "0.010" "0.011"
116.62.24.176 - - [26/Mar/2020:06:13:55 +0800] "POST /api-ssvoice/api/ssvoice/gift/getcoin/jform HTTP/1.1" 200 "182" "loginKey=bb4dcd506f4a8cd9" "-" "Apache-HttpClient/4.5.1 (Java/1.7.0_79)" "-" "0.005" "0.005"
121.71.62.160 - - [26/Mar/2020:06:13:56 +0800] "POST /api/ssvoice/account/heart/beat/100163348/jform HTTP/1.1" 200 "32" "-" "-" "Mozilla/5.0 (Linux; U; Android 9; zh-cn; vivo X21A Build/PKQ1.180819.001) AppleWebKit/533.1 (KHTML, like Gecko) Version/5.0 Mobile Safari/533.1" "-" "0.003" "0.002"
49.86.194.194 - - [26/Mar/2020:06:14:09 +0800] "GET /api/ssvoice/chat/get/microphone/request/list3/31598/json HTTP/1.1" 200 "28" "-" "-" "NEngine/1.0 (compatible; MSIE 6.0; Windows NT 5.1)" "-" "0.004" "0.004"
49.86.194.194 - - [26/Mar/2020:06:14:35 +0800] "GET /api/ssvoice/chat/get/microphone/request/list3/31598/json HTTP/1.1" 200 "28" "-" "-" "NEngine/1.0 (compatible; MSIE 6.0; Windows NT 5.1)" "-" "0.004" "0.004"
49.86.194.194 - - [26/Mar/2020:06:15:09 +0800] "GET /api/ssvoice/chat/get/microphone/request/list3/31598/json HTTP/1.1" 200 "28" "-" "-" "NEngine/1.0 (compatible; MSIE 6.0; Windows NT 5.1)" "-" "0.003" "0.002"
116.62.24.176 - - [26/Mar/2020:06:18:06 +0800] "POST /api-ssvoice/api/ssvoice/profit/get/commodity/conversion/jform HTTP/1.1" 200 "29" "loginKey=b15ad622971e8ba5&commodityId=10&type=1" "-" "Apache-HttpClient/4.5.1 (Java/1.7.0_79)" "-" "0.014" "0.014"
116.62.24.176 - - [26/Mar/2020:06:18:06 +0800] "POST /api-ssvoice/api/ssvoice/gift/getcoin/jform HTTP/1.1" 200 "186" "loginKey=b15ad622971e8ba5" "-" "Apache-HttpClient/4.5.1 (Java/1.7.0_79)" "-" "0.004" "0.005"
116.62.24.176 - - [26/Mar/2020:06:18:07 +0800] "POST /api-ssvoice/api/ssvoice/profit/get/commodity/conversion/jform HTTP/1.1" 200 "29" "loginKey=b15ad622971e8ba5&commodityId=11&type=1" "-" "Apache-HttpClient/4.5.1 (Java/1.7.0_79)" "-" "0.011" "0.011"
116.62.24.176 - - [26/Mar/2020:06:18:08 +0800] "POST /api-ssvoice/api/ssvoice/gift/getcoin/jform HTTP/1.1" 200 "185" "loginKey=b15ad622971e8ba5" "-" "Apache-HttpClient/4.5.1 (Java/1.7.0_79)" "-" "0.004" "0.004"
121.71.62.160 - - [26/Mar/2020:06:19:56 +0800] "POST /api/ssvoice/account/heart/beat/100163348/jform HTTP/1.1" 200 "32" "-" "-" "Mozilla/5.0 (Linux; U; Android 9; zh-cn; vivo X21A Build/PKQ1.180819.001) AppleWebKit/533.1 (KHTML, like Gecko) Version/5.0 Mobile Safari/533.1" "-" "0.002" "0.003"
121.71.62.160 - - [26/Mar/2020:06:22:56 +0800] "POST /api/ssvoice/account/heart/beat/100163348/jform HTTP/1.1" 200 "32" "-" "-" "Mozilla/5.0 (Linux; U; Android 9; zh-cn; vivo X21A Build/PKQ1.180819.001) AppleWebKit/533.1 (KHTML, like Gecko) Version/5.0 Mobile Safari/533.1" "-" "0.004" "0.004"
121.71.62.160 - - [26/Mar/2020:06:25:56 +0800] "POST /api/ssvoice/account/heart/beat/100163348/jform HTTP/1.1" 200 "32" "-" "-" "Mozilla/5.0 (Linux; U; Android 9; zh-cn; vivo X21A Build/PKQ1.180819.001) AppleWebKit/533.1 (KHTML, like Gecko) Version/5.0 Mobile Safari/533.1" "-" "0.002" "0.002"
92.118.161.37 - - [26/Mar/2020:06:26:01 +0800] "GET / HTTP/1.1" 200 "11217" "-" "-" "NetSystemsResearch studies the availability of various services across the internet. Our website is netsystemsresearch.com" "-" "0.002" "0.001"
116.62.24.176 - - [26/Mar/2020:06:26:15 +0800] "POST /api-ssvoice/api/ssvoice/login/web/jform HTTP/1.1" 200 "1003" "system=4&username=973604&password=5613659b2fbd2f3a" "-" "Apache-HttpClient/4.5.1 (Java/1.7.0_79)" "-" "0.032" "0.032"
116.62.24.176 - - [26/Mar/2020:06:26:15 +0800] "POST /api-ssvoice/api/ssvoice/gift/getcoin/jform HTTP/1.1" 200 "182" "loginKey=1869e2aedeed4324" "-" "Apache-HttpClient/4.5.1 (Java/1.7.0_79)" "-" "0.002" "0.002"
116.62.24.176 - - [26/Mar/2020:06:26:18 +0800] "POST /api-ssvoice/api/ssvoice/profit/get/commodity/conversion/jform HTTP/1.1" 200 "29" "loginKey=1869e2aedeed4324&commodityId=10&type=1" "-" "Apache-HttpClient/4.5.1 (Java/1.7.0_79)" "-" "0.011" "0.011"
116.62.24.176 - - [26/Mar/2020:06:27:23 +0800] "POST /api-ssvoice/api/ssvoice/gift/getcoin/jform HTTP/1.1" 200 "181" "loginKey=e75f14f7ebc68a10" "-" "Apache-HttpClient/4.5.1 (Java/1.7.0_79)" "-" "0.003" "0.002"
116.62.24.176 - - [26/Mar/2020:06:27:23 +0800] "POST /api-ssvoice/api/ssvoice/commoditySheet/get/commodity/3/jform HTTP/1.1" 200 "819" "-" "-" "Apache-HttpClient/4.5.1 (Java/1.7.0_79)" "-" "0.002" "0.001"
116.62.24.176 - - [26/Mar/2020:06:27:27 +0800] "POST /api-ssvoice/api/ssvoice/gift/getcoin/jform HTTP/1.1" 200 "182" "loginKey=e75f14f7ebc68a10" "-" "Apache-HttpClient/4.5.1 (Java/1.7.0_79)" "-" "0.002" "0.002"
116.62.24.176 - - [26/Mar/2020:06:27:28 +0800] "POST /api-ssvoice/api/ssvoice/gift/getcoin/jform HTTP/1.1" 200 "182" "loginKey=e75f14f7ebc68a10" "-" "Apache-HttpClient/4.5.1 (Java/1.7.0_79)" "-" "0.003" "0.003"
121.71.62.160 - - [26/Mar/2020:06:28:56 +0800] "POST /api/ssvoice/account/heart/beat/100163348/jform HTTP/1.1" 200 "32" "-" "-" "Mozilla/5.0 (Linux; U; Android 9; zh-cn; vivo X21A Build/PKQ1.180819.001) AppleWebKit/533.1 (KHTML, like Gecko) Version/5.0 Mobile Safari/533.1" "-" "0.004" "0.004"
116.62.24.176 - - [26/Mar/2020:06:28:56 +0800] "POST /api-ssvoice/api/ssvoice/commoditySheet/get/commodity/3/jform HTTP/1.1" 200 "819" "-" "-" "Apache-HttpClient/4.5.1 (Java/1.7.0_79)" "-" "0.004" "0.004"
116.62.24.176 - - [26/Mar/2020:06:28:59 +0800] "POST /api-ssvoice/api/ssvoice/gift/getcoin/jform HTTP/1.1" 200 "182" "loginKey=d733bd6acbbc21c1" "-" "Apache-HttpClient/4.5.1 (Java/1.7.0_79)" "-" "0.005" "0.004"
116.62.24.176 - - [26/Mar/2020:06:29:00 +0800] "POST /api-ssvoice/api/ssvoice/profit/get/commodity/conversion/jform HTTP/1.1" 200 "29" "loginKey=d733bd6acbbc21c1&commodityId=10&type=1" "-" "Apache-HttpClient/4.5.1 (Java/1.7.0_79)" "-" "0.016" "0.017"
116.62.24.176 - - [26/Mar/2020:06:29:02 +0800] "POST /api-ssvoice/api/ssvoice/gift/getcoin/jform HTTP/1.1" 200 "181" "loginKey=d733bd6acbbc21c1" "-" "Apache-HttpClient/4.5.1 (Java/1.7.0_79)" "-" "0.005" "0.004"
116.62.24.176 - - [26/Mar/2020:06:29:54 +0800] "POST /api-ssvoice/api/ssvoice/gift/getcoin/jform HTTP/1.1" 200 "182" "loginKey=a0e06368b605ad6b" "-" "Apache-HttpClient/4.5.1 (Java/1.7.0_79)" "-" "0.005" "0.004"
116.62.24.176 - - [26/Mar/2020:06:29:56 +0800] "POST /api-ssvoice/api/ssvoice/profit/get/commodity/conversion/jform HTTP/1.1" 200 "29" "loginKey=a0e06368b605ad6b&commodityId=10&type=1" "-" "Apache-HttpClient/4.5.1 (Java/1.7.0_79)" "-" "0.012" "0.011"
116.62.24.176 - - [26/Mar/2020:06:30:50 +0800] "POST /api-ssvoice/api/ssvoice/gift/getcoin/jform HTTP/1.1" 200 "181" "loginKey=772089dd4f3c755c" "-" "Apache-HttpClient/4.5.1 (Java/1.7.0_79)" "-" "0.003" "0.003"
116.62.24.176 - - [26/Mar/2020:06:30:53 +0800] "POST /api-ssvoice/api/ssvoice/profit/get/commodity/conversion/jform HTTP/1.1" 200 "29" "loginKey=772089dd4f3c755c&commodityId=10&type=1" "-" "Apache-HttpClient/4.5.1 (Java/1.7.0_79)" "-" "0.021" "0.021"
39.155.36.33 - - [26/Mar/2020:06:31:16 +0800] "POST /api/ssvoice/vip/get/vip/colors/jform HTTP/1.1" 200 "1608" "timeStamps=timeStamps" "-" "Mozilla/5.0 (Linux; U; Android 6.0.1; zh-cn; OPPO A57 Build/MMB29M) AppleWebKit/534.30 (KHTML, like Gecko) Version/4.0 Mobile Safari/534.30" "-" "0.003" "0.003"
121.71.62.160 - - [26/Mar/2020:06:31:56 +0800] "POST /api/ssvoice/account/heart/beat/100163348/jform HTTP/1.1" 200 "32" "-" "-" "Mozilla/5.0 (Linux; U; Android 9; zh-cn; vivo X21A Build/PKQ1.180819.001) AppleWebKit/533.1 (KHTML, like Gecko) Version/5.0 Mobile Safari/533.1" "-" "0.002" "0.002"
58.208.143.91 - - [26/Mar/2020:06:31:59 +0800] "GET /api/ssvoice/chat/get/microphone/request/list/30605/json HTTP/1.1" 200 "28" "-" "-" "NEngine/1.0 (compatible; MSIE 6.0; Windows NT 5.1)" "-" "0.003" "0.002"
58.208.143.91 - - [26/Mar/2020:06:31:59 +0800] "GET /api/ssvoice/chat/get/microphone/request/list/30605/json HTTP/1.1" 200 "28" "-" "-" "NEngine/1.0 (compatible; MSIE 6.0; Windows NT 5.1)" "-" "0.003" "0.003"
116.62.24.176 - - [26/Mar/2020:06:32:06 +0800] "POST /api-ssvoice/api/ssvoice/skillnew/user/skills/jform HTTP/1.1" 200 "6631" "ssId=100403215" "-" "Apache-HttpClient/4.5.1 (Java/1.7.0_79)" "-" "0.077" "0.077"
116.62.24.176 - - [26/Mar/2020:06:32:06 +0800] "POST /api-ssvoice/api/ssvoice/skillnew/user/skills/jform HTTP/1.1" 200 "6298" "ssId=100369214" "-" "Apache-HttpClient/4.5.1 (Java/1.7.0_79)" "-" "0.078" "0.077"
116.62.24.176 - - [26/Mar/2020:06:32:11 +0800] "POST /api-ssvoice/api/ssvoice/skillnew/user/skills/jform HTTP/1.1" 200 "2180" "ssId=100140708" "-" "Apache-HttpClient/4.5.1 (Java/1.7.0_79)" "-" "0.030" "0.030"
116.62.24.176 - - [26/Mar/2020:06:32:12 +0800] "POST /api-ssvoice/api/ssvoice/skillnew/user/skills/jform HTTP/1.1" 200 "7439" "ssId=100402667" "-" "Apache-HttpClient/4.5.1 (Java/1.7.0_79)" "-" "0.091" "0.090"
111.242.252.201 - - [26/Mar/2020:06:32:14 +0800] "POST /api/ssvoice/account/heart/beat/100213422/jform HTTP/1.1" 200 "32" "-" "-" "Mozilla/5.0 (Linux; U; Android 9; zh-tw; Redmi 7 Build/PKQ1.181021.001) AppleWebKit/533.1 (KHTML, like Gecko) Version/5.0 Mobile Safari/533.1" "-" "0.003" "0.003"
111.242.252.201 - - [26/Mar/2020:06:35:16 +0800] "POST /api/ssvoice/account/heart/beat/100213422/jform HTTP/1.1" 200 "32" "-" "-" "Mozilla/5.0 (Linux; U; Android 9; zh-tw; Redmi 7 Build/PKQ1.181021.001) AppleWebKit/533.1 (KHTML, like Gecko) Version/5.0 Mobile Safari/533.1" "-" "0.003" "0.002"
180.130.10.243 - - [26/Mar/2020:06:36:55 +0800] "POST /api/ssvoice/word/list/bad/word/jform HTTP/1.1" 200 "1167" "timeStamp=2020-03-26%2006%3A36%3A43" "-" "Mozilla/5.0 (Linux; U; Android 7.0; zh-cn; TRT-TL10A Build/HUAWEITRT-TL10A) AppleWebKit/534.30 (KHTML, like Gecko) Version/4.0 Mobile Safari/534.30" "-" "0.002" "0.002"
180.130.10.243 - - [26/Mar/2020:06:36:59 +0800] "POST /api/ssvoice/word/list/bad/word/jform HTTP/1.1" 200 "1167" "timeStamp=2020-03-26%2006%3A36%3A43" "-" "Mozilla/5.0 (Linux; U; Android 7.0; zh-cn; TRT-TL10A Build/HUAWEITRT-TL10A) AppleWebKit/534.30 (KHTML, like Gecko) Version/4.0 Mobile Safari/534.30" "-" "0.001" "0.002"
116.62.24.176 - - [26/Mar/2020:06:37:29 +0800] "POST /api-ssvoice/api/ssvoice/skillnew/user/skills/jform HTTP/1.1" 200 "6631" "ssId=100403215" "-" "Apache-HttpClient/4.5.1 (Java/1.7.0_79)" "-" "0.074" "0.075"
116.62.24.176 - - [26/Mar/2020:06:37:29 +0800] "POST /api-ssvoice/api/ssvoice/skillnew/user/skills/jform HTTP/1.1" 200 "6631" "ssId=100403215" "-" "Apache-HttpClient/4.5.1 (Java/1.7.0_79)" "-" "0.082" "0.081"
116.62.24.176 - - [26/Mar/2020:06:37:30 +0800] "POST /api-ssvoice/api/ssvoice/activity/getWeekGiftInfo/jform HTTP/1.1" 200 "325" "giftTypes=1&type=1" "-" "Apache-HttpClient/4.5.1 (Java/1.7.0_79)" "-" "0.004" "0.003"
116.62.24.176 - - [26/Mar/2020:06:37:30 +0800] "POST /api-ssvoice/api/ssvoice/skillnew/user/skills/jform HTTP/1.1" 200 "6298" "ssId=100369214" "-" "Apache-HttpClient/4.5.1 (Java/1.7.0_79)" "-" "0.090" "0.090"
116.62.24.176 - - [26/Mar/2020:06:37:30 +0800] "POST /api-ssvoice/api/ssvoice/skillnew/user/skills/jform HTTP/1.1" 200 "6298" "ssId=100369214" "-" "Apache-HttpClient/4.5.1 (Java/1.7.0_79)" "-" "0.098" "0.098"
121.71.62.160 - - [26/Mar/2020:06:40:56 +0800] "POST /api/ssvoice/account/heart/beat/100163348/jform HTTP/1.1" 200 "32" "-" "-" "Mozilla/5.0 (Linux; U; Android 9; zh-cn; vivo X21A Build/PKQ1.180819.001) AppleWebKit/533.1 (KHTML, like Gecko) Version/5.0 Mobile Safari/533.1" "-" "0.002" "0.002"
117.152.230.123 - - [26/Mar/2020:06:42:22 +0800] "POST /api/ssvoice/vip/get/vip/colors/jform HTTP/1.1" 200 "1608" "timeStamps=timeStamps" "-" "Mozilla/5.0 (Linux; U; Android 6.0; zh-cn; LEX626 Build/HEXCNFN6003009092S) AppleWebKit/537.36 (KHTML, like Gecko) Version/4.0 Mobile Safari/537.36" "-" "0.003" "0.003"
117.152.230.123 - - [26/Mar/2020:06:42:23 +0800] "POST /api/ssvoice/vip/get/vip/colors/jform HTTP/1.1" 200 "1608" "timeStamps=timeStamps" "-" "Mozilla/5.0 (Linux; U; Android 6.0; zh-cn; LEX626 Build/HEXCNFN6003009092S) AppleWebKit/537.36 (KHTML, like Gecko) Version/4.0 Mobile Safari/537.36" "-" "0.004" "0.003"
117.152.230.123 - - [26/Mar/2020:06:42:24 +0800] "POST /api/ssvoice/word/list/bad/word/jform HTTP/1.1" 200 "1167" "timeStamp=2020-03-26%2006%3A42%3A24" "-" "Mozilla/5.0 (Linux; U; Android 6.0; zh-cn; LEX626 Build/HEXCNFN6003009092S) AppleWebKit/537.36 (KHTML, like Gecko) Version/4.0 Mobile Safari/537.36" "-" "0.003" "0.002"
121.71.62.160 - - [26/Mar/2020:06:43:56 +0800] "POST /api/ssvoice/account/heart/beat/100163348/jform HTTP/1.1" 200 "32" "-" "-" "Mozilla/5.0 (Linux; U; Android 9; zh-cn; vivo X21A Build/PKQ1.180819.001) AppleWebKit/533.1 (KHTML, like Gecko) Version/5.0 Mobile Safari/533.1" "-" "0.002" "0.002"
111.242.252.201 - - [26/Mar/2020:06:44:14 +0800] "POST /api/ssvoice/account/heart/beat/100213422/jform HTTP/1.1" 200 "32" "-" "-" "Mozilla/5.0 (Linux; U; Android 9; zh-tw; Redmi 7 Build/PKQ1.181021.001) AppleWebKit/533.1 (KHTML, like Gecko) Version/5.0 Mobile Safari/533.1" "-" "0.003" "0.002"
119.116.172.186 - - [26/Mar/2020:06:44:20 +0800] "POST /api/ssvoice/vip/get/vip/colors/jform HTTP/1.1" 200 "1608" "timeStamps=timeStamps" "-" "Mozilla/5.0 (Linux; U; Android 5.1; zh-cn; OPPO R9m Build/LMY47I) AppleWebKit/537.36 (KHTML, like Gecko) Version/4.0 Mobile Safari/537.36" "-" "0.003" "0.003"
116.62.24.176 - - [26/Mar/2020:06:45:35 +0800] "POST /api-ssvoice/api/ssvoice/activity/getWeekRankList/jform HTTP/1.1" 200 "2763" "taskId=35&gift=1&loginKey=995f29c9fb18cc0a&type=1" "-" "Apache-HttpClient/4.5.1 (Java/1.7.0_79)" "-" "0.004" "0.003"
116.62.24.176 - - [26/Mar/2020:06:45:37 +0800] "POST /api-ssvoice/api/ssvoice/skillnew/user/skills/jform HTTP/1.1" 200 "6631" "ssId=100403215" "-" "Apache-HttpClient/4.5.1 (Java/1.7.0_79)" "-" "0.076" "0.077"
116.62.24.176 - - [26/Mar/2020:06:45:37 +0800] "POST /api-ssvoice/api/ssvoice/skillnew/user/skills/jform HTTP/1.1" 200 "3829" "ssId=100373731" "-" "Apache-HttpClient/4.5.1 (Java/1.7.0_79)" "-" "0.055" "0.054"
116.62.24.176 - - [26/Mar/2020:06:45:37 +0800] "POST /api-ssvoice/api/ssvoice/skillnew/user/skills/jform HTTP/1.1" 200 "6298" "ssId=100369214" "-" "Apache-HttpClient/4.5.1 (Java/1.7.0_79)" "-" "0.078" "0.078"
116.62.24.176 - - [26/Mar/2020:06:45:37 +0800] "POST /api-ssvoice/api/ssvoice/skillnew/user/skills/jform HTTP/1.1" 200 "3829" "ssId=100373731" "-" "Apache-HttpClient/4.5.1 (Java/1.7.0_79)" "-" "0.055" "0.055"
111.242.252.201 - - [26/Mar/2020:06:47:14 +0800] "POST /api/ssvoice/account/heart/beat/100213422/jform HTTP/1.1" 200 "32" "-" "-" "Mozilla/5.0 (Linux; U; Android 9; zh-tw; Redmi 7 Build/PKQ1.181021.001) AppleWebKit/533.1 (KHTML, like Gecko) Version/5.0 Mobile Safari/533.1" "-" "0.003" "0.002"
47.101.178.254 - - [26/Mar/2020:06:47:15 +0800] "GET / HTTP/1.1" 200 "11217" "-" "-" "Mozilla/5.0 (X11; Ubuntu; Linux x86_64; rv:36.0) Gecko/20100101 Firefox/36.0" "-" "0.001" "0.001"
121.71.62.160 - - [26/Mar/2020:06:49:56 +0800] "POST /api/ssvoice/account/heart/beat/100163348/jform HTTP/1.1" 200 "32" "-" "-" "Mozilla/5.0 (Linux; U; Android 9; zh-cn; vivo X21A Build/PKQ1.180819.001) AppleWebKit/533.1 (KHTML, like Gecko) Version/5.0 Mobile Safari/533.1" "-" "0.002" "0.002"
121.71.62.160 - - [26/Mar/2020:06:52:56 +0800] "POST /api/ssvoice/account/heart/beat/100163348/jform HTTP/1.1" 200 "32" "-" "-" "Mozilla/5.0 (Linux; U; Android 9; zh-cn; vivo X21A Build/PKQ1.180819.001) AppleWebKit/533.1 (KHTML, like Gecko) Version/5.0 Mobile Safari/533.1" "-" "0.003" "0.003"
111.242.252.201 - - [26/Mar/2020:06:56:15 +0800] "POST /api/ssvoice/account/heart/beat/100213422/jform HTTP/1.1" 200 "32" "-" "-" "Mozilla/5.0 (Linux; U; Android 9; zh-tw; Redmi 7 Build/PKQ1.181021.001) AppleWebKit/533.1 (KHTML, like Gecko) Version/5.0 Mobile Safari/533.1" "-" "0.002" "0.002"
121.71.62.160 - - [26/Mar/2020:06:58:56 +0800] "POST /api/ssvoice/account/heart/beat/100163348/jform HTTP/1.1" 200 "32" "-" "-" "Mozilla/5.0 (Linux; U; Android 9; zh-cn; vivo X21A Build/PKQ1.180819.001) AppleWebKit/533.1 (KHTML, like Gecko) Version/5.0 Mobile Safari/533.1" "-" "0.002" "0.002"
111.242.252.201 - - [26/Mar/2020:06:59:14 +0800] "POST /api/ssvoice/account/heart/beat/100213422/jform HTTP/1.1" 200 "32" "-" "-" "Mozilla/5.0 (Linux; U; Android 9; zh-tw; Redmi 7 Build/PKQ1.181021.001) AppleWebKit/533.1 (KHTML, like Gecko) Version/5.0 Mobile Safari/533.1" "-" "0.003" "0.003"
120.36.227.125 - - [26/Mar/2020:07:00:03 +0800] "POST /api/ssvoice/word/list/bad/word/jform HTTP/1.1" 200 "1167" "timeStamp=2020-03-26%2007%3A00%3A01" "-" "Mozilla/5.0 (Linux; U; Android 6.0; zh-cn; PE-CL00 Build/HuaweiPE-CL00) AppleWebKit/534.30 (KHTML, like Gecko) Version/4.0 Mobile Safari/534.30" "-" "0.003" "0.002"
188.92.77.18 - - [26/Mar/2020:07:04:27 +0800] "\x03\x00\x00/*\xE0\x00\x00\x00\x00\x00Cookie: mstshash=Administr" 400 "173" "-" "-" "-" "-" "0.215" "-"
111.242.252.201 - - [26/Mar/2020:07:05:15 +0800] "POST /api/ssvoice/account/heart/beat/100213422/jform HTTP/1.1" 200 "32" "-" "-" "Mozilla/5.0 (Linux; U; Android 9; zh-tw; Redmi 7 Build/PKQ1.181021.001) AppleWebKit/533.1 (KHTML, like Gecko) Version/5.0 Mobile Safari/533.1" "-" "0.002" "0.001"
121.71.62.160 - - [26/Mar/2020:07:13:56 +0800] "POST /api/ssvoice/account/heart/beat/100163348/jform HTTP/1.1" 200 "32" "-" "-" "Mozilla/5.0 (Linux; U; Android 9; zh-cn; vivo X21A Build/PKQ1.180819.001) AppleWebKit/533.1 (KHTML, like Gecko) Version/5.0 Mobile Safari/533.1" "-" "0.003" "0.002"
121.71.62.160 - - [26/Mar/2020:07:22:56 +0800] "POST /api/ssvoice/account/heart/beat/100163348/jform HTTP/1.1" 200 "32" "-" "-" "Mozilla/5.0 (Linux; U; Android 9; zh-cn; vivo X21A Build/PKQ1.180819.001) AppleWebKit/533.1 (KHTML, like Gecko) Version/5.0 Mobile Safari/533.1" "-" "0.002" "0.003"
183.225.255.39 - - [26/Mar/2020:07:27:10 +0800] "POST /api/ssvoice/chat/user/current/room/jform HTTP/1.1" 200 "505" "ssId=100405741" "-" "NEngine/1.0 (compatible; MSIE 6.0; Windows NT 5.1)" "-" "0.058" "0.003"
183.225.255.39 - - [26/Mar/2020:07:27:10 +0800] "POST /api/ssvoice/chat/user/current/room/jform HTTP/1.1" 200 "505" "ssId=100405741" "-" "NEngine/1.0 (compatible; MSIE 6.0; Windows NT 5.1)" "-" "0.056" "0.004"
1.85.233.197 - - [26/Mar/2020:07:30:51 +0800] "POST /api/ssvoice/login/pc/jform HTTP/1.1" 200 "1058" "username=17765093422&password=4d36fe2c9bc30209&system=3&appVersion=V 1.32.1680&machineCode=08cf0875b37110c8993c1ce75fbf8cc1" "-" "NEngine/1.0 (compatible; MSIE 6.0; Windows NT 5.1)" "-" "0.062" "0.032"
1.85.233.197 - - [26/Mar/2020:07:31:03 +0800] "POST /api/ssvoice/hb/com/and/out/square/jform HTTP/1.1" 200 "67" "flag=2&ssId=100370327" "-" "NEngine/1.0 (compatible; MSIE 6.0; Windows NT 5.1)" "-" "0.035" "0.002"
1.85.233.197 - - [26/Mar/2020:07:31:03 +0800] "POST /api/ssvoice/send/order/get/send/order/list2/jform HTTP/1.1" 200 "1284" "loginKey=98fe11eb74bcff99&type=2&offset=0&count=100" "-" "NEngine/1.0 (compatible; MSIE 6.0; Windows NT 5.1)" "-" "0.067" "0.036"
1.85.233.197 - - [26/Mar/2020:07:31:12 +0800] "POST /api/ssvoice/account/info/100370327/jform HTTP/1.1" 200 "1292" "-" "-" "NEngine/1.0 (compatible; MSIE 6.0; Windows NT 5.1)" "-" "0.021" "0.021"
1.85.233.197 - - [26/Mar/2020:07:31:14 +0800] "POST /api/ssvoice/chat/user/current/room/jform HTTP/1.1" 200 "505" "ssId=100405286" "-" "NEngine/1.0 (compatible; MSIE 6.0; Windows NT 5.1)" "-" "0.037" "0.007"
1.85.233.197 - - [26/Mar/2020:07:31:14 +0800] "POST /api/ssvoice/chat/user/current/room/jform HTTP/1.1" 200 "505" "ssId=100405149" "-" "NEngine/1.0 (compatible; MSIE 6.0; Windows NT 5.1)" "-" "0.033" "0.003"
1.85.233.197 - - [26/Mar/2020:07:31:14 +0800] "POST /api/ssvoice/chat/user/current/room/jform HTTP/1.1" 200 "505" "ssId=100404922" "-" "NEngine/1.0 (compatible; MSIE 6.0; Windows NT 5.1)" "-" "0.032" "0.003"
1.85.233.197 - - [26/Mar/2020:07:31:14 +0800] "POST /api/ssvoice/chat/user/current/room/jform HTTP/1.1" 200 "505" "ssId=100403138" "-" "NEngine/1.0 (compatible; MSIE 6.0; Windows NT 5.1)" "-" "0.034" "0.005"
1.85.233.197 - - [26/Mar/2020:07:31:14 +0800] "POST /api/ssvoice/chat/user/current/room/jform HTTP/1.1" 200 "505" "ssId=100369147" "-" "NEngine/1.0 (compatible; MSIE 6.0; Windows NT 5.1)" "-" "0.032" "0.003"
1.85.233.197 - - [26/Mar/2020:07:31:14 +0800] "POST /api/ssvoice/chat/user/current/room/jform HTTP/1.1" 200 "505" "ssId=100402195" "-" "NEngine/1.0 (compatible; MSIE 6.0; Windows NT 5.1)" "-" "0.034" "0.004"
121.71.62.160 - - [26/Mar/2020:07:34:56 +0800] "POST /api/ssvoice/account/heart/beat/100163348/jform HTTP/1.1" 200 "32" "-" "-" "Mozilla/5.0 (Linux; U; Android 9; zh-cn; vivo X21A Build/PKQ1.180819.001) AppleWebKit/533.1 (KHTML, like Gecko) Version/5.0 Mobile Safari/533.1" "-" "0.003" "0.003"
49.86.194.194 - - [26/Mar/2020:07:35:12 +0800] "GET /api/ssvoice/chat/get/microphone/request/list3/31598/json HTTP/1.1" 200 "28" "-" "-" "NEngine/1.0 (compatible; MSIE 6.0; Windows NT 5.1)" "-" "0.005" "0.004"
111.242.252.201 - - [26/Mar/2020:07:35:14 +0800] "POST /api/ssvoice/account/heart/beat/100213422/jform HTTP/1.1" 200 "32" "-" "-" "Mozilla/5.0 (Linux; U; Android 9; zh-tw; Redmi 7 Build/PKQ1.181021.001) AppleWebKit/533.1 (KHTML, like Gecko) Version/5.0 Mobile Safari/533.1" "-" "0.003" "0.002"
183.162.48.97 - - [26/Mar/2020:07:35:15 +0800] "POST /api/ssvoice/vip/get/vip/colors/jform HTTP/1.1" 200 "1608" "timeStamps=timeStamps" "-" "Mozilla/5.0 (Linux; U; Android 5.1; zh-cn; OPPO R9tm Build/LMY47I) AppleWebKit/537.36 (KHTML, like Gecko) Version/4.0 Mobile Safari/537.36" "-" "0.003" "0.003"
80.82.77.33 - - [26/Mar/2020:07:37:13 +0800] "GET / HTTP/1.1" 200 "11217" "-" "-" "Mozilla/5.0 (X11; Linux x86_64) AppleWebKit/537.36 (KHTML, like Gecko) Chrome/34.0.1847.137 Safari/537.36" "-" "0.002" "0.002"
80.82.77.33 - - [26/Mar/2020:07:37:14 +0800] "" 400 "0" "-" "-" "-" "-" "0.000" "-"
80.82.77.33 - - [26/Mar/2020:07:37:17 +0800] "" 400 "0" "-" "-" "-" "-" "0.000" "-"
80.82.77.33 - - [26/Mar/2020:07:37:18 +0800] "" 400 "0" "-" "-" "-" "-" "0.000" "-"
80.82.77.33 - - [26/Mar/2020:07:37:20 +0800] "" 400 "0" "-" "-" "-" "-" "0.000" "-"
80.82.77.33 - - [26/Mar/2020:07:37:24 +0800] "quit" 400 "173" "-" "-" "-" "-" "0.231" "-"
80.82.77.33 - - [26/Mar/2020:07:37:24 +0800] "GET /robots.txt HTTP/1.1" 404 "971" "-" "-" "-" "-" "0.000" "0.001"
80.82.77.33 - - [26/Mar/2020:07:37:25 +0800] "GET /sitemap.xml HTTP/1.1" 404 "973" "-" "-" "-" "-" "0.001" "0.000"
80.82.77.33 - - [26/Mar/2020:07:37:26 +0800] "GET /.well-known/security.txt HTTP/1.1" 404 "999" "-" "-" "-" "-" "0.001" "0.000"
80.82.77.33 - - [26/Mar/2020:07:37:28 +0800] "GET /favicon.ico HTTP/1.1" 200 "21630" "-" "-" "python-requests/2.13.0" "-" "0.234" "0.000"
223.104.1.138 - - [26/Mar/2020:07:37:39 +0800] "POST /api/ssvoice/vip/get/vip/colors/jform HTTP/1.1" 200 "1608" "timeStamps=timeStamps" "-" "Mozilla/5.0 (Linux; U; Android 6.0.1; zh-cn; OPPO R9s Plus Build/MMB29M) AppleWebKit/534.30 (KHTML, like Gecko) Version/4.0 Mobile Safari/534.30" "-" "0.004" "0.003"
188.92.77.18 - - [26/Mar/2020:07:38:54 +0800] "\x03\x00\x00/*\xE0\x00\x00\x00\x00\x00Cookie: mstshash=Administr" 400 "173" "-" "-" "-" "-" "0.271" "-"
106.127.254.38 - - [26/Mar/2020:07:38:59 +0800] "POST /api/ssvoice/vip/get/vip/colors/jform HTTP/1.1" 200 "1608" "timeStamps=timeStamps" "-" "Mozilla/5.0 (Linux; U; Android 5.1.1; zh-cn; OPPO R9 Plustm A Build/LMY47V) AppleWebKit/534.30 (KHTML, like Gecko) Version/4.0 Mobile Safari/534.30" "-" "0.003" "0.002"
106.127.254.38 - - [26/Mar/2020:07:39:03 +0800] "POST /api/ssvoice/vip/get/vip/colors/jform HTTP/1.1" 200 "1608" "timeStamps=timeStamps" "-" "Mozilla/5.0 (Linux; U; Android 5.1.1; zh-cn; OPPO R9 Plustm A Build/LMY47V) AppleWebKit/534.30 (KHTML, like Gecko) Version/4.0 Mobile Safari/534.30" "-" "0.003" "0.003"
110.181.126.17 - - [26/Mar/2020:07:39:18 +0800] "POST /api/ssvoice/word/list/bad/word/jform HTTP/1.1" 200 "1167" "timeStamp=2020-03-26%2007%3A39%3A16" "-" "Mozilla/5.0 (Linux; U; Android 5.1; zh-cn; OPPO A59s Build/LMY47I) AppleWebKit/537.36 (KHTML, like Gecko) Version/4.0 Mobile Safari/537.36" "-" "0.003" "0.002"
111.242.252.201 - - [26/Mar/2020:07:41:15 +0800] "POST /api/ssvoice/account/heart/beat/100213422/jform HTTP/1.1" 200 "32" "-" "-" "Mozilla/5.0 (Linux; U; Android 9; zh-tw; Redmi 7 Build/PKQ1.181021.001) AppleWebKit/533.1 (KHTML, like Gecko) Version/5.0 Mobile Safari/533.1" "-" "0.003" "0.003"
121.71.62.160 - - [26/Mar/2020:07:43:56 +0800] "POST /api/ssvoice/account/heart/beat/100163348/jform HTTP/1.1" 200 "32" "-" "-" "Mozilla/5.0 (Linux; U; Android 9; zh-cn; vivo X21A Build/PKQ1.180819.001) AppleWebKit/533.1 (KHTML, like Gecko) Version/5.0 Mobile Safari/533.1" "-" "0.003" "0.003"
183.160.31.51 - - [26/Mar/2020:07:47:58 +0800] "POST /api/ssvoice/login/pc/jform HTTP/1.1" 200 "1275" "username=15656517233&password=8187e060dfbbe611&system=3&appVersion=V 1.32.1680&machineCode=98f16220bb1fd0688cb22e89e6755c69" "-" "NEngine/1.0 (compatible; MSIE 6.0; Windows NT 5.1)" "-" "0.053" "0.034"
183.160.31.51 - - [26/Mar/2020:07:48:00 +0800] "POST /api/ssvoice/pc/newest/version/jform HTTP/1.1" 200 "286" "timeStamp=1585180074" "-" "NEngine/1.0 (compatible; MSIE 6.0; Windows NT 5.1)" "-" "0.020" "0.002"
183.160.31.51 - - [26/Mar/2020:07:48:00 +0800] "POST /api/ssvoice/send/order/get/send/order/list2/jform HTTP/1.1" 200 "1284" "loginKey=67deface41ea159d&type=2&offset=0&count=100" "-" "NEngine/1.0 (compatible; MSIE 6.0; Windows NT 5.1)" "-" "0.054" "0.035"
183.160.31.51 - - [26/Mar/2020:07:48:00 +0800] "POST /api/ssvoice/chat/user/current/room/jform HTTP/1.1" 200 "505" "ssId=100066873" "-" "NEngine/1.0 (compatible; MSIE 6.0; Windows NT 5.1)" "-" "0.056" "0.004"
183.160.31.51 - - [26/Mar/2020:07:48:00 +0800] "POST /api/ssvoice/chat/user/current/room/jform HTTP/1.1" 200 "505" "ssId=100145951" "-" "NEngine/1.0 (compatible; MSIE 6.0; Windows NT 5.1)" "-" "0.057" "0.004"
183.160.31.51 - - [26/Mar/2020:07:48:00 +0800] "POST /api/ssvoice/chat/user/current/room/jform HTTP/1.1" 200 "505" "ssId=100133204" "-" "NEngine/1.0 (compatible; MSIE 6.0; Windows NT 5.1)" "-" "0.057" "0.004"
183.160.31.51 - - [26/Mar/2020:07:48:00 +0800] "POST /api/ssvoice/chat/user/current/room/jform HTTP/1.1" 200 "505" "ssId=100373629" "-" "NEngine/1.0 (compatible; MSIE 6.0; Windows NT 5.1)" "-" "0.059" "0.004"
183.160.31.51 - - [26/Mar/2020:07:48:00 +0800] "POST /api/ssvoice/chat/user/current/room/jform HTTP/1.1" 200 "505" "ssId=100374043" "-" "NEngine/1.0 (compatible; MSIE 6.0; Windows NT 5.1)" "-" "0.060" "0.004"
183.160.31.51 - - [26/Mar/2020:07:48:00 +0800] "POST /api/ssvoice/chat/user/current/room/jform HTTP/1.1" 200 "648" "ssId=100049872" "-" "NEngine/1.0 (compatible; MSIE 6.0; Windows NT 5.1)" "-" "0.060" "0.005"
183.160.31.51 - - [26/Mar/2020:07:48:00 +0800] "POST /api/ssvoice/chat/user/current/room/jform HTTP/1.1" 200 "505" "ssId=100337739" "-" "NEngine/1.0 (compatible; MSIE 6.0; Windows NT 5.1)" "-" "0.060" "0.003"
183.160.31.51 - - [26/Mar/2020:07:48:00 +0800] "POST /api/ssvoice/chat/user/current/room/jform HTTP/1.1" 200 "505" "ssId=100000169" "-" "NEngine/1.0 (compatible; MSIE 6.0; Windows NT 5.1)" "-" "0.061" "0.004"
183.160.31.51 - - [26/Mar/2020:07:48:00 +0800] "POST /api/ssvoice/chat/user/current/room/jform HTTP/1.1" 200 "505" "ssId=100376540" "-" "NEngine/1.0 (compatible; MSIE 6.0; Windows NT 5.1)" "-" "0.058" "0.003"
183.160.31.51 - - [26/Mar/2020:07:48:00 +0800] "POST /api/ssvoice/chat/user/current/room/jform HTTP/1.1" 200 "505" "ssId=100368968" "-" "NEngine/1.0 (compatible; MSIE 6.0; Windows NT 5.1)" "-" "0.061" "0.005"
183.160.31.51 - - [26/Mar/2020:07:48:00 +0800] "POST /api/ssvoice/chat/user/current/room/jform HTTP/1.1" 200 "505" "ssId=100375990" "-" "NEngine/1.0 (compatible; MSIE 6.0; Windows NT 5.1)" "-" "0.060" "0.006"
183.160.31.51 - - [26/Mar/2020:07:48:00 +0800] "POST /api/ssvoice/chat/user/current/room/jform HTTP/1.1" 200 "628" "ssId=100324878" "-" "NEngine/1.0 (compatible; MSIE 6.0; Windows NT 5.1)" "-" "0.056" "0.004"
183.160.31.51 - - [26/Mar/2020:07:48:00 +0800] "POST /api/ssvoice/chat/user/current/room/jform HTTP/1.1" 200 "505" "ssId=100293730" "-" "NEngine/1.0 (compatible; MSIE 6.0; Windows NT 5.1)" "-" "0.052" "0.003"
183.160.31.51 - - [26/Mar/2020:07:48:00 +0800] "POST /api/ssvoice/chat/user/current/room/jform HTTP/1.1" 200 "505" "ssId=100024945" "-" "NEngine/1.0 (compatible; MSIE 6.0; Windows NT 5.1)" "-" "0.061" "0.003"
183.160.31.51 - - [26/Mar/2020:07:48:00 +0800] "POST /api/ssvoice/chat/user/current/room/jform HTTP/1.1" 200 "505" "ssId=100387341" "-" "NEngine/1.0 (compatible; MSIE 6.0; Windows NT 5.1)" "-" "0.074" "0.004"
183.160.31.51 - - [26/Mar/2020:07:48:00 +0800] "POST /api/ssvoice/chat/user/current/room/jform HTTP/1.1" 200 "505" "ssId=100386660" "-" "NEngine/1.0 (compatible; MSIE 6.0; Windows NT 5.1)" "-" "0.075" "0.004"
183.160.31.51 - - [26/Mar/2020:07:48:00 +0800] "POST /api/ssvoice/chat/user/current/room/jform HTTP/1.1" 200 "505" "ssId=100386610" "-" "NEngine/1.0 (compatible; MSIE 6.0; Windows NT 5.1)" "-" "0.075" "0.004"
183.160.31.51 - - [26/Mar/2020:07:48:00 +0800] "POST /api/ssvoice/chat/user/current/room/jform HTTP/1.1" 200 "505" "ssId=100387149" "-" "NEngine/1.0 (compatible; MSIE 6.0; Windows NT 5.1)" "-" "0.074" "0.003"
183.160.31.51 - - [26/Mar/2020:07:48:00 +0800] "POST /api/ssvoice/chat/user/current/room/jform HTTP/1.1" 200 "505" "ssId=100249453" "-" "NEngine/1.0 (compatible; MSIE 6.0; Windows NT 5.1)" "-" "0.074" "0.003"
183.160.31.51 - - [26/Mar/2020:07:48:00 +0800] "POST /api/ssvoice/chat/user/current/room/jform HTTP/1.1" 200 "505" "ssId=100384513" "-" "NEngine/1.0 (compatible; MSIE 6.0; Windows NT 5.1)" "-" "0.068" "0.002"
183.160.31.51 - - [26/Mar/2020:07:48:00 +0800] "POST /api/ssvoice/chat/user/current/room/jform HTTP/1.1" 200 "505" "ssId=100386792" "-" "NEngine/1.0 (compatible; MSIE 6.0; Windows NT 5.1)" "-" "0.075" "0.006"
183.160.31.51 - - [26/Mar/2020:07:48:00 +0800] "POST /api/ssvoice/chat/user/current/room/jform HTTP/1.1" 200 "505" "ssId=100386571" "-" "NEngine/1.0 (compatible; MSIE 6.0; Windows NT 5.1)" "-" "0.072" "0.003"
183.160.31.51 - - [26/Mar/2020:07:48:00 +0800] "POST /api/ssvoice/chat/user/current/room/jform HTTP/1.1" 200 "505" "ssId=100386381" "-" "NEngine/1.0 (compatible; MSIE 6.0; Windows NT 5.1)" "-" "0.069" "0.003"
183.160.31.51 - - [26/Mar/2020:07:48:00 +0800] "POST /api/ssvoice/chat/user/current/room/jform HTTP/1.1" 200 "505" "ssId=100382365" "-" "NEngine/1.0 (compatible; MSIE 6.0; Windows NT 5.1)" "-" "0.065" "0.003"
183.160.31.51 - - [26/Mar/2020:07:48:00 +0800] "POST /api/ssvoice/chat/user/current/room/jform HTTP/1.1" 200 "662" "ssId=100381906" "-" "NEngine/1.0 (compatible; MSIE 6.0; Windows NT 5.1)" "-" "0.060" "0.004"
183.160.31.51 - - [26/Mar/2020:07:48:00 +0800] "POST /api/ssvoice/chat/user/current/room/jform HTTP/1.1" 200 "505" "ssId=100402045" "-" "NEngine/1.0 (compatible; MSIE 6.0; Windows NT 5.1)" "-" "0.020" "0.003"
183.160.31.51 - - [26/Mar/2020:07:48:00 +0800] "POST /api/ssvoice/chat/user/current/room/jform HTTP/1.1" 200 "505" "ssId=100398216" "-" "NEngine/1.0 (compatible; MSIE 6.0; Windows NT 5.1)" "-" "0.022" "0.004"
183.160.31.51 - - [26/Mar/2020:07:48:00 +0800] "POST /api/ssvoice/chat/user/current/room/jform HTTP/1.1" 200 "505" "ssId=100402300" "-" "NEngine/1.0 (compatible; MSIE 6.0; Windows NT 5.1)" "-" "0.021" "0.003"
183.160.31.51 - - [26/Mar/2020:07:48:00 +0800] "POST /api/ssvoice/chat/user/current/room/jform HTTP/1.1" 200 "505" "ssId=100402540" "-" "NEngine/1.0 (compatible; MSIE 6.0; Windows NT 5.1)" "-" "0.021" "0.003"
183.160.31.51 - - [26/Mar/2020:07:48:00 +0800] "POST /api/ssvoice/chat/user/current/room/jform HTTP/1.1" 200 "505" "ssId=100402362" "-" "NEngine/1.0 (compatible; MSIE 6.0; Windows NT 5.1)" "-" "0.023" "0.004"
183.160.31.51 - - [26/Mar/2020:07:48:00 +0800] "POST /api/ssvoice/chat/user/current/room/jform HTTP/1.1" 200 "505" "ssId=100402443" "-" "NEngine/1.0 (compatible; MSIE 6.0; Windows NT 5.1)" "-" "0.091" "0.004"
183.160.31.51 - - [26/Mar/2020:07:48:00 +0800] "POST /api/ssvoice/chat/user/current/room/jform HTTP/1.1" 200 "647" "ssId=100401710" "-" "NEngine/1.0 (compatible; MSIE 6.0; Windows NT 5.1)" "-" "0.094" "0.005"
183.160.31.51 - - [26/Mar/2020:07:48:00 +0800] "POST /api/ssvoice/chat/user/current/room/jform HTTP/1.1" 200 "505" "ssId=100389681" "-" "NEngine/1.0 (compatible; MSIE 6.0; Windows NT 5.1)" "-" "0.083" "0.003"
183.160.31.51 - - [26/Mar/2020:07:48:00 +0800] "POST /api/ssvoice/chat/user/current/room/jform HTTP/1.1" 200 "505" "ssId=100389737" "-" "NEngine/1.0 (compatible; MSIE 6.0; Windows NT 5.1)" "-" "0.085" "0.003"
183.160.31.51 - - [26/Mar/2020:07:48:00 +0800] "POST /api/ssvoice/chat/user/current/room/jform HTTP/1.1" 200 "505" "ssId=100387569" "-" "NEngine/1.0 (compatible; MSIE 6.0; Windows NT 5.1)" "-" "0.077" "0.002"
183.160.31.51 - - [26/Mar/2020:07:48:00 +0800] "POST /api/ssvoice/chat/user/current/room/jform HTTP/1.1" 200 "505" "ssId=100404484" "-" "NEngine/1.0 (compatible; MSIE 6.0; Windows NT 5.1)" "-" "0.020" "0.003"
183.160.31.51 - - [26/Mar/2020:07:48:00 +0800] "POST /api/ssvoice/chat/user/current/room/jform HTTP/1.1" 200 "505" "ssId=100404699" "-" "NEngine/1.0 (compatible; MSIE 6.0; Windows NT 5.1)" "-" "0.021" "0.003"
183.160.31.51 - - [26/Mar/2020:07:48:00 +0800] "POST /api/ssvoice/chat/user/current/room/jform HTTP/1.1" 200 "505" "ssId=100404816" "-" "NEngine/1.0 (compatible; MSIE 6.0; Windows NT 5.1)" "-" "0.022" "0.003"
183.160.31.51 - - [26/Mar/2020:07:48:00 +0800] "POST /api/ssvoice/chat/user/current/room/jform HTTP/1.1" 200 "505" "ssId=100404470" "-" "NEngine/1.0 (compatible; MSIE 6.0; Windows NT 5.1)" "-" "0.024" "0.005"
183.160.31.51 - - [26/Mar/2020:07:48:00 +0800] "POST /api/ssvoice/chat/user/current/room/jform HTTP/1.1" 200 "505" "ssId=100403495" "-" "NEngine/1.0 (compatible; MSIE 6.0; Windows NT 5.1)" "-" "0.026" "0.008"
183.160.31.51 - - [26/Mar/2020:07:48:00 +0800] "POST /api/ssvoice/chat/user/current/room/jform HTTP/1.1" 200 "505" "ssId=100405120" "-" "NEngine/1.0 (compatible; MSIE 6.0; Windows NT 5.1)" "-" "0.023" "0.004"
183.160.31.51 - - [26/Mar/2020:07:48:00 +0800] "POST /api/ssvoice/chat/user/current/room/jform HTTP/1.1" 200 "505" "ssId=100404791" "-" "NEngine/1.0 (compatible; MSIE 6.0; Windows NT 5.1)" "-" "0.024" "0.006"
183.160.31.51 - - [26/Mar/2020:07:48:00 +0800] "POST /api/ssvoice/chat/user/current/room/jform HTTP/1.1" 200 "505" "ssId=100403167" "-" "NEngine/1.0 (compatible; MSIE 6.0; Windows NT 5.1)" "-" "0.024" "0.006"
183.160.31.51 - - [26/Mar/2020:07:48:00 +0800] "POST /api/ssvoice/chat/user/current/room/jform HTTP/1.1" 200 "505" "ssId=100404946" "-" "NEngine/1.0 (compatible; MSIE 6.0; Windows NT 5.1)" "-" "0.025" "0.006"
183.160.31.51 - - [26/Mar/2020:07:48:00 +0800] "POST /api/ssvoice/chat/user/current/room/jform HTTP/1.1" 200 "505" "ssId=100402853" "-" "NEngine/1.0 (compatible; MSIE 6.0; Windows NT 5.1)" "-" "0.022" "0.003"
183.160.31.51 - - [26/Mar/2020:07:48:00 +0800] "POST /api/ssvoice/chat/user/current/room/jform HTTP/1.1" 200 "505" "ssId=100405467" "-" "NEngine/1.0 (compatible; MSIE 6.0; Windows NT 5.1)" "-" "0.026" "0.006"
183.160.31.51 - - [26/Mar/2020:07:48:00 +0800] "POST /api/ssvoice/chat/user/current/room/jform HTTP/1.1" 200 "505" "ssId=100405493" "-" "NEngine/1.0 (compatible; MSIE 6.0; Windows NT 5.1)" "-" "0.027" "0.007"
183.160.31.51 - - [26/Mar/2020:07:48:00 +0800] "POST /api/ssvoice/chat/user/current/room/jform HTTP/1.1" 200 "505" "ssId=100402721" "-" "NEngine/1.0 (compatible; MSIE 6.0; Windows NT 5.1)" "-" "0.027" "0.002"
183.160.31.51 - - [26/Mar/2020:07:48:00 +0800] "POST /api/ssvoice/chat/user/current/room/jform HTTP/1.1" 200 "505" "ssId=100405685" "-" "NEngine/1.0 (compatible; MSIE 6.0; Windows NT 5.1)" "-" "0.022" "0.004"
183.160.31.51 - - [26/Mar/2020:07:48:20 +0800] "POST /api/ssvoice/person/isBlackUser/67deface41ea159d/100384431/jform HTTP/1.1" 200 "29" "-" "-" "NEngine/1.0 (compatible; MSIE 6.0; Windows NT 5.1)" "-" "0.004" "0.005"
183.160.31.51 - - [26/Mar/2020:07:48:23 +0800] "POST /api/ssvoice/chat/my/manage/room/list/jform HTTP/1.1" 200 "4219" "ssId=100369153" "-" "NEngine/1.0 (compatible; MSIE 6.0; Windows NT 5.1)" "-" "0.035" "0.018"
183.160.31.51 - - [26/Mar/2020:07:48:24 +0800] "POST /api/ssvoice/gift/get/dynamic/expression/list3/jform HTTP/1.1" 200 "3821" "crId=31552" "-" "NEngine/1.0 (compatible; MSIE 6.0; Windows NT 5.1)" "-" "0.020" "0.004"
183.160.31.51 - - [26/Mar/2020:07:48:24 +0800] "POST /api/ssvoice/treasure/hunt/get/is/show/new/jform HTTP/1.1" 200 "32" "crId=31552&loginKey=67deface41ea159d" "-" "NEngine/1.0 (compatible; MSIE 6.0; Windows NT 5.1)" "-" "0.023" "0.004"
183.160.31.51 - - [26/Mar/2020:07:48:24 +0800] "POST /api/ssvoice/vipcard/get/vip/card/list/jform HTTP/1.1" 200 "28" "crId=31552&loginKey=67deface41ea159d" "-" "NEngine/1.0 (compatible; MSIE 6.0; Windows NT 5.1)" "-" "0.020" "0.003"
183.160.31.51 - - [26/Mar/2020:07:48:33 +0800] "POST /api/ssvoice/chat/get/hand/luck/list/pc/jform HTTP/1.1" 200 "3928" "loginKey=67deface41ea159d&offset=0&count=15" "-" "NEngine/1.0 (compatible; MSIE 6.0; Windows NT 5.1)" "-" "0.039" "0.024"
