49.86.194.194 - - [26/Mar/2020:00:45:26 +0800] "GET /api/ssvoice/chat/get/microphonelist4/31598/json HTTP/1.1" 200 "3521" "-" "-" "NEngine/1.0 (compatible; MSIE 6.0; Windows NT 5.1)" "-" "0.028" "0.027"
49.86.194.194 - - [26/Mar/2020:00:45:30 +0800] "GET /api/ssvoice/chat/get/microphonelist4/31598/json HTTP/1.1" 200 "3521" "-" "-" "NEngine/1.0 (compatible; MSIE 6.0; Windows NT 5.1)" "-" "0.035" "0.035"
49.86.194.194 - - [26/Mar/2020:00:46:11 +0800] "GET /api/ssvoice/chat/get/microphonelist4/31598/json HTTP/1.1" 200 "3521" "-" "-" "NEngine/1.0 (compatible; MSIE 6.0; Windows NT 5.1)" "-" "0.033" "0.033"
49.86.194.194 - - [26/Mar/2020:00:46:18 +0800] "GET /api/ssvoice/chat/get/microphonelist4/31598/json HTTP/1.1" 200 "3521" "-" "-" "NEngine/1.0 (compatible; MSIE 6.0; Windows NT 5.1)" "-" "0.032" "0.032"
49.86.194.194 - - [26/Mar/2020:00:46:24 +0800] "GET /api/ssvoice/chat/get/microphonelist4/31598/json HTTP/1.1" 200 "3521" "-" "-" "NEngine/1.0 (compatible; MSIE 6.0; Windows NT 5.1)" "-" "0.034" "0.036"
49.86.194.194 - - [26/Mar/2020:00:46:29 +0800] "GET /api/ssvoice/chat/get/microphonelist4/31598/json HTTP/1.1" 200 "3521" "-" "-" "NEngine/1.0 (compatible; MSIE 6.0; Windows NT 5.1)" "-" "0.021" "0.021"
49.86.194.194 - - [26/Mar/2020:00:46:32 +0800] "GET /api/ssvoice/chat/get/microphonelist4/31598/json HTTP/1.1" 200 "3521" "-" "-" "NEngine/1.0 (compatible; MSIE 6.0; Windows NT 5.1)" "-" "0.026" "0.026"
49.86.194.194 - - [26/Mar/2020:00:46:40 +0800] "GET /api/ssvoice/chat/get/microphonelist4/31598/json HTTP/1.1" 200 "3521" "-" "-" "NEngine/1.0 (compatible; MSIE 6.0; Windows NT 5.1)" "-" "0.021" "0.020"
49.86.194.194 - - [26/Mar/2020:00:47:27 +0800] "GET /api/ssvoice/chat/get/microphonelist4/31598/json HTTP/1.1" 200 "3521" "-" "-" "NEngine/1.0 (compatible; MSIE 6.0; Windows NT 5.1)" "-" "0.038" "0.037"
49.86.194.194 - - [26/Mar/2020:00:47:30 +0800] "GET /api/ssvoice/chat/get/microphonelist4/31598/json HTTP/1.1" 200 "3521" "-" "-" "NEngine/1.0 (compatible; MSIE 6.0; Windows NT 5.1)" "-" "0.028" "0.028"
49.86.194.194 - - [26/Mar/2020:00:47:42 +0800] "GET /api/ssvoice/chat/get/microphonelist4/31598/json HTTP/1.1" 200 "3521" "-" "-" "NEngine/1.0 (compatible; MSIE 6.0; Windows NT 5.1)" "-" "0.035" "0.035"
49.86.194.194 - - [26/Mar/2020:00:47:45 +0800] "GET /api/ssvoice/chat/get/microphonelist4/31598/json HTTP/1.1" 200 "3521" "-" "-" "NEngine/1.0 (compatible; MSIE 6.0; Windows NT 5.1)" "-" "0.021" "0.020"
49.86.194.194 - - [26/Mar/2020:00:47:46 +0800] "GET /api/ssvoice/chat/get/microphonelist4/31598/json HTTP/1.1" 200 "3163" "-" "-" "NEngine/1.0 (compatible; MSIE 6.0; Windows NT 5.1)" "-" "0.015" "0.015"
49.86.194.194 - - [26/Mar/2020:00:47:46 +0800] "GET /api/ssvoice/chat/get/microphonelist4/31598/json HTTP/1.1" 200 "3163" "-" "-" "NEngine/1.0 (compatible; MSIE 6.0; Windows NT 5.1)" "-" "0.016" "0.016"
49.86.194.194 - - [26/Mar/2020:00:47:49 +0800] "GET /api/ssvoice/chat/get/microphonelist4/31598/json HTTP/1.1" 200 "3163" "-" "-" "NEngine/1.0 (compatible; MSIE 6.0; Windows NT 5.1)" "-" "0.020" "0.020"
49.86.194.194 - - [26/Mar/2020:00:47:53 +0800] "GET /api/ssvoice/chat/get/microphonelist4/31598/json HTTP/1.1" 200 "3163" "-" "-" "NEngine/1.0 (compatible; MSIE 6.0; Windows NT 5.1)" "-" "0.023" "0.022"
49.86.194.194 - - [26/Mar/2020:00:47:58 +0800] "GET /api/ssvoice/chat/get/microphonelist4/31598/json HTTP/1.1" 200 "3163" "-" "-" "NEngine/1.0 (compatible; MSIE 6.0; Windows NT 5.1)" "-" "0.017" "0.018"
120.27.245.6 - - [26/Mar/2020:00:47:59 +0800] "POST /api-ssvoice/api/ssvoice/account/update/user/num/jform HTTP/1.1" 200 "29" "ssId=100405585" "-" "Apache-HttpClient/4.5.1 (Java/1.7.0_79)" "-" "0.029" "0.029"
49.86.194.194 - - [26/Mar/2020:00:48:04 +0800] "POST /api/ssvoice/chat/my/manage/room/list/jform HTTP/1.1" 200 "3642" "ssId=100386872" "-" "NEngine/1.0 (compatible; MSIE 6.0; Windows NT 5.1)" "-" "0.027" "0.011"
117.136.58.140 - - [26/Mar/2020:00:48:43 +0800] "POST /api/ssvoice/vip/get/vip/colors/jform HTTP/1.1" 200 "1608" "timeStamps=timeStamps" "-" "Mozilla/5.0 (Linux; U; Android 5.1; zh-cn; OPPO A59s Build/LMY47I) AppleWebKit/537.36 (KHTML, like Gecko) Version/4.0 Mobile Safari/537.36" "-" "0.003" "0.003"
113.58.240.37 - - [26/Mar/2020:00:50:02 +0800] "GET /api/ssvoice/chat/get/microphonelist4/31536/json HTTP/1.1" 200 "3047" "-" "-" "NEngine/1.0 (compatible; MSIE 6.0; Windows NT 5.1)" "-" "0.021" "0.020"
117.169.71.113 - - [26/Mar/2020:00:51:11 +0800] "GET /api/ssvoice/chat/get/microphone/request/list/31524/json HTTP/1.1" 200 "28" "-" "-" "NEngine/1.0 (compatible; MSIE 6.0; Windows NT 5.1)" "-" "0.004" "0.004"
117.169.71.113 - - [26/Mar/2020:00:51:11 +0800] "GET /api/ssvoice/chat/get/microphone/request/list2/31524/json HTTP/1.1" 200 "28" "-" "-" "NEngine/1.0 (compatible; MSIE 6.0; Windows NT 5.1)" "-" "0.003" "0.002"
171.11.18.251 - - [26/Mar/2020:00:51:33 +0800] "POST /api/ssvoice/word/list/bad/word/jform HTTP/1.1" 200 "1167" "timeStamp=2020-03-26%2000%3A51%3A33" "-" "Mozilla/5.0 (Linux; U; Android 9; zh-cn; ELE-AL00 Build/HUAWEIELE-AL00) AppleWebKit/533.1 (KHTML, like Gecko) Version/5.0 Mobile Safari/533.1" "-" "0.003" "0.002"
171.11.18.251 - - [26/Mar/2020:00:51:33 +0800] "POST /api/ssvoice/vip/get/vip/colors/jform HTTP/1.1" 200 "1608" "timeStamps=timeStamps" "-" "Mozilla/5.0 (Linux; U; Android 9; zh-cn; ELE-AL00 Build/HUAWEIELE-AL00) AppleWebKit/533.1 (KHTML, like Gecko) Version/5.0 Mobile Safari/533.1" "-" "0.003" "0.003"
223.149.104.170 - - [26/Mar/2020:00:54:45 +0800] "GET /api/ssvoice/chat/get/microphone/request/list3/31552/json HTTP/1.1" 200 "28" "-" "-" "NEngine/1.0 (compatible; MSIE 6.0; Windows NT 5.1)" "-" "0.004" "0.003"
101.37.24.89 - - [26/Mar/2020:00:55:38 +0800] "POST /api-ssvoice/api/ssvoice/account/update/user/num/jform HTTP/1.1" 200 "29" "ssId=100405585" "-" "Apache-HttpClient/4.5.1 (Java/1.7.0_79)" "-" "0.027" "0.028"
111.242.252.201 - - [26/Mar/2020:00:56:17 +0800] "POST /api/ssvoice/account/heart/beat/100213422/jform HTTP/1.1" 200 "32" "-" "-" "Mozilla/5.0 (Linux; U; Android 9; zh-tw; Redmi 7 Build/PKQ1.181021.001) AppleWebKit/533.1 (KHTML, like Gecko) Version/5.0 Mobile Safari/533.1" "-" "0.004" "0.004"
223.149.104.170 - - [26/Mar/2020:00:56:58 +0800] "GET /api/ssvoice/chat/get/microphone/request/list3/31552/json HTTP/1.1" 200 "28" "-" "-" "NEngine/1.0 (compatible; MSIE 6.0; Windows NT 5.1)" "-" "0.004" "0.004"
183.209.58.206 - - [26/Mar/2020:00:57:18 +0800] "GET /api/ssvoice/chat/get/microphone/request/list3/31519/json HTTP/1.1" 200 "28" "-" "-" "NEngine/1.0 (compatible; MSIE 6.0; Windows NT 5.1)" "-" "0.003" "0.004"
14.108.200.218 - - [26/Mar/2020:00:57:19 +0800] "GET /api/ssvoice/chat/get/microphone/request/list3/31519/json HTTP/1.1" 200 "28" "-" "-" "NEngine/1.0 (compatible; MSIE 6.0; Windows NT 5.1)" "-" "0.003" "0.003"
183.209.58.206 - - [26/Mar/2020:00:57:37 +0800] "GET /api/ssvoice/chat/get/microphone/request/list3/31519/json HTTP/1.1" 200 "28" "-" "-" "NEngine/1.0 (compatible; MSIE 6.0; Windows NT 5.1)" "-" "0.004" "0.004"
14.108.200.218 - - [26/Mar/2020:00:57:37 +0800] "GET /api/ssvoice/chat/get/microphone/request/list3/31519/json HTTP/1.1" 200 "28" "-" "-" "NEngine/1.0 (compatible; MSIE 6.0; Windows NT 5.1)" "-" "0.004" "0.004"
120.27.245.6 - - [26/Mar/2020:00:58:02 +0800] "POST /api-ssvoice/api/ssvoice/account/update/user/num/jform HTTP/1.1" 200 "29" "ssId=100037998" "-" "Apache-HttpClient/4.5.1 (Java/1.7.0_79)" "-" "0.032" "0.031"
14.108.200.218 - - [26/Mar/2020:00:58:48 +0800] "GET /api/ssvoice/chat/get/microphone/request/list3/31519/json HTTP/1.1" 200 "28" "-" "-" "NEngine/1.0 (compatible; MSIE 6.0; Windows NT 5.1)" "-" "0.004" "0.003"
111.242.252.201 - - [26/Mar/2020:00:59:15 +0800] "POST /api/ssvoice/account/heart/beat/100213422/jform HTTP/1.1" 200 "32" "-" "-" "Mozilla/5.0 (Linux; U; Android 9; zh-tw; Redmi 7 Build/PKQ1.181021.001) AppleWebKit/533.1 (KHTML, like Gecko) Version/5.0 Mobile Safari/533.1" "-" "0.003" "0.002"
14.108.200.218 - - [26/Mar/2020:00:59:38 +0800] "GET /api/ssvoice/chat/get/microphone/request/list3/31519/json HTTP/1.1" 200 "28" "-" "-" "NEngine/1.0 (compatible; MSIE 6.0; Windows NT 5.1)" "-" "0.003" "0.004"
101.37.24.89 - - [26/Mar/2020:00:59:50 +0800] "POST /api-ssvoice/api/ssvoice/account/update/user/num/jform HTTP/1.1" 200 "29" "ssId=100037998" "-" "Apache-HttpClient/4.5.1 (Java/1.7.0_79)" "-" "0.029" "0.028"
41.216.186.89 - - [26/Mar/2020:01:00:03 +0800] "\x03\x00\x00/*\xE0\x00\x00\x00\x00\x00Cookie: mstshash=Administr" 400 "173" "-" "-" "-" "-" "0.209" "-"
223.104.63.95 - - [26/Mar/2020:01:00:12 +0800] "POST /api/ssvoice/word/list/bad/word/jform HTTP/1.1" 200 "1167" "timeStamp=2020-03-26%2001%3A00%3A11" "-" "Mozilla/5.0 (Linux; U; Android 6.0.1; zh-cn; OPPO R9s Plus Build/MMB29M) AppleWebKit/534.30 (KHTML, like Gecko) Version/4.0 Mobile Safari/534.30" "-" "0.002" "0.002"
121.71.62.160 - - [26/Mar/2020:01:01:56 +0800] "POST /api/ssvoice/account/heart/beat/100163348/jform HTTP/1.1" 200 "32" "-" "-" "Mozilla/5.0 (Linux; U; Android 9; zh-cn; vivo X21A Build/PKQ1.180819.001) AppleWebKit/533.1 (KHTML, like Gecko) Version/5.0 Mobile Safari/533.1" "-" "0.003" "0.003"
117.169.71.113 - - [26/Mar/2020:01:03:39 +0800] "GET /api/ssvoice/chat/get/room/online/user/31524/0/200/json HTTP/1.1" 200 "29580" "-" "-" "NEngine/1.0 (compatible; MSIE 6.0; Windows NT 5.1)" "-" "0.646" "0.619"
211.97.130.139 - - [26/Mar/2020:01:04:25 +0800] "POST /api/ssvoice/vip/get/vip/colors/jform HTTP/1.1" 200 "1608" "timeStamps=timeStamps" "-" "Mozilla/5.0 (Linux; U; Android 9; zh-cn; MIX 2 Build/PKQ1.190118.001) AppleWebKit/533.1 (KHTML, like Gecko) Version/5.0 Mobile Safari/533.1" "-" "0.003" "0.003"
211.97.130.139 - - [26/Mar/2020:01:04:26 +0800] "POST /api/ssvoice/vip/get/vip/colors/jform HTTP/1.1" 200 "1608" "timeStamps=timeStamps" "-" "Mozilla/5.0 (Linux; U; Android 9; zh-cn; MIX 2 Build/PKQ1.190118.001) AppleWebKit/533.1 (KHTML, like Gecko) Version/5.0 Mobile Safari/533.1" "-" "0.003" "0.003"
116.62.24.176 - - [26/Mar/2020:01:04:28 +0800] "POST /api-ssvoice/api/ssvoice/gift/getcoin/jform HTTP/1.1" 200 "179" "loginKey=0bf2b62b202f2e1a" "-" "Apache-HttpClient/4.5.1 (Java/1.7.0_79)" "-" "0.003" "0.002"
211.97.130.139 - - [26/Mar/2020:01:04:32 +0800] "POST /api/ssvoice/recommend/all/room/tag/jform HTTP/1.1" 200 "1252" "timeStamp=1" "-" "Mozilla/5.0 (Linux; U; Android 9; zh-cn; MIX 2 Build/PKQ1.190118.001) AppleWebKit/533.1 (KHTML, like Gecko) Version/5.0 Mobile Safari/533.1" "-" "0.003" "0.002"
211.97.130.139 - - [26/Mar/2020:01:04:32 +0800] "POST /api/ssvoice/show/get/banner/list/jform HTTP/1.1" 200 "526" "type=1" "-" "Mozilla/5.0 (Linux; U; Android 9; zh-cn; MIX 2 Build/PKQ1.190118.001) AppleWebKit/533.1 (KHTML, like Gecko) Version/5.0 Mobile Safari/533.1" "-" "0.002" "0.002"
211.97.130.139 - - [26/Mar/2020:01:04:32 +0800] "POST /api/ssvoice/chat/get/play/room/num/jform HTTP/1.1" 200 "70" "password=abc" "-" "Mozilla/5.0 (Linux; U; Android 9; zh-cn; MIX 2 Build/PKQ1.190118.001) AppleWebKit/533.1 (KHTML, like Gecko) Version/5.0 Mobile Safari/533.1" "-" "0.002" "0.002"
211.97.130.139 - - [26/Mar/2020:01:04:32 +0800] "POST /api/ssvoice/recommend/recommend/common/tag/jform HTTP/1.1" 200 "2170" "type=1" "-" "Mozilla/5.0 (Linux; U; Android 9; zh-cn; MIX 2 Build/PKQ1.190118.001) AppleWebKit/533.1 (KHTML, like Gecko) Version/5.0 Mobile Safari/533.1" "-" "0.002" "0.003"
211.97.130.139 - - [26/Mar/2020:01:04:32 +0800] "POST /api/ssvoice/person/getfollowlist/null/-1/0/20/jform HTTP/1.1" 500 "65" "-" "-" "Mozilla/5.0 (Linux; U; Android 9; zh-cn; MIX 2 Build/PKQ1.190118.001) AppleWebKit/533.1 (KHTML, like Gecko) Version/5.0 Mobile Safari/533.1" "-" "0.002" "0.002"
211.97.130.139 - - [26/Mar/2020:01:04:32 +0800] "POST /api/ssvoice/cp/get/cp/succeed/list/jform HTTP/1.1" 200 "28" "offset=0&count=20" "-" "Mozilla/5.0 (Linux; U; Android 9; zh-cn; MIX 2 Build/PKQ1.190118.001) AppleWebKit/533.1 (KHTML, like Gecko) Version/5.0 Mobile Safari/533.1" "-" "0.001" "0.000"
211.97.130.139 - - [26/Mar/2020:01:04:32 +0800] "POST /api/ssvoice/recommend/recommend/common/tag/jform HTTP/1.1" 200 "2170" "type=1" "-" "Mozilla/5.0 (Linux; U; Android 9; zh-cn; MIX 2 Build/PKQ1.190118.001) AppleWebKit/533.1 (KHTML, like Gecko) Version/5.0 Mobile Safari/533.1" "-" "0.002" "0.001"
211.97.130.139 - - [26/Mar/2020:01:04:32 +0800] "POST /api/ssvoice/cp/get/cp/messages2/jform HTTP/1.1" 200 "28" "offset=0&count=1" "-" "Mozilla/5.0 (Linux; U; Android 9; zh-cn; MIX 2 Build/PKQ1.190118.001) AppleWebKit/533.1 (KHTML, like Gecko) Version/5.0 Mobile Safari/533.1" "-" "0.001" "0.002"
211.97.130.139 - - [26/Mar/2020:01:04:32 +0800] "POST /api/ssvoice/person/getfollowlist/null/-1/0/20/jform HTTP/1.1" 500 "65" "-" "-" "Mozilla/5.0 (Linux; U; Android 9; zh-cn; MIX 2 Build/PKQ1.190118.001) AppleWebKit/533.1 (KHTML, like Gecko) Version/5.0 Mobile Safari/533.1" "-" "0.002" "0.002"
211.97.130.139 - - [26/Mar/2020:01:04:32 +0800] "POST /api/ssvoice/cp/get/cp/succeed/list/jform HTTP/1.1" 200 "28" "offset=0&count=20" "-" "Mozilla/5.0 (Linux; U; Android 9; zh-cn; MIX 2 Build/PKQ1.190118.001) AppleWebKit/533.1 (KHTML, like Gecko) Version/5.0 Mobile Safari/533.1" "-" "0.000" "0.001"
211.97.130.139 - - [26/Mar/2020:01:04:32 +0800] "POST /api/ssvoice/account/info/-1/jform HTTP/1.1" 200 "0" "-" "-" "Mozilla/5.0 (Linux; U; Android 9; zh-cn; MIX 2 Build/PKQ1.190118.001) AppleWebKit/533.1 (KHTML, like Gecko) Version/5.0 Mobile Safari/533.1" "-" "0.004" "0.003"
211.97.130.139 - - [26/Mar/2020:01:04:32 +0800] "POST /api/ssvoice/res/switch/activity/switch/show/jform HTTP/1.1" 200 "28" "code=game" "-" "Mozilla/5.0 (Linux; U; Android 9; zh-cn; MIX 2 Build/PKQ1.190118.001) AppleWebKit/533.1 (KHTML, like Gecko) Version/5.0 Mobile Safari/533.1" "-" "0.004" "0.003"
211.97.130.139 - - [26/Mar/2020:01:04:32 +0800] "POST /api/ssvoice/cp/get/recent/voice/info/jform HTTP/1.1" 500 "65" "ssId=-1" "-" "Mozilla/5.0 (Linux; U; Android 9; zh-cn; MIX 2 Build/PKQ1.190118.001) AppleWebKit/533.1 (KHTML, like Gecko) Version/5.0 Mobile Safari/533.1" "-" "0.003" "0.003"
211.97.130.139 - - [26/Mar/2020:01:04:38 +0800] "POST /api/ssvoice/recommend/all/room/tag/jform HTTP/1.1" 200 "1252" "timeStamp=1" "-" "Mozilla/5.0 (Linux; U; Android 9; zh-cn; MIX 2 Build/PKQ1.190118.001) AppleWebKit/533.1 (KHTML, like Gecko) Version/5.0 Mobile Safari/533.1" "-" "0.002" "0.001"
211.97.130.139 - - [26/Mar/2020:01:04:38 +0800] "POST /api/ssvoice/show/get/banner/list/jform HTTP/1.1" 200 "526" "type=1" "-" "Mozilla/5.0 (Linux; U; Android 9; zh-cn; MIX 2 Build/PKQ1.190118.001) AppleWebKit/533.1 (KHTML, like Gecko) Version/5.0 Mobile Safari/533.1" "-" "0.002" "0.001"
211.97.130.139 - - [26/Mar/2020:01:04:38 +0800] "POST /api/ssvoice/recommend/recommend/common/tag/jform HTTP/1.1" 200 "2170" "type=1" "-" "Mozilla/5.0 (Linux; U; Android 9; zh-cn; MIX 2 Build/PKQ1.190118.001) AppleWebKit/533.1 (KHTML, like Gecko) Version/5.0 Mobile Safari/533.1" "-" "0.002" "0.001"
211.97.130.139 - - [26/Mar/2020:01:04:38 +0800] "POST /api/ssvoice/chat/get/play/room/num/jform HTTP/1.1" 200 "70" "password=abc" "-" "Mozilla/5.0 (Linux; U; Android 9; zh-cn; MIX 2 Build/PKQ1.190118.001) AppleWebKit/533.1 (KHTML, like Gecko) Version/5.0 Mobile Safari/533.1" "-" "0.003" "0.002"
211.97.130.139 - - [26/Mar/2020:01:04:38 +0800] "POST /api/ssvoice/person/getmutualfollowlist/null/0/20/jform HTTP/1.1" 500 "65" "-" "-" "Mozilla/5.0 (Linux; U; Android 9; zh-cn; MIX 2 Build/PKQ1.190118.001) AppleWebKit/533.1 (KHTML, like Gecko) Version/5.0 Mobile Safari/533.1" "-" "0.002" "0.001"
211.97.130.139 - - [26/Mar/2020:01:04:38 +0800] "GET /api/ssvoice/chat/get/room/version/json HTTP/1.1" 200 "31" "-" "-" "Mozilla/5.0 (Linux; U; Android 9; zh-cn; MIX 2 Build/PKQ1.190118.001) AppleWebKit/533.1 (KHTML, like Gecko) Version/5.0 Mobile Safari/533.1" "-" "0.001" "0.001"
211.97.130.139 - - [26/Mar/2020:01:04:38 +0800] "POST /api/ssvoice/recommend/recommend/common/tag/jform HTTP/1.1" 200 "2170" "type=1" "-" "Mozilla/5.0 (Linux; U; Android 9; zh-cn; MIX 2 Build/PKQ1.190118.001) AppleWebKit/533.1 (KHTML, like Gecko) Version/5.0 Mobile Safari/533.1" "-" "0.001" "0.002"
211.97.130.139 - - [26/Mar/2020:01:04:38 +0800] "POST /api/ssvoice/person/getmutualfollowlist/null/0/20/jform HTTP/1.1" 500 "65" "-" "-" "Mozilla/5.0 (Linux; U; Android 9; zh-cn; MIX 2 Build/PKQ1.190118.001) AppleWebKit/533.1 (KHTML, like Gecko) Version/5.0 Mobile Safari/533.1" "-" "0.003" "0.002"
211.97.130.139 - - [26/Mar/2020:01:04:38 +0800] "POST /api/ssvoice/cp/get/cp/succeed/list/jform HTTP/1.1" 200 "28" "offset=0&count=20" "-" "Mozilla/5.0 (Linux; U; Android 9; zh-cn; MIX 2 Build/PKQ1.190118.001) AppleWebKit/533.1 (KHTML, like Gecko) Version/5.0 Mobile Safari/533.1" "-" "0.001" "0.001"
211.97.130.139 - - [26/Mar/2020:01:04:38 +0800] "POST /api/ssvoice/account/info/-1/jform HTTP/1.1" 200 "0" "-" "-" "Mozilla/5.0 (Linux; U; Android 9; zh-cn; MIX 2 Build/PKQ1.190118.001) AppleWebKit/533.1 (KHTML, like Gecko) Version/5.0 Mobile Safari/533.1" "-" "0.003" "0.004"
211.97.130.139 - - [26/Mar/2020:01:04:38 +0800] "POST /api/ssvoice/res/switch/activity/switch/show/jform HTTP/1.1" 200 "28" "code=game" "-" "Mozilla/5.0 (Linux; U; Android 9; zh-cn; MIX 2 Build/PKQ1.190118.001) AppleWebKit/533.1 (KHTML, like Gecko) Version/5.0 Mobile Safari/533.1" "-" "0.004" "0.003"
211.97.130.139 - - [26/Mar/2020:01:04:38 +0800] "POST /api/ssvoice/recommend/get/recommend/room/v3/jform HTTP/1.1" 200 "13605" "offset=0&loginKey=&roomTagId=1&count=20" "-" "Mozilla/5.0 (Linux; U; Android 9; zh-cn; MIX 2 Build/PKQ1.190118.001) AppleWebKit/533.1 (KHTML, like Gecko) Version/5.0 Mobile Safari/533.1" "-" "0.106" "0.106"
211.97.130.139 - - [26/Mar/2020:01:04:40 +0800] "POST /api/ssvoice/res/switch/activity/switch/show/jform HTTP/1.1" 200 "28" "code=game" "-" "Mozilla/5.0 (Linux; U; Android 9; zh-cn; MIX 2 Build/PKQ1.190118.001) AppleWebKit/533.1 (KHTML, like Gecko) Version/5.0 Mobile Safari/533.1" "-" "0.003" "0.004"
211.97.130.139 - - [26/Mar/2020:01:04:40 +0800] "POST /api/ssvoice/account/info/-1/jform HTTP/1.1" 200 "0" "-" "-" "Mozilla/5.0 (Linux; U; Android 9; zh-cn; MIX 2 Build/PKQ1.190118.001) AppleWebKit/533.1 (KHTML, like Gecko) Version/5.0 Mobile Safari/533.1" "-" "0.005" "0.004"
211.97.130.139 - - [26/Mar/2020:01:04:44 +0800] "POST /api/ssvoice/account/get/userid/auth/jform HTTP/1.1" 500 "65" "-" "-" "Mozilla/5.0 (Linux; U; Android 9; zh-cn; MIX 2 Build/PKQ1.190118.001) AppleWebKit/533.1 (KHTML, like Gecko) Version/5.0 Mobile Safari/533.1" "-" "0.001" "0.002"
211.97.130.139 - - [26/Mar/2020:01:04:47 +0800] "POST /api/ssvoice/cp/get/cp/messages2/jform HTTP/1.1" 200 "28" "offset=0&count=1" "-" "Mozilla/5.0 (Linux; U; Android 9; zh-cn; MIX 2 Build/PKQ1.190118.001) AppleWebKit/533.1 (KHTML, like Gecko) Version/5.0 Mobile Safari/533.1" "-" "0.002" "0.001"
211.97.130.139 - - [26/Mar/2020:01:04:48 +0800] "POST /api/ssvoice/person/getmutualfollowlist/null/0/20/jform HTTP/1.1" 500 "65" "-" "-" "Mozilla/5.0 (Linux; U; Android 9; zh-cn; MIX 2 Build/PKQ1.190118.001) AppleWebKit/533.1 (KHTML, like Gecko) Version/5.0 Mobile Safari/533.1" "-" "0.003" "0.002"
211.97.130.139 - - [26/Mar/2020:01:04:48 +0800] "POST /api/ssvoice/cp/get/cp/succeed/list/jform HTTP/1.1" 200 "28" "offset=0&count=20" "-" "Mozilla/5.0 (Linux; U; Android 9; zh-cn; MIX 2 Build/PKQ1.190118.001) AppleWebKit/533.1 (KHTML, like Gecko) Version/5.0 Mobile Safari/533.1" "-" "0.001" "0.001"
211.97.130.139 - - [26/Mar/2020:01:04:48 +0800] "POST /api/ssvoice/vip/get/vip/center/message/null/jform HTTP/1.1" 500 "65" "-" "-" "Mozilla/5.0 (Linux; U; Android 9; zh-cn; MIX 2 Build/PKQ1.190118.001) AppleWebKit/533.1 (KHTML, like Gecko) Version/5.0 Mobile Safari/533.1" "-" "0.002" "0.001"
211.97.130.139 - - [26/Mar/2020:01:04:48 +0800] "POST /api/ssvoice/res/switch/activity/switch/show/jform HTTP/1.1" 200 "28" "code=game" "-" "Mozilla/5.0 (Linux; U; Android 9; zh-cn; MIX 2 Build/PKQ1.190118.001) AppleWebKit/533.1 (KHTML, like Gecko) Version/5.0 Mobile Safari/533.1" "-" "0.004" "0.004"
121.71.62.160 - - [26/Mar/2020:01:04:56 +0800] "POST /api/ssvoice/account/heart/beat/100163348/jform HTTP/1.1" 200 "32" "-" "-" "Mozilla/5.0 (Linux; U; Android 9; zh-cn; vivo X21A Build/PKQ1.180819.001) AppleWebKit/533.1 (KHTML, like Gecko) Version/5.0 Mobile Safari/533.1" "-" "0.003" "0.002"
116.62.24.176 - - [26/Mar/2020:01:06:16 +0800] "POST /api-ssvoice/api/ssvoice/gift/getcoin/jform HTTP/1.1" 200 "179" "loginKey=0bf2b62b202f2e1a" "-" "Apache-HttpClient/4.5.1 (Java/1.7.0_79)" "-" "0.003" "0.002"
121.71.62.160 - - [26/Mar/2020:01:07:56 +0800] "POST /api/ssvoice/account/heart/beat/100163348/jform HTTP/1.1" 200 "32" "-" "-" "Mozilla/5.0 (Linux; U; Android 9; zh-cn; vivo X21A Build/PKQ1.180819.001) AppleWebKit/533.1 (KHTML, like Gecko) Version/5.0 Mobile Safari/533.1" "-" "0.002" "0.003"
116.88.98.170 - - [26/Mar/2020:01:09:13 +0800] "POST /api/ssvoice/word/list/bad/word/jform HTTP/1.1" 200 "1167" "timeStamp=2020-03-26%2001%3A09%3A12" "-" "Mozilla/5.0 (Linux; U; Android 10; en-gb; EVR-L29 Build/HUAWEIEVR-L29) AppleWebKit/533.1 (KHTML, like Gecko) Version/5.0 Mobile Safari/533.1" "-" "0.003" "0.002"
116.88.98.170 - - [26/Mar/2020:01:09:13 +0800] "POST /api/ssvoice/vip/get/vip/colors/jform HTTP/1.1" 200 "1608" "timeStamps=timeStamps" "-" "Mozilla/5.0 (Linux; U; Android 10; en-gb; EVR-L29 Build/HUAWEIEVR-L29) AppleWebKit/533.1 (KHTML, like Gecko) Version/5.0 Mobile Safari/533.1" "-" "0.003" "0.003"
116.62.24.176 - - [26/Mar/2020:01:09:47 +0800] "POST /api-ssvoice/api/ssvoice/profit/get/commodity/conversion/jform HTTP/1.1" 200 "29" "loginKey=0bf2b62b202f2e1a&commodityId=10&type=1" "-" "Apache-HttpClient/4.5.1 (Java/1.7.0_79)" "-" "0.011" "0.011"
116.62.24.176 - - [26/Mar/2020:01:09:48 +0800] "POST /api-ssvoice/api/ssvoice/gift/getcoin/jform HTTP/1.1" 200 "179" "loginKey=0bf2b62b202f2e1a" "-" "Apache-HttpClient/4.5.1 (Java/1.7.0_79)" "-" "0.005" "0.004"
121.71.62.160 - - [26/Mar/2020:01:10:56 +0800] "POST /api/ssvoice/account/heart/beat/100163348/jform HTTP/1.1" 200 "32" "-" "-" "Mozilla/5.0 (Linux; U; Android 9; zh-cn; vivo X21A Build/PKQ1.180819.001) AppleWebKit/533.1 (KHTML, like Gecko) Version/5.0 Mobile Safari/533.1" "-" "0.003" "0.002"
223.149.104.170 - - [26/Mar/2020:01:13:56 +0800] "GET /api/ssvoice/chat/get/microphone/request/list3/31552/json HTTP/1.1" 200 "28" "-" "-" "NEngine/1.0 (compatible; MSIE 6.0; Windows NT 5.1)" "-" "0.004" "0.003"
111.242.252.201 - - [26/Mar/2020:01:14:14 +0800] "POST /api/ssvoice/account/heart/beat/100213422/jform HTTP/1.1" 200 "32" "-" "-" "Mozilla/5.0 (Linux; U; Android 9; zh-tw; Redmi 7 Build/PKQ1.181021.001) AppleWebKit/533.1 (KHTML, like Gecko) Version/5.0 Mobile Safari/533.1" "-" "0.003" "0.003"
113.58.240.37 - - [26/Mar/2020:01:14:18 +0800] "GET /api/ssvoice/chat/get/microphone/request/list3/31536/json HTTP/1.1" 200 "28" "-" "-" "NEngine/1.0 (compatible; MSIE 6.0; Windows NT 5.1)" "-" "0.006" "0.006"
47.101.202.90 - - [26/Mar/2020:01:14:30 +0800] "GET / HTTP/1.1" 200 "11217" "-" "-" "Mozilla/5.0 (X11; Ubuntu; Linux x86_64; rv:36.0) Gecko/20100101 Firefox/36.0" "-" "0.002" "0.002"
116.62.24.176 - - [26/Mar/2020:01:14:32 +0800] "POST /api-ssvoice/api/ssvoice/gift/getcoin/jform HTTP/1.1" 200 "180" "loginKey=0bf2b62b202f2e1a" "-" "Apache-HttpClient/4.5.1 (Java/1.7.0_79)" "-" "0.005" "0.004"
183.209.58.206 - - [26/Mar/2020:01:15:12 +0800] "GET /api/ssvoice/chat/get/microphone/request/list3/31519/json HTTP/1.1" 200 "28" "-" "-" "NEngine/1.0 (compatible; MSIE 6.0; Windows NT 5.1)" "-" "0.004" "0.003"
183.209.58.206 - - [26/Mar/2020:01:15:41 +0800] "POST /api/ssvoice/guard/config/guard/list/jform HTTP/1.1" 200 "638" "loginKey=86fe2cf30e27debf&toCrId=31519&toSsId=100373731" "-" "NEngine/1.0 (compatible; MSIE 6.0; Windows NT 5.1)" "-" "0.040" "0.020"
183.209.58.206 - - [26/Mar/2020:01:15:46 +0800] "GET /api/ssvoice/chat/get/microphone/request/list3/31519/json HTTP/1.1" 200 "28" "-" "-" "NEngine/1.0 (compatible; MSIE 6.0; Windows NT 5.1)" "-" "0.003" "0.003"
183.209.58.206 - - [26/Mar/2020:01:15:50 +0800] "POST /api/ssvoice/hit/gold/egg/get/my/award/record/list/jform HTTP/1.1" 200 "59099" "loginKey=86fe2cf30e27debf&type=2&offset=0&count=300" "-" "NEngine/1.0 (compatible; MSIE 6.0; Windows NT 5.1)" "-" "0.412" "0.342"
183.209.58.206 - - [26/Mar/2020:01:16:00 +0800] "GET /api/ssvoice/chat/room/admin/user/31519/json HTTP/1.1" 200 "5935" "-" "-" "NEngine/1.0 (compatible; MSIE 6.0; Windows NT 5.1)" "-" "0.040" "0.040"
183.209.58.206 - - [26/Mar/2020:01:16:04 +0800] "POST /api/ssvoice/chat/get/expense/total/list/jform HTTP/1.1" 200 "14162" "loginKey=86fe2cf30e27debf&crId=31519&type=1" "-" "NEngine/1.0 (compatible; MSIE 6.0; Windows NT 5.1)" "-" "0.156" "0.118"
183.209.58.206 - - [26/Mar/2020:01:16:12 +0800] "POST /api/ssvoice/chat/my/manage/room/list/jform HTTP/1.1" 200 "3642" "ssId=100386872" "-" "NEngine/1.0 (compatible; MSIE 6.0; Windows NT 5.1)" "-" "0.041" "0.017"
58.208.143.91 - - [26/Mar/2020:01:16:13 +0800] "GET /api/ssvoice/chat/get/microphone/request/list/30605/json HTTP/1.1" 200 "28" "-" "-" "NEngine/1.0 (compatible; MSIE 6.0; Windows NT 5.1)" "-" "0.003" "0.003"
58.208.143.91 - - [26/Mar/2020:01:16:13 +0800] "GET /api/ssvoice/chat/get/microphone/request/list/30605/json HTTP/1.1" 200 "28" "-" "-" "NEngine/1.0 (compatible; MSIE 6.0; Windows NT 5.1)" "-" "0.003" "0.003"
183.209.58.206 - - [26/Mar/2020:01:16:37 +0800] "POST /api/ssvoice/account/info/100373731/jform HTTP/1.1" 200 "1443" "-" "-" "NEngine/1.0 (compatible; MSIE 6.0; Windows NT 5.1)" "-" "0.029" "0.030"
183.209.58.206 - - [26/Mar/2020:01:16:41 +0800] "POST /api/ssvoice/person/userfollowrelation/86fe2cf30e27debf/jform HTTP/1.1" 200 "29" "loginKey=86fe2cf30e27debf&ssId=100386872" "-" "NEngine/1.0 (compatible; MSIE 6.0; Windows NT 5.1)" "-" "0.019" "0.004"
183.209.58.206 - - [26/Mar/2020:01:16:58 +0800] "GET /api/ssvoice/chat/get/room/online/user/31519/0/200/json HTTP/1.1" 200 "29671" "-" "-" "NEngine/1.0 (compatible; MSIE 6.0; Windows NT 5.1)" "-" "0.277" "0.259"
14.108.200.218 - - [26/Mar/2020:01:16:58 +0800] "GET /api/ssvoice/chat/get/microphone/request/list3/31519/json HTTP/1.1" 200 "28" "-" "-" "NEngine/1.0 (compatible; MSIE 6.0; Windows NT 5.1)" "-" "0.004" "0.005"
183.209.58.206 - - [26/Mar/2020:01:17:01 +0800] "POST /api/sheng/person/userfollowrelation/86fe2cf30e27debf/jform HTTP/1.1" 404 "1075" "loginKey=86fe2cf30e27debf&ssId=100386872" "-" "NEngine/1.0 (compatible; MSIE 6.0; Windows NT 5.1)" "-" "0.020" "0.001"
183.209.58.206 - - [26/Mar/2020:01:17:08 +0800] "POST /api/ssvoice/account/info/100386872/jform HTTP/1.1" 200 "1269" "-" "-" "NEngine/1.0 (compatible; MSIE 6.0; Windows NT 5.1)" "-" "0.026" "0.025"
183.209.58.206 - - [26/Mar/2020:01:17:15 +0800] "POST /api/ssvoice/account/info/100382642/jform HTTP/1.1" 200 "1749" "-" "-" "NEngine/1.0 (compatible; MSIE 6.0; Windows NT 5.1)" "-" "0.045" "0.045"
183.209.58.206 - - [26/Mar/2020:01:17:17 +0800] "POST /api/ssvoice/account/info/100404761/jform HTTP/1.1" 200 "1251" "-" "-" "NEngine/1.0 (compatible; MSIE 6.0; Windows NT 5.1)" "-" "0.047" "0.046"
183.209.58.206 - - [26/Mar/2020:01:17:19 +0800] "POST /api/sheng/person/userfollowrelation/86fe2cf30e27debf/jform HTTP/1.1" 404 "1075" "loginKey=86fe2cf30e27debf&ssId=100401710" "-" "NEngine/1.0 (compatible; MSIE 6.0; Windows NT 5.1)" "-" "0.018" "0.000"
183.209.58.206 - - [26/Mar/2020:01:17:25 +0800] "POST /api/sheng/person/userfollowrelation/86fe2cf30e27debf/jform HTTP/1.1" 404 "1075" "loginKey=86fe2cf30e27debf&ssId=100401710" "-" "NEngine/1.0 (compatible; MSIE 6.0; Windows NT 5.1)" "-" "0.017" "0.001"
117.169.71.113 - - [26/Mar/2020:01:18:59 +0800] "POST /api/ssvoice/chat/my/manage/room/list/jform HTTP/1.1" 200 "1093" "ssId=100011048" "-" "NEngine/1.0 (compatible; MSIE 6.0; Windows NT 5.1)" "-" "0.036" "0.012"
120.27.245.6 - - [26/Mar/2020:01:18:59 +0800] "POST /api-ssvoice/api/ssvoice/account/update/user/num/jform HTTP/1.1" 200 "29" "ssId=100369823" "-" "Apache-HttpClient/4.5.1 (Java/1.7.0_79)" "-" "0.012" "0.011"
183.209.58.206 - - [26/Mar/2020:01:20:33 +0800] "GET /api/ssvoice/chat/get/microphone/request/list3/31519/json HTTP/1.1" 200 "28" "-" "-" "NEngine/1.0 (compatible; MSIE 6.0; Windows NT 5.1)" "-" "0.004" "0.003"
14.108.200.218 - - [26/Mar/2020:01:20:33 +0800] "GET /api/ssvoice/chat/get/microphone/request/list3/31519/json HTTP/1.1" 200 "28" "-" "-" "NEngine/1.0 (compatible; MSIE 6.0; Windows NT 5.1)" "-" "0.004" "0.004"
116.62.24.176 - - [26/Mar/2020:01:22:44 +0800] "POST /api-ssvoice/api/ssvoice/profit/get/commodity/conversion/jform HTTP/1.1" 200 "29" "loginKey=0bf2b62b202f2e1a&commodityId=10&type=1" "-" "Apache-HttpClient/4.5.1 (Java/1.7.0_79)" "-" "0.012" "0.011"
49.86.194.194 - - [26/Mar/2020:01:22:44 +0800] "POST /api/ssvoice/show/get/banner/list/jform HTTP/1.1" 200 "526" "type=1" "-" "NEngine/1.0 (compatible; MSIE 6.0; Windows NT 5.1)" "-" "0.057" "0.003"
49.86.194.194 - - [26/Mar/2020:01:22:44 +0800] "POST /api/ssvoice/account/info/100386872/jform HTTP/1.1" 200 "1269" "-" "-" "NEngine/1.0 (compatible; MSIE 6.0; Windows NT 5.1)" "-" "0.025" "0.026"
49.86.194.194 - - [26/Mar/2020:01:22:44 +0800] "POST /api/ssvoice/account/info/100386872/jform HTTP/1.1" 200 "1269" "-" "-" "NEngine/1.0 (compatible; MSIE 6.0; Windows NT 5.1)" "-" "0.026" "0.026"
116.62.24.176 - - [26/Mar/2020:01:22:45 +0800] "POST /api-ssvoice/api/ssvoice/gift/getcoin/jform HTTP/1.1" 200 "178" "loginKey=0bf2b62b202f2e1a" "-" "Apache-HttpClient/4.5.1 (Java/1.7.0_79)" "-" "0.004" "0.003"
49.86.194.194 - - [26/Mar/2020:01:22:47 +0800] "POST /api/ssvoice/account/info/100386872/jform HTTP/1.1" 200 "1269" "-" "-" "NEngine/1.0 (compatible; MSIE 6.0; Windows NT 5.1)" "-" "0.023" "0.024"
49.86.194.194 - - [26/Mar/2020:01:22:57 +0800] "POST /api/ssvoice/photo/get/photo/list/100386872/0/100/jform HTTP/1.1" 200 "28" "ssId=100386872&offset=0&count=100" "-" "NEngine/1.0 (compatible; MSIE 6.0; Windows NT 5.1)" "-" "0.017" "0.002"
183.209.58.206 - - [26/Mar/2020:01:23:09 +0800] "GET /api/ssvoice/chat/get/microphone/request/list3/31519/json HTTP/1.1" 200 "28" "-" "-" "NEngine/1.0 (compatible; MSIE 6.0; Windows NT 5.1)" "-" "0.003" "0.002"
14.108.200.218 - - [26/Mar/2020:01:23:09 +0800] "GET /api/ssvoice/chat/get/microphone/request/list3/31519/json HTTP/1.1" 200 "28" "-" "-" "NEngine/1.0 (compatible; MSIE 6.0; Windows NT 5.1)" "-" "0.003" "0.003"
183.209.58.206 - - [26/Mar/2020:01:23:28 +0800] "GET /api/ssvoice/chat/get/microphone/request/list3/31519/json HTTP/1.1" 200 "28" "-" "-" "NEngine/1.0 (compatible; MSIE 6.0; Windows NT 5.1)" "-" "0.004" "0.004"
14.108.200.218 - - [26/Mar/2020:01:23:28 +0800] "GET /api/ssvoice/chat/get/microphone/request/list3/31519/json HTTP/1.1" 200 "28" "-" "-" "NEngine/1.0 (compatible; MSIE 6.0; Windows NT 5.1)" "-" "0.003" "0.004"
113.58.240.37 - - [26/Mar/2020:01:24:39 +0800] "GET /api/ssvoice/chat/get/microphone/request/list3/31536/json HTTP/1.1" 200 "28" "-" "-" "NEngine/1.0 (compatible; MSIE 6.0; Windows NT 5.1)" "-" "0.004" "0.004"
183.209.58.206 - - [26/Mar/2020:01:24:56 +0800] "POST /api/ssvoice/chat/user/current/room/jform HTTP/1.1" 200 "665" "ssId=100384138" "-" "NEngine/1.0 (compatible; MSIE 6.0; Windows NT 5.1)" "-" "0.025" "0.005"
120.27.245.6 - - [26/Mar/2020:01:25:01 +0800] "POST /api-ssvoice/api/ssvoice/account/update/user/num/jform HTTP/1.1" 200 "29" "ssId=100405585" "-" "Apache-HttpClient/4.5.1 (Java/1.7.0_79)" "-" "0.032" "0.031"
49.86.194.194 - - [26/Mar/2020:01:25:06 +0800] "POST /api/ssvoice/chat/get/collect/room/list/100386872/0/100/jform HTTP/1.1" 200 "1858" "ssId=100386872&offset=0&count=100" "-" "NEngine/1.0 (compatible; MSIE 6.0; Windows NT 5.1)" "-" "0.030" "0.013"
121.71.62.160 - - [26/Mar/2020:01:25:56 +0800] "POST /api/ssvoice/account/heart/beat/100163348/jform HTTP/1.1" 200 "32" "-" "-" "Mozilla/5.0 (Linux; U; Android 9; zh-cn; vivo X21A Build/PKQ1.180819.001) AppleWebKit/533.1 (KHTML, like Gecko) Version/5.0 Mobile Safari/533.1" "-" "0.003" "0.003"
116.62.24.176 - - [26/Mar/2020:01:26:06 +0800] "POST /api-ssvoice/api/ssvoice/gift/getcoin/jform HTTP/1.1" 200 "179" "loginKey=0bf2b62b202f2e1a" "-" "Apache-HttpClient/4.5.1 (Java/1.7.0_79)" "-" "0.006" "0.005"
223.149.104.170 - - [26/Mar/2020:01:27:17 +0800] "POST /api/ssvoice/chat/get/expense/total/list/jform HTTP/1.1" 200 "15767" "loginKey=503df29e7953e48f&crId=31552&type=1" "-" "NEngine/1.0 (compatible; MSIE 6.0; Windows NT 5.1)" "-" "0.264" "0.196"
223.149.104.170 - - [26/Mar/2020:01:27:21 +0800] "GET /api/ssvoice/chat/room/admin/user/31552/json HTTP/1.1" 200 "7017" "-" "-" "NEngine/1.0 (compatible; MSIE 6.0; Windows NT 5.1)" "-" "0.043" "0.043"
223.149.104.170 - - [26/Mar/2020:01:27:23 +0800] "GET /api/ssvoice/chat/get/room/online/user/31552/0/200/json HTTP/1.1" 200 "29983" "-" "-" "NEngine/1.0 (compatible; MSIE 6.0; Windows NT 5.1)" "-" "0.593" "0.564"
223.149.104.170 - - [26/Mar/2020:01:27:23 +0800] "POST /api/ssvoice/IOSCheck/get/newUserInfo/ios/list/jform HTTP/1.1" 200 "6600" "loginKey=503df29e7953e48f&offset=0&count=15" "-" "NEngine/1.0 (compatible; MSIE 6.0; Windows NT 5.1)" "-" "0.100" "0.072"
223.149.104.170 - - [26/Mar/2020:01:27:24 +0800] "POST /api/ssvoice/chat/get/expense/total/list/jform HTTP/1.1" 200 "15767" "loginKey=503df29e7953e48f&crId=31552&type=1" "-" "NEngine/1.0 (compatible; MSIE 6.0; Windows NT 5.1)" "-" "0.124" "0.067"
113.58.240.37 - - [26/Mar/2020:01:28:17 +0800] "POST /api/ssvoice/person/isBlackUser/974943db21a9a4b8/100405585/jform HTTP/1.1" 200 "29" "-" "-" "NEngine/1.0 (compatible; MSIE 6.0; Windows NT 5.1)" "-" "0.004" "0.002"
113.58.240.37 - - [26/Mar/2020:01:28:17 +0800] "POST /api/ssvoice/chat/user/current/room/jform HTTP/1.1" 200 "656" "ssId=100405585" "-" "NEngine/1.0 (compatible; MSIE 6.0; Windows NT 5.1)" "-" "0.048" "0.005"
113.58.240.37 - - [26/Mar/2020:01:28:22 +0800] "POST /api/ssvoice/chat/user/current/room/jform HTTP/1.1" 200 "656" "ssId=100405585" "-" "NEngine/1.0 (compatible; MSIE 6.0; Windows NT 5.1)" "-" "0.047" "0.004"
117.169.71.113 - - [26/Mar/2020:01:28:27 +0800] "POST /api/ssvoice/account/info/100402572/jform HTTP/1.1" 200 "1309" "-" "-" "NEngine/1.0 (compatible; MSIE 6.0; Windows NT 5.1)" "-" "0.022" "0.022"
117.169.71.113 - - [26/Mar/2020:01:28:27 +0800] "POST /api/ssvoice/chat/my/manage/room/list/jform HTTP/1.1" 200 "2032" "ssId=100402572" "-" "NEngine/1.0 (compatible; MSIE 6.0; Windows NT 5.1)" "-" "0.071" "0.013"
117.169.71.113 - - [26/Mar/2020:01:28:34 +0800] "GET /api/ssvoice/chat/get/room/online/user/31524/0/200/json HTTP/1.1" 200 "29600" "-" "-" "NEngine/1.0 (compatible; MSIE 6.0; Windows NT 5.1)" "-" "0.235" "0.213"
117.169.71.113 - - [26/Mar/2020:01:29:36 +0800] "POST /api/ssvoice/IOSCheck/get/newUserInfo/ios/list/jform HTTP/1.1" 200 "6813" "loginKey=f1f569e1bd0ce4e0&offset=0&count=15" "-" "NEngine/1.0 (compatible; MSIE 6.0; Windows NT 5.1)" "-" "0.069" "0.046"
116.178.224.233 - - [26/Mar/2020:01:30:04 +0800] "POST /api/ssvoice/vip/get/vip/colors/jform HTTP/1.1" 200 "1608" "timeStamps=timeStamps" "-" "Mozilla/5.0 (Linux; U; Android 5.1.1; zh-cn; OPPO R9 Plusm A Build/LMY47V) AppleWebKit/534.30 (KHTML, like Gecko) Version/4.0 Mobile Safari/534.30" "-" "0.003" "0.004"
116.178.224.233 - - [26/Mar/2020:01:30:05 +0800] "POST /api/ssvoice/vip/get/vip/colors/jform HTTP/1.1" 200 "1608" "timeStamps=timeStamps" "-" "Mozilla/5.0 (Linux; U; Android 5.1.1; zh-cn; OPPO R9 Plusm A Build/LMY47V) AppleWebKit/534.30 (KHTML, like Gecko) Version/4.0 Mobile Safari/534.30" "-" "0.003" "0.004"
117.169.71.113 - - [26/Mar/2020:01:30:40 +0800] "GET /api/ssvoice/chat/get/microphone/request/list/31524/json HTTP/1.1" 200 "28" "-" "-" "NEngine/1.0 (compatible; MSIE 6.0; Windows NT 5.1)" "-" "0.003" "0.004"
117.169.71.113 - - [26/Mar/2020:01:30:41 +0800] "GET /api/ssvoice/chat/get/microphone/request/list2/31524/json HTTP/1.1" 200 "509" "-" "-" "NEngine/1.0 (compatible; MSIE 6.0; Windows NT 5.1)" "-" "0.006" "0.006"
117.169.71.113 - - [26/Mar/2020:01:30:42 +0800] "GET /api/ssvoice/chat/get/microphone/request/list/31524/json HTTP/1.1" 200 "28" "-" "-" "NEngine/1.0 (compatible; MSIE 6.0; Windows NT 5.1)" "-" "0.003" "0.003"
117.169.71.113 - - [26/Mar/2020:01:30:42 +0800] "GET /api/ssvoice/chat/get/microphone/request/list2/31524/json HTTP/1.1" 200 "509" "-" "-" "NEngine/1.0 (compatible; MSIE 6.0; Windows NT 5.1)" "-" "0.007" "0.007"
117.169.71.113 - - [26/Mar/2020:01:30:44 +0800] "POST /api/ssvoice/chat/on/microphone/jform HTTP/1.1" 200 "29" "loginKey=f1f569e1bd0ce4e0&crId=31524&microphoneId=9&toSsId=100380886" "-" "NEngine/1.0 (compatible; MSIE 6.0; Windows NT 5.1)" "-" "0.062" "0.045"
117.169.71.113 - - [26/Mar/2020:01:30:44 +0800] "GET /api/ssvoice/chat/get/microphone/request/list/31524/json HTTP/1.1" 200 "28" "-" "-" "NEngine/1.0 (compatible; MSIE 6.0; Windows NT 5.1)" "-" "0.003" "0.003"
117.169.71.113 - - [26/Mar/2020:01:30:44 +0800] "GET /api/ssvoice/chat/get/microphonelist40/31524/json HTTP/1.1" 200 "3197" "-" "-" "NEngine/1.0 (compatible; MSIE 6.0; Windows NT 5.1)" "-" "0.022" "0.021"
117.169.71.113 - - [26/Mar/2020:01:30:44 +0800] "GET /api/ssvoice/chat/get/microphone/request/list2/31524/json HTTP/1.1" 200 "28" "-" "-" "NEngine/1.0 (compatible; MSIE 6.0; Windows NT 5.1)" "-" "0.002" "0.002"
117.169.71.113 - - [26/Mar/2020:01:30:51 +0800] "POST /api/ssvoice/send/order/save/send/order3/jform HTTP/1.1" 200 "32" "loginKey=f1f569e1bd0ce4e0&crId=31524&skillTypeId=3&serviceDate=2020-03-26 01:45:00&noteInfo=\xE5\x8D\x95\xE4\xBB\xB75&type=2&sex=0&bossSsId=0" "-" "NEngine/1.0 (compatible; MSIE 6.0; Windows NT 5.1)" "-" "0.096" "0.070"
117.169.71.113 - - [26/Mar/2020:01:30:52 +0800] "POST /api/ssvoice/chat/get/online/user/and/skill/jform HTTP/1.1" 200 "773" "crId=31524&offset=0&count=5" "-" "NEngine/1.0 (compatible; MSIE 6.0; Windows NT 5.1)" "-" "0.041" "0.022"
117.169.71.113 - - [26/Mar/2020:01:30:52 +0800] "POST /api/ssvoice/skill/all/skill/types/v2/jform HTTP/1.1" 404 "949" "timeStamp=1585157452" "-" "NEngine/1.0 (compatible; MSIE 6.0; Windows NT 5.1)" "-" "0.029" "0.001"
117.169.71.113 - - [26/Mar/2020:01:31:05 +0800] "POST /api/ssvoice/person/isBlackUser/f1f569e1bd0ce4e0/100380886/jform HTTP/1.1" 200 "29" "-" "-" "NEngine/1.0 (compatible; MSIE 6.0; Windows NT 5.1)" "-" "0.003" "0.002"
117.169.71.113 - - [26/Mar/2020:01:31:05 +0800] "POST /api/ssvoice/chat/user/current/room/jform HTTP/1.1" 200 "640" "ssId=100380886" "-" "NEngine/1.0 (compatible; MSIE 6.0; Windows NT 5.1)" "-" "0.026" "0.003"
117.169.71.113 - - [26/Mar/2020:01:31:05 +0800] "POST /api/ssvoice/chat/user/current/room/jform HTTP/1.1" 200 "640" "ssId=100380886" "-" "NEngine/1.0 (compatible; MSIE 6.0; Windows NT 5.1)" "-" "0.025" "0.006"
117.169.71.113 - - [26/Mar/2020:01:31:17 +0800] "POST /api/ssvoice/send/order/update/send/order2/jform HTTP/1.1" 200 "29" "id=1072&flag=2&orderState=1&rejectInfo=" "-" "NEngine/1.0 (compatible; MSIE 6.0; Windows NT 5.1)" "-" "0.038" "0.008"
117.169.71.113 - - [26/Mar/2020:01:31:20 +0800] "GET /api/ssvoice/chat/get/microphone/request/list/31524/json HTTP/1.1" 200 "28" "-" "-" "NEngine/1.0 (compatible; MSIE 6.0; Windows NT 5.1)" "-" "0.003" "0.004"
117.169.71.113 - - [26/Mar/2020:01:31:20 +0800] "GET /api/ssvoice/chat/get/microphone/request/list2/31524/json HTTP/1.1" 200 "28" "-" "-" "NEngine/1.0 (compatible; MSIE 6.0; Windows NT 5.1)" "-" "0.002" "0.002"
117.169.71.113 - - [26/Mar/2020:01:35:14 +0800] "POST /api/ssvoice/IOSCheck/get/newUserInfo/ios/list/jform HTTP/1.1" 200 "6612" "loginKey=f1f569e1bd0ce4e0&offset=0&count=15" "-" "NEngine/1.0 (compatible; MSIE 6.0; Windows NT 5.1)" "-" "0.117" "0.059"
117.169.71.113 - - [26/Mar/2020:01:35:19 +0800] "POST /api/ssvoice/photo/get/photo/list/100011048/0/100/jform HTTP/1.1" 200 "28" "ssId=100011048&offset=0&count=100" "-" "NEngine/1.0 (compatible; MSIE 6.0; Windows NT 5.1)" "-" "0.024" "0.002"
117.169.71.113 - - [26/Mar/2020:01:35:22 +0800] "POST /api/ssvoice/person/isBlackUser/f1f569e1bd0ce4e0/100011048/jform HTTP/1.1" 200 "29" "-" "-" "NEngine/1.0 (compatible; MSIE 6.0; Windows NT 5.1)" "-" "0.004" "0.003"
111.242.252.201 - - [26/Mar/2020:01:38:15 +0800] "POST /api/ssvoice/account/heart/beat/100213422/jform HTTP/1.1" 200 "32" "-" "-" "Mozilla/5.0 (Linux; U; Android 9; zh-tw; Redmi 7 Build/PKQ1.181021.001) AppleWebKit/533.1 (KHTML, like Gecko) Version/5.0 Mobile Safari/533.1" "-" "0.004" "0.003"
123.179.186.166 - - [26/Mar/2020:01:39:06 +0800] "POST /api/ssvoice/vip/get/vip/colors/jform HTTP/1.1" 200 "1608" "timeStamps=timeStamps" "-" "Mozilla/5.0 (Linux; U; Android 9; zh-cn; V1829A Build/PKQ1.181030.001) AppleWebKit/533.1 (KHTML, like Gecko) Version/5.0 Mobile Safari/533.1" "-" "0.003" "0.003"
120.27.245.6 - - [26/Mar/2020:01:40:50 +0800] "POST /api-ssvoice/api/ssvoice/account/update/user/num/jform HTTP/1.1" 200 "29" "ssId=100402443" "-" "Apache-HttpClient/4.5.1 (Java/1.7.0_79)" "-" "0.014" "0.015"
121.71.62.160 - - [26/Mar/2020:01:40:56 +0800] "POST /api/ssvoice/account/heart/beat/100163348/jform HTTP/1.1" 200 "32" "-" "-" "Mozilla/5.0 (Linux; U; Android 9; zh-cn; vivo X21A Build/PKQ1.180819.001) AppleWebKit/533.1 (KHTML, like Gecko) Version/5.0 Mobile Safari/533.1" "-" "0.002" "0.002"
112.44.175.28 - - [26/Mar/2020:01:43:01 +0800] "POST /api/ssvoice/vip/get/vip/colors/jform HTTP/1.1" 200 "1608" "timeStamps=timeStamps" "-" "Mozilla/5.0 (Linux; U; Android 5.1; zh-cn; OPPO R9tm Build/LMY47I) AppleWebKit/537.36 (KHTML, like Gecko) Version/4.0 Mobile Safari/537.36" "-" "0.003" "0.003"
113.58.240.37 - - [26/Mar/2020:01:45:33 +0800] "POST /api/ssvoice/chat/user/current/room/jform HTTP/1.1" 200 "505" "ssId=100405585" "-" "NEngine/1.0 (compatible; MSIE 6.0; Windows NT 5.1)" "-" "0.050" "0.004"
111.242.252.201 - - [26/Mar/2020:01:47:15 +0800] "POST /api/ssvoice/account/heart/beat/100213422/jform HTTP/1.1" 200 "32" "-" "-" "Mozilla/5.0 (Linux; U; Android 9; zh-tw; Redmi 7 Build/PKQ1.181021.001) AppleWebKit/533.1 (KHTML, like Gecko) Version/5.0 Mobile Safari/533.1" "-" "0.004" "0.003"
116.62.24.176 - - [26/Mar/2020:01:49:46 +0800] "POST /api-ssvoice/api/ssvoice/gift/getcoin/jform HTTP/1.1" 200 "178" "loginKey=0bf2b62b202f2e1a" "-" "Apache-HttpClient/4.5.1 (Java/1.7.0_79)" "-" "0.005" "0.004"
121.71.62.160 - - [26/Mar/2020:01:49:56 +0800] "POST /api/ssvoice/account/heart/beat/100163348/jform HTTP/1.1" 200 "32" "-" "-" "Mozilla/5.0 (Linux; U; Android 9; zh-cn; vivo X21A Build/PKQ1.180819.001) AppleWebKit/533.1 (KHTML, like Gecko) Version/5.0 Mobile Safari/533.1" "-" "0.002" "0.003"
121.71.62.160 - - [26/Mar/2020:01:52:56 +0800] "POST /api/ssvoice/account/heart/beat/100163348/jform HTTP/1.1" 200 "32" "-" "-" "Mozilla/5.0 (Linux; U; Android 9; zh-cn; vivo X21A Build/PKQ1.180819.001) AppleWebKit/533.1 (KHTML, like Gecko) Version/5.0 Mobile Safari/533.1" "-" "0.003" "0.003"
116.62.24.176 - - [26/Mar/2020:01:53:55 +0800] "POST /api-ssvoice/api/ssvoice/gift/getcoin/jform HTTP/1.1" 200 "179" "loginKey=0bf2b62b202f2e1a" "-" "Apache-HttpClient/4.5.1 (Java/1.7.0_79)" "-" "0.004" "0.005"
223.149.104.170 - - [26/Mar/2020:01:55:18 +0800] "POST /api/ssvoice/chat/come/and/out/room/jform HTTP/1.1" 200 "29" "crId=31552&loginKey=503df29e7953e48f&flag=0" "-" "NEngine/1.0 (compatible; MSIE 6.0; Windows NT 5.1)" "-" "0.213" "0.180"
116.62.24.176 - - [26/Mar/2020:01:56:43 +0800] "POST /api-ssvoice/api/ssvoice/profit/get/commodity/conversion/jform HTTP/1.1" 200 "29" "loginKey=0bf2b62b202f2e1a&commodityId=10&type=1" "-" "Apache-HttpClient/4.5.1 (Java/1.7.0_79)" "-" "0.011" "0.011"
111.242.252.201 - - [26/Mar/2020:01:59:14 +0800] "POST /api/ssvoice/account/heart/beat/100213422/jform HTTP/1.1" 200 "32" "-" "-" "Mozilla/5.0 (Linux; U; Android 9; zh-tw; Redmi 7 Build/PKQ1.181021.001) AppleWebKit/533.1 (KHTML, like Gecko) Version/5.0 Mobile Safari/533.1" "-" "0.003" "0.002"
117.169.71.113 - - [26/Mar/2020:02:00:00 +0800] "GET /api/ssvoice/chat/get/microphone/request/list/31524/json HTTP/1.1" 200 "28" "-" "-" "NEngine/1.0 (compatible; MSIE 6.0; Windows NT 5.1)" "-" "0.003" "0.002"
117.169.71.113 - - [26/Mar/2020:02:00:00 +0800] "GET /api/ssvoice/chat/get/microphone/request/list2/31524/json HTTP/1.1" 200 "28" "-" "-" "NEngine/1.0 (compatible; MSIE 6.0; Windows NT 5.1)" "-" "0.002" "0.001"
113.58.240.37 - - [26/Mar/2020:02:00:04 +0800] "GET /api/ssvoice/chat/get/microphonelist4/31536/json HTTP/1.1" 200 "2748" "-" "-" "NEngine/1.0 (compatible; MSIE 6.0; Windows NT 5.1)" "-" "0.014" "0.014"
113.58.240.37 - - [26/Mar/2020:02:00:08 +0800] "GET /api/ssvoice/chat/get/microphone/request/list3/31536/json HTTP/1.1" 200 "28" "-" "-" "NEngine/1.0 (compatible; MSIE 6.0; Windows NT 5.1)" "-" "0.004" "0.004"
113.58.240.37 - - [26/Mar/2020:02:00:08 +0800] "GET /api/ssvoice/chat/get/microphone/request/list3/31536/json HTTP/1.1" 200 "28" "-" "-" "NEngine/1.0 (compatible; MSIE 6.0; Windows NT 5.1)" "-" "0.005" "0.004"
117.169.71.113 - - [26/Mar/2020:02:00:15 +0800] "GET /api/ssvoice/chat/get/microphone/request/list/31524/json HTTP/1.1" 200 "517" "-" "-" "NEngine/1.0 (compatible; MSIE 6.0; Windows NT 5.1)" "-" "0.008" "0.007"
117.169.71.113 - - [26/Mar/2020:02:00:15 +0800] "GET /api/ssvoice/chat/get/microphone/request/list2/31524/json HTTP/1.1" 200 "28" "-" "-" "NEngine/1.0 (compatible; MSIE 6.0; Windows NT 5.1)" "-" "0.003" "0.002"
117.153.52.112 - - [26/Mar/2020:02:00:19 +0800] "POST /api/ssvoice/word/list/bad/word/jform HTTP/1.1" 200 "1167" "timeStamp=2020-03-26%2002%3A00%3A20" "-" "Mozilla/5.0 (Linux; U; Android 6.0.1; zh-cn; HUAWEI RIO-AL00 Build/HuaweiRIO-AL00) AppleWebKit/534.30 (KHTML, like Gecko) Version/4.0 Mobile Safari/534.30" "-" "0.002" "0.002"
117.169.71.113 - - [26/Mar/2020:02:00:25 +0800] "POST /api/ssvoice/chat/off/room/control/jform HTTP/1.1" 200 "29" "crId=31524&loginKey=f1f569e1bd0ce4e0" "-" "NEngine/1.0 (compatible; MSIE 6.0; Windows NT 5.1)" "-" "0.054" "0.033"
116.62.24.176 - - [26/Mar/2020:02:00:27 +0800] "POST /api-ssvoice/api/ssvoice/vip/get/vip/center/message/e9f497a898a7a37a/jform HTTP/1.1" 500 "65" "-" "-" "Apache-HttpClient/4.5.1 (Java/1.7.0_79)" "-" "0.003" "0.003"
116.62.24.176 - - [26/Mar/2020:02:00:32 +0800] "POST /api-ssvoice/api/ssvoice/vip/get/vip/center/message/e9f497a898a7a37a/jform HTTP/1.1" 500 "65" "-" "-" "Apache-HttpClient/4.5.1 (Java/1.7.0_79)" "-" "0.003" "0.003"
113.58.240.37 - - [26/Mar/2020:02:00:32 +0800] "POST /api/ssvoice/chat/come/and/out/room/jform HTTP/1.1" 200 "29" "crId=31536&loginKey=974943db21a9a4b8&flag=0" "-" "NEngine/1.0 (compatible; MSIE 6.0; Windows NT 5.1)" "-" "0.226" "0.184"
106.34.227.200 - - [26/Mar/2020:02:00:37 +0800] "POST /api/ssvoice/vip/get/vip/colors/jform HTTP/1.1" 200 "1608" "timeStamps=timeStamps" "-" "Mozilla/5.0 (Linux; U; Android 6.0.1; zh-cn; OPPO A57 Build/MMB29M) AppleWebKit/534.30 (KHTML, like Gecko) Version/4.0 Mobile Safari/534.30" "-" "0.003" "0.003"
106.34.227.200 - - [26/Mar/2020:02:00:39 +0800] "POST /api/ssvoice/vip/get/vip/colors/jform HTTP/1.1" 200 "1608" "timeStamps=timeStamps" "-" "Mozilla/5.0 (Linux; U; Android 6.0.1; zh-cn; OPPO A57 Build/MMB29M) AppleWebKit/534.30 (KHTML, like Gecko) Version/4.0 Mobile Safari/534.30" "-" "0.004" "0.003"
111.242.252.201 - - [26/Mar/2020:02:02:14 +0800] "POST /api/ssvoice/account/heart/beat/100213422/jform HTTP/1.1" 200 "32" "-" "-" "Mozilla/5.0 (Linux; U; Android 9; zh-tw; Redmi 7 Build/PKQ1.181021.001) AppleWebKit/533.1 (KHTML, like Gecko) Version/5.0 Mobile Safari/533.1" "-" "0.002" "0.002"
116.62.24.176 - - [26/Mar/2020:02:02:19 +0800] "POST /api-ssvoice/api/ssvoice/vip/get/vip/center/message/e9f497a898a7a37a/jform HTTP/1.1" 500 "65" "-" "-" "Apache-HttpClient/4.5.1 (Java/1.7.0_79)" "-" "0.003" "0.002"
183.209.58.206 - - [26/Mar/2020:02:02:54 +0800] "GET /api/ssvoice/chat/get/microphone/request/list3/31519/json HTTP/1.1" 200 "28" "-" "-" "NEngine/1.0 (compatible; MSIE 6.0; Windows NT 5.1)" "-" "0.003" "0.003"
116.62.24.176 - - [26/Mar/2020:02:03:22 +0800] "POST /api-ssvoice/api/ssvoice/vip/get/vip/center/message/e9f497a898a7a37a/jform HTTP/1.1" 500 "65" "-" "-" "Apache-HttpClient/4.5.1 (Java/1.7.0_79)" "-" "0.003" "0.003"
49.86.194.194 - - [26/Mar/2020:02:05:40 +0800] "POST /api/ssvoice/login/pc/jform HTTP/1.1" 500 "65" "username=18952540003&password=3f2b649185feb7e0&system=3&appVersion=V 1.32.1680&machineCode=0f8591e478aba340bc54fea80f75076f" "-" "NEngine/1.0 (compatible; MSIE 6.0; Windows NT 5.1)" "-" "0.024" "0.009"
49.86.194.194 - - [26/Mar/2020:02:05:52 +0800] "POST /api/ssvoice/hb/com/and/out/square/jform HTTP/1.1" 200 "67" "flag=2&ssId=100401710" "-" "NEngine/1.0 (compatible; MSIE 6.0; Windows NT 5.1)" "-" "0.018" "0.002"
49.86.194.194 - - [26/Mar/2020:02:05:52 +0800] "POST /api/ssvoice/account/info/100401710/jform HTTP/1.1" 200 "1690" "-" "-" "NEngine/1.0 (compatible; MSIE 6.0; Windows NT 5.1)" "-" "0.024" "0.022"
49.86.194.194 - - [26/Mar/2020:02:05:52 +0800] "POST /api/ssvoice/account/info/100401710/jform HTTP/1.1" 200 "1690" "-" "-" "NEngine/1.0 (compatible; MSIE 6.0; Windows NT 5.1)" "-" "0.016" "0.017"
49.86.194.194 - - [26/Mar/2020:02:05:52 +0800] "POST /api/ssvoice/chat/user/current/room/jform HTTP/1.1" 200 "650" "ssId=100311533" "-" "NEngine/1.0 (compatible; MSIE 6.0; Windows NT 5.1)" "-" "0.024" "0.004"
49.86.194.194 - - [26/Mar/2020:02:05:52 +0800] "POST /api/ssvoice/chat/user/current/room/jform HTTP/1.1" 200 "505" "ssId=100133204" "-" "NEngine/1.0 (compatible; MSIE 6.0; Windows NT 5.1)" "-" "0.027" "0.004"
49.86.194.194 - - [26/Mar/2020:02:05:52 +0800] "POST /api/ssvoice/chat/user/current/room/jform HTTP/1.1" 200 "505" "ssId=100037998" "-" "NEngine/1.0 (compatible; MSIE 6.0; Windows NT 5.1)" "-" "0.027" "0.003"
49.86.194.194 - - [26/Mar/2020:02:05:52 +0800] "POST /api/ssvoice/chat/user/current/room/jform HTTP/1.1" 200 "505" "ssId=100225417" "-" "NEngine/1.0 (compatible; MSIE 6.0; Windows NT 5.1)" "-" "0.028" "0.004"
49.86.194.194 - - [26/Mar/2020:02:05:52 +0800] "POST /api/ssvoice/chat/user/current/room/jform HTTP/1.1" 200 "505" "ssId=100309665" "-" "NEngine/1.0 (compatible; MSIE 6.0; Windows NT 5.1)" "-" "0.032" "0.003"
49.86.194.194 - - [26/Mar/2020:02:05:52 +0800] "POST /api/ssvoice/chat/user/current/room/jform HTTP/1.1" 200 "656" "ssId=100051349" "-" "NEngine/1.0 (compatible; MSIE 6.0; Windows NT 5.1)" "-" "0.041" "0.005"
